
-------------------------------------------------------------------------------
   ROBOCOPY     ::     Robust File Copy for Windows                              
-------------------------------------------------------------------------------

  Started : September 25, 2026 12:35:30 PM
   Source : C:\Users\joshp\curseforge\minecraft\Instances\Alive Dev\saves\Desire Paths\datapacks\gstools\data\
     Dest : C:\Users\joshp\curseforge\minecraft\Instances\Alive Dev\saves\Desire Paths\datapacks_uncompiled\temp_dir\data\

    Files : *
	    
 Exc Dirs : C:\Users\joshp\curseforge\minecraft\Instances\Alive Dev\saves\Desire Paths\datapacks_uncompiled\temp_dir\data\gstools\functions
	    
  Options : /L /S /E /DCOPY:DA /COPY:DAT /PURGE /MIR /R:1000000 /W:30 

------------------------------------------------------------------------------

	                   0	C:\Users\joshp\curseforge\minecraft\Instances\Alive Dev\saves\Desire Paths\datapacks\gstools\data\
	                   0	C:\Users\joshp\curseforge\minecraft\Instances\Alive Dev\saves\Desire Paths\datapacks\gstools\data\gstools\
	                   2	C:\Users\joshp\curseforge\minecraft\Instances\Alive Dev\saves\Desire Paths\datapacks\gstools\data\gstools\function\
	                   4	C:\Users\joshp\curseforge\minecraft\Instances\Alive Dev\saves\Desire Paths\datapacks\gstools\data\gstools\function\chunk\
	                   2	C:\Users\joshp\curseforge\minecraft\Instances\Alive Dev\saves\Desire Paths\datapacks\gstools\data\gstools\function\chunk\load\
	                  14	C:\Users\joshp\curseforge\minecraft\Instances\Alive Dev\saves\Desire Paths\datapacks\gstools\data\gstools\function\chunk\load\x_sub\
	                   1	C:\Users\joshp\curseforge\minecraft\Instances\Alive Dev\saves\Desire Paths\datapacks\gstools\data\gstools\function\chunk\load\x_sub\10_sub\
	                   1	C:\Users\joshp\curseforge\minecraft\Instances\Alive Dev\saves\Desire Paths\datapacks\gstools\data\gstools\function\chunk\load\x_sub\13_sub\
	                   1	C:\Users\joshp\curseforge\minecraft\Instances\Alive Dev\saves\Desire Paths\datapacks\gstools\data\gstools\function\chunk\load\x_sub\16_sub\
	                   1	C:\Users\joshp\curseforge\minecraft\Instances\Alive Dev\saves\Desire Paths\datapacks\gstools\data\gstools\function\chunk\load\x_sub\19_sub\
	                   1	C:\Users\joshp\curseforge\minecraft\Instances\Alive Dev\saves\Desire Paths\datapacks\gstools\data\gstools\function\chunk\load\x_sub\22_sub\
	                   1	C:\Users\joshp\curseforge\minecraft\Instances\Alive Dev\saves\Desire Paths\datapacks\gstools\data\gstools\function\chunk\load\x_sub\25_sub\
	                   1	C:\Users\joshp\curseforge\minecraft\Instances\Alive Dev\saves\Desire Paths\datapacks\gstools\data\gstools\function\chunk\load\x_sub\28_sub\
	                   1	C:\Users\joshp\curseforge\minecraft\Instances\Alive Dev\saves\Desire Paths\datapacks\gstools\data\gstools\function\chunk\load\x_sub\31_sub\
	                   1	C:\Users\joshp\curseforge\minecraft\Instances\Alive Dev\saves\Desire Paths\datapacks\gstools\data\gstools\function\chunk\load\x_sub\34_sub\
	                   1	C:\Users\joshp\curseforge\minecraft\Instances\Alive Dev\saves\Desire Paths\datapacks\gstools\data\gstools\function\chunk\load\x_sub\37_sub\
	                   1	C:\Users\joshp\curseforge\minecraft\Instances\Alive Dev\saves\Desire Paths\datapacks\gstools\data\gstools\function\chunk\load\x_sub\40_sub\
	                   1	C:\Users\joshp\curseforge\minecraft\Instances\Alive Dev\saves\Desire Paths\datapacks\gstools\data\gstools\function\chunk\load\x_sub\43_sub\
	                   1	C:\Users\joshp\curseforge\minecraft\Instances\Alive Dev\saves\Desire Paths\datapacks\gstools\data\gstools\function\chunk\load\x_sub\46_sub\
	                   1	C:\Users\joshp\curseforge\minecraft\Instances\Alive Dev\saves\Desire Paths\datapacks\gstools\data\gstools\function\chunk\load\x_sub\7_sub\
	                  14	C:\Users\joshp\curseforge\minecraft\Instances\Alive Dev\saves\Desire Paths\datapacks\gstools\data\gstools\function\chunk\load\z_sub\
	                   1	C:\Users\joshp\curseforge\minecraft\Instances\Alive Dev\saves\Desire Paths\datapacks\gstools\data\gstools\function\chunk\load\z_sub\10_sub\
	                   1	C:\Users\joshp\curseforge\minecraft\Instances\Alive Dev\saves\Desire Paths\datapacks\gstools\data\gstools\function\chunk\load\z_sub\13_sub\
	                   1	C:\Users\joshp\curseforge\minecraft\Instances\Alive Dev\saves\Desire Paths\datapacks\gstools\data\gstools\function\chunk\load\z_sub\16_sub\
	                   1	C:\Users\joshp\curseforge\minecraft\Instances\Alive Dev\saves\Desire Paths\datapacks\gstools\data\gstools\function\chunk\load\z_sub\19_sub\
	                   1	C:\Users\joshp\curseforge\minecraft\Instances\Alive Dev\saves\Desire Paths\datapacks\gstools\data\gstools\function\chunk\load\z_sub\22_sub\
	                   1	C:\Users\joshp\curseforge\minecraft\Instances\Alive Dev\saves\Desire Paths\datapacks\gstools\data\gstools\function\chunk\load\z_sub\25_sub\
	                   1	C:\Users\joshp\curseforge\minecraft\Instances\Alive Dev\saves\Desire Paths\datapacks\gstools\data\gstools\function\chunk\load\z_sub\28_sub\
	                   1	C:\Users\joshp\curseforge\minecraft\Instances\Alive Dev\saves\Desire Paths\datapacks\gstools\data\gstools\function\chunk\load\z_sub\31_sub\
	                   1	C:\Users\joshp\curseforge\minecraft\Instances\Alive Dev\saves\Desire Paths\datapacks\gstools\data\gstools\function\chunk\load\z_sub\34_sub\
	                   1	C:\Users\joshp\curseforge\minecraft\Instances\Alive Dev\saves\Desire Paths\datapacks\gstools\data\gstools\function\chunk\load\z_sub\37_sub\
	                   1	C:\Users\joshp\curseforge\minecraft\Instances\Alive Dev\saves\Desire Paths\datapacks\gstools\data\gstools\function\chunk\load\z_sub\40_sub\
	                   1	C:\Users\joshp\curseforge\minecraft\Instances\Alive Dev\saves\Desire Paths\datapacks\gstools\data\gstools\function\chunk\load\z_sub\43_sub\
	                   1	C:\Users\joshp\curseforge\minecraft\Instances\Alive Dev\saves\Desire Paths\datapacks\gstools\data\gstools\function\chunk\load\z_sub\46_sub\
	                   1	C:\Users\joshp\curseforge\minecraft\Instances\Alive Dev\saves\Desire Paths\datapacks\gstools\data\gstools\function\chunk\load\z_sub\7_sub\
	                   1	C:\Users\joshp\curseforge\minecraft\Instances\Alive Dev\saves\Desire Paths\datapacks\gstools\data\gstools\function\chunk\remove_sub\
	                   2	C:\Users\joshp\curseforge\minecraft\Instances\Alive Dev\saves\Desire Paths\datapacks\gstools\data\gstools\function\chunk\run_sub\
	                   1	C:\Users\joshp\curseforge\minecraft\Instances\Alive Dev\saves\Desire Paths\datapacks\gstools\data\gstools\function\chunk\run_sub\9_sub\
	                   1	C:\Users\joshp\curseforge\minecraft\Instances\Alive Dev\saves\Desire Paths\datapacks\gstools\data\gstools\function\chunk\run_sub\9_sub\0_sub\
	                   3	C:\Users\joshp\curseforge\minecraft\Instances\Alive Dev\saves\Desire Paths\datapacks\gstools\data\gstools\function\comm\
	                   1	C:\Users\joshp\curseforge\minecraft\Instances\Alive Dev\saves\Desire Paths\datapacks\gstools\data\gstools\function\comm\bossbars_sub\
	                   1	C:\Users\joshp\curseforge\minecraft\Instances\Alive Dev\saves\Desire Paths\datapacks\gstools\data\gstools\function\comm\bossbar_toggle_sub\
	                   0	C:\Users\joshp\curseforge\minecraft\Instances\Alive Dev\saves\Desire Paths\datapacks\gstools\data\gstools\function\comm\perf\
	                   2	C:\Users\joshp\curseforge\minecraft\Instances\Alive Dev\saves\Desire Paths\datapacks\gstools\data\gstools\function\comm\perf\test\
	                   8	C:\Users\joshp\curseforge\minecraft\Instances\Alive Dev\saves\Desire Paths\datapacks\gstools\data\gstools\function\comm\perf\test\except\
	                   8	C:\Users\joshp\curseforge\minecraft\Instances\Alive Dev\saves\Desire Paths\datapacks\gstools\data\gstools\function\comm\perf\test\only\
	                   0	C:\Users\joshp\curseforge\minecraft\Instances\Alive Dev\saves\Desire Paths\datapacks\gstools\data\gstools\function\compat\
	                   1	C:\Users\joshp\curseforge\minecraft\Instances\Alive Dev\saves\Desire Paths\datapacks\gstools\data\gstools\function\compat\flowingfluids\
	                   5	C:\Users\joshp\curseforge\minecraft\Instances\Alive Dev\saves\Desire Paths\datapacks\gstools\data\gstools\function\compat\sereneseasons\
	                   1	C:\Users\joshp\curseforge\minecraft\Instances\Alive Dev\saves\Desire Paths\datapacks\gstools\data\gstools\function\compat\sereneseasons\get_sub\
	                   2	C:\Users\joshp\curseforge\minecraft\Instances\Alive Dev\saves\Desire Paths\datapacks\gstools\data\gstools\function\compat\sereneseasons\main_sub\
	                   2	C:\Users\joshp\curseforge\minecraft\Instances\Alive Dev\saves\Desire Paths\datapacks\gstools\data\gstools\function\compat\sereneseasons\main_sub\13_sub\
	                   2	C:\Users\joshp\curseforge\minecraft\Instances\Alive Dev\saves\Desire Paths\datapacks\gstools\data\gstools\function\compat\sereneseasons\temperature\
	                   1	C:\Users\joshp\curseforge\minecraft\Instances\Alive Dev\saves\Desire Paths\datapacks\gstools\data\gstools\function\compat\sereneseasons\temperature\season_sub\
	                   6	C:\Users\joshp\curseforge\minecraft\Instances\Alive Dev\saves\Desire Paths\datapacks\gstools\data\gstools\function\compat\sereneseasons\temperature_sub\
	                   1	C:\Users\joshp\curseforge\minecraft\Instances\Alive Dev\saves\Desire Paths\datapacks\gstools\data\gstools\function\compat\weather2\
	                   4	C:\Users\joshp\curseforge\minecraft\Instances\Alive Dev\saves\Desire Paths\datapacks\gstools\data\gstools\function\compat\weather2\comm\
	                   1	C:\Users\joshp\curseforge\minecraft\Instances\Alive Dev\saves\Desire Paths\datapacks\gstools\data\gstools\function\compat\weather2\comm\check_storm_sub\
	                   1	C:\Users\joshp\curseforge\minecraft\Instances\Alive Dev\saves\Desire Paths\datapacks\gstools\data\gstools\function\compat\weather2\comm\check_storm_sub\23_sub\
	                   3	C:\Users\joshp\curseforge\minecraft\Instances\Alive Dev\saves\Desire Paths\datapacks\gstools\data\gstools\function\compat\weather2\comm\summon\
	                   0	C:\Users\joshp\curseforge\minecraft\Instances\Alive Dev\saves\Desire Paths\datapacks\gstools\data\gstools\function\compat\weather2\comm\version_conflict\
	                   2	C:\Users\joshp\curseforge\minecraft\Instances\Alive Dev\saves\Desire Paths\datapacks\gstools\data\gstools\function\compat\weather2\comm\_check_storm_sub\
	                   1	C:\Users\joshp\curseforge\minecraft\Instances\Alive Dev\saves\Desire Paths\datapacks\gstools\data\gstools\function\compat\weather2\comm\_check_storm_sub\4_sub\
	                   4	C:\Users\joshp\curseforge\minecraft\Instances\Alive Dev\saves\Desire Paths\datapacks\gstools\data\gstools\function\cursor\
	                   3	C:\Users\joshp\curseforge\minecraft\Instances\Alive Dev\saves\Desire Paths\datapacks\gstools\data\gstools\function\cursor\chunk\
	                   1	C:\Users\joshp\curseforge\minecraft\Instances\Alive Dev\saves\Desire Paths\datapacks\gstools\data\gstools\function\cursor\chunk\forceload\
	                   1	C:\Users\joshp\curseforge\minecraft\Instances\Alive Dev\saves\Desire Paths\datapacks\gstools\data\gstools\function\cursor\chunk\forceload\1\
	                   1	C:\Users\joshp\curseforge\minecraft\Instances\Alive Dev\saves\Desire Paths\datapacks\gstools\data\gstools\function\cursor\chunk\forceload\1\1\
	                   1	C:\Users\joshp\curseforge\minecraft\Instances\Alive Dev\saves\Desire Paths\datapacks\gstools\data\gstools\function\cursor\chunk\forceload\1\1\1\
	                   1	C:\Users\joshp\curseforge\minecraft\Instances\Alive Dev\saves\Desire Paths\datapacks\gstools\data\gstools\function\cursor\chunk\forceload\1\1\1\1\
	                   1	C:\Users\joshp\curseforge\minecraft\Instances\Alive Dev\saves\Desire Paths\datapacks\gstools\data\gstools\function\cursor\chunk\forceload\1\1\1\1\1\
	                   1	C:\Users\joshp\curseforge\minecraft\Instances\Alive Dev\saves\Desire Paths\datapacks\gstools\data\gstools\function\cursor\chunk\forceload\1\1\1\1\2\
	                   1	C:\Users\joshp\curseforge\minecraft\Instances\Alive Dev\saves\Desire Paths\datapacks\gstools\data\gstools\function\cursor\chunk\forceload\1\1\1\1\3\
	                   1	C:\Users\joshp\curseforge\minecraft\Instances\Alive Dev\saves\Desire Paths\datapacks\gstools\data\gstools\function\cursor\chunk\forceload\1\1\1\1\4\
	                   1	C:\Users\joshp\curseforge\minecraft\Instances\Alive Dev\saves\Desire Paths\datapacks\gstools\data\gstools\function\cursor\chunk\forceload\1\1\1\2\
	                   1	C:\Users\joshp\curseforge\minecraft\Instances\Alive Dev\saves\Desire Paths\datapacks\gstools\data\gstools\function\cursor\chunk\forceload\1\1\1\2\1\
	                   1	C:\Users\joshp\curseforge\minecraft\Instances\Alive Dev\saves\Desire Paths\datapacks\gstools\data\gstools\function\cursor\chunk\forceload\1\1\1\2\2\
	                   1	C:\Users\joshp\curseforge\minecraft\Instances\Alive Dev\saves\Desire Paths\datapacks\gstools\data\gstools\function\cursor\chunk\forceload\1\1\1\2\3\
	                   1	C:\Users\joshp\curseforge\minecraft\Instances\Alive Dev\saves\Desire Paths\datapacks\gstools\data\gstools\function\cursor\chunk\forceload\1\1\1\2\4\
	                   1	C:\Users\joshp\curseforge\minecraft\Instances\Alive Dev\saves\Desire Paths\datapacks\gstools\data\gstools\function\cursor\chunk\forceload\1\1\1\3\
	                   1	C:\Users\joshp\curseforge\minecraft\Instances\Alive Dev\saves\Desire Paths\datapacks\gstools\data\gstools\function\cursor\chunk\forceload\1\1\1\3\1\
	                   1	C:\Users\joshp\curseforge\minecraft\Instances\Alive Dev\saves\Desire Paths\datapacks\gstools\data\gstools\function\cursor\chunk\forceload\1\1\1\3\2\
	                   1	C:\Users\joshp\curseforge\minecraft\Instances\Alive Dev\saves\Desire Paths\datapacks\gstools\data\gstools\function\cursor\chunk\forceload\1\1\1\3\3\
	                   1	C:\Users\joshp\curseforge\minecraft\Instances\Alive Dev\saves\Desire Paths\datapacks\gstools\data\gstools\function\cursor\chunk\forceload\1\1\1\3\4\
	                   1	C:\Users\joshp\curseforge\minecraft\Instances\Alive Dev\saves\Desire Paths\datapacks\gstools\data\gstools\function\cursor\chunk\forceload\1\1\1\4\
	                   1	C:\Users\joshp\curseforge\minecraft\Instances\Alive Dev\saves\Desire Paths\datapacks\gstools\data\gstools\function\cursor\chunk\forceload\1\1\1\4\1\
	                   1	C:\Users\joshp\curseforge\minecraft\Instances\Alive Dev\saves\Desire Paths\datapacks\gstools\data\gstools\function\cursor\chunk\forceload\1\1\1\4\2\
	                   1	C:\Users\joshp\curseforge\minecraft\Instances\Alive Dev\saves\Desire Paths\datapacks\gstools\data\gstools\function\cursor\chunk\forceload\1\1\1\4\3\
	                   1	C:\Users\joshp\curseforge\minecraft\Instances\Alive Dev\saves\Desire Paths\datapacks\gstools\data\gstools\function\cursor\chunk\forceload\1\1\1\4\4\
	                   1	C:\Users\joshp\curseforge\minecraft\Instances\Alive Dev\saves\Desire Paths\datapacks\gstools\data\gstools\function\cursor\chunk\forceload\1\1\2\
	                   1	C:\Users\joshp\curseforge\minecraft\Instances\Alive Dev\saves\Desire Paths\datapacks\gstools\data\gstools\function\cursor\chunk\forceload\1\1\2\1\
	                   1	C:\Users\joshp\curseforge\minecraft\Instances\Alive Dev\saves\Desire Paths\datapacks\gstools\data\gstools\function\cursor\chunk\forceload\1\1\2\1\1\
	                   1	C:\Users\joshp\curseforge\minecraft\Instances\Alive Dev\saves\Desire Paths\datapacks\gstools\data\gstools\function\cursor\chunk\forceload\1\1\2\1\2\
	                   1	C:\Users\joshp\curseforge\minecraft\Instances\Alive Dev\saves\Desire Paths\datapacks\gstools\data\gstools\function\cursor\chunk\forceload\1\1\2\1\3\
	                   1	C:\Users\joshp\curseforge\minecraft\Instances\Alive Dev\saves\Desire Paths\datapacks\gstools\data\gstools\function\cursor\chunk\forceload\1\1\2\1\4\
	                   1	C:\Users\joshp\curseforge\minecraft\Instances\Alive Dev\saves\Desire Paths\datapacks\gstools\data\gstools\function\cursor\chunk\forceload\1\1\2\2\
	                   1	C:\Users\joshp\curseforge\minecraft\Instances\Alive Dev\saves\Desire Paths\datapacks\gstools\data\gstools\function\cursor\chunk\forceload\1\1\2\2\1\
	                   1	C:\Users\joshp\curseforge\minecraft\Instances\Alive Dev\saves\Desire Paths\datapacks\gstools\data\gstools\function\cursor\chunk\forceload\1\1\2\2\2\
	                   1	C:\Users\joshp\curseforge\minecraft\Instances\Alive Dev\saves\Desire Paths\datapacks\gstools\data\gstools\function\cursor\chunk\forceload\1\1\2\2\3\
	                   1	C:\Users\joshp\curseforge\minecraft\Instances\Alive Dev\saves\Desire Paths\datapacks\gstools\data\gstools\function\cursor\chunk\forceload\1\1\2\2\4\
	                   1	C:\Users\joshp\curseforge\minecraft\Instances\Alive Dev\saves\Desire Paths\datapacks\gstools\data\gstools\function\cursor\chunk\forceload\1\1\2\3\
	                   1	C:\Users\joshp\curseforge\minecraft\Instances\Alive Dev\saves\Desire Paths\datapacks\gstools\data\gstools\function\cursor\chunk\forceload\1\1\2\3\1\
	                   1	C:\Users\joshp\curseforge\minecraft\Instances\Alive Dev\saves\Desire Paths\datapacks\gstools\data\gstools\function\cursor\chunk\forceload\1\1\2\3\2\
	                   1	C:\Users\joshp\curseforge\minecraft\Instances\Alive Dev\saves\Desire Paths\datapacks\gstools\data\gstools\function\cursor\chunk\forceload\1\1\2\3\3\
	                   1	C:\Users\joshp\curseforge\minecraft\Instances\Alive Dev\saves\Desire Paths\datapacks\gstools\data\gstools\function\cursor\chunk\forceload\1\1\2\3\4\
	                   1	C:\Users\joshp\curseforge\minecraft\Instances\Alive Dev\saves\Desire Paths\datapacks\gstools\data\gstools\function\cursor\chunk\forceload\1\1\2\4\
	                   1	C:\Users\joshp\curseforge\minecraft\Instances\Alive Dev\saves\Desire Paths\datapacks\gstools\data\gstools\function\cursor\chunk\forceload\1\1\2\4\1\
	                   1	C:\Users\joshp\curseforge\minecraft\Instances\Alive Dev\saves\Desire Paths\datapacks\gstools\data\gstools\function\cursor\chunk\forceload\1\1\2\4\2\
	                   1	C:\Users\joshp\curseforge\minecraft\Instances\Alive Dev\saves\Desire Paths\datapacks\gstools\data\gstools\function\cursor\chunk\forceload\1\1\2\4\3\
	                   1	C:\Users\joshp\curseforge\minecraft\Instances\Alive Dev\saves\Desire Paths\datapacks\gstools\data\gstools\function\cursor\chunk\forceload\1\1\2\4\4\
	                   1	C:\Users\joshp\curseforge\minecraft\Instances\Alive Dev\saves\Desire Paths\datapacks\gstools\data\gstools\function\cursor\chunk\forceload\1\1\3\
	                   1	C:\Users\joshp\curseforge\minecraft\Instances\Alive Dev\saves\Desire Paths\datapacks\gstools\data\gstools\function\cursor\chunk\forceload\1\1\3\1\
	                   1	C:\Users\joshp\curseforge\minecraft\Instances\Alive Dev\saves\Desire Paths\datapacks\gstools\data\gstools\function\cursor\chunk\forceload\1\1\3\1\1\
	                   1	C:\Users\joshp\curseforge\minecraft\Instances\Alive Dev\saves\Desire Paths\datapacks\gstools\data\gstools\function\cursor\chunk\forceload\1\1\3\1\2\
	                   1	C:\Users\joshp\curseforge\minecraft\Instances\Alive Dev\saves\Desire Paths\datapacks\gstools\data\gstools\function\cursor\chunk\forceload\1\1\3\1\3\
	                   1	C:\Users\joshp\curseforge\minecraft\Instances\Alive Dev\saves\Desire Paths\datapacks\gstools\data\gstools\function\cursor\chunk\forceload\1\1\3\1\4\
	                   1	C:\Users\joshp\curseforge\minecraft\Instances\Alive Dev\saves\Desire Paths\datapacks\gstools\data\gstools\function\cursor\chunk\forceload\1\1\3\2\
	                   1	C:\Users\joshp\curseforge\minecraft\Instances\Alive Dev\saves\Desire Paths\datapacks\gstools\data\gstools\function\cursor\chunk\forceload\1\1\3\2\1\
	                   1	C:\Users\joshp\curseforge\minecraft\Instances\Alive Dev\saves\Desire Paths\datapacks\gstools\data\gstools\function\cursor\chunk\forceload\1\1\3\2\2\
	                   1	C:\Users\joshp\curseforge\minecraft\Instances\Alive Dev\saves\Desire Paths\datapacks\gstools\data\gstools\function\cursor\chunk\forceload\1\1\3\2\3\
	                   1	C:\Users\joshp\curseforge\minecraft\Instances\Alive Dev\saves\Desire Paths\datapacks\gstools\data\gstools\function\cursor\chunk\forceload\1\1\3\2\4\
	                   1	C:\Users\joshp\curseforge\minecraft\Instances\Alive Dev\saves\Desire Paths\datapacks\gstools\data\gstools\function\cursor\chunk\forceload\1\1\3\3\
	                   1	C:\Users\joshp\curseforge\minecraft\Instances\Alive Dev\saves\Desire Paths\datapacks\gstools\data\gstools\function\cursor\chunk\forceload\1\1\3\3\1\
	                   1	C:\Users\joshp\curseforge\minecraft\Instances\Alive Dev\saves\Desire Paths\datapacks\gstools\data\gstools\function\cursor\chunk\forceload\1\1\3\3\2\
	                   1	C:\Users\joshp\curseforge\minecraft\Instances\Alive Dev\saves\Desire Paths\datapacks\gstools\data\gstools\function\cursor\chunk\forceload\1\1\3\3\3\
	                   1	C:\Users\joshp\curseforge\minecraft\Instances\Alive Dev\saves\Desire Paths\datapacks\gstools\data\gstools\function\cursor\chunk\forceload\1\1\3\3\4\
	                   1	C:\Users\joshp\curseforge\minecraft\Instances\Alive Dev\saves\Desire Paths\datapacks\gstools\data\gstools\function\cursor\chunk\forceload\1\1\3\4\
	                   1	C:\Users\joshp\curseforge\minecraft\Instances\Alive Dev\saves\Desire Paths\datapacks\gstools\data\gstools\function\cursor\chunk\forceload\1\1\3\4\1\
	                   1	C:\Users\joshp\curseforge\minecraft\Instances\Alive Dev\saves\Desire Paths\datapacks\gstools\data\gstools\function\cursor\chunk\forceload\1\1\3\4\2\
	                   1	C:\Users\joshp\curseforge\minecraft\Instances\Alive Dev\saves\Desire Paths\datapacks\gstools\data\gstools\function\cursor\chunk\forceload\1\1\3\4\3\
	                   1	C:\Users\joshp\curseforge\minecraft\Instances\Alive Dev\saves\Desire Paths\datapacks\gstools\data\gstools\function\cursor\chunk\forceload\1\1\3\4\4\
	                   1	C:\Users\joshp\curseforge\minecraft\Instances\Alive Dev\saves\Desire Paths\datapacks\gstools\data\gstools\function\cursor\chunk\forceload\1\1\4\
	                   1	C:\Users\joshp\curseforge\minecraft\Instances\Alive Dev\saves\Desire Paths\datapacks\gstools\data\gstools\function\cursor\chunk\forceload\1\1\4\1\
	                   1	C:\Users\joshp\curseforge\minecraft\Instances\Alive Dev\saves\Desire Paths\datapacks\gstools\data\gstools\function\cursor\chunk\forceload\1\1\4\1\1\
	                   1	C:\Users\joshp\curseforge\minecraft\Instances\Alive Dev\saves\Desire Paths\datapacks\gstools\data\gstools\function\cursor\chunk\forceload\1\1\4\1\2\
	                   1	C:\Users\joshp\curseforge\minecraft\Instances\Alive Dev\saves\Desire Paths\datapacks\gstools\data\gstools\function\cursor\chunk\forceload\1\1\4\1\3\
	                   1	C:\Users\joshp\curseforge\minecraft\Instances\Alive Dev\saves\Desire Paths\datapacks\gstools\data\gstools\function\cursor\chunk\forceload\1\1\4\1\4\
	                   1	C:\Users\joshp\curseforge\minecraft\Instances\Alive Dev\saves\Desire Paths\datapacks\gstools\data\gstools\function\cursor\chunk\forceload\1\1\4\2\
	                   1	C:\Users\joshp\curseforge\minecraft\Instances\Alive Dev\saves\Desire Paths\datapacks\gstools\data\gstools\function\cursor\chunk\forceload\1\1\4\2\1\
	                   1	C:\Users\joshp\curseforge\minecraft\Instances\Alive Dev\saves\Desire Paths\datapacks\gstools\data\gstools\function\cursor\chunk\forceload\1\1\4\2\2\
	                   1	C:\Users\joshp\curseforge\minecraft\Instances\Alive Dev\saves\Desire Paths\datapacks\gstools\data\gstools\function\cursor\chunk\forceload\1\1\4\2\3\
	                   1	C:\Users\joshp\curseforge\minecraft\Instances\Alive Dev\saves\Desire Paths\datapacks\gstools\data\gstools\function\cursor\chunk\forceload\1\1\4\2\4\
	                   1	C:\Users\joshp\curseforge\minecraft\Instances\Alive Dev\saves\Desire Paths\datapacks\gstools\data\gstools\function\cursor\chunk\forceload\1\1\4\3\
	                   1	C:\Users\joshp\curseforge\minecraft\Instances\Alive Dev\saves\Desire Paths\datapacks\gstools\data\gstools\function\cursor\chunk\forceload\1\1\4\3\1\
	                   1	C:\Users\joshp\curseforge\minecraft\Instances\Alive Dev\saves\Desire Paths\datapacks\gstools\data\gstools\function\cursor\chunk\forceload\1\1\4\3\2\
	                   1	C:\Users\joshp\curseforge\minecraft\Instances\Alive Dev\saves\Desire Paths\datapacks\gstools\data\gstools\function\cursor\chunk\forceload\1\1\4\3\3\
	                   1	C:\Users\joshp\curseforge\minecraft\Instances\Alive Dev\saves\Desire Paths\datapacks\gstools\data\gstools\function\cursor\chunk\forceload\1\1\4\3\4\
	                   1	C:\Users\joshp\curseforge\minecraft\Instances\Alive Dev\saves\Desire Paths\datapacks\gstools\data\gstools\function\cursor\chunk\forceload\1\1\4\4\
	                   1	C:\Users\joshp\curseforge\minecraft\Instances\Alive Dev\saves\Desire Paths\datapacks\gstools\data\gstools\function\cursor\chunk\forceload\1\1\4\4\1\
	                   1	C:\Users\joshp\curseforge\minecraft\Instances\Alive Dev\saves\Desire Paths\datapacks\gstools\data\gstools\function\cursor\chunk\forceload\1\1\4\4\2\
	                   1	C:\Users\joshp\curseforge\minecraft\Instances\Alive Dev\saves\Desire Paths\datapacks\gstools\data\gstools\function\cursor\chunk\forceload\1\1\4\4\3\
	                   1	C:\Users\joshp\curseforge\minecraft\Instances\Alive Dev\saves\Desire Paths\datapacks\gstools\data\gstools\function\cursor\chunk\forceload\1\1\4\4\4\
	                   1	C:\Users\joshp\curseforge\minecraft\Instances\Alive Dev\saves\Desire Paths\datapacks\gstools\data\gstools\function\cursor\chunk\forceload\1\2\
	                   1	C:\Users\joshp\curseforge\minecraft\Instances\Alive Dev\saves\Desire Paths\datapacks\gstools\data\gstools\function\cursor\chunk\forceload\1\2\1\
	                   1	C:\Users\joshp\curseforge\minecraft\Instances\Alive Dev\saves\Desire Paths\datapacks\gstools\data\gstools\function\cursor\chunk\forceload\1\2\1\1\
	                   1	C:\Users\joshp\curseforge\minecraft\Instances\Alive Dev\saves\Desire Paths\datapacks\gstools\data\gstools\function\cursor\chunk\forceload\1\2\1\1\1\
	                   1	C:\Users\joshp\curseforge\minecraft\Instances\Alive Dev\saves\Desire Paths\datapacks\gstools\data\gstools\function\cursor\chunk\forceload\1\2\1\1\2\
	                   1	C:\Users\joshp\curseforge\minecraft\Instances\Alive Dev\saves\Desire Paths\datapacks\gstools\data\gstools\function\cursor\chunk\forceload\1\2\1\1\3\
	                   1	C:\Users\joshp\curseforge\minecraft\Instances\Alive Dev\saves\Desire Paths\datapacks\gstools\data\gstools\function\cursor\chunk\forceload\1\2\1\1\4\
	                   1	C:\Users\joshp\curseforge\minecraft\Instances\Alive Dev\saves\Desire Paths\datapacks\gstools\data\gstools\function\cursor\chunk\forceload\1\2\1\2\
	                   1	C:\Users\joshp\curseforge\minecraft\Instances\Alive Dev\saves\Desire Paths\datapacks\gstools\data\gstools\function\cursor\chunk\forceload\1\2\1\2\1\
	                   1	C:\Users\joshp\curseforge\minecraft\Instances\Alive Dev\saves\Desire Paths\datapacks\gstools\data\gstools\function\cursor\chunk\forceload\1\2\1\2\2\
	                   1	C:\Users\joshp\curseforge\minecraft\Instances\Alive Dev\saves\Desire Paths\datapacks\gstools\data\gstools\function\cursor\chunk\forceload\1\2\1\2\3\
	                   1	C:\Users\joshp\curseforge\minecraft\Instances\Alive Dev\saves\Desire Paths\datapacks\gstools\data\gstools\function\cursor\chunk\forceload\1\2\1\2\4\
	                   1	C:\Users\joshp\curseforge\minecraft\Instances\Alive Dev\saves\Desire Paths\datapacks\gstools\data\gstools\function\cursor\chunk\forceload\1\2\1\3\
	                   1	C:\Users\joshp\curseforge\minecraft\Instances\Alive Dev\saves\Desire Paths\datapacks\gstools\data\gstools\function\cursor\chunk\forceload\1\2\1\3\1\
	                   1	C:\Users\joshp\curseforge\minecraft\Instances\Alive Dev\saves\Desire Paths\datapacks\gstools\data\gstools\function\cursor\chunk\forceload\1\2\1\3\2\
	                   1	C:\Users\joshp\curseforge\minecraft\Instances\Alive Dev\saves\Desire Paths\datapacks\gstools\data\gstools\function\cursor\chunk\forceload\1\2\1\3\3\
	                   1	C:\Users\joshp\curseforge\minecraft\Instances\Alive Dev\saves\Desire Paths\datapacks\gstools\data\gstools\function\cursor\chunk\forceload\1\2\1\3\4\
	                   1	C:\Users\joshp\curseforge\minecraft\Instances\Alive Dev\saves\Desire Paths\datapacks\gstools\data\gstools\function\cursor\chunk\forceload\1\2\1\4\
	                   1	C:\Users\joshp\curseforge\minecraft\Instances\Alive Dev\saves\Desire Paths\datapacks\gstools\data\gstools\function\cursor\chunk\forceload\1\2\1\4\1\
	                   1	C:\Users\joshp\curseforge\minecraft\Instances\Alive Dev\saves\Desire Paths\datapacks\gstools\data\gstools\function\cursor\chunk\forceload\1\2\1\4\2\
	                   1	C:\Users\joshp\curseforge\minecraft\Instances\Alive Dev\saves\Desire Paths\datapacks\gstools\data\gstools\function\cursor\chunk\forceload\1\2\1\4\3\
	                   1	C:\Users\joshp\curseforge\minecraft\Instances\Alive Dev\saves\Desire Paths\datapacks\gstools\data\gstools\function\cursor\chunk\forceload\1\2\1\4\4\
	                   1	C:\Users\joshp\curseforge\minecraft\Instances\Alive Dev\saves\Desire Paths\datapacks\gstools\data\gstools\function\cursor\chunk\forceload\1\2\2\
	                   1	C:\Users\joshp\curseforge\minecraft\Instances\Alive Dev\saves\Desire Paths\datapacks\gstools\data\gstools\function\cursor\chunk\forceload\1\2\2\1\
	                   1	C:\Users\joshp\curseforge\minecraft\Instances\Alive Dev\saves\Desire Paths\datapacks\gstools\data\gstools\function\cursor\chunk\forceload\1\2\2\1\1\
	                   1	C:\Users\joshp\curseforge\minecraft\Instances\Alive Dev\saves\Desire Paths\datapacks\gstools\data\gstools\function\cursor\chunk\forceload\1\2\2\1\2\
	                   1	C:\Users\joshp\curseforge\minecraft\Instances\Alive Dev\saves\Desire Paths\datapacks\gstools\data\gstools\function\cursor\chunk\forceload\1\2\2\1\3\
	                   1	C:\Users\joshp\curseforge\minecraft\Instances\Alive Dev\saves\Desire Paths\datapacks\gstools\data\gstools\function\cursor\chunk\forceload\1\2\2\1\4\
	                   1	C:\Users\joshp\curseforge\minecraft\Instances\Alive Dev\saves\Desire Paths\datapacks\gstools\data\gstools\function\cursor\chunk\forceload\1\2\2\2\
	                   1	C:\Users\joshp\curseforge\minecraft\Instances\Alive Dev\saves\Desire Paths\datapacks\gstools\data\gstools\function\cursor\chunk\forceload\1\2\2\2\1\
	                   1	C:\Users\joshp\curseforge\minecraft\Instances\Alive Dev\saves\Desire Paths\datapacks\gstools\data\gstools\function\cursor\chunk\forceload\1\2\2\2\2\
	                   1	C:\Users\joshp\curseforge\minecraft\Instances\Alive Dev\saves\Desire Paths\datapacks\gstools\data\gstools\function\cursor\chunk\forceload\1\2\2\2\3\
	                   1	C:\Users\joshp\curseforge\minecraft\Instances\Alive Dev\saves\Desire Paths\datapacks\gstools\data\gstools\function\cursor\chunk\forceload\1\2\2\2\4\
	                   1	C:\Users\joshp\curseforge\minecraft\Instances\Alive Dev\saves\Desire Paths\datapacks\gstools\data\gstools\function\cursor\chunk\forceload\1\2\2\3\
	                   1	C:\Users\joshp\curseforge\minecraft\Instances\Alive Dev\saves\Desire Paths\datapacks\gstools\data\gstools\function\cursor\chunk\forceload\1\2\2\3\1\
	                   1	C:\Users\joshp\curseforge\minecraft\Instances\Alive Dev\saves\Desire Paths\datapacks\gstools\data\gstools\function\cursor\chunk\forceload\1\2\2\3\2\
	                   1	C:\Users\joshp\curseforge\minecraft\Instances\Alive Dev\saves\Desire Paths\datapacks\gstools\data\gstools\function\cursor\chunk\forceload\1\2\2\3\3\
	                   1	C:\Users\joshp\curseforge\minecraft\Instances\Alive Dev\saves\Desire Paths\datapacks\gstools\data\gstools\function\cursor\chunk\forceload\1\2\2\3\4\
	                   1	C:\Users\joshp\curseforge\minecraft\Instances\Alive Dev\saves\Desire Paths\datapacks\gstools\data\gstools\function\cursor\chunk\forceload\1\2\2\4\
	                   1	C:\Users\joshp\curseforge\minecraft\Instances\Alive Dev\saves\Desire Paths\datapacks\gstools\data\gstools\function\cursor\chunk\forceload\1\2\2\4\1\
	                   1	C:\Users\joshp\curseforge\minecraft\Instances\Alive Dev\saves\Desire Paths\datapacks\gstools\data\gstools\function\cursor\chunk\forceload\1\2\2\4\2\
	                   1	C:\Users\joshp\curseforge\minecraft\Instances\Alive Dev\saves\Desire Paths\datapacks\gstools\data\gstools\function\cursor\chunk\forceload\1\2\2\4\3\
	                   1	C:\Users\joshp\curseforge\minecraft\Instances\Alive Dev\saves\Desire Paths\datapacks\gstools\data\gstools\function\cursor\chunk\forceload\1\2\2\4\4\
	                   1	C:\Users\joshp\curseforge\minecraft\Instances\Alive Dev\saves\Desire Paths\datapacks\gstools\data\gstools\function\cursor\chunk\forceload\1\2\3\
	                   1	C:\Users\joshp\curseforge\minecraft\Instances\Alive Dev\saves\Desire Paths\datapacks\gstools\data\gstools\function\cursor\chunk\forceload\1\2\3\1\
	                   1	C:\Users\joshp\curseforge\minecraft\Instances\Alive Dev\saves\Desire Paths\datapacks\gstools\data\gstools\function\cursor\chunk\forceload\1\2\3\1\1\
	                   1	C:\Users\joshp\curseforge\minecraft\Instances\Alive Dev\saves\Desire Paths\datapacks\gstools\data\gstools\function\cursor\chunk\forceload\1\2\3\1\2\
	                   1	C:\Users\joshp\curseforge\minecraft\Instances\Alive Dev\saves\Desire Paths\datapacks\gstools\data\gstools\function\cursor\chunk\forceload\1\2\3\1\3\
	                   1	C:\Users\joshp\curseforge\minecraft\Instances\Alive Dev\saves\Desire Paths\datapacks\gstools\data\gstools\function\cursor\chunk\forceload\1\2\3\1\4\
	                   1	C:\Users\joshp\curseforge\minecraft\Instances\Alive Dev\saves\Desire Paths\datapacks\gstools\data\gstools\function\cursor\chunk\forceload\1\2\3\2\
	                   1	C:\Users\joshp\curseforge\minecraft\Instances\Alive Dev\saves\Desire Paths\datapacks\gstools\data\gstools\function\cursor\chunk\forceload\1\2\3\2\1\
	                   1	C:\Users\joshp\curseforge\minecraft\Instances\Alive Dev\saves\Desire Paths\datapacks\gstools\data\gstools\function\cursor\chunk\forceload\1\2\3\2\2\
	                   1	C:\Users\joshp\curseforge\minecraft\Instances\Alive Dev\saves\Desire Paths\datapacks\gstools\data\gstools\function\cursor\chunk\forceload\1\2\3\2\3\
	                   1	C:\Users\joshp\curseforge\minecraft\Instances\Alive Dev\saves\Desire Paths\datapacks\gstools\data\gstools\function\cursor\chunk\forceload\1\2\3\2\4\
	                   1	C:\Users\joshp\curseforge\minecraft\Instances\Alive Dev\saves\Desire Paths\datapacks\gstools\data\gstools\function\cursor\chunk\forceload\1\2\3\3\
	                   1	C:\Users\joshp\curseforge\minecraft\Instances\Alive Dev\saves\Desire Paths\datapacks\gstools\data\gstools\function\cursor\chunk\forceload\1\2\3\3\1\
	                   1	C:\Users\joshp\curseforge\minecraft\Instances\Alive Dev\saves\Desire Paths\datapacks\gstools\data\gstools\function\cursor\chunk\forceload\1\2\3\3\2\
	                   1	C:\Users\joshp\curseforge\minecraft\Instances\Alive Dev\saves\Desire Paths\datapacks\gstools\data\gstools\function\cursor\chunk\forceload\1\2\3\3\3\
	                   1	C:\Users\joshp\curseforge\minecraft\Instances\Alive Dev\saves\Desire Paths\datapacks\gstools\data\gstools\function\cursor\chunk\forceload\1\2\3\3\4\
	                   1	C:\Users\joshp\curseforge\minecraft\Instances\Alive Dev\saves\Desire Paths\datapacks\gstools\data\gstools\function\cursor\chunk\forceload\1\2\3\4\
	                   1	C:\Users\joshp\curseforge\minecraft\Instances\Alive Dev\saves\Desire Paths\datapacks\gstools\data\gstools\function\cursor\chunk\forceload\1\2\3\4\1\
	                   1	C:\Users\joshp\curseforge\minecraft\Instances\Alive Dev\saves\Desire Paths\datapacks\gstools\data\gstools\function\cursor\chunk\forceload\1\2\3\4\2\
	                   1	C:\Users\joshp\curseforge\minecraft\Instances\Alive Dev\saves\Desire Paths\datapacks\gstools\data\gstools\function\cursor\chunk\forceload\1\2\3\4\3\
	                   1	C:\Users\joshp\curseforge\minecraft\Instances\Alive Dev\saves\Desire Paths\datapacks\gstools\data\gstools\function\cursor\chunk\forceload\1\2\3\4\4\
	                   1	C:\Users\joshp\curseforge\minecraft\Instances\Alive Dev\saves\Desire Paths\datapacks\gstools\data\gstools\function\cursor\chunk\forceload\1\2\4\
	                   1	C:\Users\joshp\curseforge\minecraft\Instances\Alive Dev\saves\Desire Paths\datapacks\gstools\data\gstools\function\cursor\chunk\forceload\1\2\4\1\
	                   1	C:\Users\joshp\curseforge\minecraft\Instances\Alive Dev\saves\Desire Paths\datapacks\gstools\data\gstools\function\cursor\chunk\forceload\1\2\4\1\1\
	                   1	C:\Users\joshp\curseforge\minecraft\Instances\Alive Dev\saves\Desire Paths\datapacks\gstools\data\gstools\function\cursor\chunk\forceload\1\2\4\1\2\
	                   1	C:\Users\joshp\curseforge\minecraft\Instances\Alive Dev\saves\Desire Paths\datapacks\gstools\data\gstools\function\cursor\chunk\forceload\1\2\4\1\3\
	                   1	C:\Users\joshp\curseforge\minecraft\Instances\Alive Dev\saves\Desire Paths\datapacks\gstools\data\gstools\function\cursor\chunk\forceload\1\2\4\1\4\
	                   1	C:\Users\joshp\curseforge\minecraft\Instances\Alive Dev\saves\Desire Paths\datapacks\gstools\data\gstools\function\cursor\chunk\forceload\1\2\4\2\
	                   1	C:\Users\joshp\curseforge\minecraft\Instances\Alive Dev\saves\Desire Paths\datapacks\gstools\data\gstools\function\cursor\chunk\forceload\1\2\4\2\1\
	                   1	C:\Users\joshp\curseforge\minecraft\Instances\Alive Dev\saves\Desire Paths\datapacks\gstools\data\gstools\function\cursor\chunk\forceload\1\2\4\2\2\
	                   1	C:\Users\joshp\curseforge\minecraft\Instances\Alive Dev\saves\Desire Paths\datapacks\gstools\data\gstools\function\cursor\chunk\forceload\1\2\4\2\3\
	                   1	C:\Users\joshp\curseforge\minecraft\Instances\Alive Dev\saves\Desire Paths\datapacks\gstools\data\gstools\function\cursor\chunk\forceload\1\2\4\2\4\
	                   1	C:\Users\joshp\curseforge\minecraft\Instances\Alive Dev\saves\Desire Paths\datapacks\gstools\data\gstools\function\cursor\chunk\forceload\1\2\4\3\
	                   1	C:\Users\joshp\curseforge\minecraft\Instances\Alive Dev\saves\Desire Paths\datapacks\gstools\data\gstools\function\cursor\chunk\forceload\1\2\4\3\1\
	                   1	C:\Users\joshp\curseforge\minecraft\Instances\Alive Dev\saves\Desire Paths\datapacks\gstools\data\gstools\function\cursor\chunk\forceload\1\2\4\3\2\
	                   1	C:\Users\joshp\curseforge\minecraft\Instances\Alive Dev\saves\Desire Paths\datapacks\gstools\data\gstools\function\cursor\chunk\forceload\1\2\4\3\3\
	                   1	C:\Users\joshp\curseforge\minecraft\Instances\Alive Dev\saves\Desire Paths\datapacks\gstools\data\gstools\function\cursor\chunk\forceload\1\2\4\3\4\
	                   1	C:\Users\joshp\curseforge\minecraft\Instances\Alive Dev\saves\Desire Paths\datapacks\gstools\data\gstools\function\cursor\chunk\forceload\1\2\4\4\
	                   1	C:\Users\joshp\curseforge\minecraft\Instances\Alive Dev\saves\Desire Paths\datapacks\gstools\data\gstools\function\cursor\chunk\forceload\1\2\4\4\1\
	                   1	C:\Users\joshp\curseforge\minecraft\Instances\Alive Dev\saves\Desire Paths\datapacks\gstools\data\gstools\function\cursor\chunk\forceload\1\2\4\4\2\
	                   1	C:\Users\joshp\curseforge\minecraft\Instances\Alive Dev\saves\Desire Paths\datapacks\gstools\data\gstools\function\cursor\chunk\forceload\1\2\4\4\3\
	                   1	C:\Users\joshp\curseforge\minecraft\Instances\Alive Dev\saves\Desire Paths\datapacks\gstools\data\gstools\function\cursor\chunk\forceload\1\2\4\4\4\
	                   1	C:\Users\joshp\curseforge\minecraft\Instances\Alive Dev\saves\Desire Paths\datapacks\gstools\data\gstools\function\cursor\chunk\forceload\1\3\
	                   1	C:\Users\joshp\curseforge\minecraft\Instances\Alive Dev\saves\Desire Paths\datapacks\gstools\data\gstools\function\cursor\chunk\forceload\1\3\1\
	                   1	C:\Users\joshp\curseforge\minecraft\Instances\Alive Dev\saves\Desire Paths\datapacks\gstools\data\gstools\function\cursor\chunk\forceload\1\3\1\1\
	                   1	C:\Users\joshp\curseforge\minecraft\Instances\Alive Dev\saves\Desire Paths\datapacks\gstools\data\gstools\function\cursor\chunk\forceload\1\3\1\1\1\
	                   1	C:\Users\joshp\curseforge\minecraft\Instances\Alive Dev\saves\Desire Paths\datapacks\gstools\data\gstools\function\cursor\chunk\forceload\1\3\1\1\2\
	                   1	C:\Users\joshp\curseforge\minecraft\Instances\Alive Dev\saves\Desire Paths\datapacks\gstools\data\gstools\function\cursor\chunk\forceload\1\3\1\1\3\
	                   1	C:\Users\joshp\curseforge\minecraft\Instances\Alive Dev\saves\Desire Paths\datapacks\gstools\data\gstools\function\cursor\chunk\forceload\1\3\1\1\4\
	                   1	C:\Users\joshp\curseforge\minecraft\Instances\Alive Dev\saves\Desire Paths\datapacks\gstools\data\gstools\function\cursor\chunk\forceload\1\3\1\2\
	                   1	C:\Users\joshp\curseforge\minecraft\Instances\Alive Dev\saves\Desire Paths\datapacks\gstools\data\gstools\function\cursor\chunk\forceload\1\3\1\2\1\
	                   1	C:\Users\joshp\curseforge\minecraft\Instances\Alive Dev\saves\Desire Paths\datapacks\gstools\data\gstools\function\cursor\chunk\forceload\1\3\1\2\2\
	                   1	C:\Users\joshp\curseforge\minecraft\Instances\Alive Dev\saves\Desire Paths\datapacks\gstools\data\gstools\function\cursor\chunk\forceload\1\3\1\2\3\
	                   1	C:\Users\joshp\curseforge\minecraft\Instances\Alive Dev\saves\Desire Paths\datapacks\gstools\data\gstools\function\cursor\chunk\forceload\1\3\1\2\4\
	                   1	C:\Users\joshp\curseforge\minecraft\Instances\Alive Dev\saves\Desire Paths\datapacks\gstools\data\gstools\function\cursor\chunk\forceload\1\3\1\3\
	                   1	C:\Users\joshp\curseforge\minecraft\Instances\Alive Dev\saves\Desire Paths\datapacks\gstools\data\gstools\function\cursor\chunk\forceload\1\3\1\3\1\
	                   1	C:\Users\joshp\curseforge\minecraft\Instances\Alive Dev\saves\Desire Paths\datapacks\gstools\data\gstools\function\cursor\chunk\forceload\1\3\1\3\2\
	                   1	C:\Users\joshp\curseforge\minecraft\Instances\Alive Dev\saves\Desire Paths\datapacks\gstools\data\gstools\function\cursor\chunk\forceload\1\3\1\3\3\
	                   1	C:\Users\joshp\curseforge\minecraft\Instances\Alive Dev\saves\Desire Paths\datapacks\gstools\data\gstools\function\cursor\chunk\forceload\1\3\1\3\4\
	                   1	C:\Users\joshp\curseforge\minecraft\Instances\Alive Dev\saves\Desire Paths\datapacks\gstools\data\gstools\function\cursor\chunk\forceload\1\3\1\4\
	                   1	C:\Users\joshp\curseforge\minecraft\Instances\Alive Dev\saves\Desire Paths\datapacks\gstools\data\gstools\function\cursor\chunk\forceload\1\3\1\4\1\
	                   1	C:\Users\joshp\curseforge\minecraft\Instances\Alive Dev\saves\Desire Paths\datapacks\gstools\data\gstools\function\cursor\chunk\forceload\1\3\1\4\2\
	                   1	C:\Users\joshp\curseforge\minecraft\Instances\Alive Dev\saves\Desire Paths\datapacks\gstools\data\gstools\function\cursor\chunk\forceload\1\3\1\4\3\
	                   1	C:\Users\joshp\curseforge\minecraft\Instances\Alive Dev\saves\Desire Paths\datapacks\gstools\data\gstools\function\cursor\chunk\forceload\1\3\1\4\4\
	                   1	C:\Users\joshp\curseforge\minecraft\Instances\Alive Dev\saves\Desire Paths\datapacks\gstools\data\gstools\function\cursor\chunk\forceload\1\3\2\
	                   1	C:\Users\joshp\curseforge\minecraft\Instances\Alive Dev\saves\Desire Paths\datapacks\gstools\data\gstools\function\cursor\chunk\forceload\1\3\2\1\
	                   1	C:\Users\joshp\curseforge\minecraft\Instances\Alive Dev\saves\Desire Paths\datapacks\gstools\data\gstools\function\cursor\chunk\forceload\1\3\2\1\1\
	                   1	C:\Users\joshp\curseforge\minecraft\Instances\Alive Dev\saves\Desire Paths\datapacks\gstools\data\gstools\function\cursor\chunk\forceload\1\3\2\1\2\
	                   1	C:\Users\joshp\curseforge\minecraft\Instances\Alive Dev\saves\Desire Paths\datapacks\gstools\data\gstools\function\cursor\chunk\forceload\1\3\2\1\3\
	                   1	C:\Users\joshp\curseforge\minecraft\Instances\Alive Dev\saves\Desire Paths\datapacks\gstools\data\gstools\function\cursor\chunk\forceload\1\3\2\1\4\
	                   1	C:\Users\joshp\curseforge\minecraft\Instances\Alive Dev\saves\Desire Paths\datapacks\gstools\data\gstools\function\cursor\chunk\forceload\1\3\2\2\
	                   1	C:\Users\joshp\curseforge\minecraft\Instances\Alive Dev\saves\Desire Paths\datapacks\gstools\data\gstools\function\cursor\chunk\forceload\1\3\2\2\1\
	                   1	C:\Users\joshp\curseforge\minecraft\Instances\Alive Dev\saves\Desire Paths\datapacks\gstools\data\gstools\function\cursor\chunk\forceload\1\3\2\2\2\
	                   1	C:\Users\joshp\curseforge\minecraft\Instances\Alive Dev\saves\Desire Paths\datapacks\gstools\data\gstools\function\cursor\chunk\forceload\1\3\2\2\3\
	                   1	C:\Users\joshp\curseforge\minecraft\Instances\Alive Dev\saves\Desire Paths\datapacks\gstools\data\gstools\function\cursor\chunk\forceload\1\3\2\2\4\
	                   1	C:\Users\joshp\curseforge\minecraft\Instances\Alive Dev\saves\Desire Paths\datapacks\gstools\data\gstools\function\cursor\chunk\forceload\1\3\2\3\
	                   1	C:\Users\joshp\curseforge\minecraft\Instances\Alive Dev\saves\Desire Paths\datapacks\gstools\data\gstools\function\cursor\chunk\forceload\1\3\2\3\1\
	                   1	C:\Users\joshp\curseforge\minecraft\Instances\Alive Dev\saves\Desire Paths\datapacks\gstools\data\gstools\function\cursor\chunk\forceload\1\3\2\3\2\
	                   1	C:\Users\joshp\curseforge\minecraft\Instances\Alive Dev\saves\Desire Paths\datapacks\gstools\data\gstools\function\cursor\chunk\forceload\1\3\2\3\3\
	                   1	C:\Users\joshp\curseforge\minecraft\Instances\Alive Dev\saves\Desire Paths\datapacks\gstools\data\gstools\function\cursor\chunk\forceload\1\3\2\3\4\
	                   1	C:\Users\joshp\curseforge\minecraft\Instances\Alive Dev\saves\Desire Paths\datapacks\gstools\data\gstools\function\cursor\chunk\forceload\1\3\2\4\
	                   1	C:\Users\joshp\curseforge\minecraft\Instances\Alive Dev\saves\Desire Paths\datapacks\gstools\data\gstools\function\cursor\chunk\forceload\1\3\2\4\1\
	                   1	C:\Users\joshp\curseforge\minecraft\Instances\Alive Dev\saves\Desire Paths\datapacks\gstools\data\gstools\function\cursor\chunk\forceload\1\3\2\4\2\
	                   1	C:\Users\joshp\curseforge\minecraft\Instances\Alive Dev\saves\Desire Paths\datapacks\gstools\data\gstools\function\cursor\chunk\forceload\1\3\2\4\3\
	                   1	C:\Users\joshp\curseforge\minecraft\Instances\Alive Dev\saves\Desire Paths\datapacks\gstools\data\gstools\function\cursor\chunk\forceload\1\3\2\4\4\
	                   1	C:\Users\joshp\curseforge\minecraft\Instances\Alive Dev\saves\Desire Paths\datapacks\gstools\data\gstools\function\cursor\chunk\forceload\1\3\3\
	                   1	C:\Users\joshp\curseforge\minecraft\Instances\Alive Dev\saves\Desire Paths\datapacks\gstools\data\gstools\function\cursor\chunk\forceload\1\3\3\1\
	                   1	C:\Users\joshp\curseforge\minecraft\Instances\Alive Dev\saves\Desire Paths\datapacks\gstools\data\gstools\function\cursor\chunk\forceload\1\3\3\1\1\
	                   1	C:\Users\joshp\curseforge\minecraft\Instances\Alive Dev\saves\Desire Paths\datapacks\gstools\data\gstools\function\cursor\chunk\forceload\1\3\3\1\2\
	                   1	C:\Users\joshp\curseforge\minecraft\Instances\Alive Dev\saves\Desire Paths\datapacks\gstools\data\gstools\function\cursor\chunk\forceload\1\3\3\1\3\
	                   1	C:\Users\joshp\curseforge\minecraft\Instances\Alive Dev\saves\Desire Paths\datapacks\gstools\data\gstools\function\cursor\chunk\forceload\1\3\3\1\4\
	                   1	C:\Users\joshp\curseforge\minecraft\Instances\Alive Dev\saves\Desire Paths\datapacks\gstools\data\gstools\function\cursor\chunk\forceload\1\3\3\2\
	                   1	C:\Users\joshp\curseforge\minecraft\Instances\Alive Dev\saves\Desire Paths\datapacks\gstools\data\gstools\function\cursor\chunk\forceload\1\3\3\2\1\
	                   1	C:\Users\joshp\curseforge\minecraft\Instances\Alive Dev\saves\Desire Paths\datapacks\gstools\data\gstools\function\cursor\chunk\forceload\1\3\3\2\2\
	                   1	C:\Users\joshp\curseforge\minecraft\Instances\Alive Dev\saves\Desire Paths\datapacks\gstools\data\gstools\function\cursor\chunk\forceload\1\3\3\2\3\
	                   1	C:\Users\joshp\curseforge\minecraft\Instances\Alive Dev\saves\Desire Paths\datapacks\gstools\data\gstools\function\cursor\chunk\forceload\1\3\3\2\4\
	                   1	C:\Users\joshp\curseforge\minecraft\Instances\Alive Dev\saves\Desire Paths\datapacks\gstools\data\gstools\function\cursor\chunk\forceload\1\3\3\3\
	                   1	C:\Users\joshp\curseforge\minecraft\Instances\Alive Dev\saves\Desire Paths\datapacks\gstools\data\gstools\function\cursor\chunk\forceload\1\3\3\3\1\
	                   1	C:\Users\joshp\curseforge\minecraft\Instances\Alive Dev\saves\Desire Paths\datapacks\gstools\data\gstools\function\cursor\chunk\forceload\1\3\3\3\2\
	                   1	C:\Users\joshp\curseforge\minecraft\Instances\Alive Dev\saves\Desire Paths\datapacks\gstools\data\gstools\function\cursor\chunk\forceload\1\3\3\3\3\
	                   1	C:\Users\joshp\curseforge\minecraft\Instances\Alive Dev\saves\Desire Paths\datapacks\gstools\data\gstools\function\cursor\chunk\forceload\1\3\3\3\4\
	                   1	C:\Users\joshp\curseforge\minecraft\Instances\Alive Dev\saves\Desire Paths\datapacks\gstools\data\gstools\function\cursor\chunk\forceload\1\3\3\4\
	                   1	C:\Users\joshp\curseforge\minecraft\Instances\Alive Dev\saves\Desire Paths\datapacks\gstools\data\gstools\function\cursor\chunk\forceload\1\3\3\4\1\
	                   1	C:\Users\joshp\curseforge\minecraft\Instances\Alive Dev\saves\Desire Paths\datapacks\gstools\data\gstools\function\cursor\chunk\forceload\1\3\3\4\2\
	                   1	C:\Users\joshp\curseforge\minecraft\Instances\Alive Dev\saves\Desire Paths\datapacks\gstools\data\gstools\function\cursor\chunk\forceload\1\3\3\4\3\
	                   1	C:\Users\joshp\curseforge\minecraft\Instances\Alive Dev\saves\Desire Paths\datapacks\gstools\data\gstools\function\cursor\chunk\forceload\1\3\3\4\4\
	                   1	C:\Users\joshp\curseforge\minecraft\Instances\Alive Dev\saves\Desire Paths\datapacks\gstools\data\gstools\function\cursor\chunk\forceload\1\3\4\
	                   1	C:\Users\joshp\curseforge\minecraft\Instances\Alive Dev\saves\Desire Paths\datapacks\gstools\data\gstools\function\cursor\chunk\forceload\1\3\4\1\
	                   1	C:\Users\joshp\curseforge\minecraft\Instances\Alive Dev\saves\Desire Paths\datapacks\gstools\data\gstools\function\cursor\chunk\forceload\1\3\4\1\1\
	                   1	C:\Users\joshp\curseforge\minecraft\Instances\Alive Dev\saves\Desire Paths\datapacks\gstools\data\gstools\function\cursor\chunk\forceload\1\3\4\1\2\
	                   1	C:\Users\joshp\curseforge\minecraft\Instances\Alive Dev\saves\Desire Paths\datapacks\gstools\data\gstools\function\cursor\chunk\forceload\1\3\4\1\3\
	                   1	C:\Users\joshp\curseforge\minecraft\Instances\Alive Dev\saves\Desire Paths\datapacks\gstools\data\gstools\function\cursor\chunk\forceload\1\3\4\1\4\
	                   1	C:\Users\joshp\curseforge\minecraft\Instances\Alive Dev\saves\Desire Paths\datapacks\gstools\data\gstools\function\cursor\chunk\forceload\1\3\4\2\
	                   1	C:\Users\joshp\curseforge\minecraft\Instances\Alive Dev\saves\Desire Paths\datapacks\gstools\data\gstools\function\cursor\chunk\forceload\1\3\4\2\1\
	                   1	C:\Users\joshp\curseforge\minecraft\Instances\Alive Dev\saves\Desire Paths\datapacks\gstools\data\gstools\function\cursor\chunk\forceload\1\3\4\2\2\
	                   1	C:\Users\joshp\curseforge\minecraft\Instances\Alive Dev\saves\Desire Paths\datapacks\gstools\data\gstools\function\cursor\chunk\forceload\1\3\4\2\3\
	                   1	C:\Users\joshp\curseforge\minecraft\Instances\Alive Dev\saves\Desire Paths\datapacks\gstools\data\gstools\function\cursor\chunk\forceload\1\3\4\2\4\
	                   1	C:\Users\joshp\curseforge\minecraft\Instances\Alive Dev\saves\Desire Paths\datapacks\gstools\data\gstools\function\cursor\chunk\forceload\1\3\4\3\
	                   1	C:\Users\joshp\curseforge\minecraft\Instances\Alive Dev\saves\Desire Paths\datapacks\gstools\data\gstools\function\cursor\chunk\forceload\1\3\4\3\1\
	                   1	C:\Users\joshp\curseforge\minecraft\Instances\Alive Dev\saves\Desire Paths\datapacks\gstools\data\gstools\function\cursor\chunk\forceload\1\3\4\3\2\
	                   1	C:\Users\joshp\curseforge\minecraft\Instances\Alive Dev\saves\Desire Paths\datapacks\gstools\data\gstools\function\cursor\chunk\forceload\1\3\4\3\3\
	                   1	C:\Users\joshp\curseforge\minecraft\Instances\Alive Dev\saves\Desire Paths\datapacks\gstools\data\gstools\function\cursor\chunk\forceload\1\3\4\3\4\
	                   1	C:\Users\joshp\curseforge\minecraft\Instances\Alive Dev\saves\Desire Paths\datapacks\gstools\data\gstools\function\cursor\chunk\forceload\1\3\4\4\
	                   1	C:\Users\joshp\curseforge\minecraft\Instances\Alive Dev\saves\Desire Paths\datapacks\gstools\data\gstools\function\cursor\chunk\forceload\1\3\4\4\1\
	                   1	C:\Users\joshp\curseforge\minecraft\Instances\Alive Dev\saves\Desire Paths\datapacks\gstools\data\gstools\function\cursor\chunk\forceload\1\3\4\4\2\
	                   1	C:\Users\joshp\curseforge\minecraft\Instances\Alive Dev\saves\Desire Paths\datapacks\gstools\data\gstools\function\cursor\chunk\forceload\1\3\4\4\3\
	                   1	C:\Users\joshp\curseforge\minecraft\Instances\Alive Dev\saves\Desire Paths\datapacks\gstools\data\gstools\function\cursor\chunk\forceload\1\3\4\4\4\
	                   1	C:\Users\joshp\curseforge\minecraft\Instances\Alive Dev\saves\Desire Paths\datapacks\gstools\data\gstools\function\cursor\chunk\forceload\1\4\
	                   1	C:\Users\joshp\curseforge\minecraft\Instances\Alive Dev\saves\Desire Paths\datapacks\gstools\data\gstools\function\cursor\chunk\forceload\1\4\1\
	                   1	C:\Users\joshp\curseforge\minecraft\Instances\Alive Dev\saves\Desire Paths\datapacks\gstools\data\gstools\function\cursor\chunk\forceload\1\4\1\1\
	                   1	C:\Users\joshp\curseforge\minecraft\Instances\Alive Dev\saves\Desire Paths\datapacks\gstools\data\gstools\function\cursor\chunk\forceload\1\4\1\1\1\
	                   1	C:\Users\joshp\curseforge\minecraft\Instances\Alive Dev\saves\Desire Paths\datapacks\gstools\data\gstools\function\cursor\chunk\forceload\1\4\1\1\2\
	                   1	C:\Users\joshp\curseforge\minecraft\Instances\Alive Dev\saves\Desire Paths\datapacks\gstools\data\gstools\function\cursor\chunk\forceload\1\4\1\1\3\
	                   1	C:\Users\joshp\curseforge\minecraft\Instances\Alive Dev\saves\Desire Paths\datapacks\gstools\data\gstools\function\cursor\chunk\forceload\1\4\1\1\4\
	                   1	C:\Users\joshp\curseforge\minecraft\Instances\Alive Dev\saves\Desire Paths\datapacks\gstools\data\gstools\function\cursor\chunk\forceload\1\4\1\2\
	                   1	C:\Users\joshp\curseforge\minecraft\Instances\Alive Dev\saves\Desire Paths\datapacks\gstools\data\gstools\function\cursor\chunk\forceload\1\4\1\2\1\
	                   1	C:\Users\joshp\curseforge\minecraft\Instances\Alive Dev\saves\Desire Paths\datapacks\gstools\data\gstools\function\cursor\chunk\forceload\1\4\1\2\2\
	                   1	C:\Users\joshp\curseforge\minecraft\Instances\Alive Dev\saves\Desire Paths\datapacks\gstools\data\gstools\function\cursor\chunk\forceload\1\4\1\2\3\
	                   1	C:\Users\joshp\curseforge\minecraft\Instances\Alive Dev\saves\Desire Paths\datapacks\gstools\data\gstools\function\cursor\chunk\forceload\1\4\1\2\4\
	                   1	C:\Users\joshp\curseforge\minecraft\Instances\Alive Dev\saves\Desire Paths\datapacks\gstools\data\gstools\function\cursor\chunk\forceload\1\4\1\3\
	                   1	C:\Users\joshp\curseforge\minecraft\Instances\Alive Dev\saves\Desire Paths\datapacks\gstools\data\gstools\function\cursor\chunk\forceload\1\4\1\3\1\
	                   1	C:\Users\joshp\curseforge\minecraft\Instances\Alive Dev\saves\Desire Paths\datapacks\gstools\data\gstools\function\cursor\chunk\forceload\1\4\1\3\2\
	                   1	C:\Users\joshp\curseforge\minecraft\Instances\Alive Dev\saves\Desire Paths\datapacks\gstools\data\gstools\function\cursor\chunk\forceload\1\4\1\3\3\
	                   1	C:\Users\joshp\curseforge\minecraft\Instances\Alive Dev\saves\Desire Paths\datapacks\gstools\data\gstools\function\cursor\chunk\forceload\1\4\1\3\4\
	                   1	C:\Users\joshp\curseforge\minecraft\Instances\Alive Dev\saves\Desire Paths\datapacks\gstools\data\gstools\function\cursor\chunk\forceload\1\4\1\4\
	                   1	C:\Users\joshp\curseforge\minecraft\Instances\Alive Dev\saves\Desire Paths\datapacks\gstools\data\gstools\function\cursor\chunk\forceload\1\4\1\4\1\
	                   1	C:\Users\joshp\curseforge\minecraft\Instances\Alive Dev\saves\Desire Paths\datapacks\gstools\data\gstools\function\cursor\chunk\forceload\1\4\1\4\2\
	                   1	C:\Users\joshp\curseforge\minecraft\Instances\Alive Dev\saves\Desire Paths\datapacks\gstools\data\gstools\function\cursor\chunk\forceload\1\4\1\4\3\
	                   1	C:\Users\joshp\curseforge\minecraft\Instances\Alive Dev\saves\Desire Paths\datapacks\gstools\data\gstools\function\cursor\chunk\forceload\1\4\1\4\4\
	                   1	C:\Users\joshp\curseforge\minecraft\Instances\Alive Dev\saves\Desire Paths\datapacks\gstools\data\gstools\function\cursor\chunk\forceload\1\4\2\
	                   1	C:\Users\joshp\curseforge\minecraft\Instances\Alive Dev\saves\Desire Paths\datapacks\gstools\data\gstools\function\cursor\chunk\forceload\1\4\2\1\
	                   1	C:\Users\joshp\curseforge\minecraft\Instances\Alive Dev\saves\Desire Paths\datapacks\gstools\data\gstools\function\cursor\chunk\forceload\1\4\2\1\1\
	                   1	C:\Users\joshp\curseforge\minecraft\Instances\Alive Dev\saves\Desire Paths\datapacks\gstools\data\gstools\function\cursor\chunk\forceload\1\4\2\1\2\
	                   1	C:\Users\joshp\curseforge\minecraft\Instances\Alive Dev\saves\Desire Paths\datapacks\gstools\data\gstools\function\cursor\chunk\forceload\1\4\2\1\3\
	                   1	C:\Users\joshp\curseforge\minecraft\Instances\Alive Dev\saves\Desire Paths\datapacks\gstools\data\gstools\function\cursor\chunk\forceload\1\4\2\1\4\
	                   1	C:\Users\joshp\curseforge\minecraft\Instances\Alive Dev\saves\Desire Paths\datapacks\gstools\data\gstools\function\cursor\chunk\forceload\1\4\2\2\
	                   1	C:\Users\joshp\curseforge\minecraft\Instances\Alive Dev\saves\Desire Paths\datapacks\gstools\data\gstools\function\cursor\chunk\forceload\1\4\2\2\1\
	                   1	C:\Users\joshp\curseforge\minecraft\Instances\Alive Dev\saves\Desire Paths\datapacks\gstools\data\gstools\function\cursor\chunk\forceload\1\4\2\2\2\
	                   1	C:\Users\joshp\curseforge\minecraft\Instances\Alive Dev\saves\Desire Paths\datapacks\gstools\data\gstools\function\cursor\chunk\forceload\1\4\2\2\3\
	                   1	C:\Users\joshp\curseforge\minecraft\Instances\Alive Dev\saves\Desire Paths\datapacks\gstools\data\gstools\function\cursor\chunk\forceload\1\4\2\2\4\
	                   1	C:\Users\joshp\curseforge\minecraft\Instances\Alive Dev\saves\Desire Paths\datapacks\gstools\data\gstools\function\cursor\chunk\forceload\1\4\2\3\
	                   1	C:\Users\joshp\curseforge\minecraft\Instances\Alive Dev\saves\Desire Paths\datapacks\gstools\data\gstools\function\cursor\chunk\forceload\1\4\2\3\1\
	                   1	C:\Users\joshp\curseforge\minecraft\Instances\Alive Dev\saves\Desire Paths\datapacks\gstools\data\gstools\function\cursor\chunk\forceload\1\4\2\3\2\
	                   1	C:\Users\joshp\curseforge\minecraft\Instances\Alive Dev\saves\Desire Paths\datapacks\gstools\data\gstools\function\cursor\chunk\forceload\1\4\2\3\3\
	                   1	C:\Users\joshp\curseforge\minecraft\Instances\Alive Dev\saves\Desire Paths\datapacks\gstools\data\gstools\function\cursor\chunk\forceload\1\4\2\3\4\
	                   1	C:\Users\joshp\curseforge\minecraft\Instances\Alive Dev\saves\Desire Paths\datapacks\gstools\data\gstools\function\cursor\chunk\forceload\1\4\2\4\
	                   1	C:\Users\joshp\curseforge\minecraft\Instances\Alive Dev\saves\Desire Paths\datapacks\gstools\data\gstools\function\cursor\chunk\forceload\1\4\2\4\1\
	                   1	C:\Users\joshp\curseforge\minecraft\Instances\Alive Dev\saves\Desire Paths\datapacks\gstools\data\gstools\function\cursor\chunk\forceload\1\4\2\4\2\
	                   1	C:\Users\joshp\curseforge\minecraft\Instances\Alive Dev\saves\Desire Paths\datapacks\gstools\data\gstools\function\cursor\chunk\forceload\1\4\2\4\3\
	                   1	C:\Users\joshp\curseforge\minecraft\Instances\Alive Dev\saves\Desire Paths\datapacks\gstools\data\gstools\function\cursor\chunk\forceload\1\4\2\4\4\
	                   1	C:\Users\joshp\curseforge\minecraft\Instances\Alive Dev\saves\Desire Paths\datapacks\gstools\data\gstools\function\cursor\chunk\forceload\1\4\3\
	                   1	C:\Users\joshp\curseforge\minecraft\Instances\Alive Dev\saves\Desire Paths\datapacks\gstools\data\gstools\function\cursor\chunk\forceload\1\4\3\1\
	                   1	C:\Users\joshp\curseforge\minecraft\Instances\Alive Dev\saves\Desire Paths\datapacks\gstools\data\gstools\function\cursor\chunk\forceload\1\4\3\1\1\
	                   1	C:\Users\joshp\curseforge\minecraft\Instances\Alive Dev\saves\Desire Paths\datapacks\gstools\data\gstools\function\cursor\chunk\forceload\1\4\3\1\2\
	                   1	C:\Users\joshp\curseforge\minecraft\Instances\Alive Dev\saves\Desire Paths\datapacks\gstools\data\gstools\function\cursor\chunk\forceload\1\4\3\1\3\
	                   1	C:\Users\joshp\curseforge\minecraft\Instances\Alive Dev\saves\Desire Paths\datapacks\gstools\data\gstools\function\cursor\chunk\forceload\1\4\3\1\4\
	                   1	C:\Users\joshp\curseforge\minecraft\Instances\Alive Dev\saves\Desire Paths\datapacks\gstools\data\gstools\function\cursor\chunk\forceload\1\4\3\2\
	                   1	C:\Users\joshp\curseforge\minecraft\Instances\Alive Dev\saves\Desire Paths\datapacks\gstools\data\gstools\function\cursor\chunk\forceload\1\4\3\2\1\
	                   1	C:\Users\joshp\curseforge\minecraft\Instances\Alive Dev\saves\Desire Paths\datapacks\gstools\data\gstools\function\cursor\chunk\forceload\1\4\3\2\2\
	                   1	C:\Users\joshp\curseforge\minecraft\Instances\Alive Dev\saves\Desire Paths\datapacks\gstools\data\gstools\function\cursor\chunk\forceload\1\4\3\2\3\
	                   1	C:\Users\joshp\curseforge\minecraft\Instances\Alive Dev\saves\Desire Paths\datapacks\gstools\data\gstools\function\cursor\chunk\forceload\1\4\3\2\4\
	                   1	C:\Users\joshp\curseforge\minecraft\Instances\Alive Dev\saves\Desire Paths\datapacks\gstools\data\gstools\function\cursor\chunk\forceload\1\4\3\3\
	                   1	C:\Users\joshp\curseforge\minecraft\Instances\Alive Dev\saves\Desire Paths\datapacks\gstools\data\gstools\function\cursor\chunk\forceload\1\4\3\3\1\
	                   1	C:\Users\joshp\curseforge\minecraft\Instances\Alive Dev\saves\Desire Paths\datapacks\gstools\data\gstools\function\cursor\chunk\forceload\1\4\3\3\2\
	                   1	C:\Users\joshp\curseforge\minecraft\Instances\Alive Dev\saves\Desire Paths\datapacks\gstools\data\gstools\function\cursor\chunk\forceload\1\4\3\3\3\
	                   1	C:\Users\joshp\curseforge\minecraft\Instances\Alive Dev\saves\Desire Paths\datapacks\gstools\data\gstools\function\cursor\chunk\forceload\1\4\3\3\4\
	                   1	C:\Users\joshp\curseforge\minecraft\Instances\Alive Dev\saves\Desire Paths\datapacks\gstools\data\gstools\function\cursor\chunk\forceload\1\4\3\4\
	                   1	C:\Users\joshp\curseforge\minecraft\Instances\Alive Dev\saves\Desire Paths\datapacks\gstools\data\gstools\function\cursor\chunk\forceload\1\4\3\4\1\
	                   1	C:\Users\joshp\curseforge\minecraft\Instances\Alive Dev\saves\Desire Paths\datapacks\gstools\data\gstools\function\cursor\chunk\forceload\1\4\3\4\2\
	                   1	C:\Users\joshp\curseforge\minecraft\Instances\Alive Dev\saves\Desire Paths\datapacks\gstools\data\gstools\function\cursor\chunk\forceload\1\4\3\4\3\
	                   1	C:\Users\joshp\curseforge\minecraft\Instances\Alive Dev\saves\Desire Paths\datapacks\gstools\data\gstools\function\cursor\chunk\forceload\1\4\3\4\4\
	                   1	C:\Users\joshp\curseforge\minecraft\Instances\Alive Dev\saves\Desire Paths\datapacks\gstools\data\gstools\function\cursor\chunk\forceload\1\4\4\
	                   1	C:\Users\joshp\curseforge\minecraft\Instances\Alive Dev\saves\Desire Paths\datapacks\gstools\data\gstools\function\cursor\chunk\forceload\1\4\4\1\
	                   1	C:\Users\joshp\curseforge\minecraft\Instances\Alive Dev\saves\Desire Paths\datapacks\gstools\data\gstools\function\cursor\chunk\forceload\1\4\4\1\1\
	                   1	C:\Users\joshp\curseforge\minecraft\Instances\Alive Dev\saves\Desire Paths\datapacks\gstools\data\gstools\function\cursor\chunk\forceload\1\4\4\1\2\
	                   1	C:\Users\joshp\curseforge\minecraft\Instances\Alive Dev\saves\Desire Paths\datapacks\gstools\data\gstools\function\cursor\chunk\forceload\1\4\4\1\3\
	                   1	C:\Users\joshp\curseforge\minecraft\Instances\Alive Dev\saves\Desire Paths\datapacks\gstools\data\gstools\function\cursor\chunk\forceload\1\4\4\1\4\
	                   1	C:\Users\joshp\curseforge\minecraft\Instances\Alive Dev\saves\Desire Paths\datapacks\gstools\data\gstools\function\cursor\chunk\forceload\1\4\4\2\
	                   1	C:\Users\joshp\curseforge\minecraft\Instances\Alive Dev\saves\Desire Paths\datapacks\gstools\data\gstools\function\cursor\chunk\forceload\1\4\4\2\1\
	                   1	C:\Users\joshp\curseforge\minecraft\Instances\Alive Dev\saves\Desire Paths\datapacks\gstools\data\gstools\function\cursor\chunk\forceload\1\4\4\2\2\
	                   1	C:\Users\joshp\curseforge\minecraft\Instances\Alive Dev\saves\Desire Paths\datapacks\gstools\data\gstools\function\cursor\chunk\forceload\1\4\4\2\3\
	                   1	C:\Users\joshp\curseforge\minecraft\Instances\Alive Dev\saves\Desire Paths\datapacks\gstools\data\gstools\function\cursor\chunk\forceload\1\4\4\2\4\
	                   1	C:\Users\joshp\curseforge\minecraft\Instances\Alive Dev\saves\Desire Paths\datapacks\gstools\data\gstools\function\cursor\chunk\forceload\1\4\4\3\
	                   1	C:\Users\joshp\curseforge\minecraft\Instances\Alive Dev\saves\Desire Paths\datapacks\gstools\data\gstools\function\cursor\chunk\forceload\1\4\4\3\1\
	                   1	C:\Users\joshp\curseforge\minecraft\Instances\Alive Dev\saves\Desire Paths\datapacks\gstools\data\gstools\function\cursor\chunk\forceload\1\4\4\3\2\
	                   1	C:\Users\joshp\curseforge\minecraft\Instances\Alive Dev\saves\Desire Paths\datapacks\gstools\data\gstools\function\cursor\chunk\forceload\1\4\4\3\3\
	                   1	C:\Users\joshp\curseforge\minecraft\Instances\Alive Dev\saves\Desire Paths\datapacks\gstools\data\gstools\function\cursor\chunk\forceload\1\4\4\3\4\
	                   1	C:\Users\joshp\curseforge\minecraft\Instances\Alive Dev\saves\Desire Paths\datapacks\gstools\data\gstools\function\cursor\chunk\forceload\1\4\4\4\
	                   1	C:\Users\joshp\curseforge\minecraft\Instances\Alive Dev\saves\Desire Paths\datapacks\gstools\data\gstools\function\cursor\chunk\forceload\1\4\4\4\1\
	                   1	C:\Users\joshp\curseforge\minecraft\Instances\Alive Dev\saves\Desire Paths\datapacks\gstools\data\gstools\function\cursor\chunk\forceload\1\4\4\4\2\
	                   1	C:\Users\joshp\curseforge\minecraft\Instances\Alive Dev\saves\Desire Paths\datapacks\gstools\data\gstools\function\cursor\chunk\forceload\1\4\4\4\3\
	                   1	C:\Users\joshp\curseforge\minecraft\Instances\Alive Dev\saves\Desire Paths\datapacks\gstools\data\gstools\function\cursor\chunk\forceload\1\4\4\4\4\
	                   1	C:\Users\joshp\curseforge\minecraft\Instances\Alive Dev\saves\Desire Paths\datapacks\gstools\data\gstools\function\cursor\chunk\forceload\2\
	                   1	C:\Users\joshp\curseforge\minecraft\Instances\Alive Dev\saves\Desire Paths\datapacks\gstools\data\gstools\function\cursor\chunk\forceload\2\1\
	                   1	C:\Users\joshp\curseforge\minecraft\Instances\Alive Dev\saves\Desire Paths\datapacks\gstools\data\gstools\function\cursor\chunk\forceload\2\1\1\
	                   1	C:\Users\joshp\curseforge\minecraft\Instances\Alive Dev\saves\Desire Paths\datapacks\gstools\data\gstools\function\cursor\chunk\forceload\2\1\1\1\
	                   1	C:\Users\joshp\curseforge\minecraft\Instances\Alive Dev\saves\Desire Paths\datapacks\gstools\data\gstools\function\cursor\chunk\forceload\2\1\1\1\1\
	                   1	C:\Users\joshp\curseforge\minecraft\Instances\Alive Dev\saves\Desire Paths\datapacks\gstools\data\gstools\function\cursor\chunk\forceload\2\1\1\1\2\
	                   1	C:\Users\joshp\curseforge\minecraft\Instances\Alive Dev\saves\Desire Paths\datapacks\gstools\data\gstools\function\cursor\chunk\forceload\2\1\1\1\3\
	                   1	C:\Users\joshp\curseforge\minecraft\Instances\Alive Dev\saves\Desire Paths\datapacks\gstools\data\gstools\function\cursor\chunk\forceload\2\1\1\1\4\
	                   1	C:\Users\joshp\curseforge\minecraft\Instances\Alive Dev\saves\Desire Paths\datapacks\gstools\data\gstools\function\cursor\chunk\forceload\2\1\1\2\
	                   1	C:\Users\joshp\curseforge\minecraft\Instances\Alive Dev\saves\Desire Paths\datapacks\gstools\data\gstools\function\cursor\chunk\forceload\2\1\1\2\1\
	                   1	C:\Users\joshp\curseforge\minecraft\Instances\Alive Dev\saves\Desire Paths\datapacks\gstools\data\gstools\function\cursor\chunk\forceload\2\1\1\2\2\
	                   1	C:\Users\joshp\curseforge\minecraft\Instances\Alive Dev\saves\Desire Paths\datapacks\gstools\data\gstools\function\cursor\chunk\forceload\2\1\1\2\3\
	                   1	C:\Users\joshp\curseforge\minecraft\Instances\Alive Dev\saves\Desire Paths\datapacks\gstools\data\gstools\function\cursor\chunk\forceload\2\1\1\2\4\
	                   1	C:\Users\joshp\curseforge\minecraft\Instances\Alive Dev\saves\Desire Paths\datapacks\gstools\data\gstools\function\cursor\chunk\forceload\2\1\1\3\
	                   1	C:\Users\joshp\curseforge\minecraft\Instances\Alive Dev\saves\Desire Paths\datapacks\gstools\data\gstools\function\cursor\chunk\forceload\2\1\1\3\1\
	                   1	C:\Users\joshp\curseforge\minecraft\Instances\Alive Dev\saves\Desire Paths\datapacks\gstools\data\gstools\function\cursor\chunk\forceload\2\1\1\3\2\
	                   1	C:\Users\joshp\curseforge\minecraft\Instances\Alive Dev\saves\Desire Paths\datapacks\gstools\data\gstools\function\cursor\chunk\forceload\2\1\1\3\3\
	                   1	C:\Users\joshp\curseforge\minecraft\Instances\Alive Dev\saves\Desire Paths\datapacks\gstools\data\gstools\function\cursor\chunk\forceload\2\1\1\3\4\
	                   1	C:\Users\joshp\curseforge\minecraft\Instances\Alive Dev\saves\Desire Paths\datapacks\gstools\data\gstools\function\cursor\chunk\forceload\2\1\1\4\
	                   1	C:\Users\joshp\curseforge\minecraft\Instances\Alive Dev\saves\Desire Paths\datapacks\gstools\data\gstools\function\cursor\chunk\forceload\2\1\1\4\1\
	                   1	C:\Users\joshp\curseforge\minecraft\Instances\Alive Dev\saves\Desire Paths\datapacks\gstools\data\gstools\function\cursor\chunk\forceload\2\1\1\4\2\
	                   1	C:\Users\joshp\curseforge\minecraft\Instances\Alive Dev\saves\Desire Paths\datapacks\gstools\data\gstools\function\cursor\chunk\forceload\2\1\1\4\3\
	                   1	C:\Users\joshp\curseforge\minecraft\Instances\Alive Dev\saves\Desire Paths\datapacks\gstools\data\gstools\function\cursor\chunk\forceload\2\1\1\4\4\
	                   1	C:\Users\joshp\curseforge\minecraft\Instances\Alive Dev\saves\Desire Paths\datapacks\gstools\data\gstools\function\cursor\chunk\forceload\2\1\2\
	                   1	C:\Users\joshp\curseforge\minecraft\Instances\Alive Dev\saves\Desire Paths\datapacks\gstools\data\gstools\function\cursor\chunk\forceload\2\1\2\1\
	                   1	C:\Users\joshp\curseforge\minecraft\Instances\Alive Dev\saves\Desire Paths\datapacks\gstools\data\gstools\function\cursor\chunk\forceload\2\1\2\1\1\
	                   1	C:\Users\joshp\curseforge\minecraft\Instances\Alive Dev\saves\Desire Paths\datapacks\gstools\data\gstools\function\cursor\chunk\forceload\2\1\2\1\2\
	                   1	C:\Users\joshp\curseforge\minecraft\Instances\Alive Dev\saves\Desire Paths\datapacks\gstools\data\gstools\function\cursor\chunk\forceload\2\1\2\1\3\
	                   1	C:\Users\joshp\curseforge\minecraft\Instances\Alive Dev\saves\Desire Paths\datapacks\gstools\data\gstools\function\cursor\chunk\forceload\2\1\2\1\4\
	                   1	C:\Users\joshp\curseforge\minecraft\Instances\Alive Dev\saves\Desire Paths\datapacks\gstools\data\gstools\function\cursor\chunk\forceload\2\1\2\2\
	                   1	C:\Users\joshp\curseforge\minecraft\Instances\Alive Dev\saves\Desire Paths\datapacks\gstools\data\gstools\function\cursor\chunk\forceload\2\1\2\2\1\
	                   1	C:\Users\joshp\curseforge\minecraft\Instances\Alive Dev\saves\Desire Paths\datapacks\gstools\data\gstools\function\cursor\chunk\forceload\2\1\2\2\2\
	                   1	C:\Users\joshp\curseforge\minecraft\Instances\Alive Dev\saves\Desire Paths\datapacks\gstools\data\gstools\function\cursor\chunk\forceload\2\1\2\2\3\
	                   1	C:\Users\joshp\curseforge\minecraft\Instances\Alive Dev\saves\Desire Paths\datapacks\gstools\data\gstools\function\cursor\chunk\forceload\2\1\2\2\4\
	                   1	C:\Users\joshp\curseforge\minecraft\Instances\Alive Dev\saves\Desire Paths\datapacks\gstools\data\gstools\function\cursor\chunk\forceload\2\1\2\3\
	                   1	C:\Users\joshp\curseforge\minecraft\Instances\Alive Dev\saves\Desire Paths\datapacks\gstools\data\gstools\function\cursor\chunk\forceload\2\1\2\3\1\
	                   1	C:\Users\joshp\curseforge\minecraft\Instances\Alive Dev\saves\Desire Paths\datapacks\gstools\data\gstools\function\cursor\chunk\forceload\2\1\2\3\2\
	                   1	C:\Users\joshp\curseforge\minecraft\Instances\Alive Dev\saves\Desire Paths\datapacks\gstools\data\gstools\function\cursor\chunk\forceload\2\1\2\3\3\
	                   1	C:\Users\joshp\curseforge\minecraft\Instances\Alive Dev\saves\Desire Paths\datapacks\gstools\data\gstools\function\cursor\chunk\forceload\2\1\2\3\4\
	                   1	C:\Users\joshp\curseforge\minecraft\Instances\Alive Dev\saves\Desire Paths\datapacks\gstools\data\gstools\function\cursor\chunk\forceload\2\1\2\4\
	                   1	C:\Users\joshp\curseforge\minecraft\Instances\Alive Dev\saves\Desire Paths\datapacks\gstools\data\gstools\function\cursor\chunk\forceload\2\1\2\4\1\
	                   1	C:\Users\joshp\curseforge\minecraft\Instances\Alive Dev\saves\Desire Paths\datapacks\gstools\data\gstools\function\cursor\chunk\forceload\2\1\2\4\2\
	                   1	C:\Users\joshp\curseforge\minecraft\Instances\Alive Dev\saves\Desire Paths\datapacks\gstools\data\gstools\function\cursor\chunk\forceload\2\1\2\4\3\
	                   1	C:\Users\joshp\curseforge\minecraft\Instances\Alive Dev\saves\Desire Paths\datapacks\gstools\data\gstools\function\cursor\chunk\forceload\2\1\2\4\4\
	                   1	C:\Users\joshp\curseforge\minecraft\Instances\Alive Dev\saves\Desire Paths\datapacks\gstools\data\gstools\function\cursor\chunk\forceload\2\1\3\
	                   1	C:\Users\joshp\curseforge\minecraft\Instances\Alive Dev\saves\Desire Paths\datapacks\gstools\data\gstools\function\cursor\chunk\forceload\2\1\3\1\
	                   1	C:\Users\joshp\curseforge\minecraft\Instances\Alive Dev\saves\Desire Paths\datapacks\gstools\data\gstools\function\cursor\chunk\forceload\2\1\3\1\1\
	                   1	C:\Users\joshp\curseforge\minecraft\Instances\Alive Dev\saves\Desire Paths\datapacks\gstools\data\gstools\function\cursor\chunk\forceload\2\1\3\1\2\
	                   1	C:\Users\joshp\curseforge\minecraft\Instances\Alive Dev\saves\Desire Paths\datapacks\gstools\data\gstools\function\cursor\chunk\forceload\2\1\3\1\3\
	                   1	C:\Users\joshp\curseforge\minecraft\Instances\Alive Dev\saves\Desire Paths\datapacks\gstools\data\gstools\function\cursor\chunk\forceload\2\1\3\1\4\
	                   1	C:\Users\joshp\curseforge\minecraft\Instances\Alive Dev\saves\Desire Paths\datapacks\gstools\data\gstools\function\cursor\chunk\forceload\2\1\3\2\
	                   1	C:\Users\joshp\curseforge\minecraft\Instances\Alive Dev\saves\Desire Paths\datapacks\gstools\data\gstools\function\cursor\chunk\forceload\2\1\3\2\1\
	                   1	C:\Users\joshp\curseforge\minecraft\Instances\Alive Dev\saves\Desire Paths\datapacks\gstools\data\gstools\function\cursor\chunk\forceload\2\1\3\2\2\
	                   1	C:\Users\joshp\curseforge\minecraft\Instances\Alive Dev\saves\Desire Paths\datapacks\gstools\data\gstools\function\cursor\chunk\forceload\2\1\3\2\3\
	                   1	C:\Users\joshp\curseforge\minecraft\Instances\Alive Dev\saves\Desire Paths\datapacks\gstools\data\gstools\function\cursor\chunk\forceload\2\1\3\2\4\
	                   1	C:\Users\joshp\curseforge\minecraft\Instances\Alive Dev\saves\Desire Paths\datapacks\gstools\data\gstools\function\cursor\chunk\forceload\2\1\3\3\
	                   1	C:\Users\joshp\curseforge\minecraft\Instances\Alive Dev\saves\Desire Paths\datapacks\gstools\data\gstools\function\cursor\chunk\forceload\2\1\3\3\1\
	                   1	C:\Users\joshp\curseforge\minecraft\Instances\Alive Dev\saves\Desire Paths\datapacks\gstools\data\gstools\function\cursor\chunk\forceload\2\1\3\3\2\
	                   1	C:\Users\joshp\curseforge\minecraft\Instances\Alive Dev\saves\Desire Paths\datapacks\gstools\data\gstools\function\cursor\chunk\forceload\2\1\3\3\3\
	                   1	C:\Users\joshp\curseforge\minecraft\Instances\Alive Dev\saves\Desire Paths\datapacks\gstools\data\gstools\function\cursor\chunk\forceload\2\1\3\3\4\
	                   1	C:\Users\joshp\curseforge\minecraft\Instances\Alive Dev\saves\Desire Paths\datapacks\gstools\data\gstools\function\cursor\chunk\forceload\2\1\3\4\
	                   1	C:\Users\joshp\curseforge\minecraft\Instances\Alive Dev\saves\Desire Paths\datapacks\gstools\data\gstools\function\cursor\chunk\forceload\2\1\3\4\1\
	                   1	C:\Users\joshp\curseforge\minecraft\Instances\Alive Dev\saves\Desire Paths\datapacks\gstools\data\gstools\function\cursor\chunk\forceload\2\1\3\4\2\
	                   1	C:\Users\joshp\curseforge\minecraft\Instances\Alive Dev\saves\Desire Paths\datapacks\gstools\data\gstools\function\cursor\chunk\forceload\2\1\3\4\3\
	                   1	C:\Users\joshp\curseforge\minecraft\Instances\Alive Dev\saves\Desire Paths\datapacks\gstools\data\gstools\function\cursor\chunk\forceload\2\1\3\4\4\
	                   1	C:\Users\joshp\curseforge\minecraft\Instances\Alive Dev\saves\Desire Paths\datapacks\gstools\data\gstools\function\cursor\chunk\forceload\2\1\4\
	                   1	C:\Users\joshp\curseforge\minecraft\Instances\Alive Dev\saves\Desire Paths\datapacks\gstools\data\gstools\function\cursor\chunk\forceload\2\1\4\1\
	                   1	C:\Users\joshp\curseforge\minecraft\Instances\Alive Dev\saves\Desire Paths\datapacks\gstools\data\gstools\function\cursor\chunk\forceload\2\1\4\1\1\
	                   1	C:\Users\joshp\curseforge\minecraft\Instances\Alive Dev\saves\Desire Paths\datapacks\gstools\data\gstools\function\cursor\chunk\forceload\2\1\4\1\2\
	                   1	C:\Users\joshp\curseforge\minecraft\Instances\Alive Dev\saves\Desire Paths\datapacks\gstools\data\gstools\function\cursor\chunk\forceload\2\1\4\1\3\
	                   1	C:\Users\joshp\curseforge\minecraft\Instances\Alive Dev\saves\Desire Paths\datapacks\gstools\data\gstools\function\cursor\chunk\forceload\2\1\4\1\4\
	                   1	C:\Users\joshp\curseforge\minecraft\Instances\Alive Dev\saves\Desire Paths\datapacks\gstools\data\gstools\function\cursor\chunk\forceload\2\1\4\2\
	                   1	C:\Users\joshp\curseforge\minecraft\Instances\Alive Dev\saves\Desire Paths\datapacks\gstools\data\gstools\function\cursor\chunk\forceload\2\1\4\2\1\
	                   1	C:\Users\joshp\curseforge\minecraft\Instances\Alive Dev\saves\Desire Paths\datapacks\gstools\data\gstools\function\cursor\chunk\forceload\2\1\4\2\2\
	                   1	C:\Users\joshp\curseforge\minecraft\Instances\Alive Dev\saves\Desire Paths\datapacks\gstools\data\gstools\function\cursor\chunk\forceload\2\1\4\2\3\
	                   1	C:\Users\joshp\curseforge\minecraft\Instances\Alive Dev\saves\Desire Paths\datapacks\gstools\data\gstools\function\cursor\chunk\forceload\2\1\4\2\4\
	                   1	C:\Users\joshp\curseforge\minecraft\Instances\Alive Dev\saves\Desire Paths\datapacks\gstools\data\gstools\function\cursor\chunk\forceload\2\1\4\3\
	                   1	C:\Users\joshp\curseforge\minecraft\Instances\Alive Dev\saves\Desire Paths\datapacks\gstools\data\gstools\function\cursor\chunk\forceload\2\1\4\3\1\
	                   1	C:\Users\joshp\curseforge\minecraft\Instances\Alive Dev\saves\Desire Paths\datapacks\gstools\data\gstools\function\cursor\chunk\forceload\2\1\4\3\2\
	                   1	C:\Users\joshp\curseforge\minecraft\Instances\Alive Dev\saves\Desire Paths\datapacks\gstools\data\gstools\function\cursor\chunk\forceload\2\1\4\3\3\
	                   1	C:\Users\joshp\curseforge\minecraft\Instances\Alive Dev\saves\Desire Paths\datapacks\gstools\data\gstools\function\cursor\chunk\forceload\2\1\4\3\4\
	                   1	C:\Users\joshp\curseforge\minecraft\Instances\Alive Dev\saves\Desire Paths\datapacks\gstools\data\gstools\function\cursor\chunk\forceload\2\1\4\4\
	                   1	C:\Users\joshp\curseforge\minecraft\Instances\Alive Dev\saves\Desire Paths\datapacks\gstools\data\gstools\function\cursor\chunk\forceload\2\1\4\4\1\
	                   1	C:\Users\joshp\curseforge\minecraft\Instances\Alive Dev\saves\Desire Paths\datapacks\gstools\data\gstools\function\cursor\chunk\forceload\2\1\4\4\2\
	                   1	C:\Users\joshp\curseforge\minecraft\Instances\Alive Dev\saves\Desire Paths\datapacks\gstools\data\gstools\function\cursor\chunk\forceload\2\1\4\4\3\
	                   1	C:\Users\joshp\curseforge\minecraft\Instances\Alive Dev\saves\Desire Paths\datapacks\gstools\data\gstools\function\cursor\chunk\forceload\2\1\4\4\4\
	                   1	C:\Users\joshp\curseforge\minecraft\Instances\Alive Dev\saves\Desire Paths\datapacks\gstools\data\gstools\function\cursor\chunk\forceload\2\2\
	                   1	C:\Users\joshp\curseforge\minecraft\Instances\Alive Dev\saves\Desire Paths\datapacks\gstools\data\gstools\function\cursor\chunk\forceload\2\2\1\
	                   1	C:\Users\joshp\curseforge\minecraft\Instances\Alive Dev\saves\Desire Paths\datapacks\gstools\data\gstools\function\cursor\chunk\forceload\2\2\1\1\
	                   1	C:\Users\joshp\curseforge\minecraft\Instances\Alive Dev\saves\Desire Paths\datapacks\gstools\data\gstools\function\cursor\chunk\forceload\2\2\1\1\1\
	                   1	C:\Users\joshp\curseforge\minecraft\Instances\Alive Dev\saves\Desire Paths\datapacks\gstools\data\gstools\function\cursor\chunk\forceload\2\2\1\1\2\
	                   1	C:\Users\joshp\curseforge\minecraft\Instances\Alive Dev\saves\Desire Paths\datapacks\gstools\data\gstools\function\cursor\chunk\forceload\2\2\1\1\3\
	                   1	C:\Users\joshp\curseforge\minecraft\Instances\Alive Dev\saves\Desire Paths\datapacks\gstools\data\gstools\function\cursor\chunk\forceload\2\2\1\1\4\
	                   1	C:\Users\joshp\curseforge\minecraft\Instances\Alive Dev\saves\Desire Paths\datapacks\gstools\data\gstools\function\cursor\chunk\forceload\2\2\1\2\
	                   1	C:\Users\joshp\curseforge\minecraft\Instances\Alive Dev\saves\Desire Paths\datapacks\gstools\data\gstools\function\cursor\chunk\forceload\2\2\1\2\1\
	                   1	C:\Users\joshp\curseforge\minecraft\Instances\Alive Dev\saves\Desire Paths\datapacks\gstools\data\gstools\function\cursor\chunk\forceload\2\2\1\2\2\
	                   1	C:\Users\joshp\curseforge\minecraft\Instances\Alive Dev\saves\Desire Paths\datapacks\gstools\data\gstools\function\cursor\chunk\forceload\2\2\1\2\3\
	                   1	C:\Users\joshp\curseforge\minecraft\Instances\Alive Dev\saves\Desire Paths\datapacks\gstools\data\gstools\function\cursor\chunk\forceload\2\2\1\2\4\
	                   1	C:\Users\joshp\curseforge\minecraft\Instances\Alive Dev\saves\Desire Paths\datapacks\gstools\data\gstools\function\cursor\chunk\forceload\2\2\1\3\
	                   1	C:\Users\joshp\curseforge\minecraft\Instances\Alive Dev\saves\Desire Paths\datapacks\gstools\data\gstools\function\cursor\chunk\forceload\2\2\1\3\1\
	                   1	C:\Users\joshp\curseforge\minecraft\Instances\Alive Dev\saves\Desire Paths\datapacks\gstools\data\gstools\function\cursor\chunk\forceload\2\2\1\3\2\
	                   1	C:\Users\joshp\curseforge\minecraft\Instances\Alive Dev\saves\Desire Paths\datapacks\gstools\data\gstools\function\cursor\chunk\forceload\2\2\1\3\3\
	                   1	C:\Users\joshp\curseforge\minecraft\Instances\Alive Dev\saves\Desire Paths\datapacks\gstools\data\gstools\function\cursor\chunk\forceload\2\2\1\3\4\
	                   1	C:\Users\joshp\curseforge\minecraft\Instances\Alive Dev\saves\Desire Paths\datapacks\gstools\data\gstools\function\cursor\chunk\forceload\2\2\1\4\
	                   1	C:\Users\joshp\curseforge\minecraft\Instances\Alive Dev\saves\Desire Paths\datapacks\gstools\data\gstools\function\cursor\chunk\forceload\2\2\1\4\1\
	                   1	C:\Users\joshp\curseforge\minecraft\Instances\Alive Dev\saves\Desire Paths\datapacks\gstools\data\gstools\function\cursor\chunk\forceload\2\2\1\4\2\
	                   1	C:\Users\joshp\curseforge\minecraft\Instances\Alive Dev\saves\Desire Paths\datapacks\gstools\data\gstools\function\cursor\chunk\forceload\2\2\1\4\3\
	                   1	C:\Users\joshp\curseforge\minecraft\Instances\Alive Dev\saves\Desire Paths\datapacks\gstools\data\gstools\function\cursor\chunk\forceload\2\2\1\4\4\
	                   1	C:\Users\joshp\curseforge\minecraft\Instances\Alive Dev\saves\Desire Paths\datapacks\gstools\data\gstools\function\cursor\chunk\forceload\2\2\2\
	                   1	C:\Users\joshp\curseforge\minecraft\Instances\Alive Dev\saves\Desire Paths\datapacks\gstools\data\gstools\function\cursor\chunk\forceload\2\2\2\1\
	                   1	C:\Users\joshp\curseforge\minecraft\Instances\Alive Dev\saves\Desire Paths\datapacks\gstools\data\gstools\function\cursor\chunk\forceload\2\2\2\1\1\
	                   1	C:\Users\joshp\curseforge\minecraft\Instances\Alive Dev\saves\Desire Paths\datapacks\gstools\data\gstools\function\cursor\chunk\forceload\2\2\2\1\2\
	                   1	C:\Users\joshp\curseforge\minecraft\Instances\Alive Dev\saves\Desire Paths\datapacks\gstools\data\gstools\function\cursor\chunk\forceload\2\2\2\1\3\
	                   1	C:\Users\joshp\curseforge\minecraft\Instances\Alive Dev\saves\Desire Paths\datapacks\gstools\data\gstools\function\cursor\chunk\forceload\2\2\2\1\4\
	                   1	C:\Users\joshp\curseforge\minecraft\Instances\Alive Dev\saves\Desire Paths\datapacks\gstools\data\gstools\function\cursor\chunk\forceload\2\2\2\2\
	                   1	C:\Users\joshp\curseforge\minecraft\Instances\Alive Dev\saves\Desire Paths\datapacks\gstools\data\gstools\function\cursor\chunk\forceload\2\2\2\2\1\
	                   1	C:\Users\joshp\curseforge\minecraft\Instances\Alive Dev\saves\Desire Paths\datapacks\gstools\data\gstools\function\cursor\chunk\forceload\2\2\2\2\2\
	                   1	C:\Users\joshp\curseforge\minecraft\Instances\Alive Dev\saves\Desire Paths\datapacks\gstools\data\gstools\function\cursor\chunk\forceload\2\2\2\2\3\
	                   1	C:\Users\joshp\curseforge\minecraft\Instances\Alive Dev\saves\Desire Paths\datapacks\gstools\data\gstools\function\cursor\chunk\forceload\2\2\2\2\4\
	                   1	C:\Users\joshp\curseforge\minecraft\Instances\Alive Dev\saves\Desire Paths\datapacks\gstools\data\gstools\function\cursor\chunk\forceload\2\2\2\3\
	                   1	C:\Users\joshp\curseforge\minecraft\Instances\Alive Dev\saves\Desire Paths\datapacks\gstools\data\gstools\function\cursor\chunk\forceload\2\2\2\3\1\
	                   1	C:\Users\joshp\curseforge\minecraft\Instances\Alive Dev\saves\Desire Paths\datapacks\gstools\data\gstools\function\cursor\chunk\forceload\2\2\2\3\2\
	                   1	C:\Users\joshp\curseforge\minecraft\Instances\Alive Dev\saves\Desire Paths\datapacks\gstools\data\gstools\function\cursor\chunk\forceload\2\2\2\3\3\
	                   1	C:\Users\joshp\curseforge\minecraft\Instances\Alive Dev\saves\Desire Paths\datapacks\gstools\data\gstools\function\cursor\chunk\forceload\2\2\2\3\4\
	                   1	C:\Users\joshp\curseforge\minecraft\Instances\Alive Dev\saves\Desire Paths\datapacks\gstools\data\gstools\function\cursor\chunk\forceload\2\2\2\4\
	                   1	C:\Users\joshp\curseforge\minecraft\Instances\Alive Dev\saves\Desire Paths\datapacks\gstools\data\gstools\function\cursor\chunk\forceload\2\2\2\4\1\
	                   1	C:\Users\joshp\curseforge\minecraft\Instances\Alive Dev\saves\Desire Paths\datapacks\gstools\data\gstools\function\cursor\chunk\forceload\2\2\2\4\2\
	                   1	C:\Users\joshp\curseforge\minecraft\Instances\Alive Dev\saves\Desire Paths\datapacks\gstools\data\gstools\function\cursor\chunk\forceload\2\2\2\4\3\
	                   1	C:\Users\joshp\curseforge\minecraft\Instances\Alive Dev\saves\Desire Paths\datapacks\gstools\data\gstools\function\cursor\chunk\forceload\2\2\2\4\4\
	                   1	C:\Users\joshp\curseforge\minecraft\Instances\Alive Dev\saves\Desire Paths\datapacks\gstools\data\gstools\function\cursor\chunk\forceload\2\2\3\
	                   1	C:\Users\joshp\curseforge\minecraft\Instances\Alive Dev\saves\Desire Paths\datapacks\gstools\data\gstools\function\cursor\chunk\forceload\2\2\3\1\
	                   1	C:\Users\joshp\curseforge\minecraft\Instances\Alive Dev\saves\Desire Paths\datapacks\gstools\data\gstools\function\cursor\chunk\forceload\2\2\3\1\1\
	                   1	C:\Users\joshp\curseforge\minecraft\Instances\Alive Dev\saves\Desire Paths\datapacks\gstools\data\gstools\function\cursor\chunk\forceload\2\2\3\1\2\
	                   1	C:\Users\joshp\curseforge\minecraft\Instances\Alive Dev\saves\Desire Paths\datapacks\gstools\data\gstools\function\cursor\chunk\forceload\2\2\3\1\3\
	                   1	C:\Users\joshp\curseforge\minecraft\Instances\Alive Dev\saves\Desire Paths\datapacks\gstools\data\gstools\function\cursor\chunk\forceload\2\2\3\1\4\
	                   1	C:\Users\joshp\curseforge\minecraft\Instances\Alive Dev\saves\Desire Paths\datapacks\gstools\data\gstools\function\cursor\chunk\forceload\2\2\3\2\
	                   1	C:\Users\joshp\curseforge\minecraft\Instances\Alive Dev\saves\Desire Paths\datapacks\gstools\data\gstools\function\cursor\chunk\forceload\2\2\3\2\1\
	                   1	C:\Users\joshp\curseforge\minecraft\Instances\Alive Dev\saves\Desire Paths\datapacks\gstools\data\gstools\function\cursor\chunk\forceload\2\2\3\2\2\
	                   1	C:\Users\joshp\curseforge\minecraft\Instances\Alive Dev\saves\Desire Paths\datapacks\gstools\data\gstools\function\cursor\chunk\forceload\2\2\3\2\3\
	                   1	C:\Users\joshp\curseforge\minecraft\Instances\Alive Dev\saves\Desire Paths\datapacks\gstools\data\gstools\function\cursor\chunk\forceload\2\2\3\2\4\
	                   1	C:\Users\joshp\curseforge\minecraft\Instances\Alive Dev\saves\Desire Paths\datapacks\gstools\data\gstools\function\cursor\chunk\forceload\2\2\3\3\
	                   1	C:\Users\joshp\curseforge\minecraft\Instances\Alive Dev\saves\Desire Paths\datapacks\gstools\data\gstools\function\cursor\chunk\forceload\2\2\3\3\1\
	                   1	C:\Users\joshp\curseforge\minecraft\Instances\Alive Dev\saves\Desire Paths\datapacks\gstools\data\gstools\function\cursor\chunk\forceload\2\2\3\3\2\
	                   1	C:\Users\joshp\curseforge\minecraft\Instances\Alive Dev\saves\Desire Paths\datapacks\gstools\data\gstools\function\cursor\chunk\forceload\2\2\3\3\3\
	                   1	C:\Users\joshp\curseforge\minecraft\Instances\Alive Dev\saves\Desire Paths\datapacks\gstools\data\gstools\function\cursor\chunk\forceload\2\2\3\3\4\
	                   1	C:\Users\joshp\curseforge\minecraft\Instances\Alive Dev\saves\Desire Paths\datapacks\gstools\data\gstools\function\cursor\chunk\forceload\2\2\3\4\
	                   1	C:\Users\joshp\curseforge\minecraft\Instances\Alive Dev\saves\Desire Paths\datapacks\gstools\data\gstools\function\cursor\chunk\forceload\2\2\3\4\1\
	                   1	C:\Users\joshp\curseforge\minecraft\Instances\Alive Dev\saves\Desire Paths\datapacks\gstools\data\gstools\function\cursor\chunk\forceload\2\2\3\4\2\
	                   1	C:\Users\joshp\curseforge\minecraft\Instances\Alive Dev\saves\Desire Paths\datapacks\gstools\data\gstools\function\cursor\chunk\forceload\2\2\3\4\3\
	                   1	C:\Users\joshp\curseforge\minecraft\Instances\Alive Dev\saves\Desire Paths\datapacks\gstools\data\gstools\function\cursor\chunk\forceload\2\2\3\4\4\
	                   1	C:\Users\joshp\curseforge\minecraft\Instances\Alive Dev\saves\Desire Paths\datapacks\gstools\data\gstools\function\cursor\chunk\forceload\2\2\4\
	                   1	C:\Users\joshp\curseforge\minecraft\Instances\Alive Dev\saves\Desire Paths\datapacks\gstools\data\gstools\function\cursor\chunk\forceload\2\2\4\1\
	                   1	C:\Users\joshp\curseforge\minecraft\Instances\Alive Dev\saves\Desire Paths\datapacks\gstools\data\gstools\function\cursor\chunk\forceload\2\2\4\1\1\
	                   1	C:\Users\joshp\curseforge\minecraft\Instances\Alive Dev\saves\Desire Paths\datapacks\gstools\data\gstools\function\cursor\chunk\forceload\2\2\4\1\2\
	                   1	C:\Users\joshp\curseforge\minecraft\Instances\Alive Dev\saves\Desire Paths\datapacks\gstools\data\gstools\function\cursor\chunk\forceload\2\2\4\1\3\
	                   1	C:\Users\joshp\curseforge\minecraft\Instances\Alive Dev\saves\Desire Paths\datapacks\gstools\data\gstools\function\cursor\chunk\forceload\2\2\4\1\4\
	                   1	C:\Users\joshp\curseforge\minecraft\Instances\Alive Dev\saves\Desire Paths\datapacks\gstools\data\gstools\function\cursor\chunk\forceload\2\2\4\2\
	                   1	C:\Users\joshp\curseforge\minecraft\Instances\Alive Dev\saves\Desire Paths\datapacks\gstools\data\gstools\function\cursor\chunk\forceload\2\2\4\2\1\
	                   1	C:\Users\joshp\curseforge\minecraft\Instances\Alive Dev\saves\Desire Paths\datapacks\gstools\data\gstools\function\cursor\chunk\forceload\2\2\4\2\2\
	                   1	C:\Users\joshp\curseforge\minecraft\Instances\Alive Dev\saves\Desire Paths\datapacks\gstools\data\gstools\function\cursor\chunk\forceload\2\2\4\2\3\
	                   1	C:\Users\joshp\curseforge\minecraft\Instances\Alive Dev\saves\Desire Paths\datapacks\gstools\data\gstools\function\cursor\chunk\forceload\2\2\4\2\4\
	                   1	C:\Users\joshp\curseforge\minecraft\Instances\Alive Dev\saves\Desire Paths\datapacks\gstools\data\gstools\function\cursor\chunk\forceload\2\2\4\3\
	                   1	C:\Users\joshp\curseforge\minecraft\Instances\Alive Dev\saves\Desire Paths\datapacks\gstools\data\gstools\function\cursor\chunk\forceload\2\2\4\3\1\
	                   1	C:\Users\joshp\curseforge\minecraft\Instances\Alive Dev\saves\Desire Paths\datapacks\gstools\data\gstools\function\cursor\chunk\forceload\2\2\4\3\2\
	                   1	C:\Users\joshp\curseforge\minecraft\Instances\Alive Dev\saves\Desire Paths\datapacks\gstools\data\gstools\function\cursor\chunk\forceload\2\2\4\3\3\
	                   1	C:\Users\joshp\curseforge\minecraft\Instances\Alive Dev\saves\Desire Paths\datapacks\gstools\data\gstools\function\cursor\chunk\forceload\2\2\4\3\4\
	                   1	C:\Users\joshp\curseforge\minecraft\Instances\Alive Dev\saves\Desire Paths\datapacks\gstools\data\gstools\function\cursor\chunk\forceload\2\2\4\4\
	                   1	C:\Users\joshp\curseforge\minecraft\Instances\Alive Dev\saves\Desire Paths\datapacks\gstools\data\gstools\function\cursor\chunk\forceload\2\2\4\4\1\
	                   1	C:\Users\joshp\curseforge\minecraft\Instances\Alive Dev\saves\Desire Paths\datapacks\gstools\data\gstools\function\cursor\chunk\forceload\2\2\4\4\2\
	                   1	C:\Users\joshp\curseforge\minecraft\Instances\Alive Dev\saves\Desire Paths\datapacks\gstools\data\gstools\function\cursor\chunk\forceload\2\2\4\4\3\
	                   1	C:\Users\joshp\curseforge\minecraft\Instances\Alive Dev\saves\Desire Paths\datapacks\gstools\data\gstools\function\cursor\chunk\forceload\2\2\4\4\4\
	                   1	C:\Users\joshp\curseforge\minecraft\Instances\Alive Dev\saves\Desire Paths\datapacks\gstools\data\gstools\function\cursor\chunk\forceload\2\3\
	                   1	C:\Users\joshp\curseforge\minecraft\Instances\Alive Dev\saves\Desire Paths\datapacks\gstools\data\gstools\function\cursor\chunk\forceload\2\3\1\
	                   1	C:\Users\joshp\curseforge\minecraft\Instances\Alive Dev\saves\Desire Paths\datapacks\gstools\data\gstools\function\cursor\chunk\forceload\2\3\1\1\
	                   1	C:\Users\joshp\curseforge\minecraft\Instances\Alive Dev\saves\Desire Paths\datapacks\gstools\data\gstools\function\cursor\chunk\forceload\2\3\1\1\1\
	                   1	C:\Users\joshp\curseforge\minecraft\Instances\Alive Dev\saves\Desire Paths\datapacks\gstools\data\gstools\function\cursor\chunk\forceload\2\3\1\1\2\
	                   1	C:\Users\joshp\curseforge\minecraft\Instances\Alive Dev\saves\Desire Paths\datapacks\gstools\data\gstools\function\cursor\chunk\forceload\2\3\1\1\3\
	                   1	C:\Users\joshp\curseforge\minecraft\Instances\Alive Dev\saves\Desire Paths\datapacks\gstools\data\gstools\function\cursor\chunk\forceload\2\3\1\1\4\
	                   1	C:\Users\joshp\curseforge\minecraft\Instances\Alive Dev\saves\Desire Paths\datapacks\gstools\data\gstools\function\cursor\chunk\forceload\2\3\1\2\
	                   1	C:\Users\joshp\curseforge\minecraft\Instances\Alive Dev\saves\Desire Paths\datapacks\gstools\data\gstools\function\cursor\chunk\forceload\2\3\1\2\1\
	                   1	C:\Users\joshp\curseforge\minecraft\Instances\Alive Dev\saves\Desire Paths\datapacks\gstools\data\gstools\function\cursor\chunk\forceload\2\3\1\2\2\
	                   1	C:\Users\joshp\curseforge\minecraft\Instances\Alive Dev\saves\Desire Paths\datapacks\gstools\data\gstools\function\cursor\chunk\forceload\2\3\1\2\3\
	                   1	C:\Users\joshp\curseforge\minecraft\Instances\Alive Dev\saves\Desire Paths\datapacks\gstools\data\gstools\function\cursor\chunk\forceload\2\3\1\2\4\
	                   1	C:\Users\joshp\curseforge\minecraft\Instances\Alive Dev\saves\Desire Paths\datapacks\gstools\data\gstools\function\cursor\chunk\forceload\2\3\1\3\
	                   1	C:\Users\joshp\curseforge\minecraft\Instances\Alive Dev\saves\Desire Paths\datapacks\gstools\data\gstools\function\cursor\chunk\forceload\2\3\1\3\1\
	                   1	C:\Users\joshp\curseforge\minecraft\Instances\Alive Dev\saves\Desire Paths\datapacks\gstools\data\gstools\function\cursor\chunk\forceload\2\3\1\3\2\
	                   1	C:\Users\joshp\curseforge\minecraft\Instances\Alive Dev\saves\Desire Paths\datapacks\gstools\data\gstools\function\cursor\chunk\forceload\2\3\1\3\3\
	                   1	C:\Users\joshp\curseforge\minecraft\Instances\Alive Dev\saves\Desire Paths\datapacks\gstools\data\gstools\function\cursor\chunk\forceload\2\3\1\3\4\
	                   1	C:\Users\joshp\curseforge\minecraft\Instances\Alive Dev\saves\Desire Paths\datapacks\gstools\data\gstools\function\cursor\chunk\forceload\2\3\1\4\
	                   1	C:\Users\joshp\curseforge\minecraft\Instances\Alive Dev\saves\Desire Paths\datapacks\gstools\data\gstools\function\cursor\chunk\forceload\2\3\1\4\1\
	                   1	C:\Users\joshp\curseforge\minecraft\Instances\Alive Dev\saves\Desire Paths\datapacks\gstools\data\gstools\function\cursor\chunk\forceload\2\3\1\4\2\
	                   1	C:\Users\joshp\curseforge\minecraft\Instances\Alive Dev\saves\Desire Paths\datapacks\gstools\data\gstools\function\cursor\chunk\forceload\2\3\1\4\3\
	                   1	C:\Users\joshp\curseforge\minecraft\Instances\Alive Dev\saves\Desire Paths\datapacks\gstools\data\gstools\function\cursor\chunk\forceload\2\3\1\4\4\
	                   1	C:\Users\joshp\curseforge\minecraft\Instances\Alive Dev\saves\Desire Paths\datapacks\gstools\data\gstools\function\cursor\chunk\forceload\2\3\2\
	                   1	C:\Users\joshp\curseforge\minecraft\Instances\Alive Dev\saves\Desire Paths\datapacks\gstools\data\gstools\function\cursor\chunk\forceload\2\3\2\1\
	                   1	C:\Users\joshp\curseforge\minecraft\Instances\Alive Dev\saves\Desire Paths\datapacks\gstools\data\gstools\function\cursor\chunk\forceload\2\3\2\1\1\
	                   1	C:\Users\joshp\curseforge\minecraft\Instances\Alive Dev\saves\Desire Paths\datapacks\gstools\data\gstools\function\cursor\chunk\forceload\2\3\2\1\2\
	                   1	C:\Users\joshp\curseforge\minecraft\Instances\Alive Dev\saves\Desire Paths\datapacks\gstools\data\gstools\function\cursor\chunk\forceload\2\3\2\1\3\
	                   1	C:\Users\joshp\curseforge\minecraft\Instances\Alive Dev\saves\Desire Paths\datapacks\gstools\data\gstools\function\cursor\chunk\forceload\2\3\2\1\4\
	                   1	C:\Users\joshp\curseforge\minecraft\Instances\Alive Dev\saves\Desire Paths\datapacks\gstools\data\gstools\function\cursor\chunk\forceload\2\3\2\2\
	                   1	C:\Users\joshp\curseforge\minecraft\Instances\Alive Dev\saves\Desire Paths\datapacks\gstools\data\gstools\function\cursor\chunk\forceload\2\3\2\2\1\
	                   1	C:\Users\joshp\curseforge\minecraft\Instances\Alive Dev\saves\Desire Paths\datapacks\gstools\data\gstools\function\cursor\chunk\forceload\2\3\2\2\2\
	                   1	C:\Users\joshp\curseforge\minecraft\Instances\Alive Dev\saves\Desire Paths\datapacks\gstools\data\gstools\function\cursor\chunk\forceload\2\3\2\2\3\
	                   1	C:\Users\joshp\curseforge\minecraft\Instances\Alive Dev\saves\Desire Paths\datapacks\gstools\data\gstools\function\cursor\chunk\forceload\2\3\2\2\4\
	                   1	C:\Users\joshp\curseforge\minecraft\Instances\Alive Dev\saves\Desire Paths\datapacks\gstools\data\gstools\function\cursor\chunk\forceload\2\3\2\3\
	                   1	C:\Users\joshp\curseforge\minecraft\Instances\Alive Dev\saves\Desire Paths\datapacks\gstools\data\gstools\function\cursor\chunk\forceload\2\3\2\3\1\
	                   1	C:\Users\joshp\curseforge\minecraft\Instances\Alive Dev\saves\Desire Paths\datapacks\gstools\data\gstools\function\cursor\chunk\forceload\2\3\2\3\2\
	                   1	C:\Users\joshp\curseforge\minecraft\Instances\Alive Dev\saves\Desire Paths\datapacks\gstools\data\gstools\function\cursor\chunk\forceload\2\3\2\3\3\
	                   1	C:\Users\joshp\curseforge\minecraft\Instances\Alive Dev\saves\Desire Paths\datapacks\gstools\data\gstools\function\cursor\chunk\forceload\2\3\2\3\4\
	                   1	C:\Users\joshp\curseforge\minecraft\Instances\Alive Dev\saves\Desire Paths\datapacks\gstools\data\gstools\function\cursor\chunk\forceload\2\3\2\4\
	                   1	C:\Users\joshp\curseforge\minecraft\Instances\Alive Dev\saves\Desire Paths\datapacks\gstools\data\gstools\function\cursor\chunk\forceload\2\3\2\4\1\
	                   1	C:\Users\joshp\curseforge\minecraft\Instances\Alive Dev\saves\Desire Paths\datapacks\gstools\data\gstools\function\cursor\chunk\forceload\2\3\2\4\2\
	                   1	C:\Users\joshp\curseforge\minecraft\Instances\Alive Dev\saves\Desire Paths\datapacks\gstools\data\gstools\function\cursor\chunk\forceload\2\3\2\4\3\
	                   1	C:\Users\joshp\curseforge\minecraft\Instances\Alive Dev\saves\Desire Paths\datapacks\gstools\data\gstools\function\cursor\chunk\forceload\2\3\2\4\4\
	                   1	C:\Users\joshp\curseforge\minecraft\Instances\Alive Dev\saves\Desire Paths\datapacks\gstools\data\gstools\function\cursor\chunk\forceload\2\3\3\
	                   1	C:\Users\joshp\curseforge\minecraft\Instances\Alive Dev\saves\Desire Paths\datapacks\gstools\data\gstools\function\cursor\chunk\forceload\2\3\3\1\
	                   1	C:\Users\joshp\curseforge\minecraft\Instances\Alive Dev\saves\Desire Paths\datapacks\gstools\data\gstools\function\cursor\chunk\forceload\2\3\3\1\1\
	                   1	C:\Users\joshp\curseforge\minecraft\Instances\Alive Dev\saves\Desire Paths\datapacks\gstools\data\gstools\function\cursor\chunk\forceload\2\3\3\1\2\
	                   1	C:\Users\joshp\curseforge\minecraft\Instances\Alive Dev\saves\Desire Paths\datapacks\gstools\data\gstools\function\cursor\chunk\forceload\2\3\3\1\3\
	                   1	C:\Users\joshp\curseforge\minecraft\Instances\Alive Dev\saves\Desire Paths\datapacks\gstools\data\gstools\function\cursor\chunk\forceload\2\3\3\1\4\
	                   1	C:\Users\joshp\curseforge\minecraft\Instances\Alive Dev\saves\Desire Paths\datapacks\gstools\data\gstools\function\cursor\chunk\forceload\2\3\3\2\
	                   1	C:\Users\joshp\curseforge\minecraft\Instances\Alive Dev\saves\Desire Paths\datapacks\gstools\data\gstools\function\cursor\chunk\forceload\2\3\3\2\1\
	                   1	C:\Users\joshp\curseforge\minecraft\Instances\Alive Dev\saves\Desire Paths\datapacks\gstools\data\gstools\function\cursor\chunk\forceload\2\3\3\2\2\
	                   1	C:\Users\joshp\curseforge\minecraft\Instances\Alive Dev\saves\Desire Paths\datapacks\gstools\data\gstools\function\cursor\chunk\forceload\2\3\3\2\3\
	                   1	C:\Users\joshp\curseforge\minecraft\Instances\Alive Dev\saves\Desire Paths\datapacks\gstools\data\gstools\function\cursor\chunk\forceload\2\3\3\2\4\
	                   1	C:\Users\joshp\curseforge\minecraft\Instances\Alive Dev\saves\Desire Paths\datapacks\gstools\data\gstools\function\cursor\chunk\forceload\2\3\3\3\
	                   1	C:\Users\joshp\curseforge\minecraft\Instances\Alive Dev\saves\Desire Paths\datapacks\gstools\data\gstools\function\cursor\chunk\forceload\2\3\3\3\1\
	                   1	C:\Users\joshp\curseforge\minecraft\Instances\Alive Dev\saves\Desire Paths\datapacks\gstools\data\gstools\function\cursor\chunk\forceload\2\3\3\3\2\
	                   1	C:\Users\joshp\curseforge\minecraft\Instances\Alive Dev\saves\Desire Paths\datapacks\gstools\data\gstools\function\cursor\chunk\forceload\2\3\3\3\3\
	                   1	C:\Users\joshp\curseforge\minecraft\Instances\Alive Dev\saves\Desire Paths\datapacks\gstools\data\gstools\function\cursor\chunk\forceload\2\3\3\3\4\
	                   1	C:\Users\joshp\curseforge\minecraft\Instances\Alive Dev\saves\Desire Paths\datapacks\gstools\data\gstools\function\cursor\chunk\forceload\2\3\3\4\
	                   1	C:\Users\joshp\curseforge\minecraft\Instances\Alive Dev\saves\Desire Paths\datapacks\gstools\data\gstools\function\cursor\chunk\forceload\2\3\3\4\1\
	                   1	C:\Users\joshp\curseforge\minecraft\Instances\Alive Dev\saves\Desire Paths\datapacks\gstools\data\gstools\function\cursor\chunk\forceload\2\3\3\4\2\
	                   1	C:\Users\joshp\curseforge\minecraft\Instances\Alive Dev\saves\Desire Paths\datapacks\gstools\data\gstools\function\cursor\chunk\forceload\2\3\3\4\3\
	                   1	C:\Users\joshp\curseforge\minecraft\Instances\Alive Dev\saves\Desire Paths\datapacks\gstools\data\gstools\function\cursor\chunk\forceload\2\3\3\4\4\
	                   1	C:\Users\joshp\curseforge\minecraft\Instances\Alive Dev\saves\Desire Paths\datapacks\gstools\data\gstools\function\cursor\chunk\forceload\2\3\4\
	                   1	C:\Users\joshp\curseforge\minecraft\Instances\Alive Dev\saves\Desire Paths\datapacks\gstools\data\gstools\function\cursor\chunk\forceload\2\3\4\1\
	                   1	C:\Users\joshp\curseforge\minecraft\Instances\Alive Dev\saves\Desire Paths\datapacks\gstools\data\gstools\function\cursor\chunk\forceload\2\3\4\1\1\
	                   1	C:\Users\joshp\curseforge\minecraft\Instances\Alive Dev\saves\Desire Paths\datapacks\gstools\data\gstools\function\cursor\chunk\forceload\2\3\4\1\2\
	                   1	C:\Users\joshp\curseforge\minecraft\Instances\Alive Dev\saves\Desire Paths\datapacks\gstools\data\gstools\function\cursor\chunk\forceload\2\3\4\1\3\
	                   1	C:\Users\joshp\curseforge\minecraft\Instances\Alive Dev\saves\Desire Paths\datapacks\gstools\data\gstools\function\cursor\chunk\forceload\2\3\4\1\4\
	                   1	C:\Users\joshp\curseforge\minecraft\Instances\Alive Dev\saves\Desire Paths\datapacks\gstools\data\gstools\function\cursor\chunk\forceload\2\3\4\2\
	                   1	C:\Users\joshp\curseforge\minecraft\Instances\Alive Dev\saves\Desire Paths\datapacks\gstools\data\gstools\function\cursor\chunk\forceload\2\3\4\2\1\
	                   1	C:\Users\joshp\curseforge\minecraft\Instances\Alive Dev\saves\Desire Paths\datapacks\gstools\data\gstools\function\cursor\chunk\forceload\2\3\4\2\2\
	                   1	C:\Users\joshp\curseforge\minecraft\Instances\Alive Dev\saves\Desire Paths\datapacks\gstools\data\gstools\function\cursor\chunk\forceload\2\3\4\2\3\
	                   1	C:\Users\joshp\curseforge\minecraft\Instances\Alive Dev\saves\Desire Paths\datapacks\gstools\data\gstools\function\cursor\chunk\forceload\2\3\4\2\4\
	                   1	C:\Users\joshp\curseforge\minecraft\Instances\Alive Dev\saves\Desire Paths\datapacks\gstools\data\gstools\function\cursor\chunk\forceload\2\3\4\3\
	                   1	C:\Users\joshp\curseforge\minecraft\Instances\Alive Dev\saves\Desire Paths\datapacks\gstools\data\gstools\function\cursor\chunk\forceload\2\3\4\3\1\
	                   1	C:\Users\joshp\curseforge\minecraft\Instances\Alive Dev\saves\Desire Paths\datapacks\gstools\data\gstools\function\cursor\chunk\forceload\2\3\4\3\2\
	                   1	C:\Users\joshp\curseforge\minecraft\Instances\Alive Dev\saves\Desire Paths\datapacks\gstools\data\gstools\function\cursor\chunk\forceload\2\3\4\3\3\
	                   1	C:\Users\joshp\curseforge\minecraft\Instances\Alive Dev\saves\Desire Paths\datapacks\gstools\data\gstools\function\cursor\chunk\forceload\2\3\4\3\4\
	                   1	C:\Users\joshp\curseforge\minecraft\Instances\Alive Dev\saves\Desire Paths\datapacks\gstools\data\gstools\function\cursor\chunk\forceload\2\3\4\4\
	                   1	C:\Users\joshp\curseforge\minecraft\Instances\Alive Dev\saves\Desire Paths\datapacks\gstools\data\gstools\function\cursor\chunk\forceload\2\3\4\4\1\
	                   1	C:\Users\joshp\curseforge\minecraft\Instances\Alive Dev\saves\Desire Paths\datapacks\gstools\data\gstools\function\cursor\chunk\forceload\2\3\4\4\2\
	                   1	C:\Users\joshp\curseforge\minecraft\Instances\Alive Dev\saves\Desire Paths\datapacks\gstools\data\gstools\function\cursor\chunk\forceload\2\3\4\4\3\
	                   1	C:\Users\joshp\curseforge\minecraft\Instances\Alive Dev\saves\Desire Paths\datapacks\gstools\data\gstools\function\cursor\chunk\forceload\2\3\4\4\4\
	                   1	C:\Users\joshp\curseforge\minecraft\Instances\Alive Dev\saves\Desire Paths\datapacks\gstools\data\gstools\function\cursor\chunk\forceload\2\4\
	                   1	C:\Users\joshp\curseforge\minecraft\Instances\Alive Dev\saves\Desire Paths\datapacks\gstools\data\gstools\function\cursor\chunk\forceload\2\4\1\
	                   1	C:\Users\joshp\curseforge\minecraft\Instances\Alive Dev\saves\Desire Paths\datapacks\gstools\data\gstools\function\cursor\chunk\forceload\2\4\1\1\
	                   1	C:\Users\joshp\curseforge\minecraft\Instances\Alive Dev\saves\Desire Paths\datapacks\gstools\data\gstools\function\cursor\chunk\forceload\2\4\1\1\1\
	                   1	C:\Users\joshp\curseforge\minecraft\Instances\Alive Dev\saves\Desire Paths\datapacks\gstools\data\gstools\function\cursor\chunk\forceload\2\4\1\1\2\
	                   1	C:\Users\joshp\curseforge\minecraft\Instances\Alive Dev\saves\Desire Paths\datapacks\gstools\data\gstools\function\cursor\chunk\forceload\2\4\1\1\3\
	                   1	C:\Users\joshp\curseforge\minecraft\Instances\Alive Dev\saves\Desire Paths\datapacks\gstools\data\gstools\function\cursor\chunk\forceload\2\4\1\1\4\
	                   1	C:\Users\joshp\curseforge\minecraft\Instances\Alive Dev\saves\Desire Paths\datapacks\gstools\data\gstools\function\cursor\chunk\forceload\2\4\1\2\
	                   1	C:\Users\joshp\curseforge\minecraft\Instances\Alive Dev\saves\Desire Paths\datapacks\gstools\data\gstools\function\cursor\chunk\forceload\2\4\1\2\1\
	                   1	C:\Users\joshp\curseforge\minecraft\Instances\Alive Dev\saves\Desire Paths\datapacks\gstools\data\gstools\function\cursor\chunk\forceload\2\4\1\2\2\
	                   1	C:\Users\joshp\curseforge\minecraft\Instances\Alive Dev\saves\Desire Paths\datapacks\gstools\data\gstools\function\cursor\chunk\forceload\2\4\1\2\3\
	                   1	C:\Users\joshp\curseforge\minecraft\Instances\Alive Dev\saves\Desire Paths\datapacks\gstools\data\gstools\function\cursor\chunk\forceload\2\4\1\2\4\
	                   1	C:\Users\joshp\curseforge\minecraft\Instances\Alive Dev\saves\Desire Paths\datapacks\gstools\data\gstools\function\cursor\chunk\forceload\2\4\1\3\
	                   1	C:\Users\joshp\curseforge\minecraft\Instances\Alive Dev\saves\Desire Paths\datapacks\gstools\data\gstools\function\cursor\chunk\forceload\2\4\1\3\1\
	                   1	C:\Users\joshp\curseforge\minecraft\Instances\Alive Dev\saves\Desire Paths\datapacks\gstools\data\gstools\function\cursor\chunk\forceload\2\4\1\3\2\
	                   1	C:\Users\joshp\curseforge\minecraft\Instances\Alive Dev\saves\Desire Paths\datapacks\gstools\data\gstools\function\cursor\chunk\forceload\2\4\1\3\3\
	                   1	C:\Users\joshp\curseforge\minecraft\Instances\Alive Dev\saves\Desire Paths\datapacks\gstools\data\gstools\function\cursor\chunk\forceload\2\4\1\3\4\
	                   1	C:\Users\joshp\curseforge\minecraft\Instances\Alive Dev\saves\Desire Paths\datapacks\gstools\data\gstools\function\cursor\chunk\forceload\2\4\1\4\
	                   1	C:\Users\joshp\curseforge\minecraft\Instances\Alive Dev\saves\Desire Paths\datapacks\gstools\data\gstools\function\cursor\chunk\forceload\2\4\1\4\1\
	                   1	C:\Users\joshp\curseforge\minecraft\Instances\Alive Dev\saves\Desire Paths\datapacks\gstools\data\gstools\function\cursor\chunk\forceload\2\4\1\4\2\
	                   1	C:\Users\joshp\curseforge\minecraft\Instances\Alive Dev\saves\Desire Paths\datapacks\gstools\data\gstools\function\cursor\chunk\forceload\2\4\1\4\3\
	                   1	C:\Users\joshp\curseforge\minecraft\Instances\Alive Dev\saves\Desire Paths\datapacks\gstools\data\gstools\function\cursor\chunk\forceload\2\4\1\4\4\
	                   1	C:\Users\joshp\curseforge\minecraft\Instances\Alive Dev\saves\Desire Paths\datapacks\gstools\data\gstools\function\cursor\chunk\forceload\2\4\2\
	                   1	C:\Users\joshp\curseforge\minecraft\Instances\Alive Dev\saves\Desire Paths\datapacks\gstools\data\gstools\function\cursor\chunk\forceload\2\4\2\1\
	                   1	C:\Users\joshp\curseforge\minecraft\Instances\Alive Dev\saves\Desire Paths\datapacks\gstools\data\gstools\function\cursor\chunk\forceload\2\4\2\1\1\
	                   1	C:\Users\joshp\curseforge\minecraft\Instances\Alive Dev\saves\Desire Paths\datapacks\gstools\data\gstools\function\cursor\chunk\forceload\2\4\2\1\2\
	                   1	C:\Users\joshp\curseforge\minecraft\Instances\Alive Dev\saves\Desire Paths\datapacks\gstools\data\gstools\function\cursor\chunk\forceload\2\4\2\1\3\
	                   1	C:\Users\joshp\curseforge\minecraft\Instances\Alive Dev\saves\Desire Paths\datapacks\gstools\data\gstools\function\cursor\chunk\forceload\2\4\2\1\4\
	                   1	C:\Users\joshp\curseforge\minecraft\Instances\Alive Dev\saves\Desire Paths\datapacks\gstools\data\gstools\function\cursor\chunk\forceload\2\4\2\2\
	                   1	C:\Users\joshp\curseforge\minecraft\Instances\Alive Dev\saves\Desire Paths\datapacks\gstools\data\gstools\function\cursor\chunk\forceload\2\4\2\2\1\
	                   1	C:\Users\joshp\curseforge\minecraft\Instances\Alive Dev\saves\Desire Paths\datapacks\gstools\data\gstools\function\cursor\chunk\forceload\2\4\2\2\2\
	                   1	C:\Users\joshp\curseforge\minecraft\Instances\Alive Dev\saves\Desire Paths\datapacks\gstools\data\gstools\function\cursor\chunk\forceload\2\4\2\2\3\
	                   1	C:\Users\joshp\curseforge\minecraft\Instances\Alive Dev\saves\Desire Paths\datapacks\gstools\data\gstools\function\cursor\chunk\forceload\2\4\2\2\4\
	                   1	C:\Users\joshp\curseforge\minecraft\Instances\Alive Dev\saves\Desire Paths\datapacks\gstools\data\gstools\function\cursor\chunk\forceload\2\4\2\3\
	                   1	C:\Users\joshp\curseforge\minecraft\Instances\Alive Dev\saves\Desire Paths\datapacks\gstools\data\gstools\function\cursor\chunk\forceload\2\4\2\3\1\
	                   1	C:\Users\joshp\curseforge\minecraft\Instances\Alive Dev\saves\Desire Paths\datapacks\gstools\data\gstools\function\cursor\chunk\forceload\2\4\2\3\2\
	                   1	C:\Users\joshp\curseforge\minecraft\Instances\Alive Dev\saves\Desire Paths\datapacks\gstools\data\gstools\function\cursor\chunk\forceload\2\4\2\3\3\
	                   1	C:\Users\joshp\curseforge\minecraft\Instances\Alive Dev\saves\Desire Paths\datapacks\gstools\data\gstools\function\cursor\chunk\forceload\2\4\2\3\4\
	                   1	C:\Users\joshp\curseforge\minecraft\Instances\Alive Dev\saves\Desire Paths\datapacks\gstools\data\gstools\function\cursor\chunk\forceload\2\4\2\4\
	                   1	C:\Users\joshp\curseforge\minecraft\Instances\Alive Dev\saves\Desire Paths\datapacks\gstools\data\gstools\function\cursor\chunk\forceload\2\4\2\4\1\
	                   1	C:\Users\joshp\curseforge\minecraft\Instances\Alive Dev\saves\Desire Paths\datapacks\gstools\data\gstools\function\cursor\chunk\forceload\2\4\2\4\2\
	                   1	C:\Users\joshp\curseforge\minecraft\Instances\Alive Dev\saves\Desire Paths\datapacks\gstools\data\gstools\function\cursor\chunk\forceload\2\4\2\4\3\
	                   1	C:\Users\joshp\curseforge\minecraft\Instances\Alive Dev\saves\Desire Paths\datapacks\gstools\data\gstools\function\cursor\chunk\forceload\2\4\2\4\4\
	                   1	C:\Users\joshp\curseforge\minecraft\Instances\Alive Dev\saves\Desire Paths\datapacks\gstools\data\gstools\function\cursor\chunk\forceload\2\4\3\
	                   1	C:\Users\joshp\curseforge\minecraft\Instances\Alive Dev\saves\Desire Paths\datapacks\gstools\data\gstools\function\cursor\chunk\forceload\2\4\3\1\
	                   1	C:\Users\joshp\curseforge\minecraft\Instances\Alive Dev\saves\Desire Paths\datapacks\gstools\data\gstools\function\cursor\chunk\forceload\2\4\3\1\1\
	                   1	C:\Users\joshp\curseforge\minecraft\Instances\Alive Dev\saves\Desire Paths\datapacks\gstools\data\gstools\function\cursor\chunk\forceload\2\4\3\1\2\
	                   1	C:\Users\joshp\curseforge\minecraft\Instances\Alive Dev\saves\Desire Paths\datapacks\gstools\data\gstools\function\cursor\chunk\forceload\2\4\3\1\3\
	                   1	C:\Users\joshp\curseforge\minecraft\Instances\Alive Dev\saves\Desire Paths\datapacks\gstools\data\gstools\function\cursor\chunk\forceload\2\4\3\1\4\
	                   1	C:\Users\joshp\curseforge\minecraft\Instances\Alive Dev\saves\Desire Paths\datapacks\gstools\data\gstools\function\cursor\chunk\forceload\2\4\3\2\
	                   1	C:\Users\joshp\curseforge\minecraft\Instances\Alive Dev\saves\Desire Paths\datapacks\gstools\data\gstools\function\cursor\chunk\forceload\2\4\3\2\1\
	                   1	C:\Users\joshp\curseforge\minecraft\Instances\Alive Dev\saves\Desire Paths\datapacks\gstools\data\gstools\function\cursor\chunk\forceload\2\4\3\2\2\
	                   1	C:\Users\joshp\curseforge\minecraft\Instances\Alive Dev\saves\Desire Paths\datapacks\gstools\data\gstools\function\cursor\chunk\forceload\2\4\3\2\3\
	                   1	C:\Users\joshp\curseforge\minecraft\Instances\Alive Dev\saves\Desire Paths\datapacks\gstools\data\gstools\function\cursor\chunk\forceload\2\4\3\2\4\
	                   1	C:\Users\joshp\curseforge\minecraft\Instances\Alive Dev\saves\Desire Paths\datapacks\gstools\data\gstools\function\cursor\chunk\forceload\2\4\3\3\
	                   1	C:\Users\joshp\curseforge\minecraft\Instances\Alive Dev\saves\Desire Paths\datapacks\gstools\data\gstools\function\cursor\chunk\forceload\2\4\3\3\1\
	                   1	C:\Users\joshp\curseforge\minecraft\Instances\Alive Dev\saves\Desire Paths\datapacks\gstools\data\gstools\function\cursor\chunk\forceload\2\4\3\3\2\
	                   1	C:\Users\joshp\curseforge\minecraft\Instances\Alive Dev\saves\Desire Paths\datapacks\gstools\data\gstools\function\cursor\chunk\forceload\2\4\3\3\3\
	                   1	C:\Users\joshp\curseforge\minecraft\Instances\Alive Dev\saves\Desire Paths\datapacks\gstools\data\gstools\function\cursor\chunk\forceload\2\4\3\3\4\
	                   1	C:\Users\joshp\curseforge\minecraft\Instances\Alive Dev\saves\Desire Paths\datapacks\gstools\data\gstools\function\cursor\chunk\forceload\2\4\3\4\
	                   1	C:\Users\joshp\curseforge\minecraft\Instances\Alive Dev\saves\Desire Paths\datapacks\gstools\data\gstools\function\cursor\chunk\forceload\2\4\3\4\1\
	                   1	C:\Users\joshp\curseforge\minecraft\Instances\Alive Dev\saves\Desire Paths\datapacks\gstools\data\gstools\function\cursor\chunk\forceload\2\4\3\4\2\
	                   1	C:\Users\joshp\curseforge\minecraft\Instances\Alive Dev\saves\Desire Paths\datapacks\gstools\data\gstools\function\cursor\chunk\forceload\2\4\3\4\3\
	                   1	C:\Users\joshp\curseforge\minecraft\Instances\Alive Dev\saves\Desire Paths\datapacks\gstools\data\gstools\function\cursor\chunk\forceload\2\4\3\4\4\
	                   1	C:\Users\joshp\curseforge\minecraft\Instances\Alive Dev\saves\Desire Paths\datapacks\gstools\data\gstools\function\cursor\chunk\forceload\2\4\4\
	                   1	C:\Users\joshp\curseforge\minecraft\Instances\Alive Dev\saves\Desire Paths\datapacks\gstools\data\gstools\function\cursor\chunk\forceload\2\4\4\1\
	                   1	C:\Users\joshp\curseforge\minecraft\Instances\Alive Dev\saves\Desire Paths\datapacks\gstools\data\gstools\function\cursor\chunk\forceload\2\4\4\1\1\
	                   1	C:\Users\joshp\curseforge\minecraft\Instances\Alive Dev\saves\Desire Paths\datapacks\gstools\data\gstools\function\cursor\chunk\forceload\2\4\4\1\2\
	                   1	C:\Users\joshp\curseforge\minecraft\Instances\Alive Dev\saves\Desire Paths\datapacks\gstools\data\gstools\function\cursor\chunk\forceload\2\4\4\1\3\
	                   1	C:\Users\joshp\curseforge\minecraft\Instances\Alive Dev\saves\Desire Paths\datapacks\gstools\data\gstools\function\cursor\chunk\forceload\2\4\4\1\4\
	                   1	C:\Users\joshp\curseforge\minecraft\Instances\Alive Dev\saves\Desire Paths\datapacks\gstools\data\gstools\function\cursor\chunk\forceload\2\4\4\2\
	                   1	C:\Users\joshp\curseforge\minecraft\Instances\Alive Dev\saves\Desire Paths\datapacks\gstools\data\gstools\function\cursor\chunk\forceload\2\4\4\2\1\
	                   1	C:\Users\joshp\curseforge\minecraft\Instances\Alive Dev\saves\Desire Paths\datapacks\gstools\data\gstools\function\cursor\chunk\forceload\2\4\4\2\2\
	                   1	C:\Users\joshp\curseforge\minecraft\Instances\Alive Dev\saves\Desire Paths\datapacks\gstools\data\gstools\function\cursor\chunk\forceload\2\4\4\2\3\
	                   1	C:\Users\joshp\curseforge\minecraft\Instances\Alive Dev\saves\Desire Paths\datapacks\gstools\data\gstools\function\cursor\chunk\forceload\2\4\4\2\4\
	                   1	C:\Users\joshp\curseforge\minecraft\Instances\Alive Dev\saves\Desire Paths\datapacks\gstools\data\gstools\function\cursor\chunk\forceload\2\4\4\3\
	                   1	C:\Users\joshp\curseforge\minecraft\Instances\Alive Dev\saves\Desire Paths\datapacks\gstools\data\gstools\function\cursor\chunk\forceload\2\4\4\3\1\
	                   1	C:\Users\joshp\curseforge\minecraft\Instances\Alive Dev\saves\Desire Paths\datapacks\gstools\data\gstools\function\cursor\chunk\forceload\2\4\4\3\2\
	                   1	C:\Users\joshp\curseforge\minecraft\Instances\Alive Dev\saves\Desire Paths\datapacks\gstools\data\gstools\function\cursor\chunk\forceload\2\4\4\3\3\
	                   1	C:\Users\joshp\curseforge\minecraft\Instances\Alive Dev\saves\Desire Paths\datapacks\gstools\data\gstools\function\cursor\chunk\forceload\2\4\4\3\4\
	                   1	C:\Users\joshp\curseforge\minecraft\Instances\Alive Dev\saves\Desire Paths\datapacks\gstools\data\gstools\function\cursor\chunk\forceload\2\4\4\4\
	                   1	C:\Users\joshp\curseforge\minecraft\Instances\Alive Dev\saves\Desire Paths\datapacks\gstools\data\gstools\function\cursor\chunk\forceload\2\4\4\4\1\
	                   1	C:\Users\joshp\curseforge\minecraft\Instances\Alive Dev\saves\Desire Paths\datapacks\gstools\data\gstools\function\cursor\chunk\forceload\2\4\4\4\2\
	                   1	C:\Users\joshp\curseforge\minecraft\Instances\Alive Dev\saves\Desire Paths\datapacks\gstools\data\gstools\function\cursor\chunk\forceload\2\4\4\4\3\
	                   1	C:\Users\joshp\curseforge\minecraft\Instances\Alive Dev\saves\Desire Paths\datapacks\gstools\data\gstools\function\cursor\chunk\forceload\2\4\4\4\4\
	                   1	C:\Users\joshp\curseforge\minecraft\Instances\Alive Dev\saves\Desire Paths\datapacks\gstools\data\gstools\function\cursor\chunk\forceload\3\
	                   1	C:\Users\joshp\curseforge\minecraft\Instances\Alive Dev\saves\Desire Paths\datapacks\gstools\data\gstools\function\cursor\chunk\forceload\3\1\
	                   1	C:\Users\joshp\curseforge\minecraft\Instances\Alive Dev\saves\Desire Paths\datapacks\gstools\data\gstools\function\cursor\chunk\forceload\3\1\1\
	                   1	C:\Users\joshp\curseforge\minecraft\Instances\Alive Dev\saves\Desire Paths\datapacks\gstools\data\gstools\function\cursor\chunk\forceload\3\1\1\1\
	                   1	C:\Users\joshp\curseforge\minecraft\Instances\Alive Dev\saves\Desire Paths\datapacks\gstools\data\gstools\function\cursor\chunk\forceload\3\1\1\1\1\
	                   1	C:\Users\joshp\curseforge\minecraft\Instances\Alive Dev\saves\Desire Paths\datapacks\gstools\data\gstools\function\cursor\chunk\forceload\3\1\1\1\2\
	                   1	C:\Users\joshp\curseforge\minecraft\Instances\Alive Dev\saves\Desire Paths\datapacks\gstools\data\gstools\function\cursor\chunk\forceload\3\1\1\1\3\
	                   1	C:\Users\joshp\curseforge\minecraft\Instances\Alive Dev\saves\Desire Paths\datapacks\gstools\data\gstools\function\cursor\chunk\forceload\3\1\1\1\4\
	                   1	C:\Users\joshp\curseforge\minecraft\Instances\Alive Dev\saves\Desire Paths\datapacks\gstools\data\gstools\function\cursor\chunk\forceload\3\1\1\2\
	                   1	C:\Users\joshp\curseforge\minecraft\Instances\Alive Dev\saves\Desire Paths\datapacks\gstools\data\gstools\function\cursor\chunk\forceload\3\1\1\2\1\
	                   1	C:\Users\joshp\curseforge\minecraft\Instances\Alive Dev\saves\Desire Paths\datapacks\gstools\data\gstools\function\cursor\chunk\forceload\3\1\1\2\2\
	                   1	C:\Users\joshp\curseforge\minecraft\Instances\Alive Dev\saves\Desire Paths\datapacks\gstools\data\gstools\function\cursor\chunk\forceload\3\1\1\2\3\
	                   1	C:\Users\joshp\curseforge\minecraft\Instances\Alive Dev\saves\Desire Paths\datapacks\gstools\data\gstools\function\cursor\chunk\forceload\3\1\1\2\4\
	                   1	C:\Users\joshp\curseforge\minecraft\Instances\Alive Dev\saves\Desire Paths\datapacks\gstools\data\gstools\function\cursor\chunk\forceload\3\1\1\3\
	                   1	C:\Users\joshp\curseforge\minecraft\Instances\Alive Dev\saves\Desire Paths\datapacks\gstools\data\gstools\function\cursor\chunk\forceload\3\1\1\3\1\
	                   1	C:\Users\joshp\curseforge\minecraft\Instances\Alive Dev\saves\Desire Paths\datapacks\gstools\data\gstools\function\cursor\chunk\forceload\3\1\1\3\2\
	                   1	C:\Users\joshp\curseforge\minecraft\Instances\Alive Dev\saves\Desire Paths\datapacks\gstools\data\gstools\function\cursor\chunk\forceload\3\1\1\3\3\
	                   1	C:\Users\joshp\curseforge\minecraft\Instances\Alive Dev\saves\Desire Paths\datapacks\gstools\data\gstools\function\cursor\chunk\forceload\3\1\1\3\4\
	                   1	C:\Users\joshp\curseforge\minecraft\Instances\Alive Dev\saves\Desire Paths\datapacks\gstools\data\gstools\function\cursor\chunk\forceload\3\1\1\4\
	                   1	C:\Users\joshp\curseforge\minecraft\Instances\Alive Dev\saves\Desire Paths\datapacks\gstools\data\gstools\function\cursor\chunk\forceload\3\1\1\4\1\
	                   1	C:\Users\joshp\curseforge\minecraft\Instances\Alive Dev\saves\Desire Paths\datapacks\gstools\data\gstools\function\cursor\chunk\forceload\3\1\1\4\2\
	                   1	C:\Users\joshp\curseforge\minecraft\Instances\Alive Dev\saves\Desire Paths\datapacks\gstools\data\gstools\function\cursor\chunk\forceload\3\1\1\4\3\
	                   1	C:\Users\joshp\curseforge\minecraft\Instances\Alive Dev\saves\Desire Paths\datapacks\gstools\data\gstools\function\cursor\chunk\forceload\3\1\1\4\4\
	                   1	C:\Users\joshp\curseforge\minecraft\Instances\Alive Dev\saves\Desire Paths\datapacks\gstools\data\gstools\function\cursor\chunk\forceload\3\1\2\
	                   1	C:\Users\joshp\curseforge\minecraft\Instances\Alive Dev\saves\Desire Paths\datapacks\gstools\data\gstools\function\cursor\chunk\forceload\3\1\2\1\
	                   1	C:\Users\joshp\curseforge\minecraft\Instances\Alive Dev\saves\Desire Paths\datapacks\gstools\data\gstools\function\cursor\chunk\forceload\3\1\2\1\1\
	                   1	C:\Users\joshp\curseforge\minecraft\Instances\Alive Dev\saves\Desire Paths\datapacks\gstools\data\gstools\function\cursor\chunk\forceload\3\1\2\1\2\
	                   1	C:\Users\joshp\curseforge\minecraft\Instances\Alive Dev\saves\Desire Paths\datapacks\gstools\data\gstools\function\cursor\chunk\forceload\3\1\2\1\3\
	                   1	C:\Users\joshp\curseforge\minecraft\Instances\Alive Dev\saves\Desire Paths\datapacks\gstools\data\gstools\function\cursor\chunk\forceload\3\1\2\1\4\
	                   1	C:\Users\joshp\curseforge\minecraft\Instances\Alive Dev\saves\Desire Paths\datapacks\gstools\data\gstools\function\cursor\chunk\forceload\3\1\2\2\
	                   1	C:\Users\joshp\curseforge\minecraft\Instances\Alive Dev\saves\Desire Paths\datapacks\gstools\data\gstools\function\cursor\chunk\forceload\3\1\2\2\1\
	                   1	C:\Users\joshp\curseforge\minecraft\Instances\Alive Dev\saves\Desire Paths\datapacks\gstools\data\gstools\function\cursor\chunk\forceload\3\1\2\2\2\
	                   1	C:\Users\joshp\curseforge\minecraft\Instances\Alive Dev\saves\Desire Paths\datapacks\gstools\data\gstools\function\cursor\chunk\forceload\3\1\2\2\3\
	                   1	C:\Users\joshp\curseforge\minecraft\Instances\Alive Dev\saves\Desire Paths\datapacks\gstools\data\gstools\function\cursor\chunk\forceload\3\1\2\2\4\
	                   1	C:\Users\joshp\curseforge\minecraft\Instances\Alive Dev\saves\Desire Paths\datapacks\gstools\data\gstools\function\cursor\chunk\forceload\3\1\2\3\
	                   1	C:\Users\joshp\curseforge\minecraft\Instances\Alive Dev\saves\Desire Paths\datapacks\gstools\data\gstools\function\cursor\chunk\forceload\3\1\2\3\1\
	                   1	C:\Users\joshp\curseforge\minecraft\Instances\Alive Dev\saves\Desire Paths\datapacks\gstools\data\gstools\function\cursor\chunk\forceload\3\1\2\3\2\
	                   1	C:\Users\joshp\curseforge\minecraft\Instances\Alive Dev\saves\Desire Paths\datapacks\gstools\data\gstools\function\cursor\chunk\forceload\3\1\2\3\3\
	                   1	C:\Users\joshp\curseforge\minecraft\Instances\Alive Dev\saves\Desire Paths\datapacks\gstools\data\gstools\function\cursor\chunk\forceload\3\1\2\3\4\
	                   1	C:\Users\joshp\curseforge\minecraft\Instances\Alive Dev\saves\Desire Paths\datapacks\gstools\data\gstools\function\cursor\chunk\forceload\3\1\2\4\
	                   1	C:\Users\joshp\curseforge\minecraft\Instances\Alive Dev\saves\Desire Paths\datapacks\gstools\data\gstools\function\cursor\chunk\forceload\3\1\2\4\1\
	                   1	C:\Users\joshp\curseforge\minecraft\Instances\Alive Dev\saves\Desire Paths\datapacks\gstools\data\gstools\function\cursor\chunk\forceload\3\1\2\4\2\
	                   1	C:\Users\joshp\curseforge\minecraft\Instances\Alive Dev\saves\Desire Paths\datapacks\gstools\data\gstools\function\cursor\chunk\forceload\3\1\2\4\3\
	                   1	C:\Users\joshp\curseforge\minecraft\Instances\Alive Dev\saves\Desire Paths\datapacks\gstools\data\gstools\function\cursor\chunk\forceload\3\1\2\4\4\
	                   1	C:\Users\joshp\curseforge\minecraft\Instances\Alive Dev\saves\Desire Paths\datapacks\gstools\data\gstools\function\cursor\chunk\forceload\3\1\3\
	                   1	C:\Users\joshp\curseforge\minecraft\Instances\Alive Dev\saves\Desire Paths\datapacks\gstools\data\gstools\function\cursor\chunk\forceload\3\1\3\1\
	                   1	C:\Users\joshp\curseforge\minecraft\Instances\Alive Dev\saves\Desire Paths\datapacks\gstools\data\gstools\function\cursor\chunk\forceload\3\1\3\1\1\
	                   1	C:\Users\joshp\curseforge\minecraft\Instances\Alive Dev\saves\Desire Paths\datapacks\gstools\data\gstools\function\cursor\chunk\forceload\3\1\3\1\2\
	                   1	C:\Users\joshp\curseforge\minecraft\Instances\Alive Dev\saves\Desire Paths\datapacks\gstools\data\gstools\function\cursor\chunk\forceload\3\1\3\1\3\
	                   1	C:\Users\joshp\curseforge\minecraft\Instances\Alive Dev\saves\Desire Paths\datapacks\gstools\data\gstools\function\cursor\chunk\forceload\3\1\3\1\4\
	                   1	C:\Users\joshp\curseforge\minecraft\Instances\Alive Dev\saves\Desire Paths\datapacks\gstools\data\gstools\function\cursor\chunk\forceload\3\1\3\2\
	                   1	C:\Users\joshp\curseforge\minecraft\Instances\Alive Dev\saves\Desire Paths\datapacks\gstools\data\gstools\function\cursor\chunk\forceload\3\1\3\2\1\
	                   1	C:\Users\joshp\curseforge\minecraft\Instances\Alive Dev\saves\Desire Paths\datapacks\gstools\data\gstools\function\cursor\chunk\forceload\3\1\3\2\2\
	                   1	C:\Users\joshp\curseforge\minecraft\Instances\Alive Dev\saves\Desire Paths\datapacks\gstools\data\gstools\function\cursor\chunk\forceload\3\1\3\2\3\
	                   1	C:\Users\joshp\curseforge\minecraft\Instances\Alive Dev\saves\Desire Paths\datapacks\gstools\data\gstools\function\cursor\chunk\forceload\3\1\3\2\4\
	                   1	C:\Users\joshp\curseforge\minecraft\Instances\Alive Dev\saves\Desire Paths\datapacks\gstools\data\gstools\function\cursor\chunk\forceload\3\1\3\3\
	                   1	C:\Users\joshp\curseforge\minecraft\Instances\Alive Dev\saves\Desire Paths\datapacks\gstools\data\gstools\function\cursor\chunk\forceload\3\1\3\3\1\
	                   1	C:\Users\joshp\curseforge\minecraft\Instances\Alive Dev\saves\Desire Paths\datapacks\gstools\data\gstools\function\cursor\chunk\forceload\3\1\3\3\2\
	                   1	C:\Users\joshp\curseforge\minecraft\Instances\Alive Dev\saves\Desire Paths\datapacks\gstools\data\gstools\function\cursor\chunk\forceload\3\1\3\3\3\
	                   1	C:\Users\joshp\curseforge\minecraft\Instances\Alive Dev\saves\Desire Paths\datapacks\gstools\data\gstools\function\cursor\chunk\forceload\3\1\3\3\4\
	                   1	C:\Users\joshp\curseforge\minecraft\Instances\Alive Dev\saves\Desire Paths\datapacks\gstools\data\gstools\function\cursor\chunk\forceload\3\1\3\4\
	                   1	C:\Users\joshp\curseforge\minecraft\Instances\Alive Dev\saves\Desire Paths\datapacks\gstools\data\gstools\function\cursor\chunk\forceload\3\1\3\4\1\
	                   1	C:\Users\joshp\curseforge\minecraft\Instances\Alive Dev\saves\Desire Paths\datapacks\gstools\data\gstools\function\cursor\chunk\forceload\3\1\3\4\2\
	                   1	C:\Users\joshp\curseforge\minecraft\Instances\Alive Dev\saves\Desire Paths\datapacks\gstools\data\gstools\function\cursor\chunk\forceload\3\1\3\4\3\
	                   1	C:\Users\joshp\curseforge\minecraft\Instances\Alive Dev\saves\Desire Paths\datapacks\gstools\data\gstools\function\cursor\chunk\forceload\3\1\3\4\4\
	                   1	C:\Users\joshp\curseforge\minecraft\Instances\Alive Dev\saves\Desire Paths\datapacks\gstools\data\gstools\function\cursor\chunk\forceload\3\1\4\
	                   1	C:\Users\joshp\curseforge\minecraft\Instances\Alive Dev\saves\Desire Paths\datapacks\gstools\data\gstools\function\cursor\chunk\forceload\3\1\4\1\
	                   1	C:\Users\joshp\curseforge\minecraft\Instances\Alive Dev\saves\Desire Paths\datapacks\gstools\data\gstools\function\cursor\chunk\forceload\3\1\4\1\1\
	                   1	C:\Users\joshp\curseforge\minecraft\Instances\Alive Dev\saves\Desire Paths\datapacks\gstools\data\gstools\function\cursor\chunk\forceload\3\1\4\1\2\
	                   1	C:\Users\joshp\curseforge\minecraft\Instances\Alive Dev\saves\Desire Paths\datapacks\gstools\data\gstools\function\cursor\chunk\forceload\3\1\4\1\3\
	                   1	C:\Users\joshp\curseforge\minecraft\Instances\Alive Dev\saves\Desire Paths\datapacks\gstools\data\gstools\function\cursor\chunk\forceload\3\1\4\1\4\
	                   1	C:\Users\joshp\curseforge\minecraft\Instances\Alive Dev\saves\Desire Paths\datapacks\gstools\data\gstools\function\cursor\chunk\forceload\3\1\4\2\
	                   1	C:\Users\joshp\curseforge\minecraft\Instances\Alive Dev\saves\Desire Paths\datapacks\gstools\data\gstools\function\cursor\chunk\forceload\3\1\4\2\1\
	                   1	C:\Users\joshp\curseforge\minecraft\Instances\Alive Dev\saves\Desire Paths\datapacks\gstools\data\gstools\function\cursor\chunk\forceload\3\1\4\2\2\
	                   1	C:\Users\joshp\curseforge\minecraft\Instances\Alive Dev\saves\Desire Paths\datapacks\gstools\data\gstools\function\cursor\chunk\forceload\3\1\4\2\3\
	                   1	C:\Users\joshp\curseforge\minecraft\Instances\Alive Dev\saves\Desire Paths\datapacks\gstools\data\gstools\function\cursor\chunk\forceload\3\1\4\2\4\
	                   1	C:\Users\joshp\curseforge\minecraft\Instances\Alive Dev\saves\Desire Paths\datapacks\gstools\data\gstools\function\cursor\chunk\forceload\3\1\4\3\
	                   1	C:\Users\joshp\curseforge\minecraft\Instances\Alive Dev\saves\Desire Paths\datapacks\gstools\data\gstools\function\cursor\chunk\forceload\3\1\4\3\1\
	                   1	C:\Users\joshp\curseforge\minecraft\Instances\Alive Dev\saves\Desire Paths\datapacks\gstools\data\gstools\function\cursor\chunk\forceload\3\1\4\3\2\
	                   1	C:\Users\joshp\curseforge\minecraft\Instances\Alive Dev\saves\Desire Paths\datapacks\gstools\data\gstools\function\cursor\chunk\forceload\3\1\4\3\3\
	                   1	C:\Users\joshp\curseforge\minecraft\Instances\Alive Dev\saves\Desire Paths\datapacks\gstools\data\gstools\function\cursor\chunk\forceload\3\1\4\3\4\
	                   1	C:\Users\joshp\curseforge\minecraft\Instances\Alive Dev\saves\Desire Paths\datapacks\gstools\data\gstools\function\cursor\chunk\forceload\3\1\4\4\
	                   1	C:\Users\joshp\curseforge\minecraft\Instances\Alive Dev\saves\Desire Paths\datapacks\gstools\data\gstools\function\cursor\chunk\forceload\3\1\4\4\1\
	                   1	C:\Users\joshp\curseforge\minecraft\Instances\Alive Dev\saves\Desire Paths\datapacks\gstools\data\gstools\function\cursor\chunk\forceload\3\1\4\4\2\
	                   1	C:\Users\joshp\curseforge\minecraft\Instances\Alive Dev\saves\Desire Paths\datapacks\gstools\data\gstools\function\cursor\chunk\forceload\3\1\4\4\3\
	                   1	C:\Users\joshp\curseforge\minecraft\Instances\Alive Dev\saves\Desire Paths\datapacks\gstools\data\gstools\function\cursor\chunk\forceload\3\1\4\4\4\
	                   1	C:\Users\joshp\curseforge\minecraft\Instances\Alive Dev\saves\Desire Paths\datapacks\gstools\data\gstools\function\cursor\chunk\forceload\3\2\
	                   1	C:\Users\joshp\curseforge\minecraft\Instances\Alive Dev\saves\Desire Paths\datapacks\gstools\data\gstools\function\cursor\chunk\forceload\3\2\1\
	                   1	C:\Users\joshp\curseforge\minecraft\Instances\Alive Dev\saves\Desire Paths\datapacks\gstools\data\gstools\function\cursor\chunk\forceload\3\2\1\1\
	                   1	C:\Users\joshp\curseforge\minecraft\Instances\Alive Dev\saves\Desire Paths\datapacks\gstools\data\gstools\function\cursor\chunk\forceload\3\2\1\1\1\
	                   1	C:\Users\joshp\curseforge\minecraft\Instances\Alive Dev\saves\Desire Paths\datapacks\gstools\data\gstools\function\cursor\chunk\forceload\3\2\1\1\2\
	                   1	C:\Users\joshp\curseforge\minecraft\Instances\Alive Dev\saves\Desire Paths\datapacks\gstools\data\gstools\function\cursor\chunk\forceload\3\2\1\1\3\
	                   1	C:\Users\joshp\curseforge\minecraft\Instances\Alive Dev\saves\Desire Paths\datapacks\gstools\data\gstools\function\cursor\chunk\forceload\3\2\1\1\4\
	                   1	C:\Users\joshp\curseforge\minecraft\Instances\Alive Dev\saves\Desire Paths\datapacks\gstools\data\gstools\function\cursor\chunk\forceload\3\2\1\2\
	                   1	C:\Users\joshp\curseforge\minecraft\Instances\Alive Dev\saves\Desire Paths\datapacks\gstools\data\gstools\function\cursor\chunk\forceload\3\2\1\2\1\
	                   1	C:\Users\joshp\curseforge\minecraft\Instances\Alive Dev\saves\Desire Paths\datapacks\gstools\data\gstools\function\cursor\chunk\forceload\3\2\1\2\2\
	                   1	C:\Users\joshp\curseforge\minecraft\Instances\Alive Dev\saves\Desire Paths\datapacks\gstools\data\gstools\function\cursor\chunk\forceload\3\2\1\2\3\
	                   1	C:\Users\joshp\curseforge\minecraft\Instances\Alive Dev\saves\Desire Paths\datapacks\gstools\data\gstools\function\cursor\chunk\forceload\3\2\1\2\4\
	                   1	C:\Users\joshp\curseforge\minecraft\Instances\Alive Dev\saves\Desire Paths\datapacks\gstools\data\gstools\function\cursor\chunk\forceload\3\2\1\3\
	                   1	C:\Users\joshp\curseforge\minecraft\Instances\Alive Dev\saves\Desire Paths\datapacks\gstools\data\gstools\function\cursor\chunk\forceload\3\2\1\3\1\
	                   1	C:\Users\joshp\curseforge\minecraft\Instances\Alive Dev\saves\Desire Paths\datapacks\gstools\data\gstools\function\cursor\chunk\forceload\3\2\1\3\2\
	                   1	C:\Users\joshp\curseforge\minecraft\Instances\Alive Dev\saves\Desire Paths\datapacks\gstools\data\gstools\function\cursor\chunk\forceload\3\2\1\3\3\
	                   1	C:\Users\joshp\curseforge\minecraft\Instances\Alive Dev\saves\Desire Paths\datapacks\gstools\data\gstools\function\cursor\chunk\forceload\3\2\1\3\4\
	                   1	C:\Users\joshp\curseforge\minecraft\Instances\Alive Dev\saves\Desire Paths\datapacks\gstools\data\gstools\function\cursor\chunk\forceload\3\2\1\4\
	                   1	C:\Users\joshp\curseforge\minecraft\Instances\Alive Dev\saves\Desire Paths\datapacks\gstools\data\gstools\function\cursor\chunk\forceload\3\2\1\4\1\
	                   1	C:\Users\joshp\curseforge\minecraft\Instances\Alive Dev\saves\Desire Paths\datapacks\gstools\data\gstools\function\cursor\chunk\forceload\3\2\1\4\2\
	                   1	C:\Users\joshp\curseforge\minecraft\Instances\Alive Dev\saves\Desire Paths\datapacks\gstools\data\gstools\function\cursor\chunk\forceload\3\2\1\4\3\
	                   1	C:\Users\joshp\curseforge\minecraft\Instances\Alive Dev\saves\Desire Paths\datapacks\gstools\data\gstools\function\cursor\chunk\forceload\3\2\1\4\4\
	                   1	C:\Users\joshp\curseforge\minecraft\Instances\Alive Dev\saves\Desire Paths\datapacks\gstools\data\gstools\function\cursor\chunk\forceload\3\2\2\
	                   1	C:\Users\joshp\curseforge\minecraft\Instances\Alive Dev\saves\Desire Paths\datapacks\gstools\data\gstools\function\cursor\chunk\forceload\3\2\2\1\
	                   1	C:\Users\joshp\curseforge\minecraft\Instances\Alive Dev\saves\Desire Paths\datapacks\gstools\data\gstools\function\cursor\chunk\forceload\3\2\2\1\1\
	                   1	C:\Users\joshp\curseforge\minecraft\Instances\Alive Dev\saves\Desire Paths\datapacks\gstools\data\gstools\function\cursor\chunk\forceload\3\2\2\1\2\
	                   1	C:\Users\joshp\curseforge\minecraft\Instances\Alive Dev\saves\Desire Paths\datapacks\gstools\data\gstools\function\cursor\chunk\forceload\3\2\2\1\3\
	                   1	C:\Users\joshp\curseforge\minecraft\Instances\Alive Dev\saves\Desire Paths\datapacks\gstools\data\gstools\function\cursor\chunk\forceload\3\2\2\1\4\
	                   1	C:\Users\joshp\curseforge\minecraft\Instances\Alive Dev\saves\Desire Paths\datapacks\gstools\data\gstools\function\cursor\chunk\forceload\3\2\2\2\
	                   1	C:\Users\joshp\curseforge\minecraft\Instances\Alive Dev\saves\Desire Paths\datapacks\gstools\data\gstools\function\cursor\chunk\forceload\3\2\2\2\1\
	                   1	C:\Users\joshp\curseforge\minecraft\Instances\Alive Dev\saves\Desire Paths\datapacks\gstools\data\gstools\function\cursor\chunk\forceload\3\2\2\2\2\
	                   1	C:\Users\joshp\curseforge\minecraft\Instances\Alive Dev\saves\Desire Paths\datapacks\gstools\data\gstools\function\cursor\chunk\forceload\3\2\2\2\3\
	                   1	C:\Users\joshp\curseforge\minecraft\Instances\Alive Dev\saves\Desire Paths\datapacks\gstools\data\gstools\function\cursor\chunk\forceload\3\2\2\2\4\
	                   1	C:\Users\joshp\curseforge\minecraft\Instances\Alive Dev\saves\Desire Paths\datapacks\gstools\data\gstools\function\cursor\chunk\forceload\3\2\2\3\
	                   1	C:\Users\joshp\curseforge\minecraft\Instances\Alive Dev\saves\Desire Paths\datapacks\gstools\data\gstools\function\cursor\chunk\forceload\3\2\2\3\1\
	                   1	C:\Users\joshp\curseforge\minecraft\Instances\Alive Dev\saves\Desire Paths\datapacks\gstools\data\gstools\function\cursor\chunk\forceload\3\2\2\3\2\
	                   1	C:\Users\joshp\curseforge\minecraft\Instances\Alive Dev\saves\Desire Paths\datapacks\gstools\data\gstools\function\cursor\chunk\forceload\3\2\2\3\3\
	                   1	C:\Users\joshp\curseforge\minecraft\Instances\Alive Dev\saves\Desire Paths\datapacks\gstools\data\gstools\function\cursor\chunk\forceload\3\2\2\3\4\
	                   1	C:\Users\joshp\curseforge\minecraft\Instances\Alive Dev\saves\Desire Paths\datapacks\gstools\data\gstools\function\cursor\chunk\forceload\3\2\2\4\
	                   1	C:\Users\joshp\curseforge\minecraft\Instances\Alive Dev\saves\Desire Paths\datapacks\gstools\data\gstools\function\cursor\chunk\forceload\3\2\2\4\1\
	                   1	C:\Users\joshp\curseforge\minecraft\Instances\Alive Dev\saves\Desire Paths\datapacks\gstools\data\gstools\function\cursor\chunk\forceload\3\2\2\4\2\
	                   1	C:\Users\joshp\curseforge\minecraft\Instances\Alive Dev\saves\Desire Paths\datapacks\gstools\data\gstools\function\cursor\chunk\forceload\3\2\2\4\3\
	                   1	C:\Users\joshp\curseforge\minecraft\Instances\Alive Dev\saves\Desire Paths\datapacks\gstools\data\gstools\function\cursor\chunk\forceload\3\2\2\4\4\
	                   1	C:\Users\joshp\curseforge\minecraft\Instances\Alive Dev\saves\Desire Paths\datapacks\gstools\data\gstools\function\cursor\chunk\forceload\3\2\3\
	                   1	C:\Users\joshp\curseforge\minecraft\Instances\Alive Dev\saves\Desire Paths\datapacks\gstools\data\gstools\function\cursor\chunk\forceload\3\2\3\1\
	                   1	C:\Users\joshp\curseforge\minecraft\Instances\Alive Dev\saves\Desire Paths\datapacks\gstools\data\gstools\function\cursor\chunk\forceload\3\2\3\1\1\
	                   1	C:\Users\joshp\curseforge\minecraft\Instances\Alive Dev\saves\Desire Paths\datapacks\gstools\data\gstools\function\cursor\chunk\forceload\3\2\3\1\2\
	                   1	C:\Users\joshp\curseforge\minecraft\Instances\Alive Dev\saves\Desire Paths\datapacks\gstools\data\gstools\function\cursor\chunk\forceload\3\2\3\1\3\
	                   1	C:\Users\joshp\curseforge\minecraft\Instances\Alive Dev\saves\Desire Paths\datapacks\gstools\data\gstools\function\cursor\chunk\forceload\3\2\3\1\4\
	                   1	C:\Users\joshp\curseforge\minecraft\Instances\Alive Dev\saves\Desire Paths\datapacks\gstools\data\gstools\function\cursor\chunk\forceload\3\2\3\2\
	                   1	C:\Users\joshp\curseforge\minecraft\Instances\Alive Dev\saves\Desire Paths\datapacks\gstools\data\gstools\function\cursor\chunk\forceload\3\2\3\2\1\
	                   1	C:\Users\joshp\curseforge\minecraft\Instances\Alive Dev\saves\Desire Paths\datapacks\gstools\data\gstools\function\cursor\chunk\forceload\3\2\3\2\2\
	                   1	C:\Users\joshp\curseforge\minecraft\Instances\Alive Dev\saves\Desire Paths\datapacks\gstools\data\gstools\function\cursor\chunk\forceload\3\2\3\2\3\
	                   1	C:\Users\joshp\curseforge\minecraft\Instances\Alive Dev\saves\Desire Paths\datapacks\gstools\data\gstools\function\cursor\chunk\forceload\3\2\3\2\4\
	                   1	C:\Users\joshp\curseforge\minecraft\Instances\Alive Dev\saves\Desire Paths\datapacks\gstools\data\gstools\function\cursor\chunk\forceload\3\2\3\3\
	                   1	C:\Users\joshp\curseforge\minecraft\Instances\Alive Dev\saves\Desire Paths\datapacks\gstools\data\gstools\function\cursor\chunk\forceload\3\2\3\3\1\
	                   1	C:\Users\joshp\curseforge\minecraft\Instances\Alive Dev\saves\Desire Paths\datapacks\gstools\data\gstools\function\cursor\chunk\forceload\3\2\3\3\2\
	                   1	C:\Users\joshp\curseforge\minecraft\Instances\Alive Dev\saves\Desire Paths\datapacks\gstools\data\gstools\function\cursor\chunk\forceload\3\2\3\3\3\
	                   1	C:\Users\joshp\curseforge\minecraft\Instances\Alive Dev\saves\Desire Paths\datapacks\gstools\data\gstools\function\cursor\chunk\forceload\3\2\3\3\4\
	                   1	C:\Users\joshp\curseforge\minecraft\Instances\Alive Dev\saves\Desire Paths\datapacks\gstools\data\gstools\function\cursor\chunk\forceload\3\2\3\4\
	                   1	C:\Users\joshp\curseforge\minecraft\Instances\Alive Dev\saves\Desire Paths\datapacks\gstools\data\gstools\function\cursor\chunk\forceload\3\2\3\4\1\
	                   1	C:\Users\joshp\curseforge\minecraft\Instances\Alive Dev\saves\Desire Paths\datapacks\gstools\data\gstools\function\cursor\chunk\forceload\3\2\3\4\2\
	                   1	C:\Users\joshp\curseforge\minecraft\Instances\Alive Dev\saves\Desire Paths\datapacks\gstools\data\gstools\function\cursor\chunk\forceload\3\2\3\4\3\
	                   1	C:\Users\joshp\curseforge\minecraft\Instances\Alive Dev\saves\Desire Paths\datapacks\gstools\data\gstools\function\cursor\chunk\forceload\3\2\3\4\4\
	                   1	C:\Users\joshp\curseforge\minecraft\Instances\Alive Dev\saves\Desire Paths\datapacks\gstools\data\gstools\function\cursor\chunk\forceload\3\2\4\
	                   1	C:\Users\joshp\curseforge\minecraft\Instances\Alive Dev\saves\Desire Paths\datapacks\gstools\data\gstools\function\cursor\chunk\forceload\3\2\4\1\
	                   1	C:\Users\joshp\curseforge\minecraft\Instances\Alive Dev\saves\Desire Paths\datapacks\gstools\data\gstools\function\cursor\chunk\forceload\3\2\4\1\1\
	                   1	C:\Users\joshp\curseforge\minecraft\Instances\Alive Dev\saves\Desire Paths\datapacks\gstools\data\gstools\function\cursor\chunk\forceload\3\2\4\1\2\
	                   1	C:\Users\joshp\curseforge\minecraft\Instances\Alive Dev\saves\Desire Paths\datapacks\gstools\data\gstools\function\cursor\chunk\forceload\3\2\4\1\3\
	                   1	C:\Users\joshp\curseforge\minecraft\Instances\Alive Dev\saves\Desire Paths\datapacks\gstools\data\gstools\function\cursor\chunk\forceload\3\2\4\1\4\
	                   1	C:\Users\joshp\curseforge\minecraft\Instances\Alive Dev\saves\Desire Paths\datapacks\gstools\data\gstools\function\cursor\chunk\forceload\3\2\4\2\
	                   1	C:\Users\joshp\curseforge\minecraft\Instances\Alive Dev\saves\Desire Paths\datapacks\gstools\data\gstools\function\cursor\chunk\forceload\3\2\4\2\1\
	                   1	C:\Users\joshp\curseforge\minecraft\Instances\Alive Dev\saves\Desire Paths\datapacks\gstools\data\gstools\function\cursor\chunk\forceload\3\2\4\2\2\
	                   1	C:\Users\joshp\curseforge\minecraft\Instances\Alive Dev\saves\Desire Paths\datapacks\gstools\data\gstools\function\cursor\chunk\forceload\3\2\4\2\3\
	                   1	C:\Users\joshp\curseforge\minecraft\Instances\Alive Dev\saves\Desire Paths\datapacks\gstools\data\gstools\function\cursor\chunk\forceload\3\2\4\2\4\
	                   1	C:\Users\joshp\curseforge\minecraft\Instances\Alive Dev\saves\Desire Paths\datapacks\gstools\data\gstools\function\cursor\chunk\forceload\3\2\4\3\
	                   1	C:\Users\joshp\curseforge\minecraft\Instances\Alive Dev\saves\Desire Paths\datapacks\gstools\data\gstools\function\cursor\chunk\forceload\3\2\4\3\1\
	                   1	C:\Users\joshp\curseforge\minecraft\Instances\Alive Dev\saves\Desire Paths\datapacks\gstools\data\gstools\function\cursor\chunk\forceload\3\2\4\3\2\
	                   1	C:\Users\joshp\curseforge\minecraft\Instances\Alive Dev\saves\Desire Paths\datapacks\gstools\data\gstools\function\cursor\chunk\forceload\3\2\4\3\3\
	                   1	C:\Users\joshp\curseforge\minecraft\Instances\Alive Dev\saves\Desire Paths\datapacks\gstools\data\gstools\function\cursor\chunk\forceload\3\2\4\3\4\
	                   1	C:\Users\joshp\curseforge\minecraft\Instances\Alive Dev\saves\Desire Paths\datapacks\gstools\data\gstools\function\cursor\chunk\forceload\3\2\4\4\
	                   1	C:\Users\joshp\curseforge\minecraft\Instances\Alive Dev\saves\Desire Paths\datapacks\gstools\data\gstools\function\cursor\chunk\forceload\3\2\4\4\1\
	                   1	C:\Users\joshp\curseforge\minecraft\Instances\Alive Dev\saves\Desire Paths\datapacks\gstools\data\gstools\function\cursor\chunk\forceload\3\2\4\4\2\
	                   1	C:\Users\joshp\curseforge\minecraft\Instances\Alive Dev\saves\Desire Paths\datapacks\gstools\data\gstools\function\cursor\chunk\forceload\3\2\4\4\3\
	                   1	C:\Users\joshp\curseforge\minecraft\Instances\Alive Dev\saves\Desire Paths\datapacks\gstools\data\gstools\function\cursor\chunk\forceload\3\2\4\4\4\
	                   1	C:\Users\joshp\curseforge\minecraft\Instances\Alive Dev\saves\Desire Paths\datapacks\gstools\data\gstools\function\cursor\chunk\forceload\3\3\
	                   1	C:\Users\joshp\curseforge\minecraft\Instances\Alive Dev\saves\Desire Paths\datapacks\gstools\data\gstools\function\cursor\chunk\forceload\3\3\1\
	                   1	C:\Users\joshp\curseforge\minecraft\Instances\Alive Dev\saves\Desire Paths\datapacks\gstools\data\gstools\function\cursor\chunk\forceload\3\3\1\1\
	                   1	C:\Users\joshp\curseforge\minecraft\Instances\Alive Dev\saves\Desire Paths\datapacks\gstools\data\gstools\function\cursor\chunk\forceload\3\3\1\1\1\
	                   1	C:\Users\joshp\curseforge\minecraft\Instances\Alive Dev\saves\Desire Paths\datapacks\gstools\data\gstools\function\cursor\chunk\forceload\3\3\1\1\2\
	                   1	C:\Users\joshp\curseforge\minecraft\Instances\Alive Dev\saves\Desire Paths\datapacks\gstools\data\gstools\function\cursor\chunk\forceload\3\3\1\1\3\
	                   1	C:\Users\joshp\curseforge\minecraft\Instances\Alive Dev\saves\Desire Paths\datapacks\gstools\data\gstools\function\cursor\chunk\forceload\3\3\1\1\4\
	                   1	C:\Users\joshp\curseforge\minecraft\Instances\Alive Dev\saves\Desire Paths\datapacks\gstools\data\gstools\function\cursor\chunk\forceload\3\3\1\2\
	                   1	C:\Users\joshp\curseforge\minecraft\Instances\Alive Dev\saves\Desire Paths\datapacks\gstools\data\gstools\function\cursor\chunk\forceload\3\3\1\2\1\
	                   1	C:\Users\joshp\curseforge\minecraft\Instances\Alive Dev\saves\Desire Paths\datapacks\gstools\data\gstools\function\cursor\chunk\forceload\3\3\1\2\2\
	                   1	C:\Users\joshp\curseforge\minecraft\Instances\Alive Dev\saves\Desire Paths\datapacks\gstools\data\gstools\function\cursor\chunk\forceload\3\3\1\2\3\
	                   1	C:\Users\joshp\curseforge\minecraft\Instances\Alive Dev\saves\Desire Paths\datapacks\gstools\data\gstools\function\cursor\chunk\forceload\3\3\1\2\4\
	                   1	C:\Users\joshp\curseforge\minecraft\Instances\Alive Dev\saves\Desire Paths\datapacks\gstools\data\gstools\function\cursor\chunk\forceload\3\3\1\3\
	                   1	C:\Users\joshp\curseforge\minecraft\Instances\Alive Dev\saves\Desire Paths\datapacks\gstools\data\gstools\function\cursor\chunk\forceload\3\3\1\3\1\
	                   1	C:\Users\joshp\curseforge\minecraft\Instances\Alive Dev\saves\Desire Paths\datapacks\gstools\data\gstools\function\cursor\chunk\forceload\3\3\1\3\2\
	                   1	C:\Users\joshp\curseforge\minecraft\Instances\Alive Dev\saves\Desire Paths\datapacks\gstools\data\gstools\function\cursor\chunk\forceload\3\3\1\3\3\
	                   1	C:\Users\joshp\curseforge\minecraft\Instances\Alive Dev\saves\Desire Paths\datapacks\gstools\data\gstools\function\cursor\chunk\forceload\3\3\1\3\4\
	                   1	C:\Users\joshp\curseforge\minecraft\Instances\Alive Dev\saves\Desire Paths\datapacks\gstools\data\gstools\function\cursor\chunk\forceload\3\3\1\4\
	                   1	C:\Users\joshp\curseforge\minecraft\Instances\Alive Dev\saves\Desire Paths\datapacks\gstools\data\gstools\function\cursor\chunk\forceload\3\3\1\4\1\
	                   1	C:\Users\joshp\curseforge\minecraft\Instances\Alive Dev\saves\Desire Paths\datapacks\gstools\data\gstools\function\cursor\chunk\forceload\3\3\1\4\2\
	                   1	C:\Users\joshp\curseforge\minecraft\Instances\Alive Dev\saves\Desire Paths\datapacks\gstools\data\gstools\function\cursor\chunk\forceload\3\3\1\4\3\
	                   1	C:\Users\joshp\curseforge\minecraft\Instances\Alive Dev\saves\Desire Paths\datapacks\gstools\data\gstools\function\cursor\chunk\forceload\3\3\1\4\4\
	                   1	C:\Users\joshp\curseforge\minecraft\Instances\Alive Dev\saves\Desire Paths\datapacks\gstools\data\gstools\function\cursor\chunk\forceload\3\3\2\
	                   1	C:\Users\joshp\curseforge\minecraft\Instances\Alive Dev\saves\Desire Paths\datapacks\gstools\data\gstools\function\cursor\chunk\forceload\3\3\2\1\
	                   1	C:\Users\joshp\curseforge\minecraft\Instances\Alive Dev\saves\Desire Paths\datapacks\gstools\data\gstools\function\cursor\chunk\forceload\3\3\2\1\1\
	                   1	C:\Users\joshp\curseforge\minecraft\Instances\Alive Dev\saves\Desire Paths\datapacks\gstools\data\gstools\function\cursor\chunk\forceload\3\3\2\1\2\
	                   1	C:\Users\joshp\curseforge\minecraft\Instances\Alive Dev\saves\Desire Paths\datapacks\gstools\data\gstools\function\cursor\chunk\forceload\3\3\2\1\3\
	                   1	C:\Users\joshp\curseforge\minecraft\Instances\Alive Dev\saves\Desire Paths\datapacks\gstools\data\gstools\function\cursor\chunk\forceload\3\3\2\1\4\
	                   1	C:\Users\joshp\curseforge\minecraft\Instances\Alive Dev\saves\Desire Paths\datapacks\gstools\data\gstools\function\cursor\chunk\forceload\3\3\2\2\
	                   1	C:\Users\joshp\curseforge\minecraft\Instances\Alive Dev\saves\Desire Paths\datapacks\gstools\data\gstools\function\cursor\chunk\forceload\3\3\2\2\1\
	                   1	C:\Users\joshp\curseforge\minecraft\Instances\Alive Dev\saves\Desire Paths\datapacks\gstools\data\gstools\function\cursor\chunk\forceload\3\3\2\2\2\
	                   1	C:\Users\joshp\curseforge\minecraft\Instances\Alive Dev\saves\Desire Paths\datapacks\gstools\data\gstools\function\cursor\chunk\forceload\3\3\2\2\3\
	                   1	C:\Users\joshp\curseforge\minecraft\Instances\Alive Dev\saves\Desire Paths\datapacks\gstools\data\gstools\function\cursor\chunk\forceload\3\3\2\2\4\
	                   1	C:\Users\joshp\curseforge\minecraft\Instances\Alive Dev\saves\Desire Paths\datapacks\gstools\data\gstools\function\cursor\chunk\forceload\3\3\2\3\
	                   1	C:\Users\joshp\curseforge\minecraft\Instances\Alive Dev\saves\Desire Paths\datapacks\gstools\data\gstools\function\cursor\chunk\forceload\3\3\2\3\1\
	                   1	C:\Users\joshp\curseforge\minecraft\Instances\Alive Dev\saves\Desire Paths\datapacks\gstools\data\gstools\function\cursor\chunk\forceload\3\3\2\3\2\
	                   1	C:\Users\joshp\curseforge\minecraft\Instances\Alive Dev\saves\Desire Paths\datapacks\gstools\data\gstools\function\cursor\chunk\forceload\3\3\2\3\3\
	                   1	C:\Users\joshp\curseforge\minecraft\Instances\Alive Dev\saves\Desire Paths\datapacks\gstools\data\gstools\function\cursor\chunk\forceload\3\3\2\3\4\
	                   1	C:\Users\joshp\curseforge\minecraft\Instances\Alive Dev\saves\Desire Paths\datapacks\gstools\data\gstools\function\cursor\chunk\forceload\3\3\2\4\
	                   1	C:\Users\joshp\curseforge\minecraft\Instances\Alive Dev\saves\Desire Paths\datapacks\gstools\data\gstools\function\cursor\chunk\forceload\3\3\2\4\1\
	                   1	C:\Users\joshp\curseforge\minecraft\Instances\Alive Dev\saves\Desire Paths\datapacks\gstools\data\gstools\function\cursor\chunk\forceload\3\3\2\4\2\
	                   1	C:\Users\joshp\curseforge\minecraft\Instances\Alive Dev\saves\Desire Paths\datapacks\gstools\data\gstools\function\cursor\chunk\forceload\3\3\2\4\3\
	                   1	C:\Users\joshp\curseforge\minecraft\Instances\Alive Dev\saves\Desire Paths\datapacks\gstools\data\gstools\function\cursor\chunk\forceload\3\3\2\4\4\
	                   1	C:\Users\joshp\curseforge\minecraft\Instances\Alive Dev\saves\Desire Paths\datapacks\gstools\data\gstools\function\cursor\chunk\forceload\3\3\3\
	                   1	C:\Users\joshp\curseforge\minecraft\Instances\Alive Dev\saves\Desire Paths\datapacks\gstools\data\gstools\function\cursor\chunk\forceload\3\3\3\1\
	                   1	C:\Users\joshp\curseforge\minecraft\Instances\Alive Dev\saves\Desire Paths\datapacks\gstools\data\gstools\function\cursor\chunk\forceload\3\3\3\1\1\
	                   1	C:\Users\joshp\curseforge\minecraft\Instances\Alive Dev\saves\Desire Paths\datapacks\gstools\data\gstools\function\cursor\chunk\forceload\3\3\3\1\2\
	                   1	C:\Users\joshp\curseforge\minecraft\Instances\Alive Dev\saves\Desire Paths\datapacks\gstools\data\gstools\function\cursor\chunk\forceload\3\3\3\1\3\
	                   1	C:\Users\joshp\curseforge\minecraft\Instances\Alive Dev\saves\Desire Paths\datapacks\gstools\data\gstools\function\cursor\chunk\forceload\3\3\3\1\4\
	                   1	C:\Users\joshp\curseforge\minecraft\Instances\Alive Dev\saves\Desire Paths\datapacks\gstools\data\gstools\function\cursor\chunk\forceload\3\3\3\2\
	                   1	C:\Users\joshp\curseforge\minecraft\Instances\Alive Dev\saves\Desire Paths\datapacks\gstools\data\gstools\function\cursor\chunk\forceload\3\3\3\2\1\
	                   1	C:\Users\joshp\curseforge\minecraft\Instances\Alive Dev\saves\Desire Paths\datapacks\gstools\data\gstools\function\cursor\chunk\forceload\3\3\3\2\2\
	                   1	C:\Users\joshp\curseforge\minecraft\Instances\Alive Dev\saves\Desire Paths\datapacks\gstools\data\gstools\function\cursor\chunk\forceload\3\3\3\2\3\
	                   1	C:\Users\joshp\curseforge\minecraft\Instances\Alive Dev\saves\Desire Paths\datapacks\gstools\data\gstools\function\cursor\chunk\forceload\3\3\3\2\4\
	                   1	C:\Users\joshp\curseforge\minecraft\Instances\Alive Dev\saves\Desire Paths\datapacks\gstools\data\gstools\function\cursor\chunk\forceload\3\3\3\3\
	                   1	C:\Users\joshp\curseforge\minecraft\Instances\Alive Dev\saves\Desire Paths\datapacks\gstools\data\gstools\function\cursor\chunk\forceload\3\3\3\3\1\
	                   1	C:\Users\joshp\curseforge\minecraft\Instances\Alive Dev\saves\Desire Paths\datapacks\gstools\data\gstools\function\cursor\chunk\forceload\3\3\3\3\2\
	                   1	C:\Users\joshp\curseforge\minecraft\Instances\Alive Dev\saves\Desire Paths\datapacks\gstools\data\gstools\function\cursor\chunk\forceload\3\3\3\3\3\
	                   1	C:\Users\joshp\curseforge\minecraft\Instances\Alive Dev\saves\Desire Paths\datapacks\gstools\data\gstools\function\cursor\chunk\forceload\3\3\3\3\4\
	                   1	C:\Users\joshp\curseforge\minecraft\Instances\Alive Dev\saves\Desire Paths\datapacks\gstools\data\gstools\function\cursor\chunk\forceload\3\3\3\4\
	                   1	C:\Users\joshp\curseforge\minecraft\Instances\Alive Dev\saves\Desire Paths\datapacks\gstools\data\gstools\function\cursor\chunk\forceload\3\3\3\4\1\
	                   1	C:\Users\joshp\curseforge\minecraft\Instances\Alive Dev\saves\Desire Paths\datapacks\gstools\data\gstools\function\cursor\chunk\forceload\3\3\3\4\2\
	                   1	C:\Users\joshp\curseforge\minecraft\Instances\Alive Dev\saves\Desire Paths\datapacks\gstools\data\gstools\function\cursor\chunk\forceload\3\3\3\4\3\
	                   1	C:\Users\joshp\curseforge\minecraft\Instances\Alive Dev\saves\Desire Paths\datapacks\gstools\data\gstools\function\cursor\chunk\forceload\3\3\3\4\4\
	                   1	C:\Users\joshp\curseforge\minecraft\Instances\Alive Dev\saves\Desire Paths\datapacks\gstools\data\gstools\function\cursor\chunk\forceload\3\3\4\
	                   1	C:\Users\joshp\curseforge\minecraft\Instances\Alive Dev\saves\Desire Paths\datapacks\gstools\data\gstools\function\cursor\chunk\forceload\3\3\4\1\
	                   1	C:\Users\joshp\curseforge\minecraft\Instances\Alive Dev\saves\Desire Paths\datapacks\gstools\data\gstools\function\cursor\chunk\forceload\3\3\4\1\1\
	                   1	C:\Users\joshp\curseforge\minecraft\Instances\Alive Dev\saves\Desire Paths\datapacks\gstools\data\gstools\function\cursor\chunk\forceload\3\3\4\1\2\
	                   1	C:\Users\joshp\curseforge\minecraft\Instances\Alive Dev\saves\Desire Paths\datapacks\gstools\data\gstools\function\cursor\chunk\forceload\3\3\4\1\3\
	                   1	C:\Users\joshp\curseforge\minecraft\Instances\Alive Dev\saves\Desire Paths\datapacks\gstools\data\gstools\function\cursor\chunk\forceload\3\3\4\1\4\
	                   1	C:\Users\joshp\curseforge\minecraft\Instances\Alive Dev\saves\Desire Paths\datapacks\gstools\data\gstools\function\cursor\chunk\forceload\3\3\4\2\
	                   1	C:\Users\joshp\curseforge\minecraft\Instances\Alive Dev\saves\Desire Paths\datapacks\gstools\data\gstools\function\cursor\chunk\forceload\3\3\4\2\1\
	                   1	C:\Users\joshp\curseforge\minecraft\Instances\Alive Dev\saves\Desire Paths\datapacks\gstools\data\gstools\function\cursor\chunk\forceload\3\3\4\2\2\
	                   1	C:\Users\joshp\curseforge\minecraft\Instances\Alive Dev\saves\Desire Paths\datapacks\gstools\data\gstools\function\cursor\chunk\forceload\3\3\4\2\3\
	                   1	C:\Users\joshp\curseforge\minecraft\Instances\Alive Dev\saves\Desire Paths\datapacks\gstools\data\gstools\function\cursor\chunk\forceload\3\3\4\2\4\
	                   1	C:\Users\joshp\curseforge\minecraft\Instances\Alive Dev\saves\Desire Paths\datapacks\gstools\data\gstools\function\cursor\chunk\forceload\3\3\4\3\
	                   1	C:\Users\joshp\curseforge\minecraft\Instances\Alive Dev\saves\Desire Paths\datapacks\gstools\data\gstools\function\cursor\chunk\forceload\3\3\4\3\1\
	                   1	C:\Users\joshp\curseforge\minecraft\Instances\Alive Dev\saves\Desire Paths\datapacks\gstools\data\gstools\function\cursor\chunk\forceload\3\3\4\3\2\
	                   1	C:\Users\joshp\curseforge\minecraft\Instances\Alive Dev\saves\Desire Paths\datapacks\gstools\data\gstools\function\cursor\chunk\forceload\3\3\4\3\3\
	                   1	C:\Users\joshp\curseforge\minecraft\Instances\Alive Dev\saves\Desire Paths\datapacks\gstools\data\gstools\function\cursor\chunk\forceload\3\3\4\3\4\
	                   1	C:\Users\joshp\curseforge\minecraft\Instances\Alive Dev\saves\Desire Paths\datapacks\gstools\data\gstools\function\cursor\chunk\forceload\3\3\4\4\
	                   1	C:\Users\joshp\curseforge\minecraft\Instances\Alive Dev\saves\Desire Paths\datapacks\gstools\data\gstools\function\cursor\chunk\forceload\3\3\4\4\1\
	                   1	C:\Users\joshp\curseforge\minecraft\Instances\Alive Dev\saves\Desire Paths\datapacks\gstools\data\gstools\function\cursor\chunk\forceload\3\3\4\4\2\
	                   1	C:\Users\joshp\curseforge\minecraft\Instances\Alive Dev\saves\Desire Paths\datapacks\gstools\data\gstools\function\cursor\chunk\forceload\3\3\4\4\3\
	                   1	C:\Users\joshp\curseforge\minecraft\Instances\Alive Dev\saves\Desire Paths\datapacks\gstools\data\gstools\function\cursor\chunk\forceload\3\3\4\4\4\
	                   1	C:\Users\joshp\curseforge\minecraft\Instances\Alive Dev\saves\Desire Paths\datapacks\gstools\data\gstools\function\cursor\chunk\forceload\3\4\
	                   1	C:\Users\joshp\curseforge\minecraft\Instances\Alive Dev\saves\Desire Paths\datapacks\gstools\data\gstools\function\cursor\chunk\forceload\3\4\1\
	                   1	C:\Users\joshp\curseforge\minecraft\Instances\Alive Dev\saves\Desire Paths\datapacks\gstools\data\gstools\function\cursor\chunk\forceload\3\4\1\1\
	                   1	C:\Users\joshp\curseforge\minecraft\Instances\Alive Dev\saves\Desire Paths\datapacks\gstools\data\gstools\function\cursor\chunk\forceload\3\4\1\1\1\
	                   1	C:\Users\joshp\curseforge\minecraft\Instances\Alive Dev\saves\Desire Paths\datapacks\gstools\data\gstools\function\cursor\chunk\forceload\3\4\1\1\2\
	                   1	C:\Users\joshp\curseforge\minecraft\Instances\Alive Dev\saves\Desire Paths\datapacks\gstools\data\gstools\function\cursor\chunk\forceload\3\4\1\1\3\
	                   1	C:\Users\joshp\curseforge\minecraft\Instances\Alive Dev\saves\Desire Paths\datapacks\gstools\data\gstools\function\cursor\chunk\forceload\3\4\1\1\4\
	                   1	C:\Users\joshp\curseforge\minecraft\Instances\Alive Dev\saves\Desire Paths\datapacks\gstools\data\gstools\function\cursor\chunk\forceload\3\4\1\2\
	                   1	C:\Users\joshp\curseforge\minecraft\Instances\Alive Dev\saves\Desire Paths\datapacks\gstools\data\gstools\function\cursor\chunk\forceload\3\4\1\2\1\
	                   1	C:\Users\joshp\curseforge\minecraft\Instances\Alive Dev\saves\Desire Paths\datapacks\gstools\data\gstools\function\cursor\chunk\forceload\3\4\1\2\2\
	                   1	C:\Users\joshp\curseforge\minecraft\Instances\Alive Dev\saves\Desire Paths\datapacks\gstools\data\gstools\function\cursor\chunk\forceload\3\4\1\2\3\
	                   1	C:\Users\joshp\curseforge\minecraft\Instances\Alive Dev\saves\Desire Paths\datapacks\gstools\data\gstools\function\cursor\chunk\forceload\3\4\1\2\4\
	                   1	C:\Users\joshp\curseforge\minecraft\Instances\Alive Dev\saves\Desire Paths\datapacks\gstools\data\gstools\function\cursor\chunk\forceload\3\4\1\3\
	                   1	C:\Users\joshp\curseforge\minecraft\Instances\Alive Dev\saves\Desire Paths\datapacks\gstools\data\gstools\function\cursor\chunk\forceload\3\4\1\3\1\
	                   1	C:\Users\joshp\curseforge\minecraft\Instances\Alive Dev\saves\Desire Paths\datapacks\gstools\data\gstools\function\cursor\chunk\forceload\3\4\1\3\2\
	                   1	C:\Users\joshp\curseforge\minecraft\Instances\Alive Dev\saves\Desire Paths\datapacks\gstools\data\gstools\function\cursor\chunk\forceload\3\4\1\3\3\
	                   1	C:\Users\joshp\curseforge\minecraft\Instances\Alive Dev\saves\Desire Paths\datapacks\gstools\data\gstools\function\cursor\chunk\forceload\3\4\1\3\4\
	                   1	C:\Users\joshp\curseforge\minecraft\Instances\Alive Dev\saves\Desire Paths\datapacks\gstools\data\gstools\function\cursor\chunk\forceload\3\4\1\4\
	                   1	C:\Users\joshp\curseforge\minecraft\Instances\Alive Dev\saves\Desire Paths\datapacks\gstools\data\gstools\function\cursor\chunk\forceload\3\4\1\4\1\
	                   1	C:\Users\joshp\curseforge\minecraft\Instances\Alive Dev\saves\Desire Paths\datapacks\gstools\data\gstools\function\cursor\chunk\forceload\3\4\1\4\2\
	                   1	C:\Users\joshp\curseforge\minecraft\Instances\Alive Dev\saves\Desire Paths\datapacks\gstools\data\gstools\function\cursor\chunk\forceload\3\4\1\4\3\
	                   1	C:\Users\joshp\curseforge\minecraft\Instances\Alive Dev\saves\Desire Paths\datapacks\gstools\data\gstools\function\cursor\chunk\forceload\3\4\1\4\4\
	                   1	C:\Users\joshp\curseforge\minecraft\Instances\Alive Dev\saves\Desire Paths\datapacks\gstools\data\gstools\function\cursor\chunk\forceload\3\4\2\
	                   1	C:\Users\joshp\curseforge\minecraft\Instances\Alive Dev\saves\Desire Paths\datapacks\gstools\data\gstools\function\cursor\chunk\forceload\3\4\2\1\
	                   1	C:\Users\joshp\curseforge\minecraft\Instances\Alive Dev\saves\Desire Paths\datapacks\gstools\data\gstools\function\cursor\chunk\forceload\3\4\2\1\1\
	                   1	C:\Users\joshp\curseforge\minecraft\Instances\Alive Dev\saves\Desire Paths\datapacks\gstools\data\gstools\function\cursor\chunk\forceload\3\4\2\1\2\
	                   1	C:\Users\joshp\curseforge\minecraft\Instances\Alive Dev\saves\Desire Paths\datapacks\gstools\data\gstools\function\cursor\chunk\forceload\3\4\2\1\3\
	                   1	C:\Users\joshp\curseforge\minecraft\Instances\Alive Dev\saves\Desire Paths\datapacks\gstools\data\gstools\function\cursor\chunk\forceload\3\4\2\1\4\
	                   1	C:\Users\joshp\curseforge\minecraft\Instances\Alive Dev\saves\Desire Paths\datapacks\gstools\data\gstools\function\cursor\chunk\forceload\3\4\2\2\
	                   1	C:\Users\joshp\curseforge\minecraft\Instances\Alive Dev\saves\Desire Paths\datapacks\gstools\data\gstools\function\cursor\chunk\forceload\3\4\2\2\1\
	                   1	C:\Users\joshp\curseforge\minecraft\Instances\Alive Dev\saves\Desire Paths\datapacks\gstools\data\gstools\function\cursor\chunk\forceload\3\4\2\2\2\
	                   1	C:\Users\joshp\curseforge\minecraft\Instances\Alive Dev\saves\Desire Paths\datapacks\gstools\data\gstools\function\cursor\chunk\forceload\3\4\2\2\3\
	                   1	C:\Users\joshp\curseforge\minecraft\Instances\Alive Dev\saves\Desire Paths\datapacks\gstools\data\gstools\function\cursor\chunk\forceload\3\4\2\2\4\
	                   1	C:\Users\joshp\curseforge\minecraft\Instances\Alive Dev\saves\Desire Paths\datapacks\gstools\data\gstools\function\cursor\chunk\forceload\3\4\2\3\
	                   1	C:\Users\joshp\curseforge\minecraft\Instances\Alive Dev\saves\Desire Paths\datapacks\gstools\data\gstools\function\cursor\chunk\forceload\3\4\2\3\1\
	                   1	C:\Users\joshp\curseforge\minecraft\Instances\Alive Dev\saves\Desire Paths\datapacks\gstools\data\gstools\function\cursor\chunk\forceload\3\4\2\3\2\
	                   1	C:\Users\joshp\curseforge\minecraft\Instances\Alive Dev\saves\Desire Paths\datapacks\gstools\data\gstools\function\cursor\chunk\forceload\3\4\2\3\3\
	                   1	C:\Users\joshp\curseforge\minecraft\Instances\Alive Dev\saves\Desire Paths\datapacks\gstools\data\gstools\function\cursor\chunk\forceload\3\4\2\3\4\
	                   1	C:\Users\joshp\curseforge\minecraft\Instances\Alive Dev\saves\Desire Paths\datapacks\gstools\data\gstools\function\cursor\chunk\forceload\3\4\2\4\
	                   1	C:\Users\joshp\curseforge\minecraft\Instances\Alive Dev\saves\Desire Paths\datapacks\gstools\data\gstools\function\cursor\chunk\forceload\3\4\2\4\1\
	                   1	C:\Users\joshp\curseforge\minecraft\Instances\Alive Dev\saves\Desire Paths\datapacks\gstools\data\gstools\function\cursor\chunk\forceload\3\4\2\4\2\
	                   1	C:\Users\joshp\curseforge\minecraft\Instances\Alive Dev\saves\Desire Paths\datapacks\gstools\data\gstools\function\cursor\chunk\forceload\3\4\2\4\3\
	                   1	C:\Users\joshp\curseforge\minecraft\Instances\Alive Dev\saves\Desire Paths\datapacks\gstools\data\gstools\function\cursor\chunk\forceload\3\4\2\4\4\
	                   1	C:\Users\joshp\curseforge\minecraft\Instances\Alive Dev\saves\Desire Paths\datapacks\gstools\data\gstools\function\cursor\chunk\forceload\3\4\3\
	                   1	C:\Users\joshp\curseforge\minecraft\Instances\Alive Dev\saves\Desire Paths\datapacks\gstools\data\gstools\function\cursor\chunk\forceload\3\4\3\1\
	                   1	C:\Users\joshp\curseforge\minecraft\Instances\Alive Dev\saves\Desire Paths\datapacks\gstools\data\gstools\function\cursor\chunk\forceload\3\4\3\1\1\
	                   1	C:\Users\joshp\curseforge\minecraft\Instances\Alive Dev\saves\Desire Paths\datapacks\gstools\data\gstools\function\cursor\chunk\forceload\3\4\3\1\2\
	                   1	C:\Users\joshp\curseforge\minecraft\Instances\Alive Dev\saves\Desire Paths\datapacks\gstools\data\gstools\function\cursor\chunk\forceload\3\4\3\1\3\
	                   1	C:\Users\joshp\curseforge\minecraft\Instances\Alive Dev\saves\Desire Paths\datapacks\gstools\data\gstools\function\cursor\chunk\forceload\3\4\3\1\4\
	                   1	C:\Users\joshp\curseforge\minecraft\Instances\Alive Dev\saves\Desire Paths\datapacks\gstools\data\gstools\function\cursor\chunk\forceload\3\4\3\2\
	                   1	C:\Users\joshp\curseforge\minecraft\Instances\Alive Dev\saves\Desire Paths\datapacks\gstools\data\gstools\function\cursor\chunk\forceload\3\4\3\2\1\
	                   1	C:\Users\joshp\curseforge\minecraft\Instances\Alive Dev\saves\Desire Paths\datapacks\gstools\data\gstools\function\cursor\chunk\forceload\3\4\3\2\2\
	                   1	C:\Users\joshp\curseforge\minecraft\Instances\Alive Dev\saves\Desire Paths\datapacks\gstools\data\gstools\function\cursor\chunk\forceload\3\4\3\2\3\
	                   1	C:\Users\joshp\curseforge\minecraft\Instances\Alive Dev\saves\Desire Paths\datapacks\gstools\data\gstools\function\cursor\chunk\forceload\3\4\3\2\4\
	                   1	C:\Users\joshp\curseforge\minecraft\Instances\Alive Dev\saves\Desire Paths\datapacks\gstools\data\gstools\function\cursor\chunk\forceload\3\4\3\3\
	                   1	C:\Users\joshp\curseforge\minecraft\Instances\Alive Dev\saves\Desire Paths\datapacks\gstools\data\gstools\function\cursor\chunk\forceload\3\4\3\3\1\
	                   1	C:\Users\joshp\curseforge\minecraft\Instances\Alive Dev\saves\Desire Paths\datapacks\gstools\data\gstools\function\cursor\chunk\forceload\3\4\3\3\2\
	                   1	C:\Users\joshp\curseforge\minecraft\Instances\Alive Dev\saves\Desire Paths\datapacks\gstools\data\gstools\function\cursor\chunk\forceload\3\4\3\3\3\
	                   1	C:\Users\joshp\curseforge\minecraft\Instances\Alive Dev\saves\Desire Paths\datapacks\gstools\data\gstools\function\cursor\chunk\forceload\3\4\3\3\4\
	                   1	C:\Users\joshp\curseforge\minecraft\Instances\Alive Dev\saves\Desire Paths\datapacks\gstools\data\gstools\function\cursor\chunk\forceload\3\4\3\4\
	                   1	C:\Users\joshp\curseforge\minecraft\Instances\Alive Dev\saves\Desire Paths\datapacks\gstools\data\gstools\function\cursor\chunk\forceload\3\4\3\4\1\
	                   1	C:\Users\joshp\curseforge\minecraft\Instances\Alive Dev\saves\Desire Paths\datapacks\gstools\data\gstools\function\cursor\chunk\forceload\3\4\3\4\2\
	                   1	C:\Users\joshp\curseforge\minecraft\Instances\Alive Dev\saves\Desire Paths\datapacks\gstools\data\gstools\function\cursor\chunk\forceload\3\4\3\4\3\
	                   1	C:\Users\joshp\curseforge\minecraft\Instances\Alive Dev\saves\Desire Paths\datapacks\gstools\data\gstools\function\cursor\chunk\forceload\3\4\3\4\4\
	                   1	C:\Users\joshp\curseforge\minecraft\Instances\Alive Dev\saves\Desire Paths\datapacks\gstools\data\gstools\function\cursor\chunk\forceload\3\4\4\
	                   1	C:\Users\joshp\curseforge\minecraft\Instances\Alive Dev\saves\Desire Paths\datapacks\gstools\data\gstools\function\cursor\chunk\forceload\3\4\4\1\
	                   1	C:\Users\joshp\curseforge\minecraft\Instances\Alive Dev\saves\Desire Paths\datapacks\gstools\data\gstools\function\cursor\chunk\forceload\3\4\4\1\1\
	                   1	C:\Users\joshp\curseforge\minecraft\Instances\Alive Dev\saves\Desire Paths\datapacks\gstools\data\gstools\function\cursor\chunk\forceload\3\4\4\1\2\
	                   1	C:\Users\joshp\curseforge\minecraft\Instances\Alive Dev\saves\Desire Paths\datapacks\gstools\data\gstools\function\cursor\chunk\forceload\3\4\4\1\3\
	                   1	C:\Users\joshp\curseforge\minecraft\Instances\Alive Dev\saves\Desire Paths\datapacks\gstools\data\gstools\function\cursor\chunk\forceload\3\4\4\1\4\
	                   1	C:\Users\joshp\curseforge\minecraft\Instances\Alive Dev\saves\Desire Paths\datapacks\gstools\data\gstools\function\cursor\chunk\forceload\3\4\4\2\
	                   1	C:\Users\joshp\curseforge\minecraft\Instances\Alive Dev\saves\Desire Paths\datapacks\gstools\data\gstools\function\cursor\chunk\forceload\3\4\4\2\1\
	                   1	C:\Users\joshp\curseforge\minecraft\Instances\Alive Dev\saves\Desire Paths\datapacks\gstools\data\gstools\function\cursor\chunk\forceload\3\4\4\2\2\
	                   1	C:\Users\joshp\curseforge\minecraft\Instances\Alive Dev\saves\Desire Paths\datapacks\gstools\data\gstools\function\cursor\chunk\forceload\3\4\4\2\3\
	                   1	C:\Users\joshp\curseforge\minecraft\Instances\Alive Dev\saves\Desire Paths\datapacks\gstools\data\gstools\function\cursor\chunk\forceload\3\4\4\2\4\
	                   1	C:\Users\joshp\curseforge\minecraft\Instances\Alive Dev\saves\Desire Paths\datapacks\gstools\data\gstools\function\cursor\chunk\forceload\3\4\4\3\
	                   1	C:\Users\joshp\curseforge\minecraft\Instances\Alive Dev\saves\Desire Paths\datapacks\gstools\data\gstools\function\cursor\chunk\forceload\3\4\4\3\1\
	                   1	C:\Users\joshp\curseforge\minecraft\Instances\Alive Dev\saves\Desire Paths\datapacks\gstools\data\gstools\function\cursor\chunk\forceload\3\4\4\3\2\
	                   1	C:\Users\joshp\curseforge\minecraft\Instances\Alive Dev\saves\Desire Paths\datapacks\gstools\data\gstools\function\cursor\chunk\forceload\3\4\4\3\3\
	                   1	C:\Users\joshp\curseforge\minecraft\Instances\Alive Dev\saves\Desire Paths\datapacks\gstools\data\gstools\function\cursor\chunk\forceload\3\4\4\3\4\
	                   1	C:\Users\joshp\curseforge\minecraft\Instances\Alive Dev\saves\Desire Paths\datapacks\gstools\data\gstools\function\cursor\chunk\forceload\3\4\4\4\
	                   1	C:\Users\joshp\curseforge\minecraft\Instances\Alive Dev\saves\Desire Paths\datapacks\gstools\data\gstools\function\cursor\chunk\forceload\3\4\4\4\1\
	                   1	C:\Users\joshp\curseforge\minecraft\Instances\Alive Dev\saves\Desire Paths\datapacks\gstools\data\gstools\function\cursor\chunk\forceload\3\4\4\4\2\
	                   1	C:\Users\joshp\curseforge\minecraft\Instances\Alive Dev\saves\Desire Paths\datapacks\gstools\data\gstools\function\cursor\chunk\forceload\3\4\4\4\3\
	                   1	C:\Users\joshp\curseforge\minecraft\Instances\Alive Dev\saves\Desire Paths\datapacks\gstools\data\gstools\function\cursor\chunk\forceload\3\4\4\4\4\
	                   1	C:\Users\joshp\curseforge\minecraft\Instances\Alive Dev\saves\Desire Paths\datapacks\gstools\data\gstools\function\cursor\chunk\forceload\4\
	                   1	C:\Users\joshp\curseforge\minecraft\Instances\Alive Dev\saves\Desire Paths\datapacks\gstools\data\gstools\function\cursor\chunk\forceload\4\1\
	                   1	C:\Users\joshp\curseforge\minecraft\Instances\Alive Dev\saves\Desire Paths\datapacks\gstools\data\gstools\function\cursor\chunk\forceload\4\1\1\
	                   1	C:\Users\joshp\curseforge\minecraft\Instances\Alive Dev\saves\Desire Paths\datapacks\gstools\data\gstools\function\cursor\chunk\forceload\4\1\1\1\
	                   1	C:\Users\joshp\curseforge\minecraft\Instances\Alive Dev\saves\Desire Paths\datapacks\gstools\data\gstools\function\cursor\chunk\forceload\4\1\1\1\1\
	                   1	C:\Users\joshp\curseforge\minecraft\Instances\Alive Dev\saves\Desire Paths\datapacks\gstools\data\gstools\function\cursor\chunk\forceload\4\1\1\1\2\
	                   1	C:\Users\joshp\curseforge\minecraft\Instances\Alive Dev\saves\Desire Paths\datapacks\gstools\data\gstools\function\cursor\chunk\forceload\4\1\1\1\3\
	                   1	C:\Users\joshp\curseforge\minecraft\Instances\Alive Dev\saves\Desire Paths\datapacks\gstools\data\gstools\function\cursor\chunk\forceload\4\1\1\1\4\
	                   1	C:\Users\joshp\curseforge\minecraft\Instances\Alive Dev\saves\Desire Paths\datapacks\gstools\data\gstools\function\cursor\chunk\forceload\4\1\1\2\
	                   1	C:\Users\joshp\curseforge\minecraft\Instances\Alive Dev\saves\Desire Paths\datapacks\gstools\data\gstools\function\cursor\chunk\forceload\4\1\1\2\1\
	                   1	C:\Users\joshp\curseforge\minecraft\Instances\Alive Dev\saves\Desire Paths\datapacks\gstools\data\gstools\function\cursor\chunk\forceload\4\1\1\2\2\
	                   1	C:\Users\joshp\curseforge\minecraft\Instances\Alive Dev\saves\Desire Paths\datapacks\gstools\data\gstools\function\cursor\chunk\forceload\4\1\1\2\3\
	                   1	C:\Users\joshp\curseforge\minecraft\Instances\Alive Dev\saves\Desire Paths\datapacks\gstools\data\gstools\function\cursor\chunk\forceload\4\1\1\2\4\
	                   1	C:\Users\joshp\curseforge\minecraft\Instances\Alive Dev\saves\Desire Paths\datapacks\gstools\data\gstools\function\cursor\chunk\forceload\4\1\1\3\
	                   1	C:\Users\joshp\curseforge\minecraft\Instances\Alive Dev\saves\Desire Paths\datapacks\gstools\data\gstools\function\cursor\chunk\forceload\4\1\1\3\1\
	                   1	C:\Users\joshp\curseforge\minecraft\Instances\Alive Dev\saves\Desire Paths\datapacks\gstools\data\gstools\function\cursor\chunk\forceload\4\1\1\3\2\
	                   1	C:\Users\joshp\curseforge\minecraft\Instances\Alive Dev\saves\Desire Paths\datapacks\gstools\data\gstools\function\cursor\chunk\forceload\4\1\1\3\3\
	                   1	C:\Users\joshp\curseforge\minecraft\Instances\Alive Dev\saves\Desire Paths\datapacks\gstools\data\gstools\function\cursor\chunk\forceload\4\1\1\3\4\
	                   1	C:\Users\joshp\curseforge\minecraft\Instances\Alive Dev\saves\Desire Paths\datapacks\gstools\data\gstools\function\cursor\chunk\forceload\4\1\1\4\
	                   1	C:\Users\joshp\curseforge\minecraft\Instances\Alive Dev\saves\Desire Paths\datapacks\gstools\data\gstools\function\cursor\chunk\forceload\4\1\1\4\1\
	                   1	C:\Users\joshp\curseforge\minecraft\Instances\Alive Dev\saves\Desire Paths\datapacks\gstools\data\gstools\function\cursor\chunk\forceload\4\1\1\4\2\
	                   1	C:\Users\joshp\curseforge\minecraft\Instances\Alive Dev\saves\Desire Paths\datapacks\gstools\data\gstools\function\cursor\chunk\forceload\4\1\1\4\3\
	                   1	C:\Users\joshp\curseforge\minecraft\Instances\Alive Dev\saves\Desire Paths\datapacks\gstools\data\gstools\function\cursor\chunk\forceload\4\1\1\4\4\
	                   1	C:\Users\joshp\curseforge\minecraft\Instances\Alive Dev\saves\Desire Paths\datapacks\gstools\data\gstools\function\cursor\chunk\forceload\4\1\2\
	                   1	C:\Users\joshp\curseforge\minecraft\Instances\Alive Dev\saves\Desire Paths\datapacks\gstools\data\gstools\function\cursor\chunk\forceload\4\1\2\1\
	                   1	C:\Users\joshp\curseforge\minecraft\Instances\Alive Dev\saves\Desire Paths\datapacks\gstools\data\gstools\function\cursor\chunk\forceload\4\1\2\1\1\
	                   1	C:\Users\joshp\curseforge\minecraft\Instances\Alive Dev\saves\Desire Paths\datapacks\gstools\data\gstools\function\cursor\chunk\forceload\4\1\2\1\2\
	                   1	C:\Users\joshp\curseforge\minecraft\Instances\Alive Dev\saves\Desire Paths\datapacks\gstools\data\gstools\function\cursor\chunk\forceload\4\1\2\1\3\
	                   1	C:\Users\joshp\curseforge\minecraft\Instances\Alive Dev\saves\Desire Paths\datapacks\gstools\data\gstools\function\cursor\chunk\forceload\4\1\2\1\4\
	                   1	C:\Users\joshp\curseforge\minecraft\Instances\Alive Dev\saves\Desire Paths\datapacks\gstools\data\gstools\function\cursor\chunk\forceload\4\1\2\2\
	                   1	C:\Users\joshp\curseforge\minecraft\Instances\Alive Dev\saves\Desire Paths\datapacks\gstools\data\gstools\function\cursor\chunk\forceload\4\1\2\2\1\
	                   1	C:\Users\joshp\curseforge\minecraft\Instances\Alive Dev\saves\Desire Paths\datapacks\gstools\data\gstools\function\cursor\chunk\forceload\4\1\2\2\2\
	                   1	C:\Users\joshp\curseforge\minecraft\Instances\Alive Dev\saves\Desire Paths\datapacks\gstools\data\gstools\function\cursor\chunk\forceload\4\1\2\2\3\
	                   1	C:\Users\joshp\curseforge\minecraft\Instances\Alive Dev\saves\Desire Paths\datapacks\gstools\data\gstools\function\cursor\chunk\forceload\4\1\2\2\4\
	                   1	C:\Users\joshp\curseforge\minecraft\Instances\Alive Dev\saves\Desire Paths\datapacks\gstools\data\gstools\function\cursor\chunk\forceload\4\1\2\3\
	                   1	C:\Users\joshp\curseforge\minecraft\Instances\Alive Dev\saves\Desire Paths\datapacks\gstools\data\gstools\function\cursor\chunk\forceload\4\1\2\3\1\
	                   1	C:\Users\joshp\curseforge\minecraft\Instances\Alive Dev\saves\Desire Paths\datapacks\gstools\data\gstools\function\cursor\chunk\forceload\4\1\2\3\2\
	                   1	C:\Users\joshp\curseforge\minecraft\Instances\Alive Dev\saves\Desire Paths\datapacks\gstools\data\gstools\function\cursor\chunk\forceload\4\1\2\3\3\
	                   1	C:\Users\joshp\curseforge\minecraft\Instances\Alive Dev\saves\Desire Paths\datapacks\gstools\data\gstools\function\cursor\chunk\forceload\4\1\2\3\4\
	                   1	C:\Users\joshp\curseforge\minecraft\Instances\Alive Dev\saves\Desire Paths\datapacks\gstools\data\gstools\function\cursor\chunk\forceload\4\1\2\4\
	                   1	C:\Users\joshp\curseforge\minecraft\Instances\Alive Dev\saves\Desire Paths\datapacks\gstools\data\gstools\function\cursor\chunk\forceload\4\1\2\4\1\
	                   1	C:\Users\joshp\curseforge\minecraft\Instances\Alive Dev\saves\Desire Paths\datapacks\gstools\data\gstools\function\cursor\chunk\forceload\4\1\2\4\2\
	                   1	C:\Users\joshp\curseforge\minecraft\Instances\Alive Dev\saves\Desire Paths\datapacks\gstools\data\gstools\function\cursor\chunk\forceload\4\1\2\4\3\
	                   1	C:\Users\joshp\curseforge\minecraft\Instances\Alive Dev\saves\Desire Paths\datapacks\gstools\data\gstools\function\cursor\chunk\forceload\4\1\2\4\4\
	                   1	C:\Users\joshp\curseforge\minecraft\Instances\Alive Dev\saves\Desire Paths\datapacks\gstools\data\gstools\function\cursor\chunk\forceload\4\1\3\
	                   1	C:\Users\joshp\curseforge\minecraft\Instances\Alive Dev\saves\Desire Paths\datapacks\gstools\data\gstools\function\cursor\chunk\forceload\4\1\3\1\
	                   1	C:\Users\joshp\curseforge\minecraft\Instances\Alive Dev\saves\Desire Paths\datapacks\gstools\data\gstools\function\cursor\chunk\forceload\4\1\3\1\1\
	                   1	C:\Users\joshp\curseforge\minecraft\Instances\Alive Dev\saves\Desire Paths\datapacks\gstools\data\gstools\function\cursor\chunk\forceload\4\1\3\1\2\
	                   1	C:\Users\joshp\curseforge\minecraft\Instances\Alive Dev\saves\Desire Paths\datapacks\gstools\data\gstools\function\cursor\chunk\forceload\4\1\3\1\3\
	                   1	C:\Users\joshp\curseforge\minecraft\Instances\Alive Dev\saves\Desire Paths\datapacks\gstools\data\gstools\function\cursor\chunk\forceload\4\1\3\1\4\
	                   1	C:\Users\joshp\curseforge\minecraft\Instances\Alive Dev\saves\Desire Paths\datapacks\gstools\data\gstools\function\cursor\chunk\forceload\4\1\3\2\
	                   1	C:\Users\joshp\curseforge\minecraft\Instances\Alive Dev\saves\Desire Paths\datapacks\gstools\data\gstools\function\cursor\chunk\forceload\4\1\3\2\1\
	                   1	C:\Users\joshp\curseforge\minecraft\Instances\Alive Dev\saves\Desire Paths\datapacks\gstools\data\gstools\function\cursor\chunk\forceload\4\1\3\2\2\
	                   1	C:\Users\joshp\curseforge\minecraft\Instances\Alive Dev\saves\Desire Paths\datapacks\gstools\data\gstools\function\cursor\chunk\forceload\4\1\3\2\3\
	                   1	C:\Users\joshp\curseforge\minecraft\Instances\Alive Dev\saves\Desire Paths\datapacks\gstools\data\gstools\function\cursor\chunk\forceload\4\1\3\2\4\
	                   1	C:\Users\joshp\curseforge\minecraft\Instances\Alive Dev\saves\Desire Paths\datapacks\gstools\data\gstools\function\cursor\chunk\forceload\4\1\3\3\
	                   1	C:\Users\joshp\curseforge\minecraft\Instances\Alive Dev\saves\Desire Paths\datapacks\gstools\data\gstools\function\cursor\chunk\forceload\4\1\3\3\1\
	                   1	C:\Users\joshp\curseforge\minecraft\Instances\Alive Dev\saves\Desire Paths\datapacks\gstools\data\gstools\function\cursor\chunk\forceload\4\1\3\3\2\
	                   1	C:\Users\joshp\curseforge\minecraft\Instances\Alive Dev\saves\Desire Paths\datapacks\gstools\data\gstools\function\cursor\chunk\forceload\4\1\3\3\3\
	                   1	C:\Users\joshp\curseforge\minecraft\Instances\Alive Dev\saves\Desire Paths\datapacks\gstools\data\gstools\function\cursor\chunk\forceload\4\1\3\3\4\
	                   1	C:\Users\joshp\curseforge\minecraft\Instances\Alive Dev\saves\Desire Paths\datapacks\gstools\data\gstools\function\cursor\chunk\forceload\4\1\3\4\
	                   1	C:\Users\joshp\curseforge\minecraft\Instances\Alive Dev\saves\Desire Paths\datapacks\gstools\data\gstools\function\cursor\chunk\forceload\4\1\3\4\1\
	                   1	C:\Users\joshp\curseforge\minecraft\Instances\Alive Dev\saves\Desire Paths\datapacks\gstools\data\gstools\function\cursor\chunk\forceload\4\1\3\4\2\
	                   1	C:\Users\joshp\curseforge\minecraft\Instances\Alive Dev\saves\Desire Paths\datapacks\gstools\data\gstools\function\cursor\chunk\forceload\4\1\3\4\3\
	                   1	C:\Users\joshp\curseforge\minecraft\Instances\Alive Dev\saves\Desire Paths\datapacks\gstools\data\gstools\function\cursor\chunk\forceload\4\1\3\4\4\
	                   1	C:\Users\joshp\curseforge\minecraft\Instances\Alive Dev\saves\Desire Paths\datapacks\gstools\data\gstools\function\cursor\chunk\forceload\4\1\4\
	                   1	C:\Users\joshp\curseforge\minecraft\Instances\Alive Dev\saves\Desire Paths\datapacks\gstools\data\gstools\function\cursor\chunk\forceload\4\1\4\1\
	                   1	C:\Users\joshp\curseforge\minecraft\Instances\Alive Dev\saves\Desire Paths\datapacks\gstools\data\gstools\function\cursor\chunk\forceload\4\1\4\1\1\
	                   1	C:\Users\joshp\curseforge\minecraft\Instances\Alive Dev\saves\Desire Paths\datapacks\gstools\data\gstools\function\cursor\chunk\forceload\4\1\4\1\2\
	                   1	C:\Users\joshp\curseforge\minecraft\Instances\Alive Dev\saves\Desire Paths\datapacks\gstools\data\gstools\function\cursor\chunk\forceload\4\1\4\1\3\
	                   1	C:\Users\joshp\curseforge\minecraft\Instances\Alive Dev\saves\Desire Paths\datapacks\gstools\data\gstools\function\cursor\chunk\forceload\4\1\4\1\4\
	                   1	C:\Users\joshp\curseforge\minecraft\Instances\Alive Dev\saves\Desire Paths\datapacks\gstools\data\gstools\function\cursor\chunk\forceload\4\1\4\2\
	                   1	C:\Users\joshp\curseforge\minecraft\Instances\Alive Dev\saves\Desire Paths\datapacks\gstools\data\gstools\function\cursor\chunk\forceload\4\1\4\2\1\
	                   1	C:\Users\joshp\curseforge\minecraft\Instances\Alive Dev\saves\Desire Paths\datapacks\gstools\data\gstools\function\cursor\chunk\forceload\4\1\4\2\2\
	                   1	C:\Users\joshp\curseforge\minecraft\Instances\Alive Dev\saves\Desire Paths\datapacks\gstools\data\gstools\function\cursor\chunk\forceload\4\1\4\2\3\
	                   1	C:\Users\joshp\curseforge\minecraft\Instances\Alive Dev\saves\Desire Paths\datapacks\gstools\data\gstools\function\cursor\chunk\forceload\4\1\4\2\4\
	                   1	C:\Users\joshp\curseforge\minecraft\Instances\Alive Dev\saves\Desire Paths\datapacks\gstools\data\gstools\function\cursor\chunk\forceload\4\1\4\3\
	                   1	C:\Users\joshp\curseforge\minecraft\Instances\Alive Dev\saves\Desire Paths\datapacks\gstools\data\gstools\function\cursor\chunk\forceload\4\1\4\3\1\
	                   1	C:\Users\joshp\curseforge\minecraft\Instances\Alive Dev\saves\Desire Paths\datapacks\gstools\data\gstools\function\cursor\chunk\forceload\4\1\4\3\2\
	                   1	C:\Users\joshp\curseforge\minecraft\Instances\Alive Dev\saves\Desire Paths\datapacks\gstools\data\gstools\function\cursor\chunk\forceload\4\1\4\3\3\
	                   1	C:\Users\joshp\curseforge\minecraft\Instances\Alive Dev\saves\Desire Paths\datapacks\gstools\data\gstools\function\cursor\chunk\forceload\4\1\4\3\4\
	                   1	C:\Users\joshp\curseforge\minecraft\Instances\Alive Dev\saves\Desire Paths\datapacks\gstools\data\gstools\function\cursor\chunk\forceload\4\1\4\4\
	                   1	C:\Users\joshp\curseforge\minecraft\Instances\Alive Dev\saves\Desire Paths\datapacks\gstools\data\gstools\function\cursor\chunk\forceload\4\1\4\4\1\
	                   1	C:\Users\joshp\curseforge\minecraft\Instances\Alive Dev\saves\Desire Paths\datapacks\gstools\data\gstools\function\cursor\chunk\forceload\4\1\4\4\2\
	                   1	C:\Users\joshp\curseforge\minecraft\Instances\Alive Dev\saves\Desire Paths\datapacks\gstools\data\gstools\function\cursor\chunk\forceload\4\1\4\4\3\
	                   1	C:\Users\joshp\curseforge\minecraft\Instances\Alive Dev\saves\Desire Paths\datapacks\gstools\data\gstools\function\cursor\chunk\forceload\4\1\4\4\4\
	                   1	C:\Users\joshp\curseforge\minecraft\Instances\Alive Dev\saves\Desire Paths\datapacks\gstools\data\gstools\function\cursor\chunk\forceload\4\2\
	                   1	C:\Users\joshp\curseforge\minecraft\Instances\Alive Dev\saves\Desire Paths\datapacks\gstools\data\gstools\function\cursor\chunk\forceload\4\2\1\
	                   1	C:\Users\joshp\curseforge\minecraft\Instances\Alive Dev\saves\Desire Paths\datapacks\gstools\data\gstools\function\cursor\chunk\forceload\4\2\1\1\
	                   1	C:\Users\joshp\curseforge\minecraft\Instances\Alive Dev\saves\Desire Paths\datapacks\gstools\data\gstools\function\cursor\chunk\forceload\4\2\1\1\1\
	                   1	C:\Users\joshp\curseforge\minecraft\Instances\Alive Dev\saves\Desire Paths\datapacks\gstools\data\gstools\function\cursor\chunk\forceload\4\2\1\1\2\
	                   1	C:\Users\joshp\curseforge\minecraft\Instances\Alive Dev\saves\Desire Paths\datapacks\gstools\data\gstools\function\cursor\chunk\forceload\4\2\1\1\3\
	                   1	C:\Users\joshp\curseforge\minecraft\Instances\Alive Dev\saves\Desire Paths\datapacks\gstools\data\gstools\function\cursor\chunk\forceload\4\2\1\1\4\
	                   1	C:\Users\joshp\curseforge\minecraft\Instances\Alive Dev\saves\Desire Paths\datapacks\gstools\data\gstools\function\cursor\chunk\forceload\4\2\1\2\
	                   1	C:\Users\joshp\curseforge\minecraft\Instances\Alive Dev\saves\Desire Paths\datapacks\gstools\data\gstools\function\cursor\chunk\forceload\4\2\1\2\1\
	                   1	C:\Users\joshp\curseforge\minecraft\Instances\Alive Dev\saves\Desire Paths\datapacks\gstools\data\gstools\function\cursor\chunk\forceload\4\2\1\2\2\
	                   1	C:\Users\joshp\curseforge\minecraft\Instances\Alive Dev\saves\Desire Paths\datapacks\gstools\data\gstools\function\cursor\chunk\forceload\4\2\1\2\3\
	                   1	C:\Users\joshp\curseforge\minecraft\Instances\Alive Dev\saves\Desire Paths\datapacks\gstools\data\gstools\function\cursor\chunk\forceload\4\2\1\2\4\
	                   1	C:\Users\joshp\curseforge\minecraft\Instances\Alive Dev\saves\Desire Paths\datapacks\gstools\data\gstools\function\cursor\chunk\forceload\4\2\1\3\
	                   1	C:\Users\joshp\curseforge\minecraft\Instances\Alive Dev\saves\Desire Paths\datapacks\gstools\data\gstools\function\cursor\chunk\forceload\4\2\1\3\1\
	                   1	C:\Users\joshp\curseforge\minecraft\Instances\Alive Dev\saves\Desire Paths\datapacks\gstools\data\gstools\function\cursor\chunk\forceload\4\2\1\3\2\
	                   1	C:\Users\joshp\curseforge\minecraft\Instances\Alive Dev\saves\Desire Paths\datapacks\gstools\data\gstools\function\cursor\chunk\forceload\4\2\1\3\3\
	                   1	C:\Users\joshp\curseforge\minecraft\Instances\Alive Dev\saves\Desire Paths\datapacks\gstools\data\gstools\function\cursor\chunk\forceload\4\2\1\3\4\
	                   1	C:\Users\joshp\curseforge\minecraft\Instances\Alive Dev\saves\Desire Paths\datapacks\gstools\data\gstools\function\cursor\chunk\forceload\4\2\1\4\
	                   1	C:\Users\joshp\curseforge\minecraft\Instances\Alive Dev\saves\Desire Paths\datapacks\gstools\data\gstools\function\cursor\chunk\forceload\4\2\1\4\1\
	                   1	C:\Users\joshp\curseforge\minecraft\Instances\Alive Dev\saves\Desire Paths\datapacks\gstools\data\gstools\function\cursor\chunk\forceload\4\2\1\4\2\
	                   1	C:\Users\joshp\curseforge\minecraft\Instances\Alive Dev\saves\Desire Paths\datapacks\gstools\data\gstools\function\cursor\chunk\forceload\4\2\1\4\3\
	                   1	C:\Users\joshp\curseforge\minecraft\Instances\Alive Dev\saves\Desire Paths\datapacks\gstools\data\gstools\function\cursor\chunk\forceload\4\2\1\4\4\
	                   1	C:\Users\joshp\curseforge\minecraft\Instances\Alive Dev\saves\Desire Paths\datapacks\gstools\data\gstools\function\cursor\chunk\forceload\4\2\2\
	                   1	C:\Users\joshp\curseforge\minecraft\Instances\Alive Dev\saves\Desire Paths\datapacks\gstools\data\gstools\function\cursor\chunk\forceload\4\2\2\1\
	                   1	C:\Users\joshp\curseforge\minecraft\Instances\Alive Dev\saves\Desire Paths\datapacks\gstools\data\gstools\function\cursor\chunk\forceload\4\2\2\1\1\
	                   1	C:\Users\joshp\curseforge\minecraft\Instances\Alive Dev\saves\Desire Paths\datapacks\gstools\data\gstools\function\cursor\chunk\forceload\4\2\2\1\2\
	                   1	C:\Users\joshp\curseforge\minecraft\Instances\Alive Dev\saves\Desire Paths\datapacks\gstools\data\gstools\function\cursor\chunk\forceload\4\2\2\1\3\
	                   1	C:\Users\joshp\curseforge\minecraft\Instances\Alive Dev\saves\Desire Paths\datapacks\gstools\data\gstools\function\cursor\chunk\forceload\4\2\2\1\4\
	                   1	C:\Users\joshp\curseforge\minecraft\Instances\Alive Dev\saves\Desire Paths\datapacks\gstools\data\gstools\function\cursor\chunk\forceload\4\2\2\2\
	                   1	C:\Users\joshp\curseforge\minecraft\Instances\Alive Dev\saves\Desire Paths\datapacks\gstools\data\gstools\function\cursor\chunk\forceload\4\2\2\2\1\
	                   1	C:\Users\joshp\curseforge\minecraft\Instances\Alive Dev\saves\Desire Paths\datapacks\gstools\data\gstools\function\cursor\chunk\forceload\4\2\2\2\2\
	                   1	C:\Users\joshp\curseforge\minecraft\Instances\Alive Dev\saves\Desire Paths\datapacks\gstools\data\gstools\function\cursor\chunk\forceload\4\2\2\2\3\
	                   1	C:\Users\joshp\curseforge\minecraft\Instances\Alive Dev\saves\Desire Paths\datapacks\gstools\data\gstools\function\cursor\chunk\forceload\4\2\2\2\4\
	                   1	C:\Users\joshp\curseforge\minecraft\Instances\Alive Dev\saves\Desire Paths\datapacks\gstools\data\gstools\function\cursor\chunk\forceload\4\2\2\3\
	                   1	C:\Users\joshp\curseforge\minecraft\Instances\Alive Dev\saves\Desire Paths\datapacks\gstools\data\gstools\function\cursor\chunk\forceload\4\2\2\3\1\
	                   1	C:\Users\joshp\curseforge\minecraft\Instances\Alive Dev\saves\Desire Paths\datapacks\gstools\data\gstools\function\cursor\chunk\forceload\4\2\2\3\2\
	                   1	C:\Users\joshp\curseforge\minecraft\Instances\Alive Dev\saves\Desire Paths\datapacks\gstools\data\gstools\function\cursor\chunk\forceload\4\2\2\3\3\
	                   1	C:\Users\joshp\curseforge\minecraft\Instances\Alive Dev\saves\Desire Paths\datapacks\gstools\data\gstools\function\cursor\chunk\forceload\4\2\2\3\4\
	                   1	C:\Users\joshp\curseforge\minecraft\Instances\Alive Dev\saves\Desire Paths\datapacks\gstools\data\gstools\function\cursor\chunk\forceload\4\2\2\4\
	                   1	C:\Users\joshp\curseforge\minecraft\Instances\Alive Dev\saves\Desire Paths\datapacks\gstools\data\gstools\function\cursor\chunk\forceload\4\2\2\4\1\
	                   1	C:\Users\joshp\curseforge\minecraft\Instances\Alive Dev\saves\Desire Paths\datapacks\gstools\data\gstools\function\cursor\chunk\forceload\4\2\2\4\2\
	                   1	C:\Users\joshp\curseforge\minecraft\Instances\Alive Dev\saves\Desire Paths\datapacks\gstools\data\gstools\function\cursor\chunk\forceload\4\2\2\4\3\
	                   1	C:\Users\joshp\curseforge\minecraft\Instances\Alive Dev\saves\Desire Paths\datapacks\gstools\data\gstools\function\cursor\chunk\forceload\4\2\2\4\4\
	                   1	C:\Users\joshp\curseforge\minecraft\Instances\Alive Dev\saves\Desire Paths\datapacks\gstools\data\gstools\function\cursor\chunk\forceload\4\2\3\
	                   1	C:\Users\joshp\curseforge\minecraft\Instances\Alive Dev\saves\Desire Paths\datapacks\gstools\data\gstools\function\cursor\chunk\forceload\4\2\3\1\
	                   1	C:\Users\joshp\curseforge\minecraft\Instances\Alive Dev\saves\Desire Paths\datapacks\gstools\data\gstools\function\cursor\chunk\forceload\4\2\3\1\1\
	                   1	C:\Users\joshp\curseforge\minecraft\Instances\Alive Dev\saves\Desire Paths\datapacks\gstools\data\gstools\function\cursor\chunk\forceload\4\2\3\1\2\
	                   1	C:\Users\joshp\curseforge\minecraft\Instances\Alive Dev\saves\Desire Paths\datapacks\gstools\data\gstools\function\cursor\chunk\forceload\4\2\3\1\3\
	                   1	C:\Users\joshp\curseforge\minecraft\Instances\Alive Dev\saves\Desire Paths\datapacks\gstools\data\gstools\function\cursor\chunk\forceload\4\2\3\1\4\
	                   1	C:\Users\joshp\curseforge\minecraft\Instances\Alive Dev\saves\Desire Paths\datapacks\gstools\data\gstools\function\cursor\chunk\forceload\4\2\3\2\
	                   1	C:\Users\joshp\curseforge\minecraft\Instances\Alive Dev\saves\Desire Paths\datapacks\gstools\data\gstools\function\cursor\chunk\forceload\4\2\3\2\1\
	                   1	C:\Users\joshp\curseforge\minecraft\Instances\Alive Dev\saves\Desire Paths\datapacks\gstools\data\gstools\function\cursor\chunk\forceload\4\2\3\2\2\
	                   1	C:\Users\joshp\curseforge\minecraft\Instances\Alive Dev\saves\Desire Paths\datapacks\gstools\data\gstools\function\cursor\chunk\forceload\4\2\3\2\3\
	                   1	C:\Users\joshp\curseforge\minecraft\Instances\Alive Dev\saves\Desire Paths\datapacks\gstools\data\gstools\function\cursor\chunk\forceload\4\2\3\2\4\
	                   1	C:\Users\joshp\curseforge\minecraft\Instances\Alive Dev\saves\Desire Paths\datapacks\gstools\data\gstools\function\cursor\chunk\forceload\4\2\3\3\
	                   1	C:\Users\joshp\curseforge\minecraft\Instances\Alive Dev\saves\Desire Paths\datapacks\gstools\data\gstools\function\cursor\chunk\forceload\4\2\3\3\1\
	                   1	C:\Users\joshp\curseforge\minecraft\Instances\Alive Dev\saves\Desire Paths\datapacks\gstools\data\gstools\function\cursor\chunk\forceload\4\2\3\3\2\
	                   1	C:\Users\joshp\curseforge\minecraft\Instances\Alive Dev\saves\Desire Paths\datapacks\gstools\data\gstools\function\cursor\chunk\forceload\4\2\3\3\3\
	                   1	C:\Users\joshp\curseforge\minecraft\Instances\Alive Dev\saves\Desire Paths\datapacks\gstools\data\gstools\function\cursor\chunk\forceload\4\2\3\3\4\
	                   1	C:\Users\joshp\curseforge\minecraft\Instances\Alive Dev\saves\Desire Paths\datapacks\gstools\data\gstools\function\cursor\chunk\forceload\4\2\3\4\
	                   1	C:\Users\joshp\curseforge\minecraft\Instances\Alive Dev\saves\Desire Paths\datapacks\gstools\data\gstools\function\cursor\chunk\forceload\4\2\3\4\1\
	                   1	C:\Users\joshp\curseforge\minecraft\Instances\Alive Dev\saves\Desire Paths\datapacks\gstools\data\gstools\function\cursor\chunk\forceload\4\2\3\4\2\
	                   1	C:\Users\joshp\curseforge\minecraft\Instances\Alive Dev\saves\Desire Paths\datapacks\gstools\data\gstools\function\cursor\chunk\forceload\4\2\3\4\3\
	                   1	C:\Users\joshp\curseforge\minecraft\Instances\Alive Dev\saves\Desire Paths\datapacks\gstools\data\gstools\function\cursor\chunk\forceload\4\2\3\4\4\
	                   1	C:\Users\joshp\curseforge\minecraft\Instances\Alive Dev\saves\Desire Paths\datapacks\gstools\data\gstools\function\cursor\chunk\forceload\4\2\4\
	                   1	C:\Users\joshp\curseforge\minecraft\Instances\Alive Dev\saves\Desire Paths\datapacks\gstools\data\gstools\function\cursor\chunk\forceload\4\2\4\1\
	                   1	C:\Users\joshp\curseforge\minecraft\Instances\Alive Dev\saves\Desire Paths\datapacks\gstools\data\gstools\function\cursor\chunk\forceload\4\2\4\1\1\
	                   1	C:\Users\joshp\curseforge\minecraft\Instances\Alive Dev\saves\Desire Paths\datapacks\gstools\data\gstools\function\cursor\chunk\forceload\4\2\4\1\2\
	                   1	C:\Users\joshp\curseforge\minecraft\Instances\Alive Dev\saves\Desire Paths\datapacks\gstools\data\gstools\function\cursor\chunk\forceload\4\2\4\1\3\
	                   1	C:\Users\joshp\curseforge\minecraft\Instances\Alive Dev\saves\Desire Paths\datapacks\gstools\data\gstools\function\cursor\chunk\forceload\4\2\4\1\4\
	                   1	C:\Users\joshp\curseforge\minecraft\Instances\Alive Dev\saves\Desire Paths\datapacks\gstools\data\gstools\function\cursor\chunk\forceload\4\2\4\2\
	                   1	C:\Users\joshp\curseforge\minecraft\Instances\Alive Dev\saves\Desire Paths\datapacks\gstools\data\gstools\function\cursor\chunk\forceload\4\2\4\2\1\
	                   1	C:\Users\joshp\curseforge\minecraft\Instances\Alive Dev\saves\Desire Paths\datapacks\gstools\data\gstools\function\cursor\chunk\forceload\4\2\4\2\2\
	                   1	C:\Users\joshp\curseforge\minecraft\Instances\Alive Dev\saves\Desire Paths\datapacks\gstools\data\gstools\function\cursor\chunk\forceload\4\2\4\2\3\
	                   1	C:\Users\joshp\curseforge\minecraft\Instances\Alive Dev\saves\Desire Paths\datapacks\gstools\data\gstools\function\cursor\chunk\forceload\4\2\4\2\4\
	                   1	C:\Users\joshp\curseforge\minecraft\Instances\Alive Dev\saves\Desire Paths\datapacks\gstools\data\gstools\function\cursor\chunk\forceload\4\2\4\3\
	                   1	C:\Users\joshp\curseforge\minecraft\Instances\Alive Dev\saves\Desire Paths\datapacks\gstools\data\gstools\function\cursor\chunk\forceload\4\2\4\3\1\
	                   1	C:\Users\joshp\curseforge\minecraft\Instances\Alive Dev\saves\Desire Paths\datapacks\gstools\data\gstools\function\cursor\chunk\forceload\4\2\4\3\2\
	                   1	C:\Users\joshp\curseforge\minecraft\Instances\Alive Dev\saves\Desire Paths\datapacks\gstools\data\gstools\function\cursor\chunk\forceload\4\2\4\3\3\
	                   1	C:\Users\joshp\curseforge\minecraft\Instances\Alive Dev\saves\Desire Paths\datapacks\gstools\data\gstools\function\cursor\chunk\forceload\4\2\4\3\4\
	                   1	C:\Users\joshp\curseforge\minecraft\Instances\Alive Dev\saves\Desire Paths\datapacks\gstools\data\gstools\function\cursor\chunk\forceload\4\2\4\4\
	                   1	C:\Users\joshp\curseforge\minecraft\Instances\Alive Dev\saves\Desire Paths\datapacks\gstools\data\gstools\function\cursor\chunk\forceload\4\2\4\4\1\
	                   1	C:\Users\joshp\curseforge\minecraft\Instances\Alive Dev\saves\Desire Paths\datapacks\gstools\data\gstools\function\cursor\chunk\forceload\4\2\4\4\2\
	                   1	C:\Users\joshp\curseforge\minecraft\Instances\Alive Dev\saves\Desire Paths\datapacks\gstools\data\gstools\function\cursor\chunk\forceload\4\2\4\4\3\
	                   1	C:\Users\joshp\curseforge\minecraft\Instances\Alive Dev\saves\Desire Paths\datapacks\gstools\data\gstools\function\cursor\chunk\forceload\4\2\4\4\4\
	                   1	C:\Users\joshp\curseforge\minecraft\Instances\Alive Dev\saves\Desire Paths\datapacks\gstools\data\gstools\function\cursor\chunk\forceload\4\3\
	                   1	C:\Users\joshp\curseforge\minecraft\Instances\Alive Dev\saves\Desire Paths\datapacks\gstools\data\gstools\function\cursor\chunk\forceload\4\3\1\
	                   1	C:\Users\joshp\curseforge\minecraft\Instances\Alive Dev\saves\Desire Paths\datapacks\gstools\data\gstools\function\cursor\chunk\forceload\4\3\1\1\
	                   1	C:\Users\joshp\curseforge\minecraft\Instances\Alive Dev\saves\Desire Paths\datapacks\gstools\data\gstools\function\cursor\chunk\forceload\4\3\1\1\1\
	                   1	C:\Users\joshp\curseforge\minecraft\Instances\Alive Dev\saves\Desire Paths\datapacks\gstools\data\gstools\function\cursor\chunk\forceload\4\3\1\1\2\
	                   1	C:\Users\joshp\curseforge\minecraft\Instances\Alive Dev\saves\Desire Paths\datapacks\gstools\data\gstools\function\cursor\chunk\forceload\4\3\1\1\3\
	                   1	C:\Users\joshp\curseforge\minecraft\Instances\Alive Dev\saves\Desire Paths\datapacks\gstools\data\gstools\function\cursor\chunk\forceload\4\3\1\1\4\
	                   1	C:\Users\joshp\curseforge\minecraft\Instances\Alive Dev\saves\Desire Paths\datapacks\gstools\data\gstools\function\cursor\chunk\forceload\4\3\1\2\
	                   1	C:\Users\joshp\curseforge\minecraft\Instances\Alive Dev\saves\Desire Paths\datapacks\gstools\data\gstools\function\cursor\chunk\forceload\4\3\1\2\1\
	                   1	C:\Users\joshp\curseforge\minecraft\Instances\Alive Dev\saves\Desire Paths\datapacks\gstools\data\gstools\function\cursor\chunk\forceload\4\3\1\2\2\
	                   1	C:\Users\joshp\curseforge\minecraft\Instances\Alive Dev\saves\Desire Paths\datapacks\gstools\data\gstools\function\cursor\chunk\forceload\4\3\1\2\3\
	                   1	C:\Users\joshp\curseforge\minecraft\Instances\Alive Dev\saves\Desire Paths\datapacks\gstools\data\gstools\function\cursor\chunk\forceload\4\3\1\2\4\
	                   1	C:\Users\joshp\curseforge\minecraft\Instances\Alive Dev\saves\Desire Paths\datapacks\gstools\data\gstools\function\cursor\chunk\forceload\4\3\1\3\
	                   1	C:\Users\joshp\curseforge\minecraft\Instances\Alive Dev\saves\Desire Paths\datapacks\gstools\data\gstools\function\cursor\chunk\forceload\4\3\1\3\1\
	                   1	C:\Users\joshp\curseforge\minecraft\Instances\Alive Dev\saves\Desire Paths\datapacks\gstools\data\gstools\function\cursor\chunk\forceload\4\3\1\3\2\
	                   1	C:\Users\joshp\curseforge\minecraft\Instances\Alive Dev\saves\Desire Paths\datapacks\gstools\data\gstools\function\cursor\chunk\forceload\4\3\1\3\3\
	                   1	C:\Users\joshp\curseforge\minecraft\Instances\Alive Dev\saves\Desire Paths\datapacks\gstools\data\gstools\function\cursor\chunk\forceload\4\3\1\3\4\
	                   1	C:\Users\joshp\curseforge\minecraft\Instances\Alive Dev\saves\Desire Paths\datapacks\gstools\data\gstools\function\cursor\chunk\forceload\4\3\1\4\
	                   1	C:\Users\joshp\curseforge\minecraft\Instances\Alive Dev\saves\Desire Paths\datapacks\gstools\data\gstools\function\cursor\chunk\forceload\4\3\1\4\1\
	                   1	C:\Users\joshp\curseforge\minecraft\Instances\Alive Dev\saves\Desire Paths\datapacks\gstools\data\gstools\function\cursor\chunk\forceload\4\3\1\4\2\
	                   1	C:\Users\joshp\curseforge\minecraft\Instances\Alive Dev\saves\Desire Paths\datapacks\gstools\data\gstools\function\cursor\chunk\forceload\4\3\1\4\3\
	                   1	C:\Users\joshp\curseforge\minecraft\Instances\Alive Dev\saves\Desire Paths\datapacks\gstools\data\gstools\function\cursor\chunk\forceload\4\3\1\4\4\
	                   1	C:\Users\joshp\curseforge\minecraft\Instances\Alive Dev\saves\Desire Paths\datapacks\gstools\data\gstools\function\cursor\chunk\forceload\4\3\2\
	                   1	C:\Users\joshp\curseforge\minecraft\Instances\Alive Dev\saves\Desire Paths\datapacks\gstools\data\gstools\function\cursor\chunk\forceload\4\3\2\1\
	                   1	C:\Users\joshp\curseforge\minecraft\Instances\Alive Dev\saves\Desire Paths\datapacks\gstools\data\gstools\function\cursor\chunk\forceload\4\3\2\1\1\
	                   1	C:\Users\joshp\curseforge\minecraft\Instances\Alive Dev\saves\Desire Paths\datapacks\gstools\data\gstools\function\cursor\chunk\forceload\4\3\2\1\2\
	                   1	C:\Users\joshp\curseforge\minecraft\Instances\Alive Dev\saves\Desire Paths\datapacks\gstools\data\gstools\function\cursor\chunk\forceload\4\3\2\1\3\
	                   1	C:\Users\joshp\curseforge\minecraft\Instances\Alive Dev\saves\Desire Paths\datapacks\gstools\data\gstools\function\cursor\chunk\forceload\4\3\2\1\4\
	                   1	C:\Users\joshp\curseforge\minecraft\Instances\Alive Dev\saves\Desire Paths\datapacks\gstools\data\gstools\function\cursor\chunk\forceload\4\3\2\2\
	                   1	C:\Users\joshp\curseforge\minecraft\Instances\Alive Dev\saves\Desire Paths\datapacks\gstools\data\gstools\function\cursor\chunk\forceload\4\3\2\2\1\
	                   1	C:\Users\joshp\curseforge\minecraft\Instances\Alive Dev\saves\Desire Paths\datapacks\gstools\data\gstools\function\cursor\chunk\forceload\4\3\2\2\2\
	                   1	C:\Users\joshp\curseforge\minecraft\Instances\Alive Dev\saves\Desire Paths\datapacks\gstools\data\gstools\function\cursor\chunk\forceload\4\3\2\2\3\
	                   1	C:\Users\joshp\curseforge\minecraft\Instances\Alive Dev\saves\Desire Paths\datapacks\gstools\data\gstools\function\cursor\chunk\forceload\4\3\2\2\4\
	                   1	C:\Users\joshp\curseforge\minecraft\Instances\Alive Dev\saves\Desire Paths\datapacks\gstools\data\gstools\function\cursor\chunk\forceload\4\3\2\3\
	                   1	C:\Users\joshp\curseforge\minecraft\Instances\Alive Dev\saves\Desire Paths\datapacks\gstools\data\gstools\function\cursor\chunk\forceload\4\3\2\3\1\
	                   1	C:\Users\joshp\curseforge\minecraft\Instances\Alive Dev\saves\Desire Paths\datapacks\gstools\data\gstools\function\cursor\chunk\forceload\4\3\2\3\2\
	                   1	C:\Users\joshp\curseforge\minecraft\Instances\Alive Dev\saves\Desire Paths\datapacks\gstools\data\gstools\function\cursor\chunk\forceload\4\3\2\3\3\
	                   1	C:\Users\joshp\curseforge\minecraft\Instances\Alive Dev\saves\Desire Paths\datapacks\gstools\data\gstools\function\cursor\chunk\forceload\4\3\2\3\4\
	                   1	C:\Users\joshp\curseforge\minecraft\Instances\Alive Dev\saves\Desire Paths\datapacks\gstools\data\gstools\function\cursor\chunk\forceload\4\3\2\4\
	                   1	C:\Users\joshp\curseforge\minecraft\Instances\Alive Dev\saves\Desire Paths\datapacks\gstools\data\gstools\function\cursor\chunk\forceload\4\3\2\4\1\
	                   1	C:\Users\joshp\curseforge\minecraft\Instances\Alive Dev\saves\Desire Paths\datapacks\gstools\data\gstools\function\cursor\chunk\forceload\4\3\2\4\2\
	                   1	C:\Users\joshp\curseforge\minecraft\Instances\Alive Dev\saves\Desire Paths\datapacks\gstools\data\gstools\function\cursor\chunk\forceload\4\3\2\4\3\
	                   1	C:\Users\joshp\curseforge\minecraft\Instances\Alive Dev\saves\Desire Paths\datapacks\gstools\data\gstools\function\cursor\chunk\forceload\4\3\2\4\4\
	                   1	C:\Users\joshp\curseforge\minecraft\Instances\Alive Dev\saves\Desire Paths\datapacks\gstools\data\gstools\function\cursor\chunk\forceload\4\3\3\
	                   1	C:\Users\joshp\curseforge\minecraft\Instances\Alive Dev\saves\Desire Paths\datapacks\gstools\data\gstools\function\cursor\chunk\forceload\4\3\3\1\
	                   1	C:\Users\joshp\curseforge\minecraft\Instances\Alive Dev\saves\Desire Paths\datapacks\gstools\data\gstools\function\cursor\chunk\forceload\4\3\3\1\1\
	                   1	C:\Users\joshp\curseforge\minecraft\Instances\Alive Dev\saves\Desire Paths\datapacks\gstools\data\gstools\function\cursor\chunk\forceload\4\3\3\1\2\
	                   1	C:\Users\joshp\curseforge\minecraft\Instances\Alive Dev\saves\Desire Paths\datapacks\gstools\data\gstools\function\cursor\chunk\forceload\4\3\3\1\3\
	                   1	C:\Users\joshp\curseforge\minecraft\Instances\Alive Dev\saves\Desire Paths\datapacks\gstools\data\gstools\function\cursor\chunk\forceload\4\3\3\1\4\
	                   1	C:\Users\joshp\curseforge\minecraft\Instances\Alive Dev\saves\Desire Paths\datapacks\gstools\data\gstools\function\cursor\chunk\forceload\4\3\3\2\
	                   1	C:\Users\joshp\curseforge\minecraft\Instances\Alive Dev\saves\Desire Paths\datapacks\gstools\data\gstools\function\cursor\chunk\forceload\4\3\3\2\1\
	                   1	C:\Users\joshp\curseforge\minecraft\Instances\Alive Dev\saves\Desire Paths\datapacks\gstools\data\gstools\function\cursor\chunk\forceload\4\3\3\2\2\
	                   1	C:\Users\joshp\curseforge\minecraft\Instances\Alive Dev\saves\Desire Paths\datapacks\gstools\data\gstools\function\cursor\chunk\forceload\4\3\3\2\3\
	                   1	C:\Users\joshp\curseforge\minecraft\Instances\Alive Dev\saves\Desire Paths\datapacks\gstools\data\gstools\function\cursor\chunk\forceload\4\3\3\2\4\
	                   1	C:\Users\joshp\curseforge\minecraft\Instances\Alive Dev\saves\Desire Paths\datapacks\gstools\data\gstools\function\cursor\chunk\forceload\4\3\3\3\
	                   1	C:\Users\joshp\curseforge\minecraft\Instances\Alive Dev\saves\Desire Paths\datapacks\gstools\data\gstools\function\cursor\chunk\forceload\4\3\3\3\1\
	                   1	C:\Users\joshp\curseforge\minecraft\Instances\Alive Dev\saves\Desire Paths\datapacks\gstools\data\gstools\function\cursor\chunk\forceload\4\3\3\3\2\
	                   1	C:\Users\joshp\curseforge\minecraft\Instances\Alive Dev\saves\Desire Paths\datapacks\gstools\data\gstools\function\cursor\chunk\forceload\4\3\3\3\3\
	                   1	C:\Users\joshp\curseforge\minecraft\Instances\Alive Dev\saves\Desire Paths\datapacks\gstools\data\gstools\function\cursor\chunk\forceload\4\3\3\3\4\
	                   1	C:\Users\joshp\curseforge\minecraft\Instances\Alive Dev\saves\Desire Paths\datapacks\gstools\data\gstools\function\cursor\chunk\forceload\4\3\3\4\
	                   1	C:\Users\joshp\curseforge\minecraft\Instances\Alive Dev\saves\Desire Paths\datapacks\gstools\data\gstools\function\cursor\chunk\forceload\4\3\3\4\1\
	                   1	C:\Users\joshp\curseforge\minecraft\Instances\Alive Dev\saves\Desire Paths\datapacks\gstools\data\gstools\function\cursor\chunk\forceload\4\3\3\4\2\
	                   1	C:\Users\joshp\curseforge\minecraft\Instances\Alive Dev\saves\Desire Paths\datapacks\gstools\data\gstools\function\cursor\chunk\forceload\4\3\3\4\3\
	                   1	C:\Users\joshp\curseforge\minecraft\Instances\Alive Dev\saves\Desire Paths\datapacks\gstools\data\gstools\function\cursor\chunk\forceload\4\3\3\4\4\
	                   1	C:\Users\joshp\curseforge\minecraft\Instances\Alive Dev\saves\Desire Paths\datapacks\gstools\data\gstools\function\cursor\chunk\forceload\4\3\4\
	                   1	C:\Users\joshp\curseforge\minecraft\Instances\Alive Dev\saves\Desire Paths\datapacks\gstools\data\gstools\function\cursor\chunk\forceload\4\3\4\1\
	                   1	C:\Users\joshp\curseforge\minecraft\Instances\Alive Dev\saves\Desire Paths\datapacks\gstools\data\gstools\function\cursor\chunk\forceload\4\3\4\1\1\
	                   1	C:\Users\joshp\curseforge\minecraft\Instances\Alive Dev\saves\Desire Paths\datapacks\gstools\data\gstools\function\cursor\chunk\forceload\4\3\4\1\2\
	                   1	C:\Users\joshp\curseforge\minecraft\Instances\Alive Dev\saves\Desire Paths\datapacks\gstools\data\gstools\function\cursor\chunk\forceload\4\3\4\1\3\
	                   1	C:\Users\joshp\curseforge\minecraft\Instances\Alive Dev\saves\Desire Paths\datapacks\gstools\data\gstools\function\cursor\chunk\forceload\4\3\4\1\4\
	                   1	C:\Users\joshp\curseforge\minecraft\Instances\Alive Dev\saves\Desire Paths\datapacks\gstools\data\gstools\function\cursor\chunk\forceload\4\3\4\2\
	                   1	C:\Users\joshp\curseforge\minecraft\Instances\Alive Dev\saves\Desire Paths\datapacks\gstools\data\gstools\function\cursor\chunk\forceload\4\3\4\2\1\
	                   1	C:\Users\joshp\curseforge\minecraft\Instances\Alive Dev\saves\Desire Paths\datapacks\gstools\data\gstools\function\cursor\chunk\forceload\4\3\4\2\2\
	                   1	C:\Users\joshp\curseforge\minecraft\Instances\Alive Dev\saves\Desire Paths\datapacks\gstools\data\gstools\function\cursor\chunk\forceload\4\3\4\2\3\
	                   1	C:\Users\joshp\curseforge\minecraft\Instances\Alive Dev\saves\Desire Paths\datapacks\gstools\data\gstools\function\cursor\chunk\forceload\4\3\4\2\4\
	                   1	C:\Users\joshp\curseforge\minecraft\Instances\Alive Dev\saves\Desire Paths\datapacks\gstools\data\gstools\function\cursor\chunk\forceload\4\3\4\3\
	                   1	C:\Users\joshp\curseforge\minecraft\Instances\Alive Dev\saves\Desire Paths\datapacks\gstools\data\gstools\function\cursor\chunk\forceload\4\3\4\3\1\
	                   1	C:\Users\joshp\curseforge\minecraft\Instances\Alive Dev\saves\Desire Paths\datapacks\gstools\data\gstools\function\cursor\chunk\forceload\4\3\4\3\2\
	                   1	C:\Users\joshp\curseforge\minecraft\Instances\Alive Dev\saves\Desire Paths\datapacks\gstools\data\gstools\function\cursor\chunk\forceload\4\3\4\3\3\
	                   1	C:\Users\joshp\curseforge\minecraft\Instances\Alive Dev\saves\Desire Paths\datapacks\gstools\data\gstools\function\cursor\chunk\forceload\4\3\4\3\4\
	                   1	C:\Users\joshp\curseforge\minecraft\Instances\Alive Dev\saves\Desire Paths\datapacks\gstools\data\gstools\function\cursor\chunk\forceload\4\3\4\4\
	                   1	C:\Users\joshp\curseforge\minecraft\Instances\Alive Dev\saves\Desire Paths\datapacks\gstools\data\gstools\function\cursor\chunk\forceload\4\3\4\4\1\
	                   1	C:\Users\joshp\curseforge\minecraft\Instances\Alive Dev\saves\Desire Paths\datapacks\gstools\data\gstools\function\cursor\chunk\forceload\4\3\4\4\2\
	                   1	C:\Users\joshp\curseforge\minecraft\Instances\Alive Dev\saves\Desire Paths\datapacks\gstools\data\gstools\function\cursor\chunk\forceload\4\3\4\4\3\
	                   1	C:\Users\joshp\curseforge\minecraft\Instances\Alive Dev\saves\Desire Paths\datapacks\gstools\data\gstools\function\cursor\chunk\forceload\4\3\4\4\4\
	                   1	C:\Users\joshp\curseforge\minecraft\Instances\Alive Dev\saves\Desire Paths\datapacks\gstools\data\gstools\function\cursor\chunk\forceload\4\4\
	                   1	C:\Users\joshp\curseforge\minecraft\Instances\Alive Dev\saves\Desire Paths\datapacks\gstools\data\gstools\function\cursor\chunk\forceload\4\4\1\
	                   1	C:\Users\joshp\curseforge\minecraft\Instances\Alive Dev\saves\Desire Paths\datapacks\gstools\data\gstools\function\cursor\chunk\forceload\4\4\1\1\
	                   1	C:\Users\joshp\curseforge\minecraft\Instances\Alive Dev\saves\Desire Paths\datapacks\gstools\data\gstools\function\cursor\chunk\forceload\4\4\1\1\1\
	                   1	C:\Users\joshp\curseforge\minecraft\Instances\Alive Dev\saves\Desire Paths\datapacks\gstools\data\gstools\function\cursor\chunk\forceload\4\4\1\1\2\
	                   1	C:\Users\joshp\curseforge\minecraft\Instances\Alive Dev\saves\Desire Paths\datapacks\gstools\data\gstools\function\cursor\chunk\forceload\4\4\1\1\3\
	                   1	C:\Users\joshp\curseforge\minecraft\Instances\Alive Dev\saves\Desire Paths\datapacks\gstools\data\gstools\function\cursor\chunk\forceload\4\4\1\1\4\
	                   1	C:\Users\joshp\curseforge\minecraft\Instances\Alive Dev\saves\Desire Paths\datapacks\gstools\data\gstools\function\cursor\chunk\forceload\4\4\1\2\
	                   1	C:\Users\joshp\curseforge\minecraft\Instances\Alive Dev\saves\Desire Paths\datapacks\gstools\data\gstools\function\cursor\chunk\forceload\4\4\1\2\1\
	                   1	C:\Users\joshp\curseforge\minecraft\Instances\Alive Dev\saves\Desire Paths\datapacks\gstools\data\gstools\function\cursor\chunk\forceload\4\4\1\2\2\
	                   1	C:\Users\joshp\curseforge\minecraft\Instances\Alive Dev\saves\Desire Paths\datapacks\gstools\data\gstools\function\cursor\chunk\forceload\4\4\1\2\3\
	                   1	C:\Users\joshp\curseforge\minecraft\Instances\Alive Dev\saves\Desire Paths\datapacks\gstools\data\gstools\function\cursor\chunk\forceload\4\4\1\2\4\
	                   1	C:\Users\joshp\curseforge\minecraft\Instances\Alive Dev\saves\Desire Paths\datapacks\gstools\data\gstools\function\cursor\chunk\forceload\4\4\1\3\
	                   1	C:\Users\joshp\curseforge\minecraft\Instances\Alive Dev\saves\Desire Paths\datapacks\gstools\data\gstools\function\cursor\chunk\forceload\4\4\1\3\1\
	                   1	C:\Users\joshp\curseforge\minecraft\Instances\Alive Dev\saves\Desire Paths\datapacks\gstools\data\gstools\function\cursor\chunk\forceload\4\4\1\3\2\
	                   1	C:\Users\joshp\curseforge\minecraft\Instances\Alive Dev\saves\Desire Paths\datapacks\gstools\data\gstools\function\cursor\chunk\forceload\4\4\1\3\3\
	                   1	C:\Users\joshp\curseforge\minecraft\Instances\Alive Dev\saves\Desire Paths\datapacks\gstools\data\gstools\function\cursor\chunk\forceload\4\4\1\3\4\
	                   1	C:\Users\joshp\curseforge\minecraft\Instances\Alive Dev\saves\Desire Paths\datapacks\gstools\data\gstools\function\cursor\chunk\forceload\4\4\1\4\
	                   1	C:\Users\joshp\curseforge\minecraft\Instances\Alive Dev\saves\Desire Paths\datapacks\gstools\data\gstools\function\cursor\chunk\forceload\4\4\1\4\1\
	                   1	C:\Users\joshp\curseforge\minecraft\Instances\Alive Dev\saves\Desire Paths\datapacks\gstools\data\gstools\function\cursor\chunk\forceload\4\4\1\4\2\
	                   1	C:\Users\joshp\curseforge\minecraft\Instances\Alive Dev\saves\Desire Paths\datapacks\gstools\data\gstools\function\cursor\chunk\forceload\4\4\1\4\3\
	                   1	C:\Users\joshp\curseforge\minecraft\Instances\Alive Dev\saves\Desire Paths\datapacks\gstools\data\gstools\function\cursor\chunk\forceload\4\4\1\4\4\
	                   1	C:\Users\joshp\curseforge\minecraft\Instances\Alive Dev\saves\Desire Paths\datapacks\gstools\data\gstools\function\cursor\chunk\forceload\4\4\2\
	                   1	C:\Users\joshp\curseforge\minecraft\Instances\Alive Dev\saves\Desire Paths\datapacks\gstools\data\gstools\function\cursor\chunk\forceload\4\4\2\1\
	                   1	C:\Users\joshp\curseforge\minecraft\Instances\Alive Dev\saves\Desire Paths\datapacks\gstools\data\gstools\function\cursor\chunk\forceload\4\4\2\1\1\
	                   1	C:\Users\joshp\curseforge\minecraft\Instances\Alive Dev\saves\Desire Paths\datapacks\gstools\data\gstools\function\cursor\chunk\forceload\4\4\2\1\2\
	                   1	C:\Users\joshp\curseforge\minecraft\Instances\Alive Dev\saves\Desire Paths\datapacks\gstools\data\gstools\function\cursor\chunk\forceload\4\4\2\1\3\
	                   1	C:\Users\joshp\curseforge\minecraft\Instances\Alive Dev\saves\Desire Paths\datapacks\gstools\data\gstools\function\cursor\chunk\forceload\4\4\2\1\4\
	                   1	C:\Users\joshp\curseforge\minecraft\Instances\Alive Dev\saves\Desire Paths\datapacks\gstools\data\gstools\function\cursor\chunk\forceload\4\4\2\2\
	                   1	C:\Users\joshp\curseforge\minecraft\Instances\Alive Dev\saves\Desire Paths\datapacks\gstools\data\gstools\function\cursor\chunk\forceload\4\4\2\2\1\
	                   1	C:\Users\joshp\curseforge\minecraft\Instances\Alive Dev\saves\Desire Paths\datapacks\gstools\data\gstools\function\cursor\chunk\forceload\4\4\2\2\2\
	                   1	C:\Users\joshp\curseforge\minecraft\Instances\Alive Dev\saves\Desire Paths\datapacks\gstools\data\gstools\function\cursor\chunk\forceload\4\4\2\2\3\
	                   1	C:\Users\joshp\curseforge\minecraft\Instances\Alive Dev\saves\Desire Paths\datapacks\gstools\data\gstools\function\cursor\chunk\forceload\4\4\2\2\4\
	                   1	C:\Users\joshp\curseforge\minecraft\Instances\Alive Dev\saves\Desire Paths\datapacks\gstools\data\gstools\function\cursor\chunk\forceload\4\4\2\3\
	                   1	C:\Users\joshp\curseforge\minecraft\Instances\Alive Dev\saves\Desire Paths\datapacks\gstools\data\gstools\function\cursor\chunk\forceload\4\4\2\3\1\
	                   1	C:\Users\joshp\curseforge\minecraft\Instances\Alive Dev\saves\Desire Paths\datapacks\gstools\data\gstools\function\cursor\chunk\forceload\4\4\2\3\2\
	                   1	C:\Users\joshp\curseforge\minecraft\Instances\Alive Dev\saves\Desire Paths\datapacks\gstools\data\gstools\function\cursor\chunk\forceload\4\4\2\3\3\
	                   1	C:\Users\joshp\curseforge\minecraft\Instances\Alive Dev\saves\Desire Paths\datapacks\gstools\data\gstools\function\cursor\chunk\forceload\4\4\2\3\4\
	                   1	C:\Users\joshp\curseforge\minecraft\Instances\Alive Dev\saves\Desire Paths\datapacks\gstools\data\gstools\function\cursor\chunk\forceload\4\4\2\4\
	                   1	C:\Users\joshp\curseforge\minecraft\Instances\Alive Dev\saves\Desire Paths\datapacks\gstools\data\gstools\function\cursor\chunk\forceload\4\4\2\4\1\
	                   1	C:\Users\joshp\curseforge\minecraft\Instances\Alive Dev\saves\Desire Paths\datapacks\gstools\data\gstools\function\cursor\chunk\forceload\4\4\2\4\2\
	                   1	C:\Users\joshp\curseforge\minecraft\Instances\Alive Dev\saves\Desire Paths\datapacks\gstools\data\gstools\function\cursor\chunk\forceload\4\4\2\4\3\
	                   1	C:\Users\joshp\curseforge\minecraft\Instances\Alive Dev\saves\Desire Paths\datapacks\gstools\data\gstools\function\cursor\chunk\forceload\4\4\2\4\4\
	                   1	C:\Users\joshp\curseforge\minecraft\Instances\Alive Dev\saves\Desire Paths\datapacks\gstools\data\gstools\function\cursor\chunk\forceload\4\4\3\
	                   1	C:\Users\joshp\curseforge\minecraft\Instances\Alive Dev\saves\Desire Paths\datapacks\gstools\data\gstools\function\cursor\chunk\forceload\4\4\3\1\
	                   1	C:\Users\joshp\curseforge\minecraft\Instances\Alive Dev\saves\Desire Paths\datapacks\gstools\data\gstools\function\cursor\chunk\forceload\4\4\3\1\1\
	                   1	C:\Users\joshp\curseforge\minecraft\Instances\Alive Dev\saves\Desire Paths\datapacks\gstools\data\gstools\function\cursor\chunk\forceload\4\4\3\1\2\
	                   1	C:\Users\joshp\curseforge\minecraft\Instances\Alive Dev\saves\Desire Paths\datapacks\gstools\data\gstools\function\cursor\chunk\forceload\4\4\3\1\3\
	                   1	C:\Users\joshp\curseforge\minecraft\Instances\Alive Dev\saves\Desire Paths\datapacks\gstools\data\gstools\function\cursor\chunk\forceload\4\4\3\1\4\
	                   1	C:\Users\joshp\curseforge\minecraft\Instances\Alive Dev\saves\Desire Paths\datapacks\gstools\data\gstools\function\cursor\chunk\forceload\4\4\3\2\
	                   1	C:\Users\joshp\curseforge\minecraft\Instances\Alive Dev\saves\Desire Paths\datapacks\gstools\data\gstools\function\cursor\chunk\forceload\4\4\3\2\1\
	                   1	C:\Users\joshp\curseforge\minecraft\Instances\Alive Dev\saves\Desire Paths\datapacks\gstools\data\gstools\function\cursor\chunk\forceload\4\4\3\2\2\
	                   1	C:\Users\joshp\curseforge\minecraft\Instances\Alive Dev\saves\Desire Paths\datapacks\gstools\data\gstools\function\cursor\chunk\forceload\4\4\3\2\3\
	                   1	C:\Users\joshp\curseforge\minecraft\Instances\Alive Dev\saves\Desire Paths\datapacks\gstools\data\gstools\function\cursor\chunk\forceload\4\4\3\2\4\
	                   1	C:\Users\joshp\curseforge\minecraft\Instances\Alive Dev\saves\Desire Paths\datapacks\gstools\data\gstools\function\cursor\chunk\forceload\4\4\3\3\
	                   1	C:\Users\joshp\curseforge\minecraft\Instances\Alive Dev\saves\Desire Paths\datapacks\gstools\data\gstools\function\cursor\chunk\forceload\4\4\3\3\1\
	                   1	C:\Users\joshp\curseforge\minecraft\Instances\Alive Dev\saves\Desire Paths\datapacks\gstools\data\gstools\function\cursor\chunk\forceload\4\4\3\3\2\
	                   1	C:\Users\joshp\curseforge\minecraft\Instances\Alive Dev\saves\Desire Paths\datapacks\gstools\data\gstools\function\cursor\chunk\forceload\4\4\3\3\3\
	                   1	C:\Users\joshp\curseforge\minecraft\Instances\Alive Dev\saves\Desire Paths\datapacks\gstools\data\gstools\function\cursor\chunk\forceload\4\4\3\3\4\
	                   1	C:\Users\joshp\curseforge\minecraft\Instances\Alive Dev\saves\Desire Paths\datapacks\gstools\data\gstools\function\cursor\chunk\forceload\4\4\3\4\
	                   1	C:\Users\joshp\curseforge\minecraft\Instances\Alive Dev\saves\Desire Paths\datapacks\gstools\data\gstools\function\cursor\chunk\forceload\4\4\3\4\1\
	                   1	C:\Users\joshp\curseforge\minecraft\Instances\Alive Dev\saves\Desire Paths\datapacks\gstools\data\gstools\function\cursor\chunk\forceload\4\4\3\4\2\
	                   1	C:\Users\joshp\curseforge\minecraft\Instances\Alive Dev\saves\Desire Paths\datapacks\gstools\data\gstools\function\cursor\chunk\forceload\4\4\3\4\3\
	                   1	C:\Users\joshp\curseforge\minecraft\Instances\Alive Dev\saves\Desire Paths\datapacks\gstools\data\gstools\function\cursor\chunk\forceload\4\4\3\4\4\
	                   1	C:\Users\joshp\curseforge\minecraft\Instances\Alive Dev\saves\Desire Paths\datapacks\gstools\data\gstools\function\cursor\chunk\forceload\4\4\4\
	                   1	C:\Users\joshp\curseforge\minecraft\Instances\Alive Dev\saves\Desire Paths\datapacks\gstools\data\gstools\function\cursor\chunk\forceload\4\4\4\1\
	                   1	C:\Users\joshp\curseforge\minecraft\Instances\Alive Dev\saves\Desire Paths\datapacks\gstools\data\gstools\function\cursor\chunk\forceload\4\4\4\1\1\
	                   1	C:\Users\joshp\curseforge\minecraft\Instances\Alive Dev\saves\Desire Paths\datapacks\gstools\data\gstools\function\cursor\chunk\forceload\4\4\4\1\2\
	                   1	C:\Users\joshp\curseforge\minecraft\Instances\Alive Dev\saves\Desire Paths\datapacks\gstools\data\gstools\function\cursor\chunk\forceload\4\4\4\1\3\
	                   1	C:\Users\joshp\curseforge\minecraft\Instances\Alive Dev\saves\Desire Paths\datapacks\gstools\data\gstools\function\cursor\chunk\forceload\4\4\4\1\4\
	                   1	C:\Users\joshp\curseforge\minecraft\Instances\Alive Dev\saves\Desire Paths\datapacks\gstools\data\gstools\function\cursor\chunk\forceload\4\4\4\2\
	                   1	C:\Users\joshp\curseforge\minecraft\Instances\Alive Dev\saves\Desire Paths\datapacks\gstools\data\gstools\function\cursor\chunk\forceload\4\4\4\2\1\
	                   1	C:\Users\joshp\curseforge\minecraft\Instances\Alive Dev\saves\Desire Paths\datapacks\gstools\data\gstools\function\cursor\chunk\forceload\4\4\4\2\2\
	                   1	C:\Users\joshp\curseforge\minecraft\Instances\Alive Dev\saves\Desire Paths\datapacks\gstools\data\gstools\function\cursor\chunk\forceload\4\4\4\2\3\
	                   1	C:\Users\joshp\curseforge\minecraft\Instances\Alive Dev\saves\Desire Paths\datapacks\gstools\data\gstools\function\cursor\chunk\forceload\4\4\4\2\4\
	                   1	C:\Users\joshp\curseforge\minecraft\Instances\Alive Dev\saves\Desire Paths\datapacks\gstools\data\gstools\function\cursor\chunk\forceload\4\4\4\3\
	                   1	C:\Users\joshp\curseforge\minecraft\Instances\Alive Dev\saves\Desire Paths\datapacks\gstools\data\gstools\function\cursor\chunk\forceload\4\4\4\3\1\
	                   1	C:\Users\joshp\curseforge\minecraft\Instances\Alive Dev\saves\Desire Paths\datapacks\gstools\data\gstools\function\cursor\chunk\forceload\4\4\4\3\2\
	                   1	C:\Users\joshp\curseforge\minecraft\Instances\Alive Dev\saves\Desire Paths\datapacks\gstools\data\gstools\function\cursor\chunk\forceload\4\4\4\3\3\
	                   1	C:\Users\joshp\curseforge\minecraft\Instances\Alive Dev\saves\Desire Paths\datapacks\gstools\data\gstools\function\cursor\chunk\forceload\4\4\4\3\4\
	                   1	C:\Users\joshp\curseforge\minecraft\Instances\Alive Dev\saves\Desire Paths\datapacks\gstools\data\gstools\function\cursor\chunk\forceload\4\4\4\4\
	                   1	C:\Users\joshp\curseforge\minecraft\Instances\Alive Dev\saves\Desire Paths\datapacks\gstools\data\gstools\function\cursor\chunk\forceload\4\4\4\4\1\
	                   1	C:\Users\joshp\curseforge\minecraft\Instances\Alive Dev\saves\Desire Paths\datapacks\gstools\data\gstools\function\cursor\chunk\forceload\4\4\4\4\2\
	                   1	C:\Users\joshp\curseforge\minecraft\Instances\Alive Dev\saves\Desire Paths\datapacks\gstools\data\gstools\function\cursor\chunk\forceload\4\4\4\4\3\
	                   1	C:\Users\joshp\curseforge\minecraft\Instances\Alive Dev\saves\Desire Paths\datapacks\gstools\data\gstools\function\cursor\chunk\forceload\4\4\4\4\4\
	                   2	C:\Users\joshp\curseforge\minecraft\Instances\Alive Dev\saves\Desire Paths\datapacks\gstools\data\gstools\function\cursor\chunk\loadrandom_sub\
	                   1	C:\Users\joshp\curseforge\minecraft\Instances\Alive Dev\saves\Desire Paths\datapacks\gstools\data\gstools\function\cursor\chunk\loadrandom_sub\11_sub\
	                   1	C:\Users\joshp\curseforge\minecraft\Instances\Alive Dev\saves\Desire Paths\datapacks\gstools\data\gstools\function\cursor\chunk\loadrandom_sub\11_sub\0_sub\
	                   1	C:\Users\joshp\curseforge\minecraft\Instances\Alive Dev\saves\Desire Paths\datapacks\gstools\data\gstools\function\cursor\chunk\loadrandom_sub\34_sub\
	                   2	C:\Users\joshp\curseforge\minecraft\Instances\Alive Dev\saves\Desire Paths\datapacks\gstools\data\gstools\function\cursor\chunk\loadrandom_sub\34_sub\0_sub\
	                   1	C:\Users\joshp\curseforge\minecraft\Instances\Alive Dev\saves\Desire Paths\datapacks\gstools\data\gstools\function\cursor\chunk\summon_sub\
	                   1	C:\Users\joshp\curseforge\minecraft\Instances\Alive Dev\saves\Desire Paths\datapacks\gstools\data\gstools\function\cursor\chunk\summon_sub\6_sub\
	                   1	C:\Users\joshp\curseforge\minecraft\Instances\Alive Dev\saves\Desire Paths\datapacks\gstools\data\gstools\function\cursor\chunk\summon_sub\6_sub\0_sub\
	                   3	C:\Users\joshp\curseforge\minecraft\Instances\Alive Dev\saves\Desire Paths\datapacks\gstools\data\gstools\function\cursor\chunk\summon_sub\6_sub\0_sub\2_sub\
	                   1	C:\Users\joshp\curseforge\minecraft\Instances\Alive Dev\saves\Desire Paths\datapacks\gstools\data\gstools\function\cursor\chunk\summon_sub\6_sub\0_sub\2_sub\0_sub\
	                   1	C:\Users\joshp\curseforge\minecraft\Instances\Alive Dev\saves\Desire Paths\datapacks\gstools\data\gstools\function\cursor\chunk\summon_sub\6_sub\0_sub\2_sub\0_sub\0_sub\
	                   1	C:\Users\joshp\curseforge\minecraft\Instances\Alive Dev\saves\Desire Paths\datapacks\gstools\data\gstools\function\cursor\chunk\summon_sub\6_sub\0_sub\2_sub\0_sub\0_sub\0_sub\
	                   1	C:\Users\joshp\curseforge\minecraft\Instances\Alive Dev\saves\Desire Paths\datapacks\gstools\data\gstools\function\cursor\chunk\summon_sub\6_sub\0_sub\2_sub\5_sub\
	                   2	C:\Users\joshp\curseforge\minecraft\Instances\Alive Dev\saves\Desire Paths\datapacks\gstools\data\gstools\function\cursor\dovertical_sub\
	                   1	C:\Users\joshp\curseforge\minecraft\Instances\Alive Dev\saves\Desire Paths\datapacks\gstools\data\gstools\function\cursor\dovertical_sub\15_sub\
	                   1	C:\Users\joshp\curseforge\minecraft\Instances\Alive Dev\saves\Desire Paths\datapacks\gstools\data\gstools\function\cursor\dovertical_sub\8_sub\
	                   6	C:\Users\joshp\curseforge\minecraft\Instances\Alive Dev\saves\Desire Paths\datapacks\gstools\data\gstools\function\cursor\main_sub\
	                   1	C:\Users\joshp\curseforge\minecraft\Instances\Alive Dev\saves\Desire Paths\datapacks\gstools\data\gstools\function\cursor\main_sub\11_sub\
	                   1	C:\Users\joshp\curseforge\minecraft\Instances\Alive Dev\saves\Desire Paths\datapacks\gstools\data\gstools\function\cursor\main_sub\26_sub\
	                   1	C:\Users\joshp\curseforge\minecraft\Instances\Alive Dev\saves\Desire Paths\datapacks\gstools\data\gstools\function\cursor\main_sub\26_sub\0_sub\
	                   1	C:\Users\joshp\curseforge\minecraft\Instances\Alive Dev\saves\Desire Paths\datapacks\gstools\data\gstools\function\cursor\main_sub\33_sub\
	                   1	C:\Users\joshp\curseforge\minecraft\Instances\Alive Dev\saves\Desire Paths\datapacks\gstools\data\gstools\function\cursor\main_sub\33_sub\0_sub\
	                   1	C:\Users\joshp\curseforge\minecraft\Instances\Alive Dev\saves\Desire Paths\datapacks\gstools\data\gstools\function\cursor\main_sub\33_sub\0_sub\1_sub\
	                   1	C:\Users\joshp\curseforge\minecraft\Instances\Alive Dev\saves\Desire Paths\datapacks\gstools\data\gstools\function\cursor\main_sub\41_sub\
	                   0	C:\Users\joshp\curseforge\minecraft\Instances\Alive Dev\saves\Desire Paths\datapacks\gstools\data\gstools\function\cursor\version_conflict\
	                   4	C:\Users\joshp\curseforge\minecraft\Instances\Alive Dev\saves\Desire Paths\datapacks\gstools\data\gstools\function\extension\
	                   2	C:\Users\joshp\curseforge\minecraft\Instances\Alive Dev\saves\Desire Paths\datapacks\gstools\data\gstools\function\extension\blockdecay\
	                   1	C:\Users\joshp\curseforge\minecraft\Instances\Alive Dev\saves\Desire Paths\datapacks\gstools\data\gstools\function\extension\blockdecay\run_sub\
	                   2	C:\Users\joshp\curseforge\minecraft\Instances\Alive Dev\saves\Desire Paths\datapacks\gstools\data\gstools\function\extension\bossprogression\
	                   1	C:\Users\joshp\curseforge\minecraft\Instances\Alive Dev\saves\Desire Paths\datapacks\gstools\data\gstools\function\extension\bossprogression\run_sub\
	                  11	C:\Users\joshp\curseforge\minecraft\Instances\Alive Dev\saves\Desire Paths\datapacks\gstools\data\gstools\function\extension\calculateruntrigger_sub\
	                   2	C:\Users\joshp\curseforge\minecraft\Instances\Alive Dev\saves\Desire Paths\datapacks\gstools\data\gstools\function\extension\desirepaths\
	                   1	C:\Users\joshp\curseforge\minecraft\Instances\Alive Dev\saves\Desire Paths\datapacks\gstools\data\gstools\function\extension\desirepaths\run_sub\
	                   2	C:\Users\joshp\curseforge\minecraft\Instances\Alive Dev\saves\Desire Paths\datapacks\gstools\data\gstools\function\extension\dynamicdirt\
	                   1	C:\Users\joshp\curseforge\minecraft\Instances\Alive Dev\saves\Desire Paths\datapacks\gstools\data\gstools\function\extension\dynamicdirt\run_sub\
	                   2	C:\Users\joshp\curseforge\minecraft\Instances\Alive Dev\saves\Desire Paths\datapacks\gstools\data\gstools\function\extension\dynamicecosystems\
	                   1	C:\Users\joshp\curseforge\minecraft\Instances\Alive Dev\saves\Desire Paths\datapacks\gstools\data\gstools\function\extension\dynamicecosystems\run_sub\
	                   2	C:\Users\joshp\curseforge\minecraft\Instances\Alive Dev\saves\Desire Paths\datapacks\gstools\data\gstools\function\extension\dynamicmonsters\
	                   1	C:\Users\joshp\curseforge\minecraft\Instances\Alive Dev\saves\Desire Paths\datapacks\gstools\data\gstools\function\extension\dynamicmonsters\run_sub\
	                   2	C:\Users\joshp\curseforge\minecraft\Instances\Alive Dev\saves\Desire Paths\datapacks\gstools\data\gstools\function\extension\enhancedsurvival\
	                   2	C:\Users\joshp\curseforge\minecraft\Instances\Alive Dev\saves\Desire Paths\datapacks\gstools\data\gstools\function\extension\ghostsandghouls\
	                   1	C:\Users\joshp\curseforge\minecraft\Instances\Alive Dev\saves\Desire Paths\datapacks\gstools\data\gstools\function\extension\ghostsandghouls\run_sub\
	                   2	C:\Users\joshp\curseforge\minecraft\Instances\Alive Dev\saves\Desire Paths\datapacks\gstools\data\gstools\function\extension\gothichorror\
	                   1	C:\Users\joshp\curseforge\minecraft\Instances\Alive Dev\saves\Desire Paths\datapacks\gstools\data\gstools\function\extension\gothichorror\run_sub\
	                   2	C:\Users\joshp\curseforge\minecraft\Instances\Alive Dev\saves\Desire Paths\datapacks\gstools\data\gstools\function\extension\lifeanddeath\
	                   1	C:\Users\joshp\curseforge\minecraft\Instances\Alive Dev\saves\Desire Paths\datapacks\gstools\data\gstools\function\extension\lifeanddeath\run_sub\
	                  12	C:\Users\joshp\curseforge\minecraft\Instances\Alive Dev\saves\Desire Paths\datapacks\gstools\data\gstools\function\extension\randomize_sub\
	                   2	C:\Users\joshp\curseforge\minecraft\Instances\Alive Dev\saves\Desire Paths\datapacks\gstools\data\gstools\function\extension\undeadexpanded\
	                   1	C:\Users\joshp\curseforge\minecraft\Instances\Alive Dev\saves\Desire Paths\datapacks\gstools\data\gstools\function\extension\undeadexpanded\run_sub\
	                   5	C:\Users\joshp\curseforge\minecraft\Instances\Alive Dev\saves\Desire Paths\datapacks\gstools\data\gstools\function\horror\
	                 101	C:\Users\joshp\curseforge\minecraft\Instances\Alive Dev\saves\Desire Paths\datapacks\gstools\data\gstools\function\horror\getindex_sub\
	                 101	C:\Users\joshp\curseforge\minecraft\Instances\Alive Dev\saves\Desire Paths\datapacks\gstools\data\gstools\function\horror\getthirteenthindex_sub\
	                   5	C:\Users\joshp\curseforge\minecraft\Instances\Alive Dev\saves\Desire Paths\datapacks\gstools\data\gstools\function\hud\
	                1071	C:\Users\joshp\curseforge\minecraft\Instances\Alive Dev\saves\Desire Paths\datapacks\gstools\data\gstools\function\hud\enhancedhud_sub\
	                   1	C:\Users\joshp\curseforge\minecraft\Instances\Alive Dev\saves\Desire Paths\datapacks\gstools\data\gstools\function\hud\enhancedhud_sub\0_sub\
	                   1	C:\Users\joshp\curseforge\minecraft\Instances\Alive Dev\saves\Desire Paths\datapacks\gstools\data\gstools\function\hud\enhancedhud_sub\10013_sub\
	                   1	C:\Users\joshp\curseforge\minecraft\Instances\Alive Dev\saves\Desire Paths\datapacks\gstools\data\gstools\function\hud\enhancedhud_sub\10030_sub\
	                   1	C:\Users\joshp\curseforge\minecraft\Instances\Alive Dev\saves\Desire Paths\datapacks\gstools\data\gstools\function\hud\enhancedhud_sub\1003_sub\
	                   1	C:\Users\joshp\curseforge\minecraft\Instances\Alive Dev\saves\Desire Paths\datapacks\gstools\data\gstools\function\hud\enhancedhud_sub\10047_sub\
	                   1	C:\Users\joshp\curseforge\minecraft\Instances\Alive Dev\saves\Desire Paths\datapacks\gstools\data\gstools\function\hud\enhancedhud_sub\10064_sub\
	                   1	C:\Users\joshp\curseforge\minecraft\Instances\Alive Dev\saves\Desire Paths\datapacks\gstools\data\gstools\function\hud\enhancedhud_sub\10081_sub\
	                   1	C:\Users\joshp\curseforge\minecraft\Instances\Alive Dev\saves\Desire Paths\datapacks\gstools\data\gstools\function\hud\enhancedhud_sub\10098_sub\
	                   1	C:\Users\joshp\curseforge\minecraft\Instances\Alive Dev\saves\Desire Paths\datapacks\gstools\data\gstools\function\hud\enhancedhud_sub\10115_sub\
	                   1	C:\Users\joshp\curseforge\minecraft\Instances\Alive Dev\saves\Desire Paths\datapacks\gstools\data\gstools\function\hud\enhancedhud_sub\10132_sub\
	                   1	C:\Users\joshp\curseforge\minecraft\Instances\Alive Dev\saves\Desire Paths\datapacks\gstools\data\gstools\function\hud\enhancedhud_sub\10149_sub\
	                   1	C:\Users\joshp\curseforge\minecraft\Instances\Alive Dev\saves\Desire Paths\datapacks\gstools\data\gstools\function\hud\enhancedhud_sub\10166_sub\
	                   1	C:\Users\joshp\curseforge\minecraft\Instances\Alive Dev\saves\Desire Paths\datapacks\gstools\data\gstools\function\hud\enhancedhud_sub\10183_sub\
	                   1	C:\Users\joshp\curseforge\minecraft\Instances\Alive Dev\saves\Desire Paths\datapacks\gstools\data\gstools\function\hud\enhancedhud_sub\10200_sub\
	                   1	C:\Users\joshp\curseforge\minecraft\Instances\Alive Dev\saves\Desire Paths\datapacks\gstools\data\gstools\function\hud\enhancedhud_sub\1020_sub\
	                   1	C:\Users\joshp\curseforge\minecraft\Instances\Alive Dev\saves\Desire Paths\datapacks\gstools\data\gstools\function\hud\enhancedhud_sub\10217_sub\
	                   1	C:\Users\joshp\curseforge\minecraft\Instances\Alive Dev\saves\Desire Paths\datapacks\gstools\data\gstools\function\hud\enhancedhud_sub\10234_sub\
	                   1	C:\Users\joshp\curseforge\minecraft\Instances\Alive Dev\saves\Desire Paths\datapacks\gstools\data\gstools\function\hud\enhancedhud_sub\10251_sub\
	                   1	C:\Users\joshp\curseforge\minecraft\Instances\Alive Dev\saves\Desire Paths\datapacks\gstools\data\gstools\function\hud\enhancedhud_sub\10268_sub\
	                   1	C:\Users\joshp\curseforge\minecraft\Instances\Alive Dev\saves\Desire Paths\datapacks\gstools\data\gstools\function\hud\enhancedhud_sub\10285_sub\
	                   1	C:\Users\joshp\curseforge\minecraft\Instances\Alive Dev\saves\Desire Paths\datapacks\gstools\data\gstools\function\hud\enhancedhud_sub\102_sub\
	                   1	C:\Users\joshp\curseforge\minecraft\Instances\Alive Dev\saves\Desire Paths\datapacks\gstools\data\gstools\function\hud\enhancedhud_sub\10302_sub\
	                   1	C:\Users\joshp\curseforge\minecraft\Instances\Alive Dev\saves\Desire Paths\datapacks\gstools\data\gstools\function\hud\enhancedhud_sub\10319_sub\
	                   1	C:\Users\joshp\curseforge\minecraft\Instances\Alive Dev\saves\Desire Paths\datapacks\gstools\data\gstools\function\hud\enhancedhud_sub\10336_sub\
	                   1	C:\Users\joshp\curseforge\minecraft\Instances\Alive Dev\saves\Desire Paths\datapacks\gstools\data\gstools\function\hud\enhancedhud_sub\10353_sub\
	                   1	C:\Users\joshp\curseforge\minecraft\Instances\Alive Dev\saves\Desire Paths\datapacks\gstools\data\gstools\function\hud\enhancedhud_sub\10370_sub\
	                   1	C:\Users\joshp\curseforge\minecraft\Instances\Alive Dev\saves\Desire Paths\datapacks\gstools\data\gstools\function\hud\enhancedhud_sub\1037_sub\
	                   1	C:\Users\joshp\curseforge\minecraft\Instances\Alive Dev\saves\Desire Paths\datapacks\gstools\data\gstools\function\hud\enhancedhud_sub\10387_sub\
	                   1	C:\Users\joshp\curseforge\minecraft\Instances\Alive Dev\saves\Desire Paths\datapacks\gstools\data\gstools\function\hud\enhancedhud_sub\10404_sub\
	                   1	C:\Users\joshp\curseforge\minecraft\Instances\Alive Dev\saves\Desire Paths\datapacks\gstools\data\gstools\function\hud\enhancedhud_sub\10421_sub\
	                   1	C:\Users\joshp\curseforge\minecraft\Instances\Alive Dev\saves\Desire Paths\datapacks\gstools\data\gstools\function\hud\enhancedhud_sub\10438_sub\
	                   1	C:\Users\joshp\curseforge\minecraft\Instances\Alive Dev\saves\Desire Paths\datapacks\gstools\data\gstools\function\hud\enhancedhud_sub\10455_sub\
	                   1	C:\Users\joshp\curseforge\minecraft\Instances\Alive Dev\saves\Desire Paths\datapacks\gstools\data\gstools\function\hud\enhancedhud_sub\10472_sub\
	                   1	C:\Users\joshp\curseforge\minecraft\Instances\Alive Dev\saves\Desire Paths\datapacks\gstools\data\gstools\function\hud\enhancedhud_sub\10489_sub\
	                   1	C:\Users\joshp\curseforge\minecraft\Instances\Alive Dev\saves\Desire Paths\datapacks\gstools\data\gstools\function\hud\enhancedhud_sub\10506_sub\
	                   1	C:\Users\joshp\curseforge\minecraft\Instances\Alive Dev\saves\Desire Paths\datapacks\gstools\data\gstools\function\hud\enhancedhud_sub\10523_sub\
	                   1	C:\Users\joshp\curseforge\minecraft\Instances\Alive Dev\saves\Desire Paths\datapacks\gstools\data\gstools\function\hud\enhancedhud_sub\10540_sub\
	                   1	C:\Users\joshp\curseforge\minecraft\Instances\Alive Dev\saves\Desire Paths\datapacks\gstools\data\gstools\function\hud\enhancedhud_sub\1054_sub\
	                   1	C:\Users\joshp\curseforge\minecraft\Instances\Alive Dev\saves\Desire Paths\datapacks\gstools\data\gstools\function\hud\enhancedhud_sub\10557_sub\
	                   1	C:\Users\joshp\curseforge\minecraft\Instances\Alive Dev\saves\Desire Paths\datapacks\gstools\data\gstools\function\hud\enhancedhud_sub\10574_sub\
	                   1	C:\Users\joshp\curseforge\minecraft\Instances\Alive Dev\saves\Desire Paths\datapacks\gstools\data\gstools\function\hud\enhancedhud_sub\10591_sub\
	                   1	C:\Users\joshp\curseforge\minecraft\Instances\Alive Dev\saves\Desire Paths\datapacks\gstools\data\gstools\function\hud\enhancedhud_sub\10608_sub\
	                   1	C:\Users\joshp\curseforge\minecraft\Instances\Alive Dev\saves\Desire Paths\datapacks\gstools\data\gstools\function\hud\enhancedhud_sub\10625_sub\
	                   1	C:\Users\joshp\curseforge\minecraft\Instances\Alive Dev\saves\Desire Paths\datapacks\gstools\data\gstools\function\hud\enhancedhud_sub\10642_sub\
	                   1	C:\Users\joshp\curseforge\minecraft\Instances\Alive Dev\saves\Desire Paths\datapacks\gstools\data\gstools\function\hud\enhancedhud_sub\10659_sub\
	                   1	C:\Users\joshp\curseforge\minecraft\Instances\Alive Dev\saves\Desire Paths\datapacks\gstools\data\gstools\function\hud\enhancedhud_sub\10676_sub\
	                   1	C:\Users\joshp\curseforge\minecraft\Instances\Alive Dev\saves\Desire Paths\datapacks\gstools\data\gstools\function\hud\enhancedhud_sub\10693_sub\
	                   1	C:\Users\joshp\curseforge\minecraft\Instances\Alive Dev\saves\Desire Paths\datapacks\gstools\data\gstools\function\hud\enhancedhud_sub\10710_sub\
	                   1	C:\Users\joshp\curseforge\minecraft\Instances\Alive Dev\saves\Desire Paths\datapacks\gstools\data\gstools\function\hud\enhancedhud_sub\1071_sub\
	                   1	C:\Users\joshp\curseforge\minecraft\Instances\Alive Dev\saves\Desire Paths\datapacks\gstools\data\gstools\function\hud\enhancedhud_sub\10727_sub\
	                   1	C:\Users\joshp\curseforge\minecraft\Instances\Alive Dev\saves\Desire Paths\datapacks\gstools\data\gstools\function\hud\enhancedhud_sub\10744_sub\
	                   1	C:\Users\joshp\curseforge\minecraft\Instances\Alive Dev\saves\Desire Paths\datapacks\gstools\data\gstools\function\hud\enhancedhud_sub\10761_sub\
	                   1	C:\Users\joshp\curseforge\minecraft\Instances\Alive Dev\saves\Desire Paths\datapacks\gstools\data\gstools\function\hud\enhancedhud_sub\10778_sub\
	                   1	C:\Users\joshp\curseforge\minecraft\Instances\Alive Dev\saves\Desire Paths\datapacks\gstools\data\gstools\function\hud\enhancedhud_sub\10795_sub\
	                   1	C:\Users\joshp\curseforge\minecraft\Instances\Alive Dev\saves\Desire Paths\datapacks\gstools\data\gstools\function\hud\enhancedhud_sub\10812_sub\
	                   1	C:\Users\joshp\curseforge\minecraft\Instances\Alive Dev\saves\Desire Paths\datapacks\gstools\data\gstools\function\hud\enhancedhud_sub\10829_sub\
	                   1	C:\Users\joshp\curseforge\minecraft\Instances\Alive Dev\saves\Desire Paths\datapacks\gstools\data\gstools\function\hud\enhancedhud_sub\10846_sub\
	                   1	C:\Users\joshp\curseforge\minecraft\Instances\Alive Dev\saves\Desire Paths\datapacks\gstools\data\gstools\function\hud\enhancedhud_sub\10863_sub\
	                   1	C:\Users\joshp\curseforge\minecraft\Instances\Alive Dev\saves\Desire Paths\datapacks\gstools\data\gstools\function\hud\enhancedhud_sub\10880_sub\
	                   1	C:\Users\joshp\curseforge\minecraft\Instances\Alive Dev\saves\Desire Paths\datapacks\gstools\data\gstools\function\hud\enhancedhud_sub\1088_sub\
	                   1	C:\Users\joshp\curseforge\minecraft\Instances\Alive Dev\saves\Desire Paths\datapacks\gstools\data\gstools\function\hud\enhancedhud_sub\10897_sub\
	                   1	C:\Users\joshp\curseforge\minecraft\Instances\Alive Dev\saves\Desire Paths\datapacks\gstools\data\gstools\function\hud\enhancedhud_sub\10914_sub\
	                   1	C:\Users\joshp\curseforge\minecraft\Instances\Alive Dev\saves\Desire Paths\datapacks\gstools\data\gstools\function\hud\enhancedhud_sub\10931_sub\
	                   1	C:\Users\joshp\curseforge\minecraft\Instances\Alive Dev\saves\Desire Paths\datapacks\gstools\data\gstools\function\hud\enhancedhud_sub\10948_sub\
	                   1	C:\Users\joshp\curseforge\minecraft\Instances\Alive Dev\saves\Desire Paths\datapacks\gstools\data\gstools\function\hud\enhancedhud_sub\10965_sub\
	                   1	C:\Users\joshp\curseforge\minecraft\Instances\Alive Dev\saves\Desire Paths\datapacks\gstools\data\gstools\function\hud\enhancedhud_sub\10982_sub\
	                   1	C:\Users\joshp\curseforge\minecraft\Instances\Alive Dev\saves\Desire Paths\datapacks\gstools\data\gstools\function\hud\enhancedhud_sub\10999_sub\
	                   1	C:\Users\joshp\curseforge\minecraft\Instances\Alive Dev\saves\Desire Paths\datapacks\gstools\data\gstools\function\hud\enhancedhud_sub\11016_sub\
	                   1	C:\Users\joshp\curseforge\minecraft\Instances\Alive Dev\saves\Desire Paths\datapacks\gstools\data\gstools\function\hud\enhancedhud_sub\11033_sub\
	                   1	C:\Users\joshp\curseforge\minecraft\Instances\Alive Dev\saves\Desire Paths\datapacks\gstools\data\gstools\function\hud\enhancedhud_sub\11050_sub\
	                   1	C:\Users\joshp\curseforge\minecraft\Instances\Alive Dev\saves\Desire Paths\datapacks\gstools\data\gstools\function\hud\enhancedhud_sub\1105_sub\
	                   1	C:\Users\joshp\curseforge\minecraft\Instances\Alive Dev\saves\Desire Paths\datapacks\gstools\data\gstools\function\hud\enhancedhud_sub\11067_sub\
	                   1	C:\Users\joshp\curseforge\minecraft\Instances\Alive Dev\saves\Desire Paths\datapacks\gstools\data\gstools\function\hud\enhancedhud_sub\11084_sub\
	                   1	C:\Users\joshp\curseforge\minecraft\Instances\Alive Dev\saves\Desire Paths\datapacks\gstools\data\gstools\function\hud\enhancedhud_sub\11101_sub\
	                   1	C:\Users\joshp\curseforge\minecraft\Instances\Alive Dev\saves\Desire Paths\datapacks\gstools\data\gstools\function\hud\enhancedhud_sub\11118_sub\
	                   1	C:\Users\joshp\curseforge\minecraft\Instances\Alive Dev\saves\Desire Paths\datapacks\gstools\data\gstools\function\hud\enhancedhud_sub\11135_sub\
	                   1	C:\Users\joshp\curseforge\minecraft\Instances\Alive Dev\saves\Desire Paths\datapacks\gstools\data\gstools\function\hud\enhancedhud_sub\11152_sub\
	                   1	C:\Users\joshp\curseforge\minecraft\Instances\Alive Dev\saves\Desire Paths\datapacks\gstools\data\gstools\function\hud\enhancedhud_sub\11169_sub\
	                   1	C:\Users\joshp\curseforge\minecraft\Instances\Alive Dev\saves\Desire Paths\datapacks\gstools\data\gstools\function\hud\enhancedhud_sub\11186_sub\
	                   1	C:\Users\joshp\curseforge\minecraft\Instances\Alive Dev\saves\Desire Paths\datapacks\gstools\data\gstools\function\hud\enhancedhud_sub\11203_sub\
	                   1	C:\Users\joshp\curseforge\minecraft\Instances\Alive Dev\saves\Desire Paths\datapacks\gstools\data\gstools\function\hud\enhancedhud_sub\11220_sub\
	                   1	C:\Users\joshp\curseforge\minecraft\Instances\Alive Dev\saves\Desire Paths\datapacks\gstools\data\gstools\function\hud\enhancedhud_sub\1122_sub\
	                   1	C:\Users\joshp\curseforge\minecraft\Instances\Alive Dev\saves\Desire Paths\datapacks\gstools\data\gstools\function\hud\enhancedhud_sub\11237_sub\
	                   1	C:\Users\joshp\curseforge\minecraft\Instances\Alive Dev\saves\Desire Paths\datapacks\gstools\data\gstools\function\hud\enhancedhud_sub\11254_sub\
	                   1	C:\Users\joshp\curseforge\minecraft\Instances\Alive Dev\saves\Desire Paths\datapacks\gstools\data\gstools\function\hud\enhancedhud_sub\11271_sub\
	                   1	C:\Users\joshp\curseforge\minecraft\Instances\Alive Dev\saves\Desire Paths\datapacks\gstools\data\gstools\function\hud\enhancedhud_sub\11288_sub\
	                   1	C:\Users\joshp\curseforge\minecraft\Instances\Alive Dev\saves\Desire Paths\datapacks\gstools\data\gstools\function\hud\enhancedhud_sub\11305_sub\
	                   1	C:\Users\joshp\curseforge\minecraft\Instances\Alive Dev\saves\Desire Paths\datapacks\gstools\data\gstools\function\hud\enhancedhud_sub\11322_sub\
	                   1	C:\Users\joshp\curseforge\minecraft\Instances\Alive Dev\saves\Desire Paths\datapacks\gstools\data\gstools\function\hud\enhancedhud_sub\11339_sub\
	                   1	C:\Users\joshp\curseforge\minecraft\Instances\Alive Dev\saves\Desire Paths\datapacks\gstools\data\gstools\function\hud\enhancedhud_sub\11356_sub\
	                   1	C:\Users\joshp\curseforge\minecraft\Instances\Alive Dev\saves\Desire Paths\datapacks\gstools\data\gstools\function\hud\enhancedhud_sub\11373_sub\
	                   1	C:\Users\joshp\curseforge\minecraft\Instances\Alive Dev\saves\Desire Paths\datapacks\gstools\data\gstools\function\hud\enhancedhud_sub\11390_sub\
	                   1	C:\Users\joshp\curseforge\minecraft\Instances\Alive Dev\saves\Desire Paths\datapacks\gstools\data\gstools\function\hud\enhancedhud_sub\1139_sub\
	                   1	C:\Users\joshp\curseforge\minecraft\Instances\Alive Dev\saves\Desire Paths\datapacks\gstools\data\gstools\function\hud\enhancedhud_sub\11407_sub\
	                   1	C:\Users\joshp\curseforge\minecraft\Instances\Alive Dev\saves\Desire Paths\datapacks\gstools\data\gstools\function\hud\enhancedhud_sub\11424_sub\
	                   1	C:\Users\joshp\curseforge\minecraft\Instances\Alive Dev\saves\Desire Paths\datapacks\gstools\data\gstools\function\hud\enhancedhud_sub\11441_sub\
	                   1	C:\Users\joshp\curseforge\minecraft\Instances\Alive Dev\saves\Desire Paths\datapacks\gstools\data\gstools\function\hud\enhancedhud_sub\11458_sub\
	                   1	C:\Users\joshp\curseforge\minecraft\Instances\Alive Dev\saves\Desire Paths\datapacks\gstools\data\gstools\function\hud\enhancedhud_sub\11475_sub\
	                   1	C:\Users\joshp\curseforge\minecraft\Instances\Alive Dev\saves\Desire Paths\datapacks\gstools\data\gstools\function\hud\enhancedhud_sub\11492_sub\
	                   1	C:\Users\joshp\curseforge\minecraft\Instances\Alive Dev\saves\Desire Paths\datapacks\gstools\data\gstools\function\hud\enhancedhud_sub\11509_sub\
	                   1	C:\Users\joshp\curseforge\minecraft\Instances\Alive Dev\saves\Desire Paths\datapacks\gstools\data\gstools\function\hud\enhancedhud_sub\11526_sub\
	                   1	C:\Users\joshp\curseforge\minecraft\Instances\Alive Dev\saves\Desire Paths\datapacks\gstools\data\gstools\function\hud\enhancedhud_sub\11543_sub\
	                   1	C:\Users\joshp\curseforge\minecraft\Instances\Alive Dev\saves\Desire Paths\datapacks\gstools\data\gstools\function\hud\enhancedhud_sub\11560_sub\
	                   1	C:\Users\joshp\curseforge\minecraft\Instances\Alive Dev\saves\Desire Paths\datapacks\gstools\data\gstools\function\hud\enhancedhud_sub\1156_sub\
	                   1	C:\Users\joshp\curseforge\minecraft\Instances\Alive Dev\saves\Desire Paths\datapacks\gstools\data\gstools\function\hud\enhancedhud_sub\11577_sub\
	                   1	C:\Users\joshp\curseforge\minecraft\Instances\Alive Dev\saves\Desire Paths\datapacks\gstools\data\gstools\function\hud\enhancedhud_sub\11594_sub\
	                   1	C:\Users\joshp\curseforge\minecraft\Instances\Alive Dev\saves\Desire Paths\datapacks\gstools\data\gstools\function\hud\enhancedhud_sub\11611_sub\
	                   1	C:\Users\joshp\curseforge\minecraft\Instances\Alive Dev\saves\Desire Paths\datapacks\gstools\data\gstools\function\hud\enhancedhud_sub\11628_sub\
	                   1	C:\Users\joshp\curseforge\minecraft\Instances\Alive Dev\saves\Desire Paths\datapacks\gstools\data\gstools\function\hud\enhancedhud_sub\11645_sub\
	                   1	C:\Users\joshp\curseforge\minecraft\Instances\Alive Dev\saves\Desire Paths\datapacks\gstools\data\gstools\function\hud\enhancedhud_sub\11662_sub\
	                   1	C:\Users\joshp\curseforge\minecraft\Instances\Alive Dev\saves\Desire Paths\datapacks\gstools\data\gstools\function\hud\enhancedhud_sub\11679_sub\
	                   1	C:\Users\joshp\curseforge\minecraft\Instances\Alive Dev\saves\Desire Paths\datapacks\gstools\data\gstools\function\hud\enhancedhud_sub\11696_sub\
	                   1	C:\Users\joshp\curseforge\minecraft\Instances\Alive Dev\saves\Desire Paths\datapacks\gstools\data\gstools\function\hud\enhancedhud_sub\11713_sub\
	                   1	C:\Users\joshp\curseforge\minecraft\Instances\Alive Dev\saves\Desire Paths\datapacks\gstools\data\gstools\function\hud\enhancedhud_sub\11730_sub\
	                   1	C:\Users\joshp\curseforge\minecraft\Instances\Alive Dev\saves\Desire Paths\datapacks\gstools\data\gstools\function\hud\enhancedhud_sub\1173_sub\
	                   1	C:\Users\joshp\curseforge\minecraft\Instances\Alive Dev\saves\Desire Paths\datapacks\gstools\data\gstools\function\hud\enhancedhud_sub\11747_sub\
	                   1	C:\Users\joshp\curseforge\minecraft\Instances\Alive Dev\saves\Desire Paths\datapacks\gstools\data\gstools\function\hud\enhancedhud_sub\11764_sub\
	                   1	C:\Users\joshp\curseforge\minecraft\Instances\Alive Dev\saves\Desire Paths\datapacks\gstools\data\gstools\function\hud\enhancedhud_sub\11781_sub\
	                   1	C:\Users\joshp\curseforge\minecraft\Instances\Alive Dev\saves\Desire Paths\datapacks\gstools\data\gstools\function\hud\enhancedhud_sub\11798_sub\
	                   1	C:\Users\joshp\curseforge\minecraft\Instances\Alive Dev\saves\Desire Paths\datapacks\gstools\data\gstools\function\hud\enhancedhud_sub\11815_sub\
	                   1	C:\Users\joshp\curseforge\minecraft\Instances\Alive Dev\saves\Desire Paths\datapacks\gstools\data\gstools\function\hud\enhancedhud_sub\11832_sub\
	                   1	C:\Users\joshp\curseforge\minecraft\Instances\Alive Dev\saves\Desire Paths\datapacks\gstools\data\gstools\function\hud\enhancedhud_sub\11849_sub\
	                   1	C:\Users\joshp\curseforge\minecraft\Instances\Alive Dev\saves\Desire Paths\datapacks\gstools\data\gstools\function\hud\enhancedhud_sub\11866_sub\
	                   1	C:\Users\joshp\curseforge\minecraft\Instances\Alive Dev\saves\Desire Paths\datapacks\gstools\data\gstools\function\hud\enhancedhud_sub\11883_sub\
	                   1	C:\Users\joshp\curseforge\minecraft\Instances\Alive Dev\saves\Desire Paths\datapacks\gstools\data\gstools\function\hud\enhancedhud_sub\11900_sub\
	                   1	C:\Users\joshp\curseforge\minecraft\Instances\Alive Dev\saves\Desire Paths\datapacks\gstools\data\gstools\function\hud\enhancedhud_sub\1190_sub\
	                   1	C:\Users\joshp\curseforge\minecraft\Instances\Alive Dev\saves\Desire Paths\datapacks\gstools\data\gstools\function\hud\enhancedhud_sub\11917_sub\
	                   1	C:\Users\joshp\curseforge\minecraft\Instances\Alive Dev\saves\Desire Paths\datapacks\gstools\data\gstools\function\hud\enhancedhud_sub\11934_sub\
	                   1	C:\Users\joshp\curseforge\minecraft\Instances\Alive Dev\saves\Desire Paths\datapacks\gstools\data\gstools\function\hud\enhancedhud_sub\11951_sub\
	                   1	C:\Users\joshp\curseforge\minecraft\Instances\Alive Dev\saves\Desire Paths\datapacks\gstools\data\gstools\function\hud\enhancedhud_sub\11968_sub\
	                   1	C:\Users\joshp\curseforge\minecraft\Instances\Alive Dev\saves\Desire Paths\datapacks\gstools\data\gstools\function\hud\enhancedhud_sub\11985_sub\
	                   1	C:\Users\joshp\curseforge\minecraft\Instances\Alive Dev\saves\Desire Paths\datapacks\gstools\data\gstools\function\hud\enhancedhud_sub\119_sub\
	                   1	C:\Users\joshp\curseforge\minecraft\Instances\Alive Dev\saves\Desire Paths\datapacks\gstools\data\gstools\function\hud\enhancedhud_sub\12002_sub\
	                   1	C:\Users\joshp\curseforge\minecraft\Instances\Alive Dev\saves\Desire Paths\datapacks\gstools\data\gstools\function\hud\enhancedhud_sub\12019_sub\
	                   1	C:\Users\joshp\curseforge\minecraft\Instances\Alive Dev\saves\Desire Paths\datapacks\gstools\data\gstools\function\hud\enhancedhud_sub\12036_sub\
	                   1	C:\Users\joshp\curseforge\minecraft\Instances\Alive Dev\saves\Desire Paths\datapacks\gstools\data\gstools\function\hud\enhancedhud_sub\12053_sub\
	                   1	C:\Users\joshp\curseforge\minecraft\Instances\Alive Dev\saves\Desire Paths\datapacks\gstools\data\gstools\function\hud\enhancedhud_sub\12070_sub\
	                   1	C:\Users\joshp\curseforge\minecraft\Instances\Alive Dev\saves\Desire Paths\datapacks\gstools\data\gstools\function\hud\enhancedhud_sub\1207_sub\
	                   1	C:\Users\joshp\curseforge\minecraft\Instances\Alive Dev\saves\Desire Paths\datapacks\gstools\data\gstools\function\hud\enhancedhud_sub\12087_sub\
	                   1	C:\Users\joshp\curseforge\minecraft\Instances\Alive Dev\saves\Desire Paths\datapacks\gstools\data\gstools\function\hud\enhancedhud_sub\12104_sub\
	                   1	C:\Users\joshp\curseforge\minecraft\Instances\Alive Dev\saves\Desire Paths\datapacks\gstools\data\gstools\function\hud\enhancedhud_sub\12121_sub\
	                   1	C:\Users\joshp\curseforge\minecraft\Instances\Alive Dev\saves\Desire Paths\datapacks\gstools\data\gstools\function\hud\enhancedhud_sub\12138_sub\
	                   1	C:\Users\joshp\curseforge\minecraft\Instances\Alive Dev\saves\Desire Paths\datapacks\gstools\data\gstools\function\hud\enhancedhud_sub\12155_sub\
	                   1	C:\Users\joshp\curseforge\minecraft\Instances\Alive Dev\saves\Desire Paths\datapacks\gstools\data\gstools\function\hud\enhancedhud_sub\12172_sub\
	                   1	C:\Users\joshp\curseforge\minecraft\Instances\Alive Dev\saves\Desire Paths\datapacks\gstools\data\gstools\function\hud\enhancedhud_sub\12189_sub\
	                   1	C:\Users\joshp\curseforge\minecraft\Instances\Alive Dev\saves\Desire Paths\datapacks\gstools\data\gstools\function\hud\enhancedhud_sub\12206_sub\
	                   1	C:\Users\joshp\curseforge\minecraft\Instances\Alive Dev\saves\Desire Paths\datapacks\gstools\data\gstools\function\hud\enhancedhud_sub\12223_sub\
	                   1	C:\Users\joshp\curseforge\minecraft\Instances\Alive Dev\saves\Desire Paths\datapacks\gstools\data\gstools\function\hud\enhancedhud_sub\12240_sub\
	                   1	C:\Users\joshp\curseforge\minecraft\Instances\Alive Dev\saves\Desire Paths\datapacks\gstools\data\gstools\function\hud\enhancedhud_sub\1224_sub\
	                   1	C:\Users\joshp\curseforge\minecraft\Instances\Alive Dev\saves\Desire Paths\datapacks\gstools\data\gstools\function\hud\enhancedhud_sub\12257_sub\
	                   1	C:\Users\joshp\curseforge\minecraft\Instances\Alive Dev\saves\Desire Paths\datapacks\gstools\data\gstools\function\hud\enhancedhud_sub\12274_sub\
	                   1	C:\Users\joshp\curseforge\minecraft\Instances\Alive Dev\saves\Desire Paths\datapacks\gstools\data\gstools\function\hud\enhancedhud_sub\12291_sub\
	                   1	C:\Users\joshp\curseforge\minecraft\Instances\Alive Dev\saves\Desire Paths\datapacks\gstools\data\gstools\function\hud\enhancedhud_sub\12308_sub\
	                   1	C:\Users\joshp\curseforge\minecraft\Instances\Alive Dev\saves\Desire Paths\datapacks\gstools\data\gstools\function\hud\enhancedhud_sub\12325_sub\
	                   1	C:\Users\joshp\curseforge\minecraft\Instances\Alive Dev\saves\Desire Paths\datapacks\gstools\data\gstools\function\hud\enhancedhud_sub\12342_sub\
	                   1	C:\Users\joshp\curseforge\minecraft\Instances\Alive Dev\saves\Desire Paths\datapacks\gstools\data\gstools\function\hud\enhancedhud_sub\12359_sub\
	                   1	C:\Users\joshp\curseforge\minecraft\Instances\Alive Dev\saves\Desire Paths\datapacks\gstools\data\gstools\function\hud\enhancedhud_sub\12376_sub\
	                   1	C:\Users\joshp\curseforge\minecraft\Instances\Alive Dev\saves\Desire Paths\datapacks\gstools\data\gstools\function\hud\enhancedhud_sub\12393_sub\
	                   1	C:\Users\joshp\curseforge\minecraft\Instances\Alive Dev\saves\Desire Paths\datapacks\gstools\data\gstools\function\hud\enhancedhud_sub\12410_sub\
	                   1	C:\Users\joshp\curseforge\minecraft\Instances\Alive Dev\saves\Desire Paths\datapacks\gstools\data\gstools\function\hud\enhancedhud_sub\1241_sub\
	                   1	C:\Users\joshp\curseforge\minecraft\Instances\Alive Dev\saves\Desire Paths\datapacks\gstools\data\gstools\function\hud\enhancedhud_sub\12427_sub\
	                   1	C:\Users\joshp\curseforge\minecraft\Instances\Alive Dev\saves\Desire Paths\datapacks\gstools\data\gstools\function\hud\enhancedhud_sub\12444_sub\
	                   1	C:\Users\joshp\curseforge\minecraft\Instances\Alive Dev\saves\Desire Paths\datapacks\gstools\data\gstools\function\hud\enhancedhud_sub\12461_sub\
	                   1	C:\Users\joshp\curseforge\minecraft\Instances\Alive Dev\saves\Desire Paths\datapacks\gstools\data\gstools\function\hud\enhancedhud_sub\12478_sub\
	                   1	C:\Users\joshp\curseforge\minecraft\Instances\Alive Dev\saves\Desire Paths\datapacks\gstools\data\gstools\function\hud\enhancedhud_sub\12495_sub\
	                   1	C:\Users\joshp\curseforge\minecraft\Instances\Alive Dev\saves\Desire Paths\datapacks\gstools\data\gstools\function\hud\enhancedhud_sub\12512_sub\
	                   1	C:\Users\joshp\curseforge\minecraft\Instances\Alive Dev\saves\Desire Paths\datapacks\gstools\data\gstools\function\hud\enhancedhud_sub\12529_sub\
	                   1	C:\Users\joshp\curseforge\minecraft\Instances\Alive Dev\saves\Desire Paths\datapacks\gstools\data\gstools\function\hud\enhancedhud_sub\12546_sub\
	                   1	C:\Users\joshp\curseforge\minecraft\Instances\Alive Dev\saves\Desire Paths\datapacks\gstools\data\gstools\function\hud\enhancedhud_sub\12563_sub\
	                   1	C:\Users\joshp\curseforge\minecraft\Instances\Alive Dev\saves\Desire Paths\datapacks\gstools\data\gstools\function\hud\enhancedhud_sub\12580_sub\
	                   1	C:\Users\joshp\curseforge\minecraft\Instances\Alive Dev\saves\Desire Paths\datapacks\gstools\data\gstools\function\hud\enhancedhud_sub\1258_sub\
	                   1	C:\Users\joshp\curseforge\minecraft\Instances\Alive Dev\saves\Desire Paths\datapacks\gstools\data\gstools\function\hud\enhancedhud_sub\12597_sub\
	                   1	C:\Users\joshp\curseforge\minecraft\Instances\Alive Dev\saves\Desire Paths\datapacks\gstools\data\gstools\function\hud\enhancedhud_sub\12614_sub\
	                   1	C:\Users\joshp\curseforge\minecraft\Instances\Alive Dev\saves\Desire Paths\datapacks\gstools\data\gstools\function\hud\enhancedhud_sub\12631_sub\
	                   1	C:\Users\joshp\curseforge\minecraft\Instances\Alive Dev\saves\Desire Paths\datapacks\gstools\data\gstools\function\hud\enhancedhud_sub\12648_sub\
	                   1	C:\Users\joshp\curseforge\minecraft\Instances\Alive Dev\saves\Desire Paths\datapacks\gstools\data\gstools\function\hud\enhancedhud_sub\12665_sub\
	                   1	C:\Users\joshp\curseforge\minecraft\Instances\Alive Dev\saves\Desire Paths\datapacks\gstools\data\gstools\function\hud\enhancedhud_sub\12682_sub\
	                   1	C:\Users\joshp\curseforge\minecraft\Instances\Alive Dev\saves\Desire Paths\datapacks\gstools\data\gstools\function\hud\enhancedhud_sub\12699_sub\
	                   1	C:\Users\joshp\curseforge\minecraft\Instances\Alive Dev\saves\Desire Paths\datapacks\gstools\data\gstools\function\hud\enhancedhud_sub\12716_sub\
	                   1	C:\Users\joshp\curseforge\minecraft\Instances\Alive Dev\saves\Desire Paths\datapacks\gstools\data\gstools\function\hud\enhancedhud_sub\12733_sub\
	                   1	C:\Users\joshp\curseforge\minecraft\Instances\Alive Dev\saves\Desire Paths\datapacks\gstools\data\gstools\function\hud\enhancedhud_sub\12750_sub\
	                   1	C:\Users\joshp\curseforge\minecraft\Instances\Alive Dev\saves\Desire Paths\datapacks\gstools\data\gstools\function\hud\enhancedhud_sub\1275_sub\
	                   1	C:\Users\joshp\curseforge\minecraft\Instances\Alive Dev\saves\Desire Paths\datapacks\gstools\data\gstools\function\hud\enhancedhud_sub\12767_sub\
	                   1	C:\Users\joshp\curseforge\minecraft\Instances\Alive Dev\saves\Desire Paths\datapacks\gstools\data\gstools\function\hud\enhancedhud_sub\12784_sub\
	                   1	C:\Users\joshp\curseforge\minecraft\Instances\Alive Dev\saves\Desire Paths\datapacks\gstools\data\gstools\function\hud\enhancedhud_sub\12801_sub\
	                   1	C:\Users\joshp\curseforge\minecraft\Instances\Alive Dev\saves\Desire Paths\datapacks\gstools\data\gstools\function\hud\enhancedhud_sub\12818_sub\
	                   1	C:\Users\joshp\curseforge\minecraft\Instances\Alive Dev\saves\Desire Paths\datapacks\gstools\data\gstools\function\hud\enhancedhud_sub\12835_sub\
	                   1	C:\Users\joshp\curseforge\minecraft\Instances\Alive Dev\saves\Desire Paths\datapacks\gstools\data\gstools\function\hud\enhancedhud_sub\12852_sub\
	                   1	C:\Users\joshp\curseforge\minecraft\Instances\Alive Dev\saves\Desire Paths\datapacks\gstools\data\gstools\function\hud\enhancedhud_sub\12869_sub\
	                   1	C:\Users\joshp\curseforge\minecraft\Instances\Alive Dev\saves\Desire Paths\datapacks\gstools\data\gstools\function\hud\enhancedhud_sub\12886_sub\
	                   1	C:\Users\joshp\curseforge\minecraft\Instances\Alive Dev\saves\Desire Paths\datapacks\gstools\data\gstools\function\hud\enhancedhud_sub\12903_sub\
	                   1	C:\Users\joshp\curseforge\minecraft\Instances\Alive Dev\saves\Desire Paths\datapacks\gstools\data\gstools\function\hud\enhancedhud_sub\12920_sub\
	                   1	C:\Users\joshp\curseforge\minecraft\Instances\Alive Dev\saves\Desire Paths\datapacks\gstools\data\gstools\function\hud\enhancedhud_sub\1292_sub\
	                   1	C:\Users\joshp\curseforge\minecraft\Instances\Alive Dev\saves\Desire Paths\datapacks\gstools\data\gstools\function\hud\enhancedhud_sub\12937_sub\
	                   1	C:\Users\joshp\curseforge\minecraft\Instances\Alive Dev\saves\Desire Paths\datapacks\gstools\data\gstools\function\hud\enhancedhud_sub\12954_sub\
	                   1	C:\Users\joshp\curseforge\minecraft\Instances\Alive Dev\saves\Desire Paths\datapacks\gstools\data\gstools\function\hud\enhancedhud_sub\12971_sub\
	                   1	C:\Users\joshp\curseforge\minecraft\Instances\Alive Dev\saves\Desire Paths\datapacks\gstools\data\gstools\function\hud\enhancedhud_sub\12988_sub\
	                   1	C:\Users\joshp\curseforge\minecraft\Instances\Alive Dev\saves\Desire Paths\datapacks\gstools\data\gstools\function\hud\enhancedhud_sub\13005_sub\
	                   1	C:\Users\joshp\curseforge\minecraft\Instances\Alive Dev\saves\Desire Paths\datapacks\gstools\data\gstools\function\hud\enhancedhud_sub\13022_sub\
	                   1	C:\Users\joshp\curseforge\minecraft\Instances\Alive Dev\saves\Desire Paths\datapacks\gstools\data\gstools\function\hud\enhancedhud_sub\13039_sub\
	                   1	C:\Users\joshp\curseforge\minecraft\Instances\Alive Dev\saves\Desire Paths\datapacks\gstools\data\gstools\function\hud\enhancedhud_sub\13056_sub\
	                   1	C:\Users\joshp\curseforge\minecraft\Instances\Alive Dev\saves\Desire Paths\datapacks\gstools\data\gstools\function\hud\enhancedhud_sub\13073_sub\
	                   1	C:\Users\joshp\curseforge\minecraft\Instances\Alive Dev\saves\Desire Paths\datapacks\gstools\data\gstools\function\hud\enhancedhud_sub\13090_sub\
	                   1	C:\Users\joshp\curseforge\minecraft\Instances\Alive Dev\saves\Desire Paths\datapacks\gstools\data\gstools\function\hud\enhancedhud_sub\1309_sub\
	                   1	C:\Users\joshp\curseforge\minecraft\Instances\Alive Dev\saves\Desire Paths\datapacks\gstools\data\gstools\function\hud\enhancedhud_sub\13107_sub\
	                   1	C:\Users\joshp\curseforge\minecraft\Instances\Alive Dev\saves\Desire Paths\datapacks\gstools\data\gstools\function\hud\enhancedhud_sub\13124_sub\
	                   1	C:\Users\joshp\curseforge\minecraft\Instances\Alive Dev\saves\Desire Paths\datapacks\gstools\data\gstools\function\hud\enhancedhud_sub\13141_sub\
	                   1	C:\Users\joshp\curseforge\minecraft\Instances\Alive Dev\saves\Desire Paths\datapacks\gstools\data\gstools\function\hud\enhancedhud_sub\13158_sub\
	                   1	C:\Users\joshp\curseforge\minecraft\Instances\Alive Dev\saves\Desire Paths\datapacks\gstools\data\gstools\function\hud\enhancedhud_sub\13175_sub\
	                   1	C:\Users\joshp\curseforge\minecraft\Instances\Alive Dev\saves\Desire Paths\datapacks\gstools\data\gstools\function\hud\enhancedhud_sub\13192_sub\
	                   1	C:\Users\joshp\curseforge\minecraft\Instances\Alive Dev\saves\Desire Paths\datapacks\gstools\data\gstools\function\hud\enhancedhud_sub\13209_sub\
	                   1	C:\Users\joshp\curseforge\minecraft\Instances\Alive Dev\saves\Desire Paths\datapacks\gstools\data\gstools\function\hud\enhancedhud_sub\13226_sub\
	                   1	C:\Users\joshp\curseforge\minecraft\Instances\Alive Dev\saves\Desire Paths\datapacks\gstools\data\gstools\function\hud\enhancedhud_sub\13243_sub\
	                   1	C:\Users\joshp\curseforge\minecraft\Instances\Alive Dev\saves\Desire Paths\datapacks\gstools\data\gstools\function\hud\enhancedhud_sub\13260_sub\
	                   1	C:\Users\joshp\curseforge\minecraft\Instances\Alive Dev\saves\Desire Paths\datapacks\gstools\data\gstools\function\hud\enhancedhud_sub\1326_sub\
	                   1	C:\Users\joshp\curseforge\minecraft\Instances\Alive Dev\saves\Desire Paths\datapacks\gstools\data\gstools\function\hud\enhancedhud_sub\13277_sub\
	                   1	C:\Users\joshp\curseforge\minecraft\Instances\Alive Dev\saves\Desire Paths\datapacks\gstools\data\gstools\function\hud\enhancedhud_sub\13294_sub\
	                   1	C:\Users\joshp\curseforge\minecraft\Instances\Alive Dev\saves\Desire Paths\datapacks\gstools\data\gstools\function\hud\enhancedhud_sub\13311_sub\
	                   1	C:\Users\joshp\curseforge\minecraft\Instances\Alive Dev\saves\Desire Paths\datapacks\gstools\data\gstools\function\hud\enhancedhud_sub\13328_sub\
	                   1	C:\Users\joshp\curseforge\minecraft\Instances\Alive Dev\saves\Desire Paths\datapacks\gstools\data\gstools\function\hud\enhancedhud_sub\13345_sub\
	                   1	C:\Users\joshp\curseforge\minecraft\Instances\Alive Dev\saves\Desire Paths\datapacks\gstools\data\gstools\function\hud\enhancedhud_sub\13362_sub\
	                   1	C:\Users\joshp\curseforge\minecraft\Instances\Alive Dev\saves\Desire Paths\datapacks\gstools\data\gstools\function\hud\enhancedhud_sub\13379_sub\
	                   1	C:\Users\joshp\curseforge\minecraft\Instances\Alive Dev\saves\Desire Paths\datapacks\gstools\data\gstools\function\hud\enhancedhud_sub\13396_sub\
	                   1	C:\Users\joshp\curseforge\minecraft\Instances\Alive Dev\saves\Desire Paths\datapacks\gstools\data\gstools\function\hud\enhancedhud_sub\13413_sub\
	                   1	C:\Users\joshp\curseforge\minecraft\Instances\Alive Dev\saves\Desire Paths\datapacks\gstools\data\gstools\function\hud\enhancedhud_sub\13430_sub\
	                   1	C:\Users\joshp\curseforge\minecraft\Instances\Alive Dev\saves\Desire Paths\datapacks\gstools\data\gstools\function\hud\enhancedhud_sub\1343_sub\
	                   1	C:\Users\joshp\curseforge\minecraft\Instances\Alive Dev\saves\Desire Paths\datapacks\gstools\data\gstools\function\hud\enhancedhud_sub\13447_sub\
	                   1	C:\Users\joshp\curseforge\minecraft\Instances\Alive Dev\saves\Desire Paths\datapacks\gstools\data\gstools\function\hud\enhancedhud_sub\13464_sub\
	                   1	C:\Users\joshp\curseforge\minecraft\Instances\Alive Dev\saves\Desire Paths\datapacks\gstools\data\gstools\function\hud\enhancedhud_sub\13481_sub\
	                   1	C:\Users\joshp\curseforge\minecraft\Instances\Alive Dev\saves\Desire Paths\datapacks\gstools\data\gstools\function\hud\enhancedhud_sub\13498_sub\
	                   1	C:\Users\joshp\curseforge\minecraft\Instances\Alive Dev\saves\Desire Paths\datapacks\gstools\data\gstools\function\hud\enhancedhud_sub\13515_sub\
	                   1	C:\Users\joshp\curseforge\minecraft\Instances\Alive Dev\saves\Desire Paths\datapacks\gstools\data\gstools\function\hud\enhancedhud_sub\13532_sub\
	                   1	C:\Users\joshp\curseforge\minecraft\Instances\Alive Dev\saves\Desire Paths\datapacks\gstools\data\gstools\function\hud\enhancedhud_sub\13549_sub\
	                   1	C:\Users\joshp\curseforge\minecraft\Instances\Alive Dev\saves\Desire Paths\datapacks\gstools\data\gstools\function\hud\enhancedhud_sub\13566_sub\
	                   1	C:\Users\joshp\curseforge\minecraft\Instances\Alive Dev\saves\Desire Paths\datapacks\gstools\data\gstools\function\hud\enhancedhud_sub\13583_sub\
	                   1	C:\Users\joshp\curseforge\minecraft\Instances\Alive Dev\saves\Desire Paths\datapacks\gstools\data\gstools\function\hud\enhancedhud_sub\13600_sub\
	                   1	C:\Users\joshp\curseforge\minecraft\Instances\Alive Dev\saves\Desire Paths\datapacks\gstools\data\gstools\function\hud\enhancedhud_sub\1360_sub\
	                   1	C:\Users\joshp\curseforge\minecraft\Instances\Alive Dev\saves\Desire Paths\datapacks\gstools\data\gstools\function\hud\enhancedhud_sub\13617_sub\
	                   1	C:\Users\joshp\curseforge\minecraft\Instances\Alive Dev\saves\Desire Paths\datapacks\gstools\data\gstools\function\hud\enhancedhud_sub\13634_sub\
	                   1	C:\Users\joshp\curseforge\minecraft\Instances\Alive Dev\saves\Desire Paths\datapacks\gstools\data\gstools\function\hud\enhancedhud_sub\13651_sub\
	                   1	C:\Users\joshp\curseforge\minecraft\Instances\Alive Dev\saves\Desire Paths\datapacks\gstools\data\gstools\function\hud\enhancedhud_sub\13668_sub\
	                   1	C:\Users\joshp\curseforge\minecraft\Instances\Alive Dev\saves\Desire Paths\datapacks\gstools\data\gstools\function\hud\enhancedhud_sub\13685_sub\
	                   1	C:\Users\joshp\curseforge\minecraft\Instances\Alive Dev\saves\Desire Paths\datapacks\gstools\data\gstools\function\hud\enhancedhud_sub\136_sub\
	                   1	C:\Users\joshp\curseforge\minecraft\Instances\Alive Dev\saves\Desire Paths\datapacks\gstools\data\gstools\function\hud\enhancedhud_sub\13702_sub\
	                   1	C:\Users\joshp\curseforge\minecraft\Instances\Alive Dev\saves\Desire Paths\datapacks\gstools\data\gstools\function\hud\enhancedhud_sub\13719_sub\
	                   1	C:\Users\joshp\curseforge\minecraft\Instances\Alive Dev\saves\Desire Paths\datapacks\gstools\data\gstools\function\hud\enhancedhud_sub\13736_sub\
	                   1	C:\Users\joshp\curseforge\minecraft\Instances\Alive Dev\saves\Desire Paths\datapacks\gstools\data\gstools\function\hud\enhancedhud_sub\13753_sub\
	                   1	C:\Users\joshp\curseforge\minecraft\Instances\Alive Dev\saves\Desire Paths\datapacks\gstools\data\gstools\function\hud\enhancedhud_sub\13770_sub\
	                   1	C:\Users\joshp\curseforge\minecraft\Instances\Alive Dev\saves\Desire Paths\datapacks\gstools\data\gstools\function\hud\enhancedhud_sub\1377_sub\
	                   1	C:\Users\joshp\curseforge\minecraft\Instances\Alive Dev\saves\Desire Paths\datapacks\gstools\data\gstools\function\hud\enhancedhud_sub\13787_sub\
	                   1	C:\Users\joshp\curseforge\minecraft\Instances\Alive Dev\saves\Desire Paths\datapacks\gstools\data\gstools\function\hud\enhancedhud_sub\13804_sub\
	                   1	C:\Users\joshp\curseforge\minecraft\Instances\Alive Dev\saves\Desire Paths\datapacks\gstools\data\gstools\function\hud\enhancedhud_sub\13821_sub\
	                   1	C:\Users\joshp\curseforge\minecraft\Instances\Alive Dev\saves\Desire Paths\datapacks\gstools\data\gstools\function\hud\enhancedhud_sub\13838_sub\
	                   1	C:\Users\joshp\curseforge\minecraft\Instances\Alive Dev\saves\Desire Paths\datapacks\gstools\data\gstools\function\hud\enhancedhud_sub\13855_sub\
	                   1	C:\Users\joshp\curseforge\minecraft\Instances\Alive Dev\saves\Desire Paths\datapacks\gstools\data\gstools\function\hud\enhancedhud_sub\13872_sub\
	                   1	C:\Users\joshp\curseforge\minecraft\Instances\Alive Dev\saves\Desire Paths\datapacks\gstools\data\gstools\function\hud\enhancedhud_sub\13889_sub\
	                   1	C:\Users\joshp\curseforge\minecraft\Instances\Alive Dev\saves\Desire Paths\datapacks\gstools\data\gstools\function\hud\enhancedhud_sub\13906_sub\
	                   1	C:\Users\joshp\curseforge\minecraft\Instances\Alive Dev\saves\Desire Paths\datapacks\gstools\data\gstools\function\hud\enhancedhud_sub\13923_sub\
	                   1	C:\Users\joshp\curseforge\minecraft\Instances\Alive Dev\saves\Desire Paths\datapacks\gstools\data\gstools\function\hud\enhancedhud_sub\13940_sub\
	                   1	C:\Users\joshp\curseforge\minecraft\Instances\Alive Dev\saves\Desire Paths\datapacks\gstools\data\gstools\function\hud\enhancedhud_sub\1394_sub\
	                   1	C:\Users\joshp\curseforge\minecraft\Instances\Alive Dev\saves\Desire Paths\datapacks\gstools\data\gstools\function\hud\enhancedhud_sub\13957_sub\
	                   1	C:\Users\joshp\curseforge\minecraft\Instances\Alive Dev\saves\Desire Paths\datapacks\gstools\data\gstools\function\hud\enhancedhud_sub\13974_sub\
	                   1	C:\Users\joshp\curseforge\minecraft\Instances\Alive Dev\saves\Desire Paths\datapacks\gstools\data\gstools\function\hud\enhancedhud_sub\13991_sub\
	                   1	C:\Users\joshp\curseforge\minecraft\Instances\Alive Dev\saves\Desire Paths\datapacks\gstools\data\gstools\function\hud\enhancedhud_sub\14008_sub\
	                   1	C:\Users\joshp\curseforge\minecraft\Instances\Alive Dev\saves\Desire Paths\datapacks\gstools\data\gstools\function\hud\enhancedhud_sub\14025_sub\
	                   1	C:\Users\joshp\curseforge\minecraft\Instances\Alive Dev\saves\Desire Paths\datapacks\gstools\data\gstools\function\hud\enhancedhud_sub\14042_sub\
	                   1	C:\Users\joshp\curseforge\minecraft\Instances\Alive Dev\saves\Desire Paths\datapacks\gstools\data\gstools\function\hud\enhancedhud_sub\14059_sub\
	                   1	C:\Users\joshp\curseforge\minecraft\Instances\Alive Dev\saves\Desire Paths\datapacks\gstools\data\gstools\function\hud\enhancedhud_sub\14076_sub\
	                   1	C:\Users\joshp\curseforge\minecraft\Instances\Alive Dev\saves\Desire Paths\datapacks\gstools\data\gstools\function\hud\enhancedhud_sub\14093_sub\
	                   1	C:\Users\joshp\curseforge\minecraft\Instances\Alive Dev\saves\Desire Paths\datapacks\gstools\data\gstools\function\hud\enhancedhud_sub\14110_sub\
	                   1	C:\Users\joshp\curseforge\minecraft\Instances\Alive Dev\saves\Desire Paths\datapacks\gstools\data\gstools\function\hud\enhancedhud_sub\1411_sub\
	                   1	C:\Users\joshp\curseforge\minecraft\Instances\Alive Dev\saves\Desire Paths\datapacks\gstools\data\gstools\function\hud\enhancedhud_sub\14127_sub\
	                   1	C:\Users\joshp\curseforge\minecraft\Instances\Alive Dev\saves\Desire Paths\datapacks\gstools\data\gstools\function\hud\enhancedhud_sub\14144_sub\
	                   1	C:\Users\joshp\curseforge\minecraft\Instances\Alive Dev\saves\Desire Paths\datapacks\gstools\data\gstools\function\hud\enhancedhud_sub\14161_sub\
	                   1	C:\Users\joshp\curseforge\minecraft\Instances\Alive Dev\saves\Desire Paths\datapacks\gstools\data\gstools\function\hud\enhancedhud_sub\14178_sub\
	                   1	C:\Users\joshp\curseforge\minecraft\Instances\Alive Dev\saves\Desire Paths\datapacks\gstools\data\gstools\function\hud\enhancedhud_sub\14195_sub\
	                   1	C:\Users\joshp\curseforge\minecraft\Instances\Alive Dev\saves\Desire Paths\datapacks\gstools\data\gstools\function\hud\enhancedhud_sub\14212_sub\
	                   1	C:\Users\joshp\curseforge\minecraft\Instances\Alive Dev\saves\Desire Paths\datapacks\gstools\data\gstools\function\hud\enhancedhud_sub\14229_sub\
	                   1	C:\Users\joshp\curseforge\minecraft\Instances\Alive Dev\saves\Desire Paths\datapacks\gstools\data\gstools\function\hud\enhancedhud_sub\14246_sub\
	                   1	C:\Users\joshp\curseforge\minecraft\Instances\Alive Dev\saves\Desire Paths\datapacks\gstools\data\gstools\function\hud\enhancedhud_sub\14263_sub\
	                   1	C:\Users\joshp\curseforge\minecraft\Instances\Alive Dev\saves\Desire Paths\datapacks\gstools\data\gstools\function\hud\enhancedhud_sub\14280_sub\
	                   1	C:\Users\joshp\curseforge\minecraft\Instances\Alive Dev\saves\Desire Paths\datapacks\gstools\data\gstools\function\hud\enhancedhud_sub\1428_sub\
	                   1	C:\Users\joshp\curseforge\minecraft\Instances\Alive Dev\saves\Desire Paths\datapacks\gstools\data\gstools\function\hud\enhancedhud_sub\14297_sub\
	                   1	C:\Users\joshp\curseforge\minecraft\Instances\Alive Dev\saves\Desire Paths\datapacks\gstools\data\gstools\function\hud\enhancedhud_sub\14314_sub\
	                   1	C:\Users\joshp\curseforge\minecraft\Instances\Alive Dev\saves\Desire Paths\datapacks\gstools\data\gstools\function\hud\enhancedhud_sub\14331_sub\
	                   1	C:\Users\joshp\curseforge\minecraft\Instances\Alive Dev\saves\Desire Paths\datapacks\gstools\data\gstools\function\hud\enhancedhud_sub\14348_sub\
	                   1	C:\Users\joshp\curseforge\minecraft\Instances\Alive Dev\saves\Desire Paths\datapacks\gstools\data\gstools\function\hud\enhancedhud_sub\14365_sub\
	                   1	C:\Users\joshp\curseforge\minecraft\Instances\Alive Dev\saves\Desire Paths\datapacks\gstools\data\gstools\function\hud\enhancedhud_sub\14382_sub\
	                   1	C:\Users\joshp\curseforge\minecraft\Instances\Alive Dev\saves\Desire Paths\datapacks\gstools\data\gstools\function\hud\enhancedhud_sub\14399_sub\
	                   1	C:\Users\joshp\curseforge\minecraft\Instances\Alive Dev\saves\Desire Paths\datapacks\gstools\data\gstools\function\hud\enhancedhud_sub\14416_sub\
	                   1	C:\Users\joshp\curseforge\minecraft\Instances\Alive Dev\saves\Desire Paths\datapacks\gstools\data\gstools\function\hud\enhancedhud_sub\14433_sub\
	                   1	C:\Users\joshp\curseforge\minecraft\Instances\Alive Dev\saves\Desire Paths\datapacks\gstools\data\gstools\function\hud\enhancedhud_sub\14450_sub\
	                   1	C:\Users\joshp\curseforge\minecraft\Instances\Alive Dev\saves\Desire Paths\datapacks\gstools\data\gstools\function\hud\enhancedhud_sub\1445_sub\
	                   1	C:\Users\joshp\curseforge\minecraft\Instances\Alive Dev\saves\Desire Paths\datapacks\gstools\data\gstools\function\hud\enhancedhud_sub\14467_sub\
	                   1	C:\Users\joshp\curseforge\minecraft\Instances\Alive Dev\saves\Desire Paths\datapacks\gstools\data\gstools\function\hud\enhancedhud_sub\14484_sub\
	                   1	C:\Users\joshp\curseforge\minecraft\Instances\Alive Dev\saves\Desire Paths\datapacks\gstools\data\gstools\function\hud\enhancedhud_sub\14501_sub\
	                   1	C:\Users\joshp\curseforge\minecraft\Instances\Alive Dev\saves\Desire Paths\datapacks\gstools\data\gstools\function\hud\enhancedhud_sub\14518_sub\
	                   1	C:\Users\joshp\curseforge\minecraft\Instances\Alive Dev\saves\Desire Paths\datapacks\gstools\data\gstools\function\hud\enhancedhud_sub\14535_sub\
	                   1	C:\Users\joshp\curseforge\minecraft\Instances\Alive Dev\saves\Desire Paths\datapacks\gstools\data\gstools\function\hud\enhancedhud_sub\14552_sub\
	                   1	C:\Users\joshp\curseforge\minecraft\Instances\Alive Dev\saves\Desire Paths\datapacks\gstools\data\gstools\function\hud\enhancedhud_sub\14569_sub\
	                   1	C:\Users\joshp\curseforge\minecraft\Instances\Alive Dev\saves\Desire Paths\datapacks\gstools\data\gstools\function\hud\enhancedhud_sub\14586_sub\
	                   1	C:\Users\joshp\curseforge\minecraft\Instances\Alive Dev\saves\Desire Paths\datapacks\gstools\data\gstools\function\hud\enhancedhud_sub\14603_sub\
	                   1	C:\Users\joshp\curseforge\minecraft\Instances\Alive Dev\saves\Desire Paths\datapacks\gstools\data\gstools\function\hud\enhancedhud_sub\14620_sub\
	                   1	C:\Users\joshp\curseforge\minecraft\Instances\Alive Dev\saves\Desire Paths\datapacks\gstools\data\gstools\function\hud\enhancedhud_sub\1462_sub\
	                   1	C:\Users\joshp\curseforge\minecraft\Instances\Alive Dev\saves\Desire Paths\datapacks\gstools\data\gstools\function\hud\enhancedhud_sub\14637_sub\
	                   1	C:\Users\joshp\curseforge\minecraft\Instances\Alive Dev\saves\Desire Paths\datapacks\gstools\data\gstools\function\hud\enhancedhud_sub\14654_sub\
	                   1	C:\Users\joshp\curseforge\minecraft\Instances\Alive Dev\saves\Desire Paths\datapacks\gstools\data\gstools\function\hud\enhancedhud_sub\14671_sub\
	                   1	C:\Users\joshp\curseforge\minecraft\Instances\Alive Dev\saves\Desire Paths\datapacks\gstools\data\gstools\function\hud\enhancedhud_sub\14688_sub\
	                   1	C:\Users\joshp\curseforge\minecraft\Instances\Alive Dev\saves\Desire Paths\datapacks\gstools\data\gstools\function\hud\enhancedhud_sub\14705_sub\
	                   1	C:\Users\joshp\curseforge\minecraft\Instances\Alive Dev\saves\Desire Paths\datapacks\gstools\data\gstools\function\hud\enhancedhud_sub\14722_sub\
	                   1	C:\Users\joshp\curseforge\minecraft\Instances\Alive Dev\saves\Desire Paths\datapacks\gstools\data\gstools\function\hud\enhancedhud_sub\14739_sub\
	                   1	C:\Users\joshp\curseforge\minecraft\Instances\Alive Dev\saves\Desire Paths\datapacks\gstools\data\gstools\function\hud\enhancedhud_sub\14756_sub\
	                   1	C:\Users\joshp\curseforge\minecraft\Instances\Alive Dev\saves\Desire Paths\datapacks\gstools\data\gstools\function\hud\enhancedhud_sub\14773_sub\
	                   1	C:\Users\joshp\curseforge\minecraft\Instances\Alive Dev\saves\Desire Paths\datapacks\gstools\data\gstools\function\hud\enhancedhud_sub\14790_sub\
	                   1	C:\Users\joshp\curseforge\minecraft\Instances\Alive Dev\saves\Desire Paths\datapacks\gstools\data\gstools\function\hud\enhancedhud_sub\1479_sub\
	                   1	C:\Users\joshp\curseforge\minecraft\Instances\Alive Dev\saves\Desire Paths\datapacks\gstools\data\gstools\function\hud\enhancedhud_sub\14807_sub\
	                   1	C:\Users\joshp\curseforge\minecraft\Instances\Alive Dev\saves\Desire Paths\datapacks\gstools\data\gstools\function\hud\enhancedhud_sub\14824_sub\
	                   1	C:\Users\joshp\curseforge\minecraft\Instances\Alive Dev\saves\Desire Paths\datapacks\gstools\data\gstools\function\hud\enhancedhud_sub\14841_sub\
	                   1	C:\Users\joshp\curseforge\minecraft\Instances\Alive Dev\saves\Desire Paths\datapacks\gstools\data\gstools\function\hud\enhancedhud_sub\14858_sub\
	                   1	C:\Users\joshp\curseforge\minecraft\Instances\Alive Dev\saves\Desire Paths\datapacks\gstools\data\gstools\function\hud\enhancedhud_sub\14875_sub\
	                   1	C:\Users\joshp\curseforge\minecraft\Instances\Alive Dev\saves\Desire Paths\datapacks\gstools\data\gstools\function\hud\enhancedhud_sub\14892_sub\
	                   1	C:\Users\joshp\curseforge\minecraft\Instances\Alive Dev\saves\Desire Paths\datapacks\gstools\data\gstools\function\hud\enhancedhud_sub\14909_sub\
	                   1	C:\Users\joshp\curseforge\minecraft\Instances\Alive Dev\saves\Desire Paths\datapacks\gstools\data\gstools\function\hud\enhancedhud_sub\14926_sub\
	                   1	C:\Users\joshp\curseforge\minecraft\Instances\Alive Dev\saves\Desire Paths\datapacks\gstools\data\gstools\function\hud\enhancedhud_sub\14943_sub\
	                   1	C:\Users\joshp\curseforge\minecraft\Instances\Alive Dev\saves\Desire Paths\datapacks\gstools\data\gstools\function\hud\enhancedhud_sub\14960_sub\
	                   1	C:\Users\joshp\curseforge\minecraft\Instances\Alive Dev\saves\Desire Paths\datapacks\gstools\data\gstools\function\hud\enhancedhud_sub\1496_sub\
	                   1	C:\Users\joshp\curseforge\minecraft\Instances\Alive Dev\saves\Desire Paths\datapacks\gstools\data\gstools\function\hud\enhancedhud_sub\14977_sub\
	                   1	C:\Users\joshp\curseforge\minecraft\Instances\Alive Dev\saves\Desire Paths\datapacks\gstools\data\gstools\function\hud\enhancedhud_sub\14994_sub\
	                   1	C:\Users\joshp\curseforge\minecraft\Instances\Alive Dev\saves\Desire Paths\datapacks\gstools\data\gstools\function\hud\enhancedhud_sub\15011_sub\
	                   1	C:\Users\joshp\curseforge\minecraft\Instances\Alive Dev\saves\Desire Paths\datapacks\gstools\data\gstools\function\hud\enhancedhud_sub\15028_sub\
	                   1	C:\Users\joshp\curseforge\minecraft\Instances\Alive Dev\saves\Desire Paths\datapacks\gstools\data\gstools\function\hud\enhancedhud_sub\15045_sub\
	                   1	C:\Users\joshp\curseforge\minecraft\Instances\Alive Dev\saves\Desire Paths\datapacks\gstools\data\gstools\function\hud\enhancedhud_sub\15062_sub\
	                   1	C:\Users\joshp\curseforge\minecraft\Instances\Alive Dev\saves\Desire Paths\datapacks\gstools\data\gstools\function\hud\enhancedhud_sub\15079_sub\
	                   1	C:\Users\joshp\curseforge\minecraft\Instances\Alive Dev\saves\Desire Paths\datapacks\gstools\data\gstools\function\hud\enhancedhud_sub\15096_sub\
	                   1	C:\Users\joshp\curseforge\minecraft\Instances\Alive Dev\saves\Desire Paths\datapacks\gstools\data\gstools\function\hud\enhancedhud_sub\15113_sub\
	                   1	C:\Users\joshp\curseforge\minecraft\Instances\Alive Dev\saves\Desire Paths\datapacks\gstools\data\gstools\function\hud\enhancedhud_sub\15130_sub\
	                   1	C:\Users\joshp\curseforge\minecraft\Instances\Alive Dev\saves\Desire Paths\datapacks\gstools\data\gstools\function\hud\enhancedhud_sub\1513_sub\
	                   1	C:\Users\joshp\curseforge\minecraft\Instances\Alive Dev\saves\Desire Paths\datapacks\gstools\data\gstools\function\hud\enhancedhud_sub\15147_sub\
	                   1	C:\Users\joshp\curseforge\minecraft\Instances\Alive Dev\saves\Desire Paths\datapacks\gstools\data\gstools\function\hud\enhancedhud_sub\15164_sub\
	                   1	C:\Users\joshp\curseforge\minecraft\Instances\Alive Dev\saves\Desire Paths\datapacks\gstools\data\gstools\function\hud\enhancedhud_sub\15181_sub\
	                   1	C:\Users\joshp\curseforge\minecraft\Instances\Alive Dev\saves\Desire Paths\datapacks\gstools\data\gstools\function\hud\enhancedhud_sub\15198_sub\
	                   1	C:\Users\joshp\curseforge\minecraft\Instances\Alive Dev\saves\Desire Paths\datapacks\gstools\data\gstools\function\hud\enhancedhud_sub\15215_sub\
	                   1	C:\Users\joshp\curseforge\minecraft\Instances\Alive Dev\saves\Desire Paths\datapacks\gstools\data\gstools\function\hud\enhancedhud_sub\15232_sub\
	                   1	C:\Users\joshp\curseforge\minecraft\Instances\Alive Dev\saves\Desire Paths\datapacks\gstools\data\gstools\function\hud\enhancedhud_sub\15249_sub\
	                   1	C:\Users\joshp\curseforge\minecraft\Instances\Alive Dev\saves\Desire Paths\datapacks\gstools\data\gstools\function\hud\enhancedhud_sub\15266_sub\
	                   1	C:\Users\joshp\curseforge\minecraft\Instances\Alive Dev\saves\Desire Paths\datapacks\gstools\data\gstools\function\hud\enhancedhud_sub\15283_sub\
	                   1	C:\Users\joshp\curseforge\minecraft\Instances\Alive Dev\saves\Desire Paths\datapacks\gstools\data\gstools\function\hud\enhancedhud_sub\15300_sub\
	                   1	C:\Users\joshp\curseforge\minecraft\Instances\Alive Dev\saves\Desire Paths\datapacks\gstools\data\gstools\function\hud\enhancedhud_sub\1530_sub\
	                   1	C:\Users\joshp\curseforge\minecraft\Instances\Alive Dev\saves\Desire Paths\datapacks\gstools\data\gstools\function\hud\enhancedhud_sub\15317_sub\
	                   1	C:\Users\joshp\curseforge\minecraft\Instances\Alive Dev\saves\Desire Paths\datapacks\gstools\data\gstools\function\hud\enhancedhud_sub\15334_sub\
	                   1	C:\Users\joshp\curseforge\minecraft\Instances\Alive Dev\saves\Desire Paths\datapacks\gstools\data\gstools\function\hud\enhancedhud_sub\15351_sub\
	                   1	C:\Users\joshp\curseforge\minecraft\Instances\Alive Dev\saves\Desire Paths\datapacks\gstools\data\gstools\function\hud\enhancedhud_sub\15368_sub\
	                   1	C:\Users\joshp\curseforge\minecraft\Instances\Alive Dev\saves\Desire Paths\datapacks\gstools\data\gstools\function\hud\enhancedhud_sub\15385_sub\
	                   1	C:\Users\joshp\curseforge\minecraft\Instances\Alive Dev\saves\Desire Paths\datapacks\gstools\data\gstools\function\hud\enhancedhud_sub\153_sub\
	                   1	C:\Users\joshp\curseforge\minecraft\Instances\Alive Dev\saves\Desire Paths\datapacks\gstools\data\gstools\function\hud\enhancedhud_sub\15402_sub\
	                   1	C:\Users\joshp\curseforge\minecraft\Instances\Alive Dev\saves\Desire Paths\datapacks\gstools\data\gstools\function\hud\enhancedhud_sub\15419_sub\
	                   1	C:\Users\joshp\curseforge\minecraft\Instances\Alive Dev\saves\Desire Paths\datapacks\gstools\data\gstools\function\hud\enhancedhud_sub\15436_sub\
	                   1	C:\Users\joshp\curseforge\minecraft\Instances\Alive Dev\saves\Desire Paths\datapacks\gstools\data\gstools\function\hud\enhancedhud_sub\15453_sub\
	                   1	C:\Users\joshp\curseforge\minecraft\Instances\Alive Dev\saves\Desire Paths\datapacks\gstools\data\gstools\function\hud\enhancedhud_sub\15470_sub\
	                   1	C:\Users\joshp\curseforge\minecraft\Instances\Alive Dev\saves\Desire Paths\datapacks\gstools\data\gstools\function\hud\enhancedhud_sub\1547_sub\
	                   1	C:\Users\joshp\curseforge\minecraft\Instances\Alive Dev\saves\Desire Paths\datapacks\gstools\data\gstools\function\hud\enhancedhud_sub\15487_sub\
	                   1	C:\Users\joshp\curseforge\minecraft\Instances\Alive Dev\saves\Desire Paths\datapacks\gstools\data\gstools\function\hud\enhancedhud_sub\15504_sub\
	                   1	C:\Users\joshp\curseforge\minecraft\Instances\Alive Dev\saves\Desire Paths\datapacks\gstools\data\gstools\function\hud\enhancedhud_sub\15521_sub\
	                   1	C:\Users\joshp\curseforge\minecraft\Instances\Alive Dev\saves\Desire Paths\datapacks\gstools\data\gstools\function\hud\enhancedhud_sub\15538_sub\
	                   1	C:\Users\joshp\curseforge\minecraft\Instances\Alive Dev\saves\Desire Paths\datapacks\gstools\data\gstools\function\hud\enhancedhud_sub\15555_sub\
	                   1	C:\Users\joshp\curseforge\minecraft\Instances\Alive Dev\saves\Desire Paths\datapacks\gstools\data\gstools\function\hud\enhancedhud_sub\15572_sub\
	                   1	C:\Users\joshp\curseforge\minecraft\Instances\Alive Dev\saves\Desire Paths\datapacks\gstools\data\gstools\function\hud\enhancedhud_sub\15589_sub\
	                   1	C:\Users\joshp\curseforge\minecraft\Instances\Alive Dev\saves\Desire Paths\datapacks\gstools\data\gstools\function\hud\enhancedhud_sub\15606_sub\
	                   1	C:\Users\joshp\curseforge\minecraft\Instances\Alive Dev\saves\Desire Paths\datapacks\gstools\data\gstools\function\hud\enhancedhud_sub\15623_sub\
	                   1	C:\Users\joshp\curseforge\minecraft\Instances\Alive Dev\saves\Desire Paths\datapacks\gstools\data\gstools\function\hud\enhancedhud_sub\15640_sub\
	                   1	C:\Users\joshp\curseforge\minecraft\Instances\Alive Dev\saves\Desire Paths\datapacks\gstools\data\gstools\function\hud\enhancedhud_sub\1564_sub\
	                   1	C:\Users\joshp\curseforge\minecraft\Instances\Alive Dev\saves\Desire Paths\datapacks\gstools\data\gstools\function\hud\enhancedhud_sub\15657_sub\
	                   1	C:\Users\joshp\curseforge\minecraft\Instances\Alive Dev\saves\Desire Paths\datapacks\gstools\data\gstools\function\hud\enhancedhud_sub\15674_sub\
	                   1	C:\Users\joshp\curseforge\minecraft\Instances\Alive Dev\saves\Desire Paths\datapacks\gstools\data\gstools\function\hud\enhancedhud_sub\15691_sub\
	                   1	C:\Users\joshp\curseforge\minecraft\Instances\Alive Dev\saves\Desire Paths\datapacks\gstools\data\gstools\function\hud\enhancedhud_sub\15708_sub\
	                   1	C:\Users\joshp\curseforge\minecraft\Instances\Alive Dev\saves\Desire Paths\datapacks\gstools\data\gstools\function\hud\enhancedhud_sub\15725_sub\
	                   1	C:\Users\joshp\curseforge\minecraft\Instances\Alive Dev\saves\Desire Paths\datapacks\gstools\data\gstools\function\hud\enhancedhud_sub\15742_sub\
	                   1	C:\Users\joshp\curseforge\minecraft\Instances\Alive Dev\saves\Desire Paths\datapacks\gstools\data\gstools\function\hud\enhancedhud_sub\15759_sub\
	                   1	C:\Users\joshp\curseforge\minecraft\Instances\Alive Dev\saves\Desire Paths\datapacks\gstools\data\gstools\function\hud\enhancedhud_sub\15776_sub\
	                   1	C:\Users\joshp\curseforge\minecraft\Instances\Alive Dev\saves\Desire Paths\datapacks\gstools\data\gstools\function\hud\enhancedhud_sub\15793_sub\
	                   1	C:\Users\joshp\curseforge\minecraft\Instances\Alive Dev\saves\Desire Paths\datapacks\gstools\data\gstools\function\hud\enhancedhud_sub\15810_sub\
	                   1	C:\Users\joshp\curseforge\minecraft\Instances\Alive Dev\saves\Desire Paths\datapacks\gstools\data\gstools\function\hud\enhancedhud_sub\1581_sub\
	                   1	C:\Users\joshp\curseforge\minecraft\Instances\Alive Dev\saves\Desire Paths\datapacks\gstools\data\gstools\function\hud\enhancedhud_sub\15827_sub\
	                   1	C:\Users\joshp\curseforge\minecraft\Instances\Alive Dev\saves\Desire Paths\datapacks\gstools\data\gstools\function\hud\enhancedhud_sub\15844_sub\
	                   1	C:\Users\joshp\curseforge\minecraft\Instances\Alive Dev\saves\Desire Paths\datapacks\gstools\data\gstools\function\hud\enhancedhud_sub\15861_sub\
	                   1	C:\Users\joshp\curseforge\minecraft\Instances\Alive Dev\saves\Desire Paths\datapacks\gstools\data\gstools\function\hud\enhancedhud_sub\15878_sub\
	                   1	C:\Users\joshp\curseforge\minecraft\Instances\Alive Dev\saves\Desire Paths\datapacks\gstools\data\gstools\function\hud\enhancedhud_sub\15895_sub\
	                   1	C:\Users\joshp\curseforge\minecraft\Instances\Alive Dev\saves\Desire Paths\datapacks\gstools\data\gstools\function\hud\enhancedhud_sub\15912_sub\
	                   1	C:\Users\joshp\curseforge\minecraft\Instances\Alive Dev\saves\Desire Paths\datapacks\gstools\data\gstools\function\hud\enhancedhud_sub\15929_sub\
	                   1	C:\Users\joshp\curseforge\minecraft\Instances\Alive Dev\saves\Desire Paths\datapacks\gstools\data\gstools\function\hud\enhancedhud_sub\15946_sub\
	                   1	C:\Users\joshp\curseforge\minecraft\Instances\Alive Dev\saves\Desire Paths\datapacks\gstools\data\gstools\function\hud\enhancedhud_sub\15963_sub\
	                   1	C:\Users\joshp\curseforge\minecraft\Instances\Alive Dev\saves\Desire Paths\datapacks\gstools\data\gstools\function\hud\enhancedhud_sub\15980_sub\
	                   1	C:\Users\joshp\curseforge\minecraft\Instances\Alive Dev\saves\Desire Paths\datapacks\gstools\data\gstools\function\hud\enhancedhud_sub\1598_sub\
	                   1	C:\Users\joshp\curseforge\minecraft\Instances\Alive Dev\saves\Desire Paths\datapacks\gstools\data\gstools\function\hud\enhancedhud_sub\15997_sub\
	                   1	C:\Users\joshp\curseforge\minecraft\Instances\Alive Dev\saves\Desire Paths\datapacks\gstools\data\gstools\function\hud\enhancedhud_sub\16014_sub\
	                   1	C:\Users\joshp\curseforge\minecraft\Instances\Alive Dev\saves\Desire Paths\datapacks\gstools\data\gstools\function\hud\enhancedhud_sub\16031_sub\
	                   1	C:\Users\joshp\curseforge\minecraft\Instances\Alive Dev\saves\Desire Paths\datapacks\gstools\data\gstools\function\hud\enhancedhud_sub\16048_sub\
	                   1	C:\Users\joshp\curseforge\minecraft\Instances\Alive Dev\saves\Desire Paths\datapacks\gstools\data\gstools\function\hud\enhancedhud_sub\16065_sub\
	                   1	C:\Users\joshp\curseforge\minecraft\Instances\Alive Dev\saves\Desire Paths\datapacks\gstools\data\gstools\function\hud\enhancedhud_sub\16082_sub\
	                   1	C:\Users\joshp\curseforge\minecraft\Instances\Alive Dev\saves\Desire Paths\datapacks\gstools\data\gstools\function\hud\enhancedhud_sub\16099_sub\
	                   1	C:\Users\joshp\curseforge\minecraft\Instances\Alive Dev\saves\Desire Paths\datapacks\gstools\data\gstools\function\hud\enhancedhud_sub\16116_sub\
	                   1	C:\Users\joshp\curseforge\minecraft\Instances\Alive Dev\saves\Desire Paths\datapacks\gstools\data\gstools\function\hud\enhancedhud_sub\16133_sub\
	                   1	C:\Users\joshp\curseforge\minecraft\Instances\Alive Dev\saves\Desire Paths\datapacks\gstools\data\gstools\function\hud\enhancedhud_sub\16150_sub\
	                   1	C:\Users\joshp\curseforge\minecraft\Instances\Alive Dev\saves\Desire Paths\datapacks\gstools\data\gstools\function\hud\enhancedhud_sub\1615_sub\
	                   1	C:\Users\joshp\curseforge\minecraft\Instances\Alive Dev\saves\Desire Paths\datapacks\gstools\data\gstools\function\hud\enhancedhud_sub\16167_sub\
	                   1	C:\Users\joshp\curseforge\minecraft\Instances\Alive Dev\saves\Desire Paths\datapacks\gstools\data\gstools\function\hud\enhancedhud_sub\16184_sub\
	                   1	C:\Users\joshp\curseforge\minecraft\Instances\Alive Dev\saves\Desire Paths\datapacks\gstools\data\gstools\function\hud\enhancedhud_sub\16201_sub\
	                   1	C:\Users\joshp\curseforge\minecraft\Instances\Alive Dev\saves\Desire Paths\datapacks\gstools\data\gstools\function\hud\enhancedhud_sub\16218_sub\
	                   1	C:\Users\joshp\curseforge\minecraft\Instances\Alive Dev\saves\Desire Paths\datapacks\gstools\data\gstools\function\hud\enhancedhud_sub\16235_sub\
	                   1	C:\Users\joshp\curseforge\minecraft\Instances\Alive Dev\saves\Desire Paths\datapacks\gstools\data\gstools\function\hud\enhancedhud_sub\16252_sub\
	                   1	C:\Users\joshp\curseforge\minecraft\Instances\Alive Dev\saves\Desire Paths\datapacks\gstools\data\gstools\function\hud\enhancedhud_sub\16269_sub\
	                   1	C:\Users\joshp\curseforge\minecraft\Instances\Alive Dev\saves\Desire Paths\datapacks\gstools\data\gstools\function\hud\enhancedhud_sub\16286_sub\
	                   1	C:\Users\joshp\curseforge\minecraft\Instances\Alive Dev\saves\Desire Paths\datapacks\gstools\data\gstools\function\hud\enhancedhud_sub\16303_sub\
	                   1	C:\Users\joshp\curseforge\minecraft\Instances\Alive Dev\saves\Desire Paths\datapacks\gstools\data\gstools\function\hud\enhancedhud_sub\16320_sub\
	                   1	C:\Users\joshp\curseforge\minecraft\Instances\Alive Dev\saves\Desire Paths\datapacks\gstools\data\gstools\function\hud\enhancedhud_sub\1632_sub\
	                   1	C:\Users\joshp\curseforge\minecraft\Instances\Alive Dev\saves\Desire Paths\datapacks\gstools\data\gstools\function\hud\enhancedhud_sub\16337_sub\
	                   1	C:\Users\joshp\curseforge\minecraft\Instances\Alive Dev\saves\Desire Paths\datapacks\gstools\data\gstools\function\hud\enhancedhud_sub\16354_sub\
	                   1	C:\Users\joshp\curseforge\minecraft\Instances\Alive Dev\saves\Desire Paths\datapacks\gstools\data\gstools\function\hud\enhancedhud_sub\16371_sub\
	                   1	C:\Users\joshp\curseforge\minecraft\Instances\Alive Dev\saves\Desire Paths\datapacks\gstools\data\gstools\function\hud\enhancedhud_sub\16388_sub\
	                   1	C:\Users\joshp\curseforge\minecraft\Instances\Alive Dev\saves\Desire Paths\datapacks\gstools\data\gstools\function\hud\enhancedhud_sub\16405_sub\
	                   1	C:\Users\joshp\curseforge\minecraft\Instances\Alive Dev\saves\Desire Paths\datapacks\gstools\data\gstools\function\hud\enhancedhud_sub\16422_sub\
	                   1	C:\Users\joshp\curseforge\minecraft\Instances\Alive Dev\saves\Desire Paths\datapacks\gstools\data\gstools\function\hud\enhancedhud_sub\16439_sub\
	                   1	C:\Users\joshp\curseforge\minecraft\Instances\Alive Dev\saves\Desire Paths\datapacks\gstools\data\gstools\function\hud\enhancedhud_sub\16456_sub\
	                   1	C:\Users\joshp\curseforge\minecraft\Instances\Alive Dev\saves\Desire Paths\datapacks\gstools\data\gstools\function\hud\enhancedhud_sub\16473_sub\
	                   1	C:\Users\joshp\curseforge\minecraft\Instances\Alive Dev\saves\Desire Paths\datapacks\gstools\data\gstools\function\hud\enhancedhud_sub\16490_sub\
	                   1	C:\Users\joshp\curseforge\minecraft\Instances\Alive Dev\saves\Desire Paths\datapacks\gstools\data\gstools\function\hud\enhancedhud_sub\1649_sub\
	                   1	C:\Users\joshp\curseforge\minecraft\Instances\Alive Dev\saves\Desire Paths\datapacks\gstools\data\gstools\function\hud\enhancedhud_sub\16507_sub\
	                   1	C:\Users\joshp\curseforge\minecraft\Instances\Alive Dev\saves\Desire Paths\datapacks\gstools\data\gstools\function\hud\enhancedhud_sub\16524_sub\
	                   1	C:\Users\joshp\curseforge\minecraft\Instances\Alive Dev\saves\Desire Paths\datapacks\gstools\data\gstools\function\hud\enhancedhud_sub\16541_sub\
	                   1	C:\Users\joshp\curseforge\minecraft\Instances\Alive Dev\saves\Desire Paths\datapacks\gstools\data\gstools\function\hud\enhancedhud_sub\16558_sub\
	                   1	C:\Users\joshp\curseforge\minecraft\Instances\Alive Dev\saves\Desire Paths\datapacks\gstools\data\gstools\function\hud\enhancedhud_sub\16575_sub\
	                   1	C:\Users\joshp\curseforge\minecraft\Instances\Alive Dev\saves\Desire Paths\datapacks\gstools\data\gstools\function\hud\enhancedhud_sub\16592_sub\
	                   1	C:\Users\joshp\curseforge\minecraft\Instances\Alive Dev\saves\Desire Paths\datapacks\gstools\data\gstools\function\hud\enhancedhud_sub\16609_sub\
	                   1	C:\Users\joshp\curseforge\minecraft\Instances\Alive Dev\saves\Desire Paths\datapacks\gstools\data\gstools\function\hud\enhancedhud_sub\16626_sub\
	                   1	C:\Users\joshp\curseforge\minecraft\Instances\Alive Dev\saves\Desire Paths\datapacks\gstools\data\gstools\function\hud\enhancedhud_sub\16643_sub\
	                   1	C:\Users\joshp\curseforge\minecraft\Instances\Alive Dev\saves\Desire Paths\datapacks\gstools\data\gstools\function\hud\enhancedhud_sub\16660_sub\
	                   1	C:\Users\joshp\curseforge\minecraft\Instances\Alive Dev\saves\Desire Paths\datapacks\gstools\data\gstools\function\hud\enhancedhud_sub\1666_sub\
	                   1	C:\Users\joshp\curseforge\minecraft\Instances\Alive Dev\saves\Desire Paths\datapacks\gstools\data\gstools\function\hud\enhancedhud_sub\16677_sub\
	                   1	C:\Users\joshp\curseforge\minecraft\Instances\Alive Dev\saves\Desire Paths\datapacks\gstools\data\gstools\function\hud\enhancedhud_sub\16694_sub\
	                   1	C:\Users\joshp\curseforge\minecraft\Instances\Alive Dev\saves\Desire Paths\datapacks\gstools\data\gstools\function\hud\enhancedhud_sub\16711_sub\
	                   1	C:\Users\joshp\curseforge\minecraft\Instances\Alive Dev\saves\Desire Paths\datapacks\gstools\data\gstools\function\hud\enhancedhud_sub\16728_sub\
	                   1	C:\Users\joshp\curseforge\minecraft\Instances\Alive Dev\saves\Desire Paths\datapacks\gstools\data\gstools\function\hud\enhancedhud_sub\16745_sub\
	                   1	C:\Users\joshp\curseforge\minecraft\Instances\Alive Dev\saves\Desire Paths\datapacks\gstools\data\gstools\function\hud\enhancedhud_sub\16762_sub\
	                   1	C:\Users\joshp\curseforge\minecraft\Instances\Alive Dev\saves\Desire Paths\datapacks\gstools\data\gstools\function\hud\enhancedhud_sub\16779_sub\
	                   1	C:\Users\joshp\curseforge\minecraft\Instances\Alive Dev\saves\Desire Paths\datapacks\gstools\data\gstools\function\hud\enhancedhud_sub\16796_sub\
	                   1	C:\Users\joshp\curseforge\minecraft\Instances\Alive Dev\saves\Desire Paths\datapacks\gstools\data\gstools\function\hud\enhancedhud_sub\16813_sub\
	                   1	C:\Users\joshp\curseforge\minecraft\Instances\Alive Dev\saves\Desire Paths\datapacks\gstools\data\gstools\function\hud\enhancedhud_sub\16830_sub\
	                   1	C:\Users\joshp\curseforge\minecraft\Instances\Alive Dev\saves\Desire Paths\datapacks\gstools\data\gstools\function\hud\enhancedhud_sub\1683_sub\
	                   1	C:\Users\joshp\curseforge\minecraft\Instances\Alive Dev\saves\Desire Paths\datapacks\gstools\data\gstools\function\hud\enhancedhud_sub\16847_sub\
	                   1	C:\Users\joshp\curseforge\minecraft\Instances\Alive Dev\saves\Desire Paths\datapacks\gstools\data\gstools\function\hud\enhancedhud_sub\16864_sub\
	                   1	C:\Users\joshp\curseforge\minecraft\Instances\Alive Dev\saves\Desire Paths\datapacks\gstools\data\gstools\function\hud\enhancedhud_sub\16881_sub\
	                   1	C:\Users\joshp\curseforge\minecraft\Instances\Alive Dev\saves\Desire Paths\datapacks\gstools\data\gstools\function\hud\enhancedhud_sub\16898_sub\
	                   1	C:\Users\joshp\curseforge\minecraft\Instances\Alive Dev\saves\Desire Paths\datapacks\gstools\data\gstools\function\hud\enhancedhud_sub\16915_sub\
	                   1	C:\Users\joshp\curseforge\minecraft\Instances\Alive Dev\saves\Desire Paths\datapacks\gstools\data\gstools\function\hud\enhancedhud_sub\16932_sub\
	                   1	C:\Users\joshp\curseforge\minecraft\Instances\Alive Dev\saves\Desire Paths\datapacks\gstools\data\gstools\function\hud\enhancedhud_sub\16949_sub\
	                   1	C:\Users\joshp\curseforge\minecraft\Instances\Alive Dev\saves\Desire Paths\datapacks\gstools\data\gstools\function\hud\enhancedhud_sub\16966_sub\
	                   1	C:\Users\joshp\curseforge\minecraft\Instances\Alive Dev\saves\Desire Paths\datapacks\gstools\data\gstools\function\hud\enhancedhud_sub\16983_sub\
	                   1	C:\Users\joshp\curseforge\minecraft\Instances\Alive Dev\saves\Desire Paths\datapacks\gstools\data\gstools\function\hud\enhancedhud_sub\17000_sub\
	                   1	C:\Users\joshp\curseforge\minecraft\Instances\Alive Dev\saves\Desire Paths\datapacks\gstools\data\gstools\function\hud\enhancedhud_sub\1700_sub\
	                   1	C:\Users\joshp\curseforge\minecraft\Instances\Alive Dev\saves\Desire Paths\datapacks\gstools\data\gstools\function\hud\enhancedhud_sub\17017_sub\
	                   1	C:\Users\joshp\curseforge\minecraft\Instances\Alive Dev\saves\Desire Paths\datapacks\gstools\data\gstools\function\hud\enhancedhud_sub\17034_sub\
	                   1	C:\Users\joshp\curseforge\minecraft\Instances\Alive Dev\saves\Desire Paths\datapacks\gstools\data\gstools\function\hud\enhancedhud_sub\17051_sub\
	                   1	C:\Users\joshp\curseforge\minecraft\Instances\Alive Dev\saves\Desire Paths\datapacks\gstools\data\gstools\function\hud\enhancedhud_sub\17068_sub\
	                   1	C:\Users\joshp\curseforge\minecraft\Instances\Alive Dev\saves\Desire Paths\datapacks\gstools\data\gstools\function\hud\enhancedhud_sub\17085_sub\
	                   1	C:\Users\joshp\curseforge\minecraft\Instances\Alive Dev\saves\Desire Paths\datapacks\gstools\data\gstools\function\hud\enhancedhud_sub\170_sub\
	                   1	C:\Users\joshp\curseforge\minecraft\Instances\Alive Dev\saves\Desire Paths\datapacks\gstools\data\gstools\function\hud\enhancedhud_sub\17102_sub\
	                   1	C:\Users\joshp\curseforge\minecraft\Instances\Alive Dev\saves\Desire Paths\datapacks\gstools\data\gstools\function\hud\enhancedhud_sub\17119_sub\
	                   1	C:\Users\joshp\curseforge\minecraft\Instances\Alive Dev\saves\Desire Paths\datapacks\gstools\data\gstools\function\hud\enhancedhud_sub\17136_sub\
	                   1	C:\Users\joshp\curseforge\minecraft\Instances\Alive Dev\saves\Desire Paths\datapacks\gstools\data\gstools\function\hud\enhancedhud_sub\17153_sub\
	                   1	C:\Users\joshp\curseforge\minecraft\Instances\Alive Dev\saves\Desire Paths\datapacks\gstools\data\gstools\function\hud\enhancedhud_sub\17170_sub\
	                   1	C:\Users\joshp\curseforge\minecraft\Instances\Alive Dev\saves\Desire Paths\datapacks\gstools\data\gstools\function\hud\enhancedhud_sub\1717_sub\
	                   1	C:\Users\joshp\curseforge\minecraft\Instances\Alive Dev\saves\Desire Paths\datapacks\gstools\data\gstools\function\hud\enhancedhud_sub\17187_sub\
	                   1	C:\Users\joshp\curseforge\minecraft\Instances\Alive Dev\saves\Desire Paths\datapacks\gstools\data\gstools\function\hud\enhancedhud_sub\17204_sub\
	                   1	C:\Users\joshp\curseforge\minecraft\Instances\Alive Dev\saves\Desire Paths\datapacks\gstools\data\gstools\function\hud\enhancedhud_sub\17221_sub\
	                   1	C:\Users\joshp\curseforge\minecraft\Instances\Alive Dev\saves\Desire Paths\datapacks\gstools\data\gstools\function\hud\enhancedhud_sub\17238_sub\
	                   1	C:\Users\joshp\curseforge\minecraft\Instances\Alive Dev\saves\Desire Paths\datapacks\gstools\data\gstools\function\hud\enhancedhud_sub\17255_sub\
	                   1	C:\Users\joshp\curseforge\minecraft\Instances\Alive Dev\saves\Desire Paths\datapacks\gstools\data\gstools\function\hud\enhancedhud_sub\17272_sub\
	                   1	C:\Users\joshp\curseforge\minecraft\Instances\Alive Dev\saves\Desire Paths\datapacks\gstools\data\gstools\function\hud\enhancedhud_sub\17289_sub\
	                   1	C:\Users\joshp\curseforge\minecraft\Instances\Alive Dev\saves\Desire Paths\datapacks\gstools\data\gstools\function\hud\enhancedhud_sub\17306_sub\
	                   1	C:\Users\joshp\curseforge\minecraft\Instances\Alive Dev\saves\Desire Paths\datapacks\gstools\data\gstools\function\hud\enhancedhud_sub\17323_sub\
	                   1	C:\Users\joshp\curseforge\minecraft\Instances\Alive Dev\saves\Desire Paths\datapacks\gstools\data\gstools\function\hud\enhancedhud_sub\17340_sub\
	                   1	C:\Users\joshp\curseforge\minecraft\Instances\Alive Dev\saves\Desire Paths\datapacks\gstools\data\gstools\function\hud\enhancedhud_sub\1734_sub\
	                   1	C:\Users\joshp\curseforge\minecraft\Instances\Alive Dev\saves\Desire Paths\datapacks\gstools\data\gstools\function\hud\enhancedhud_sub\17357_sub\
	                   1	C:\Users\joshp\curseforge\minecraft\Instances\Alive Dev\saves\Desire Paths\datapacks\gstools\data\gstools\function\hud\enhancedhud_sub\17374_sub\
	                   1	C:\Users\joshp\curseforge\minecraft\Instances\Alive Dev\saves\Desire Paths\datapacks\gstools\data\gstools\function\hud\enhancedhud_sub\17391_sub\
	                   1	C:\Users\joshp\curseforge\minecraft\Instances\Alive Dev\saves\Desire Paths\datapacks\gstools\data\gstools\function\hud\enhancedhud_sub\17408_sub\
	                   1	C:\Users\joshp\curseforge\minecraft\Instances\Alive Dev\saves\Desire Paths\datapacks\gstools\data\gstools\function\hud\enhancedhud_sub\17425_sub\
	                   1	C:\Users\joshp\curseforge\minecraft\Instances\Alive Dev\saves\Desire Paths\datapacks\gstools\data\gstools\function\hud\enhancedhud_sub\17442_sub\
	                   1	C:\Users\joshp\curseforge\minecraft\Instances\Alive Dev\saves\Desire Paths\datapacks\gstools\data\gstools\function\hud\enhancedhud_sub\17459_sub\
	                   1	C:\Users\joshp\curseforge\minecraft\Instances\Alive Dev\saves\Desire Paths\datapacks\gstools\data\gstools\function\hud\enhancedhud_sub\17476_sub\
	                   1	C:\Users\joshp\curseforge\minecraft\Instances\Alive Dev\saves\Desire Paths\datapacks\gstools\data\gstools\function\hud\enhancedhud_sub\17493_sub\
	                   1	C:\Users\joshp\curseforge\minecraft\Instances\Alive Dev\saves\Desire Paths\datapacks\gstools\data\gstools\function\hud\enhancedhud_sub\17510_sub\
	                   1	C:\Users\joshp\curseforge\minecraft\Instances\Alive Dev\saves\Desire Paths\datapacks\gstools\data\gstools\function\hud\enhancedhud_sub\1751_sub\
	                   1	C:\Users\joshp\curseforge\minecraft\Instances\Alive Dev\saves\Desire Paths\datapacks\gstools\data\gstools\function\hud\enhancedhud_sub\17527_sub\
	                   1	C:\Users\joshp\curseforge\minecraft\Instances\Alive Dev\saves\Desire Paths\datapacks\gstools\data\gstools\function\hud\enhancedhud_sub\17544_sub\
	                   1	C:\Users\joshp\curseforge\minecraft\Instances\Alive Dev\saves\Desire Paths\datapacks\gstools\data\gstools\function\hud\enhancedhud_sub\17561_sub\
	                   1	C:\Users\joshp\curseforge\minecraft\Instances\Alive Dev\saves\Desire Paths\datapacks\gstools\data\gstools\function\hud\enhancedhud_sub\17578_sub\
	                   1	C:\Users\joshp\curseforge\minecraft\Instances\Alive Dev\saves\Desire Paths\datapacks\gstools\data\gstools\function\hud\enhancedhud_sub\17595_sub\
	                   1	C:\Users\joshp\curseforge\minecraft\Instances\Alive Dev\saves\Desire Paths\datapacks\gstools\data\gstools\function\hud\enhancedhud_sub\17612_sub\
	                   1	C:\Users\joshp\curseforge\minecraft\Instances\Alive Dev\saves\Desire Paths\datapacks\gstools\data\gstools\function\hud\enhancedhud_sub\17629_sub\
	                   1	C:\Users\joshp\curseforge\minecraft\Instances\Alive Dev\saves\Desire Paths\datapacks\gstools\data\gstools\function\hud\enhancedhud_sub\17646_sub\
	                   1	C:\Users\joshp\curseforge\minecraft\Instances\Alive Dev\saves\Desire Paths\datapacks\gstools\data\gstools\function\hud\enhancedhud_sub\17663_sub\
	                   1	C:\Users\joshp\curseforge\minecraft\Instances\Alive Dev\saves\Desire Paths\datapacks\gstools\data\gstools\function\hud\enhancedhud_sub\17680_sub\
	                   1	C:\Users\joshp\curseforge\minecraft\Instances\Alive Dev\saves\Desire Paths\datapacks\gstools\data\gstools\function\hud\enhancedhud_sub\1768_sub\
	                   1	C:\Users\joshp\curseforge\minecraft\Instances\Alive Dev\saves\Desire Paths\datapacks\gstools\data\gstools\function\hud\enhancedhud_sub\17697_sub\
	                   1	C:\Users\joshp\curseforge\minecraft\Instances\Alive Dev\saves\Desire Paths\datapacks\gstools\data\gstools\function\hud\enhancedhud_sub\17714_sub\
	                   1	C:\Users\joshp\curseforge\minecraft\Instances\Alive Dev\saves\Desire Paths\datapacks\gstools\data\gstools\function\hud\enhancedhud_sub\17731_sub\
	                   1	C:\Users\joshp\curseforge\minecraft\Instances\Alive Dev\saves\Desire Paths\datapacks\gstools\data\gstools\function\hud\enhancedhud_sub\17748_sub\
	                   1	C:\Users\joshp\curseforge\minecraft\Instances\Alive Dev\saves\Desire Paths\datapacks\gstools\data\gstools\function\hud\enhancedhud_sub\17765_sub\
	                   1	C:\Users\joshp\curseforge\minecraft\Instances\Alive Dev\saves\Desire Paths\datapacks\gstools\data\gstools\function\hud\enhancedhud_sub\17782_sub\
	                   1	C:\Users\joshp\curseforge\minecraft\Instances\Alive Dev\saves\Desire Paths\datapacks\gstools\data\gstools\function\hud\enhancedhud_sub\17799_sub\
	                   1	C:\Users\joshp\curseforge\minecraft\Instances\Alive Dev\saves\Desire Paths\datapacks\gstools\data\gstools\function\hud\enhancedhud_sub\17816_sub\
	                   1	C:\Users\joshp\curseforge\minecraft\Instances\Alive Dev\saves\Desire Paths\datapacks\gstools\data\gstools\function\hud\enhancedhud_sub\17833_sub\
	                   1	C:\Users\joshp\curseforge\minecraft\Instances\Alive Dev\saves\Desire Paths\datapacks\gstools\data\gstools\function\hud\enhancedhud_sub\17850_sub\
	                   1	C:\Users\joshp\curseforge\minecraft\Instances\Alive Dev\saves\Desire Paths\datapacks\gstools\data\gstools\function\hud\enhancedhud_sub\1785_sub\
	                   1	C:\Users\joshp\curseforge\minecraft\Instances\Alive Dev\saves\Desire Paths\datapacks\gstools\data\gstools\function\hud\enhancedhud_sub\17867_sub\
	                   1	C:\Users\joshp\curseforge\minecraft\Instances\Alive Dev\saves\Desire Paths\datapacks\gstools\data\gstools\function\hud\enhancedhud_sub\17884_sub\
	                   1	C:\Users\joshp\curseforge\minecraft\Instances\Alive Dev\saves\Desire Paths\datapacks\gstools\data\gstools\function\hud\enhancedhud_sub\17901_sub\
	                   1	C:\Users\joshp\curseforge\minecraft\Instances\Alive Dev\saves\Desire Paths\datapacks\gstools\data\gstools\function\hud\enhancedhud_sub\17918_sub\
	                   1	C:\Users\joshp\curseforge\minecraft\Instances\Alive Dev\saves\Desire Paths\datapacks\gstools\data\gstools\function\hud\enhancedhud_sub\17935_sub\
	                   1	C:\Users\joshp\curseforge\minecraft\Instances\Alive Dev\saves\Desire Paths\datapacks\gstools\data\gstools\function\hud\enhancedhud_sub\17952_sub\
	                   1	C:\Users\joshp\curseforge\minecraft\Instances\Alive Dev\saves\Desire Paths\datapacks\gstools\data\gstools\function\hud\enhancedhud_sub\17969_sub\
	                   1	C:\Users\joshp\curseforge\minecraft\Instances\Alive Dev\saves\Desire Paths\datapacks\gstools\data\gstools\function\hud\enhancedhud_sub\17986_sub\
	                   1	C:\Users\joshp\curseforge\minecraft\Instances\Alive Dev\saves\Desire Paths\datapacks\gstools\data\gstools\function\hud\enhancedhud_sub\17_sub\
	                   1	C:\Users\joshp\curseforge\minecraft\Instances\Alive Dev\saves\Desire Paths\datapacks\gstools\data\gstools\function\hud\enhancedhud_sub\18003_sub\
	                   1	C:\Users\joshp\curseforge\minecraft\Instances\Alive Dev\saves\Desire Paths\datapacks\gstools\data\gstools\function\hud\enhancedhud_sub\18020_sub\
	                   1	C:\Users\joshp\curseforge\minecraft\Instances\Alive Dev\saves\Desire Paths\datapacks\gstools\data\gstools\function\hud\enhancedhud_sub\1802_sub\
	                   1	C:\Users\joshp\curseforge\minecraft\Instances\Alive Dev\saves\Desire Paths\datapacks\gstools\data\gstools\function\hud\enhancedhud_sub\18037_sub\
	                   1	C:\Users\joshp\curseforge\minecraft\Instances\Alive Dev\saves\Desire Paths\datapacks\gstools\data\gstools\function\hud\enhancedhud_sub\18054_sub\
	                   1	C:\Users\joshp\curseforge\minecraft\Instances\Alive Dev\saves\Desire Paths\datapacks\gstools\data\gstools\function\hud\enhancedhud_sub\18071_sub\
	                   1	C:\Users\joshp\curseforge\minecraft\Instances\Alive Dev\saves\Desire Paths\datapacks\gstools\data\gstools\function\hud\enhancedhud_sub\18088_sub\
	                   1	C:\Users\joshp\curseforge\minecraft\Instances\Alive Dev\saves\Desire Paths\datapacks\gstools\data\gstools\function\hud\enhancedhud_sub\18105_sub\
	                   1	C:\Users\joshp\curseforge\minecraft\Instances\Alive Dev\saves\Desire Paths\datapacks\gstools\data\gstools\function\hud\enhancedhud_sub\18122_sub\
	                   1	C:\Users\joshp\curseforge\minecraft\Instances\Alive Dev\saves\Desire Paths\datapacks\gstools\data\gstools\function\hud\enhancedhud_sub\18139_sub\
	                   1	C:\Users\joshp\curseforge\minecraft\Instances\Alive Dev\saves\Desire Paths\datapacks\gstools\data\gstools\function\hud\enhancedhud_sub\18156_sub\
	                   1	C:\Users\joshp\curseforge\minecraft\Instances\Alive Dev\saves\Desire Paths\datapacks\gstools\data\gstools\function\hud\enhancedhud_sub\18173_sub\
	                   1	C:\Users\joshp\curseforge\minecraft\Instances\Alive Dev\saves\Desire Paths\datapacks\gstools\data\gstools\function\hud\enhancedhud_sub\18190_sub\
	                   1	C:\Users\joshp\curseforge\minecraft\Instances\Alive Dev\saves\Desire Paths\datapacks\gstools\data\gstools\function\hud\enhancedhud_sub\1819_sub\
	                   1	C:\Users\joshp\curseforge\minecraft\Instances\Alive Dev\saves\Desire Paths\datapacks\gstools\data\gstools\function\hud\enhancedhud_sub\1836_sub\
	                   1	C:\Users\joshp\curseforge\minecraft\Instances\Alive Dev\saves\Desire Paths\datapacks\gstools\data\gstools\function\hud\enhancedhud_sub\1853_sub\
	                   1	C:\Users\joshp\curseforge\minecraft\Instances\Alive Dev\saves\Desire Paths\datapacks\gstools\data\gstools\function\hud\enhancedhud_sub\1870_sub\
	                   1	C:\Users\joshp\curseforge\minecraft\Instances\Alive Dev\saves\Desire Paths\datapacks\gstools\data\gstools\function\hud\enhancedhud_sub\187_sub\
	                   1	C:\Users\joshp\curseforge\minecraft\Instances\Alive Dev\saves\Desire Paths\datapacks\gstools\data\gstools\function\hud\enhancedhud_sub\1887_sub\
	                   1	C:\Users\joshp\curseforge\minecraft\Instances\Alive Dev\saves\Desire Paths\datapacks\gstools\data\gstools\function\hud\enhancedhud_sub\1904_sub\
	                   1	C:\Users\joshp\curseforge\minecraft\Instances\Alive Dev\saves\Desire Paths\datapacks\gstools\data\gstools\function\hud\enhancedhud_sub\1921_sub\
	                   1	C:\Users\joshp\curseforge\minecraft\Instances\Alive Dev\saves\Desire Paths\datapacks\gstools\data\gstools\function\hud\enhancedhud_sub\1938_sub\
	                   1	C:\Users\joshp\curseforge\minecraft\Instances\Alive Dev\saves\Desire Paths\datapacks\gstools\data\gstools\function\hud\enhancedhud_sub\1955_sub\
	                   1	C:\Users\joshp\curseforge\minecraft\Instances\Alive Dev\saves\Desire Paths\datapacks\gstools\data\gstools\function\hud\enhancedhud_sub\1972_sub\
	                   1	C:\Users\joshp\curseforge\minecraft\Instances\Alive Dev\saves\Desire Paths\datapacks\gstools\data\gstools\function\hud\enhancedhud_sub\1989_sub\
	                   1	C:\Users\joshp\curseforge\minecraft\Instances\Alive Dev\saves\Desire Paths\datapacks\gstools\data\gstools\function\hud\enhancedhud_sub\2006_sub\
	                   1	C:\Users\joshp\curseforge\minecraft\Instances\Alive Dev\saves\Desire Paths\datapacks\gstools\data\gstools\function\hud\enhancedhud_sub\2023_sub\
	                   1	C:\Users\joshp\curseforge\minecraft\Instances\Alive Dev\saves\Desire Paths\datapacks\gstools\data\gstools\function\hud\enhancedhud_sub\2040_sub\
	                   1	C:\Users\joshp\curseforge\minecraft\Instances\Alive Dev\saves\Desire Paths\datapacks\gstools\data\gstools\function\hud\enhancedhud_sub\204_sub\
	                   1	C:\Users\joshp\curseforge\minecraft\Instances\Alive Dev\saves\Desire Paths\datapacks\gstools\data\gstools\function\hud\enhancedhud_sub\2057_sub\
	                   1	C:\Users\joshp\curseforge\minecraft\Instances\Alive Dev\saves\Desire Paths\datapacks\gstools\data\gstools\function\hud\enhancedhud_sub\2074_sub\
	                   1	C:\Users\joshp\curseforge\minecraft\Instances\Alive Dev\saves\Desire Paths\datapacks\gstools\data\gstools\function\hud\enhancedhud_sub\2091_sub\
	                   1	C:\Users\joshp\curseforge\minecraft\Instances\Alive Dev\saves\Desire Paths\datapacks\gstools\data\gstools\function\hud\enhancedhud_sub\2108_sub\
	                   1	C:\Users\joshp\curseforge\minecraft\Instances\Alive Dev\saves\Desire Paths\datapacks\gstools\data\gstools\function\hud\enhancedhud_sub\2125_sub\
	                   1	C:\Users\joshp\curseforge\minecraft\Instances\Alive Dev\saves\Desire Paths\datapacks\gstools\data\gstools\function\hud\enhancedhud_sub\2142_sub\
	                   1	C:\Users\joshp\curseforge\minecraft\Instances\Alive Dev\saves\Desire Paths\datapacks\gstools\data\gstools\function\hud\enhancedhud_sub\2159_sub\
	                   1	C:\Users\joshp\curseforge\minecraft\Instances\Alive Dev\saves\Desire Paths\datapacks\gstools\data\gstools\function\hud\enhancedhud_sub\2176_sub\
	                   1	C:\Users\joshp\curseforge\minecraft\Instances\Alive Dev\saves\Desire Paths\datapacks\gstools\data\gstools\function\hud\enhancedhud_sub\2193_sub\
	                   1	C:\Users\joshp\curseforge\minecraft\Instances\Alive Dev\saves\Desire Paths\datapacks\gstools\data\gstools\function\hud\enhancedhud_sub\2210_sub\
	                   1	C:\Users\joshp\curseforge\minecraft\Instances\Alive Dev\saves\Desire Paths\datapacks\gstools\data\gstools\function\hud\enhancedhud_sub\221_sub\
	                   1	C:\Users\joshp\curseforge\minecraft\Instances\Alive Dev\saves\Desire Paths\datapacks\gstools\data\gstools\function\hud\enhancedhud_sub\2227_sub\
	                   1	C:\Users\joshp\curseforge\minecraft\Instances\Alive Dev\saves\Desire Paths\datapacks\gstools\data\gstools\function\hud\enhancedhud_sub\2244_sub\
	                   1	C:\Users\joshp\curseforge\minecraft\Instances\Alive Dev\saves\Desire Paths\datapacks\gstools\data\gstools\function\hud\enhancedhud_sub\2261_sub\
	                   1	C:\Users\joshp\curseforge\minecraft\Instances\Alive Dev\saves\Desire Paths\datapacks\gstools\data\gstools\function\hud\enhancedhud_sub\2278_sub\
	                   1	C:\Users\joshp\curseforge\minecraft\Instances\Alive Dev\saves\Desire Paths\datapacks\gstools\data\gstools\function\hud\enhancedhud_sub\2295_sub\
	                   1	C:\Users\joshp\curseforge\minecraft\Instances\Alive Dev\saves\Desire Paths\datapacks\gstools\data\gstools\function\hud\enhancedhud_sub\2312_sub\
	                   1	C:\Users\joshp\curseforge\minecraft\Instances\Alive Dev\saves\Desire Paths\datapacks\gstools\data\gstools\function\hud\enhancedhud_sub\2329_sub\
	                   1	C:\Users\joshp\curseforge\minecraft\Instances\Alive Dev\saves\Desire Paths\datapacks\gstools\data\gstools\function\hud\enhancedhud_sub\2346_sub\
	                   1	C:\Users\joshp\curseforge\minecraft\Instances\Alive Dev\saves\Desire Paths\datapacks\gstools\data\gstools\function\hud\enhancedhud_sub\2363_sub\
	                   1	C:\Users\joshp\curseforge\minecraft\Instances\Alive Dev\saves\Desire Paths\datapacks\gstools\data\gstools\function\hud\enhancedhud_sub\2380_sub\
	                   1	C:\Users\joshp\curseforge\minecraft\Instances\Alive Dev\saves\Desire Paths\datapacks\gstools\data\gstools\function\hud\enhancedhud_sub\238_sub\
	                   1	C:\Users\joshp\curseforge\minecraft\Instances\Alive Dev\saves\Desire Paths\datapacks\gstools\data\gstools\function\hud\enhancedhud_sub\2397_sub\
	                   1	C:\Users\joshp\curseforge\minecraft\Instances\Alive Dev\saves\Desire Paths\datapacks\gstools\data\gstools\function\hud\enhancedhud_sub\2414_sub\
	                   1	C:\Users\joshp\curseforge\minecraft\Instances\Alive Dev\saves\Desire Paths\datapacks\gstools\data\gstools\function\hud\enhancedhud_sub\2431_sub\
	                   1	C:\Users\joshp\curseforge\minecraft\Instances\Alive Dev\saves\Desire Paths\datapacks\gstools\data\gstools\function\hud\enhancedhud_sub\2448_sub\
	                   1	C:\Users\joshp\curseforge\minecraft\Instances\Alive Dev\saves\Desire Paths\datapacks\gstools\data\gstools\function\hud\enhancedhud_sub\2465_sub\
	                   1	C:\Users\joshp\curseforge\minecraft\Instances\Alive Dev\saves\Desire Paths\datapacks\gstools\data\gstools\function\hud\enhancedhud_sub\2482_sub\
	                   1	C:\Users\joshp\curseforge\minecraft\Instances\Alive Dev\saves\Desire Paths\datapacks\gstools\data\gstools\function\hud\enhancedhud_sub\2499_sub\
	                   1	C:\Users\joshp\curseforge\minecraft\Instances\Alive Dev\saves\Desire Paths\datapacks\gstools\data\gstools\function\hud\enhancedhud_sub\2516_sub\
	                   1	C:\Users\joshp\curseforge\minecraft\Instances\Alive Dev\saves\Desire Paths\datapacks\gstools\data\gstools\function\hud\enhancedhud_sub\2533_sub\
	                   1	C:\Users\joshp\curseforge\minecraft\Instances\Alive Dev\saves\Desire Paths\datapacks\gstools\data\gstools\function\hud\enhancedhud_sub\2550_sub\
	                   1	C:\Users\joshp\curseforge\minecraft\Instances\Alive Dev\saves\Desire Paths\datapacks\gstools\data\gstools\function\hud\enhancedhud_sub\255_sub\
	                   1	C:\Users\joshp\curseforge\minecraft\Instances\Alive Dev\saves\Desire Paths\datapacks\gstools\data\gstools\function\hud\enhancedhud_sub\2567_sub\
	                   1	C:\Users\joshp\curseforge\minecraft\Instances\Alive Dev\saves\Desire Paths\datapacks\gstools\data\gstools\function\hud\enhancedhud_sub\2584_sub\
	                   1	C:\Users\joshp\curseforge\minecraft\Instances\Alive Dev\saves\Desire Paths\datapacks\gstools\data\gstools\function\hud\enhancedhud_sub\2601_sub\
	                   1	C:\Users\joshp\curseforge\minecraft\Instances\Alive Dev\saves\Desire Paths\datapacks\gstools\data\gstools\function\hud\enhancedhud_sub\2618_sub\
	                   1	C:\Users\joshp\curseforge\minecraft\Instances\Alive Dev\saves\Desire Paths\datapacks\gstools\data\gstools\function\hud\enhancedhud_sub\2635_sub\
	                   1	C:\Users\joshp\curseforge\minecraft\Instances\Alive Dev\saves\Desire Paths\datapacks\gstools\data\gstools\function\hud\enhancedhud_sub\2652_sub\
	                   1	C:\Users\joshp\curseforge\minecraft\Instances\Alive Dev\saves\Desire Paths\datapacks\gstools\data\gstools\function\hud\enhancedhud_sub\2669_sub\
	                   1	C:\Users\joshp\curseforge\minecraft\Instances\Alive Dev\saves\Desire Paths\datapacks\gstools\data\gstools\function\hud\enhancedhud_sub\2686_sub\
	                   1	C:\Users\joshp\curseforge\minecraft\Instances\Alive Dev\saves\Desire Paths\datapacks\gstools\data\gstools\function\hud\enhancedhud_sub\2703_sub\
	                   1	C:\Users\joshp\curseforge\minecraft\Instances\Alive Dev\saves\Desire Paths\datapacks\gstools\data\gstools\function\hud\enhancedhud_sub\2720_sub\
	                   1	C:\Users\joshp\curseforge\minecraft\Instances\Alive Dev\saves\Desire Paths\datapacks\gstools\data\gstools\function\hud\enhancedhud_sub\272_sub\
	                   1	C:\Users\joshp\curseforge\minecraft\Instances\Alive Dev\saves\Desire Paths\datapacks\gstools\data\gstools\function\hud\enhancedhud_sub\2737_sub\
	                   1	C:\Users\joshp\curseforge\minecraft\Instances\Alive Dev\saves\Desire Paths\datapacks\gstools\data\gstools\function\hud\enhancedhud_sub\2754_sub\
	                   1	C:\Users\joshp\curseforge\minecraft\Instances\Alive Dev\saves\Desire Paths\datapacks\gstools\data\gstools\function\hud\enhancedhud_sub\2771_sub\
	                   1	C:\Users\joshp\curseforge\minecraft\Instances\Alive Dev\saves\Desire Paths\datapacks\gstools\data\gstools\function\hud\enhancedhud_sub\2788_sub\
	                   1	C:\Users\joshp\curseforge\minecraft\Instances\Alive Dev\saves\Desire Paths\datapacks\gstools\data\gstools\function\hud\enhancedhud_sub\2805_sub\
	                   1	C:\Users\joshp\curseforge\minecraft\Instances\Alive Dev\saves\Desire Paths\datapacks\gstools\data\gstools\function\hud\enhancedhud_sub\2822_sub\
	                   1	C:\Users\joshp\curseforge\minecraft\Instances\Alive Dev\saves\Desire Paths\datapacks\gstools\data\gstools\function\hud\enhancedhud_sub\2839_sub\
	                   1	C:\Users\joshp\curseforge\minecraft\Instances\Alive Dev\saves\Desire Paths\datapacks\gstools\data\gstools\function\hud\enhancedhud_sub\2856_sub\
	                   1	C:\Users\joshp\curseforge\minecraft\Instances\Alive Dev\saves\Desire Paths\datapacks\gstools\data\gstools\function\hud\enhancedhud_sub\2873_sub\
	                   1	C:\Users\joshp\curseforge\minecraft\Instances\Alive Dev\saves\Desire Paths\datapacks\gstools\data\gstools\function\hud\enhancedhud_sub\2890_sub\
	                   1	C:\Users\joshp\curseforge\minecraft\Instances\Alive Dev\saves\Desire Paths\datapacks\gstools\data\gstools\function\hud\enhancedhud_sub\289_sub\
	                   1	C:\Users\joshp\curseforge\minecraft\Instances\Alive Dev\saves\Desire Paths\datapacks\gstools\data\gstools\function\hud\enhancedhud_sub\2907_sub\
	                   1	C:\Users\joshp\curseforge\minecraft\Instances\Alive Dev\saves\Desire Paths\datapacks\gstools\data\gstools\function\hud\enhancedhud_sub\2924_sub\
	                   1	C:\Users\joshp\curseforge\minecraft\Instances\Alive Dev\saves\Desire Paths\datapacks\gstools\data\gstools\function\hud\enhancedhud_sub\2941_sub\
	                   1	C:\Users\joshp\curseforge\minecraft\Instances\Alive Dev\saves\Desire Paths\datapacks\gstools\data\gstools\function\hud\enhancedhud_sub\2958_sub\
	                   1	C:\Users\joshp\curseforge\minecraft\Instances\Alive Dev\saves\Desire Paths\datapacks\gstools\data\gstools\function\hud\enhancedhud_sub\2975_sub\
	                   1	C:\Users\joshp\curseforge\minecraft\Instances\Alive Dev\saves\Desire Paths\datapacks\gstools\data\gstools\function\hud\enhancedhud_sub\2992_sub\
	                   1	C:\Users\joshp\curseforge\minecraft\Instances\Alive Dev\saves\Desire Paths\datapacks\gstools\data\gstools\function\hud\enhancedhud_sub\3009_sub\
	                   1	C:\Users\joshp\curseforge\minecraft\Instances\Alive Dev\saves\Desire Paths\datapacks\gstools\data\gstools\function\hud\enhancedhud_sub\3026_sub\
	                   1	C:\Users\joshp\curseforge\minecraft\Instances\Alive Dev\saves\Desire Paths\datapacks\gstools\data\gstools\function\hud\enhancedhud_sub\3043_sub\
	                   1	C:\Users\joshp\curseforge\minecraft\Instances\Alive Dev\saves\Desire Paths\datapacks\gstools\data\gstools\function\hud\enhancedhud_sub\3060_sub\
	                   1	C:\Users\joshp\curseforge\minecraft\Instances\Alive Dev\saves\Desire Paths\datapacks\gstools\data\gstools\function\hud\enhancedhud_sub\306_sub\
	                   1	C:\Users\joshp\curseforge\minecraft\Instances\Alive Dev\saves\Desire Paths\datapacks\gstools\data\gstools\function\hud\enhancedhud_sub\3077_sub\
	                   1	C:\Users\joshp\curseforge\minecraft\Instances\Alive Dev\saves\Desire Paths\datapacks\gstools\data\gstools\function\hud\enhancedhud_sub\3094_sub\
	                   1	C:\Users\joshp\curseforge\minecraft\Instances\Alive Dev\saves\Desire Paths\datapacks\gstools\data\gstools\function\hud\enhancedhud_sub\3111_sub\
	                   1	C:\Users\joshp\curseforge\minecraft\Instances\Alive Dev\saves\Desire Paths\datapacks\gstools\data\gstools\function\hud\enhancedhud_sub\3128_sub\
	                   1	C:\Users\joshp\curseforge\minecraft\Instances\Alive Dev\saves\Desire Paths\datapacks\gstools\data\gstools\function\hud\enhancedhud_sub\3145_sub\
	                   1	C:\Users\joshp\curseforge\minecraft\Instances\Alive Dev\saves\Desire Paths\datapacks\gstools\data\gstools\function\hud\enhancedhud_sub\3162_sub\
	                   1	C:\Users\joshp\curseforge\minecraft\Instances\Alive Dev\saves\Desire Paths\datapacks\gstools\data\gstools\function\hud\enhancedhud_sub\3179_sub\
	                   1	C:\Users\joshp\curseforge\minecraft\Instances\Alive Dev\saves\Desire Paths\datapacks\gstools\data\gstools\function\hud\enhancedhud_sub\3196_sub\
	                   1	C:\Users\joshp\curseforge\minecraft\Instances\Alive Dev\saves\Desire Paths\datapacks\gstools\data\gstools\function\hud\enhancedhud_sub\3213_sub\
	                   1	C:\Users\joshp\curseforge\minecraft\Instances\Alive Dev\saves\Desire Paths\datapacks\gstools\data\gstools\function\hud\enhancedhud_sub\3230_sub\
	                   1	C:\Users\joshp\curseforge\minecraft\Instances\Alive Dev\saves\Desire Paths\datapacks\gstools\data\gstools\function\hud\enhancedhud_sub\323_sub\
	                   1	C:\Users\joshp\curseforge\minecraft\Instances\Alive Dev\saves\Desire Paths\datapacks\gstools\data\gstools\function\hud\enhancedhud_sub\3247_sub\
	                   1	C:\Users\joshp\curseforge\minecraft\Instances\Alive Dev\saves\Desire Paths\datapacks\gstools\data\gstools\function\hud\enhancedhud_sub\3264_sub\
	                   1	C:\Users\joshp\curseforge\minecraft\Instances\Alive Dev\saves\Desire Paths\datapacks\gstools\data\gstools\function\hud\enhancedhud_sub\3281_sub\
	                   1	C:\Users\joshp\curseforge\minecraft\Instances\Alive Dev\saves\Desire Paths\datapacks\gstools\data\gstools\function\hud\enhancedhud_sub\3298_sub\
	                   1	C:\Users\joshp\curseforge\minecraft\Instances\Alive Dev\saves\Desire Paths\datapacks\gstools\data\gstools\function\hud\enhancedhud_sub\3315_sub\
	                   1	C:\Users\joshp\curseforge\minecraft\Instances\Alive Dev\saves\Desire Paths\datapacks\gstools\data\gstools\function\hud\enhancedhud_sub\3332_sub\
	                   1	C:\Users\joshp\curseforge\minecraft\Instances\Alive Dev\saves\Desire Paths\datapacks\gstools\data\gstools\function\hud\enhancedhud_sub\3349_sub\
	                   1	C:\Users\joshp\curseforge\minecraft\Instances\Alive Dev\saves\Desire Paths\datapacks\gstools\data\gstools\function\hud\enhancedhud_sub\3366_sub\
	                   1	C:\Users\joshp\curseforge\minecraft\Instances\Alive Dev\saves\Desire Paths\datapacks\gstools\data\gstools\function\hud\enhancedhud_sub\3383_sub\
	                   1	C:\Users\joshp\curseforge\minecraft\Instances\Alive Dev\saves\Desire Paths\datapacks\gstools\data\gstools\function\hud\enhancedhud_sub\3400_sub\
	                   1	C:\Users\joshp\curseforge\minecraft\Instances\Alive Dev\saves\Desire Paths\datapacks\gstools\data\gstools\function\hud\enhancedhud_sub\340_sub\
	                   1	C:\Users\joshp\curseforge\minecraft\Instances\Alive Dev\saves\Desire Paths\datapacks\gstools\data\gstools\function\hud\enhancedhud_sub\3417_sub\
	                   1	C:\Users\joshp\curseforge\minecraft\Instances\Alive Dev\saves\Desire Paths\datapacks\gstools\data\gstools\function\hud\enhancedhud_sub\3434_sub\
	                   1	C:\Users\joshp\curseforge\minecraft\Instances\Alive Dev\saves\Desire Paths\datapacks\gstools\data\gstools\function\hud\enhancedhud_sub\3451_sub\
	                   1	C:\Users\joshp\curseforge\minecraft\Instances\Alive Dev\saves\Desire Paths\datapacks\gstools\data\gstools\function\hud\enhancedhud_sub\3468_sub\
	                   1	C:\Users\joshp\curseforge\minecraft\Instances\Alive Dev\saves\Desire Paths\datapacks\gstools\data\gstools\function\hud\enhancedhud_sub\3485_sub\
	                   1	C:\Users\joshp\curseforge\minecraft\Instances\Alive Dev\saves\Desire Paths\datapacks\gstools\data\gstools\function\hud\enhancedhud_sub\34_sub\
	                   1	C:\Users\joshp\curseforge\minecraft\Instances\Alive Dev\saves\Desire Paths\datapacks\gstools\data\gstools\function\hud\enhancedhud_sub\3502_sub\
	                   1	C:\Users\joshp\curseforge\minecraft\Instances\Alive Dev\saves\Desire Paths\datapacks\gstools\data\gstools\function\hud\enhancedhud_sub\3519_sub\
	                   1	C:\Users\joshp\curseforge\minecraft\Instances\Alive Dev\saves\Desire Paths\datapacks\gstools\data\gstools\function\hud\enhancedhud_sub\3536_sub\
	                   1	C:\Users\joshp\curseforge\minecraft\Instances\Alive Dev\saves\Desire Paths\datapacks\gstools\data\gstools\function\hud\enhancedhud_sub\3553_sub\
	                   1	C:\Users\joshp\curseforge\minecraft\Instances\Alive Dev\saves\Desire Paths\datapacks\gstools\data\gstools\function\hud\enhancedhud_sub\3570_sub\
	                   1	C:\Users\joshp\curseforge\minecraft\Instances\Alive Dev\saves\Desire Paths\datapacks\gstools\data\gstools\function\hud\enhancedhud_sub\357_sub\
	                   1	C:\Users\joshp\curseforge\minecraft\Instances\Alive Dev\saves\Desire Paths\datapacks\gstools\data\gstools\function\hud\enhancedhud_sub\3587_sub\
	                   1	C:\Users\joshp\curseforge\minecraft\Instances\Alive Dev\saves\Desire Paths\datapacks\gstools\data\gstools\function\hud\enhancedhud_sub\3604_sub\
	                   1	C:\Users\joshp\curseforge\minecraft\Instances\Alive Dev\saves\Desire Paths\datapacks\gstools\data\gstools\function\hud\enhancedhud_sub\3621_sub\
	                   1	C:\Users\joshp\curseforge\minecraft\Instances\Alive Dev\saves\Desire Paths\datapacks\gstools\data\gstools\function\hud\enhancedhud_sub\3638_sub\
	                   1	C:\Users\joshp\curseforge\minecraft\Instances\Alive Dev\saves\Desire Paths\datapacks\gstools\data\gstools\function\hud\enhancedhud_sub\3655_sub\
	                   1	C:\Users\joshp\curseforge\minecraft\Instances\Alive Dev\saves\Desire Paths\datapacks\gstools\data\gstools\function\hud\enhancedhud_sub\3672_sub\
	                   1	C:\Users\joshp\curseforge\minecraft\Instances\Alive Dev\saves\Desire Paths\datapacks\gstools\data\gstools\function\hud\enhancedhud_sub\3689_sub\
	                   1	C:\Users\joshp\curseforge\minecraft\Instances\Alive Dev\saves\Desire Paths\datapacks\gstools\data\gstools\function\hud\enhancedhud_sub\3706_sub\
	                   1	C:\Users\joshp\curseforge\minecraft\Instances\Alive Dev\saves\Desire Paths\datapacks\gstools\data\gstools\function\hud\enhancedhud_sub\3723_sub\
	                   1	C:\Users\joshp\curseforge\minecraft\Instances\Alive Dev\saves\Desire Paths\datapacks\gstools\data\gstools\function\hud\enhancedhud_sub\3740_sub\
	                   1	C:\Users\joshp\curseforge\minecraft\Instances\Alive Dev\saves\Desire Paths\datapacks\gstools\data\gstools\function\hud\enhancedhud_sub\374_sub\
	                   1	C:\Users\joshp\curseforge\minecraft\Instances\Alive Dev\saves\Desire Paths\datapacks\gstools\data\gstools\function\hud\enhancedhud_sub\3757_sub\
	                   1	C:\Users\joshp\curseforge\minecraft\Instances\Alive Dev\saves\Desire Paths\datapacks\gstools\data\gstools\function\hud\enhancedhud_sub\3774_sub\
	                   1	C:\Users\joshp\curseforge\minecraft\Instances\Alive Dev\saves\Desire Paths\datapacks\gstools\data\gstools\function\hud\enhancedhud_sub\3791_sub\
	                   1	C:\Users\joshp\curseforge\minecraft\Instances\Alive Dev\saves\Desire Paths\datapacks\gstools\data\gstools\function\hud\enhancedhud_sub\3808_sub\
	                   1	C:\Users\joshp\curseforge\minecraft\Instances\Alive Dev\saves\Desire Paths\datapacks\gstools\data\gstools\function\hud\enhancedhud_sub\3825_sub\
	                   1	C:\Users\joshp\curseforge\minecraft\Instances\Alive Dev\saves\Desire Paths\datapacks\gstools\data\gstools\function\hud\enhancedhud_sub\3842_sub\
	                   1	C:\Users\joshp\curseforge\minecraft\Instances\Alive Dev\saves\Desire Paths\datapacks\gstools\data\gstools\function\hud\enhancedhud_sub\3859_sub\
	                   1	C:\Users\joshp\curseforge\minecraft\Instances\Alive Dev\saves\Desire Paths\datapacks\gstools\data\gstools\function\hud\enhancedhud_sub\3876_sub\
	                   1	C:\Users\joshp\curseforge\minecraft\Instances\Alive Dev\saves\Desire Paths\datapacks\gstools\data\gstools\function\hud\enhancedhud_sub\3893_sub\
	                   1	C:\Users\joshp\curseforge\minecraft\Instances\Alive Dev\saves\Desire Paths\datapacks\gstools\data\gstools\function\hud\enhancedhud_sub\3910_sub\
	                   1	C:\Users\joshp\curseforge\minecraft\Instances\Alive Dev\saves\Desire Paths\datapacks\gstools\data\gstools\function\hud\enhancedhud_sub\391_sub\
	                   1	C:\Users\joshp\curseforge\minecraft\Instances\Alive Dev\saves\Desire Paths\datapacks\gstools\data\gstools\function\hud\enhancedhud_sub\3927_sub\
	                   1	C:\Users\joshp\curseforge\minecraft\Instances\Alive Dev\saves\Desire Paths\datapacks\gstools\data\gstools\function\hud\enhancedhud_sub\3944_sub\
	                   1	C:\Users\joshp\curseforge\minecraft\Instances\Alive Dev\saves\Desire Paths\datapacks\gstools\data\gstools\function\hud\enhancedhud_sub\3961_sub\
	                   1	C:\Users\joshp\curseforge\minecraft\Instances\Alive Dev\saves\Desire Paths\datapacks\gstools\data\gstools\function\hud\enhancedhud_sub\3978_sub\
	                   1	C:\Users\joshp\curseforge\minecraft\Instances\Alive Dev\saves\Desire Paths\datapacks\gstools\data\gstools\function\hud\enhancedhud_sub\3995_sub\
	                   1	C:\Users\joshp\curseforge\minecraft\Instances\Alive Dev\saves\Desire Paths\datapacks\gstools\data\gstools\function\hud\enhancedhud_sub\4012_sub\
	                   1	C:\Users\joshp\curseforge\minecraft\Instances\Alive Dev\saves\Desire Paths\datapacks\gstools\data\gstools\function\hud\enhancedhud_sub\4029_sub\
	                   1	C:\Users\joshp\curseforge\minecraft\Instances\Alive Dev\saves\Desire Paths\datapacks\gstools\data\gstools\function\hud\enhancedhud_sub\4046_sub\
	                   1	C:\Users\joshp\curseforge\minecraft\Instances\Alive Dev\saves\Desire Paths\datapacks\gstools\data\gstools\function\hud\enhancedhud_sub\4063_sub\
	                   1	C:\Users\joshp\curseforge\minecraft\Instances\Alive Dev\saves\Desire Paths\datapacks\gstools\data\gstools\function\hud\enhancedhud_sub\4080_sub\
	                   1	C:\Users\joshp\curseforge\minecraft\Instances\Alive Dev\saves\Desire Paths\datapacks\gstools\data\gstools\function\hud\enhancedhud_sub\408_sub\
	                   1	C:\Users\joshp\curseforge\minecraft\Instances\Alive Dev\saves\Desire Paths\datapacks\gstools\data\gstools\function\hud\enhancedhud_sub\4097_sub\
	                   1	C:\Users\joshp\curseforge\minecraft\Instances\Alive Dev\saves\Desire Paths\datapacks\gstools\data\gstools\function\hud\enhancedhud_sub\4114_sub\
	                   1	C:\Users\joshp\curseforge\minecraft\Instances\Alive Dev\saves\Desire Paths\datapacks\gstools\data\gstools\function\hud\enhancedhud_sub\4131_sub\
	                   1	C:\Users\joshp\curseforge\minecraft\Instances\Alive Dev\saves\Desire Paths\datapacks\gstools\data\gstools\function\hud\enhancedhud_sub\4148_sub\
	                   1	C:\Users\joshp\curseforge\minecraft\Instances\Alive Dev\saves\Desire Paths\datapacks\gstools\data\gstools\function\hud\enhancedhud_sub\4165_sub\
	                   1	C:\Users\joshp\curseforge\minecraft\Instances\Alive Dev\saves\Desire Paths\datapacks\gstools\data\gstools\function\hud\enhancedhud_sub\4182_sub\
	                   1	C:\Users\joshp\curseforge\minecraft\Instances\Alive Dev\saves\Desire Paths\datapacks\gstools\data\gstools\function\hud\enhancedhud_sub\4199_sub\
	                   1	C:\Users\joshp\curseforge\minecraft\Instances\Alive Dev\saves\Desire Paths\datapacks\gstools\data\gstools\function\hud\enhancedhud_sub\4216_sub\
	                   1	C:\Users\joshp\curseforge\minecraft\Instances\Alive Dev\saves\Desire Paths\datapacks\gstools\data\gstools\function\hud\enhancedhud_sub\4233_sub\
	                   1	C:\Users\joshp\curseforge\minecraft\Instances\Alive Dev\saves\Desire Paths\datapacks\gstools\data\gstools\function\hud\enhancedhud_sub\4250_sub\
	                   1	C:\Users\joshp\curseforge\minecraft\Instances\Alive Dev\saves\Desire Paths\datapacks\gstools\data\gstools\function\hud\enhancedhud_sub\425_sub\
	                   1	C:\Users\joshp\curseforge\minecraft\Instances\Alive Dev\saves\Desire Paths\datapacks\gstools\data\gstools\function\hud\enhancedhud_sub\4267_sub\
	                   1	C:\Users\joshp\curseforge\minecraft\Instances\Alive Dev\saves\Desire Paths\datapacks\gstools\data\gstools\function\hud\enhancedhud_sub\4284_sub\
	                   1	C:\Users\joshp\curseforge\minecraft\Instances\Alive Dev\saves\Desire Paths\datapacks\gstools\data\gstools\function\hud\enhancedhud_sub\4301_sub\
	                   1	C:\Users\joshp\curseforge\minecraft\Instances\Alive Dev\saves\Desire Paths\datapacks\gstools\data\gstools\function\hud\enhancedhud_sub\4318_sub\
	                   1	C:\Users\joshp\curseforge\minecraft\Instances\Alive Dev\saves\Desire Paths\datapacks\gstools\data\gstools\function\hud\enhancedhud_sub\4335_sub\
	                   1	C:\Users\joshp\curseforge\minecraft\Instances\Alive Dev\saves\Desire Paths\datapacks\gstools\data\gstools\function\hud\enhancedhud_sub\4352_sub\
	                   1	C:\Users\joshp\curseforge\minecraft\Instances\Alive Dev\saves\Desire Paths\datapacks\gstools\data\gstools\function\hud\enhancedhud_sub\4369_sub\
	                   1	C:\Users\joshp\curseforge\minecraft\Instances\Alive Dev\saves\Desire Paths\datapacks\gstools\data\gstools\function\hud\enhancedhud_sub\4386_sub\
	                   1	C:\Users\joshp\curseforge\minecraft\Instances\Alive Dev\saves\Desire Paths\datapacks\gstools\data\gstools\function\hud\enhancedhud_sub\4403_sub\
	                   1	C:\Users\joshp\curseforge\minecraft\Instances\Alive Dev\saves\Desire Paths\datapacks\gstools\data\gstools\function\hud\enhancedhud_sub\4420_sub\
	                   1	C:\Users\joshp\curseforge\minecraft\Instances\Alive Dev\saves\Desire Paths\datapacks\gstools\data\gstools\function\hud\enhancedhud_sub\442_sub\
	                   1	C:\Users\joshp\curseforge\minecraft\Instances\Alive Dev\saves\Desire Paths\datapacks\gstools\data\gstools\function\hud\enhancedhud_sub\4437_sub\
	                   1	C:\Users\joshp\curseforge\minecraft\Instances\Alive Dev\saves\Desire Paths\datapacks\gstools\data\gstools\function\hud\enhancedhud_sub\4454_sub\
	                   1	C:\Users\joshp\curseforge\minecraft\Instances\Alive Dev\saves\Desire Paths\datapacks\gstools\data\gstools\function\hud\enhancedhud_sub\4471_sub\
	                   1	C:\Users\joshp\curseforge\minecraft\Instances\Alive Dev\saves\Desire Paths\datapacks\gstools\data\gstools\function\hud\enhancedhud_sub\4488_sub\
	                   1	C:\Users\joshp\curseforge\minecraft\Instances\Alive Dev\saves\Desire Paths\datapacks\gstools\data\gstools\function\hud\enhancedhud_sub\4505_sub\
	                   1	C:\Users\joshp\curseforge\minecraft\Instances\Alive Dev\saves\Desire Paths\datapacks\gstools\data\gstools\function\hud\enhancedhud_sub\4522_sub\
	                   1	C:\Users\joshp\curseforge\minecraft\Instances\Alive Dev\saves\Desire Paths\datapacks\gstools\data\gstools\function\hud\enhancedhud_sub\4539_sub\
	                   1	C:\Users\joshp\curseforge\minecraft\Instances\Alive Dev\saves\Desire Paths\datapacks\gstools\data\gstools\function\hud\enhancedhud_sub\4556_sub\
	                   1	C:\Users\joshp\curseforge\minecraft\Instances\Alive Dev\saves\Desire Paths\datapacks\gstools\data\gstools\function\hud\enhancedhud_sub\4573_sub\
	                   1	C:\Users\joshp\curseforge\minecraft\Instances\Alive Dev\saves\Desire Paths\datapacks\gstools\data\gstools\function\hud\enhancedhud_sub\4590_sub\
	                   1	C:\Users\joshp\curseforge\minecraft\Instances\Alive Dev\saves\Desire Paths\datapacks\gstools\data\gstools\function\hud\enhancedhud_sub\459_sub\
	                   1	C:\Users\joshp\curseforge\minecraft\Instances\Alive Dev\saves\Desire Paths\datapacks\gstools\data\gstools\function\hud\enhancedhud_sub\4607_sub\
	                   1	C:\Users\joshp\curseforge\minecraft\Instances\Alive Dev\saves\Desire Paths\datapacks\gstools\data\gstools\function\hud\enhancedhud_sub\4624_sub\
	                   1	C:\Users\joshp\curseforge\minecraft\Instances\Alive Dev\saves\Desire Paths\datapacks\gstools\data\gstools\function\hud\enhancedhud_sub\4641_sub\
	                   1	C:\Users\joshp\curseforge\minecraft\Instances\Alive Dev\saves\Desire Paths\datapacks\gstools\data\gstools\function\hud\enhancedhud_sub\4658_sub\
	                   1	C:\Users\joshp\curseforge\minecraft\Instances\Alive Dev\saves\Desire Paths\datapacks\gstools\data\gstools\function\hud\enhancedhud_sub\4675_sub\
	                   1	C:\Users\joshp\curseforge\minecraft\Instances\Alive Dev\saves\Desire Paths\datapacks\gstools\data\gstools\function\hud\enhancedhud_sub\4692_sub\
	                   1	C:\Users\joshp\curseforge\minecraft\Instances\Alive Dev\saves\Desire Paths\datapacks\gstools\data\gstools\function\hud\enhancedhud_sub\4709_sub\
	                   1	C:\Users\joshp\curseforge\minecraft\Instances\Alive Dev\saves\Desire Paths\datapacks\gstools\data\gstools\function\hud\enhancedhud_sub\4726_sub\
	                   1	C:\Users\joshp\curseforge\minecraft\Instances\Alive Dev\saves\Desire Paths\datapacks\gstools\data\gstools\function\hud\enhancedhud_sub\4743_sub\
	                   1	C:\Users\joshp\curseforge\minecraft\Instances\Alive Dev\saves\Desire Paths\datapacks\gstools\data\gstools\function\hud\enhancedhud_sub\4760_sub\
	                   1	C:\Users\joshp\curseforge\minecraft\Instances\Alive Dev\saves\Desire Paths\datapacks\gstools\data\gstools\function\hud\enhancedhud_sub\476_sub\
	                   1	C:\Users\joshp\curseforge\minecraft\Instances\Alive Dev\saves\Desire Paths\datapacks\gstools\data\gstools\function\hud\enhancedhud_sub\4777_sub\
	                   1	C:\Users\joshp\curseforge\minecraft\Instances\Alive Dev\saves\Desire Paths\datapacks\gstools\data\gstools\function\hud\enhancedhud_sub\4794_sub\
	                   1	C:\Users\joshp\curseforge\minecraft\Instances\Alive Dev\saves\Desire Paths\datapacks\gstools\data\gstools\function\hud\enhancedhud_sub\4811_sub\
	                   1	C:\Users\joshp\curseforge\minecraft\Instances\Alive Dev\saves\Desire Paths\datapacks\gstools\data\gstools\function\hud\enhancedhud_sub\4828_sub\
	                   1	C:\Users\joshp\curseforge\minecraft\Instances\Alive Dev\saves\Desire Paths\datapacks\gstools\data\gstools\function\hud\enhancedhud_sub\4845_sub\
	                   1	C:\Users\joshp\curseforge\minecraft\Instances\Alive Dev\saves\Desire Paths\datapacks\gstools\data\gstools\function\hud\enhancedhud_sub\4862_sub\
	                   1	C:\Users\joshp\curseforge\minecraft\Instances\Alive Dev\saves\Desire Paths\datapacks\gstools\data\gstools\function\hud\enhancedhud_sub\4879_sub\
	                   1	C:\Users\joshp\curseforge\minecraft\Instances\Alive Dev\saves\Desire Paths\datapacks\gstools\data\gstools\function\hud\enhancedhud_sub\4896_sub\
	                   1	C:\Users\joshp\curseforge\minecraft\Instances\Alive Dev\saves\Desire Paths\datapacks\gstools\data\gstools\function\hud\enhancedhud_sub\4913_sub\
	                   1	C:\Users\joshp\curseforge\minecraft\Instances\Alive Dev\saves\Desire Paths\datapacks\gstools\data\gstools\function\hud\enhancedhud_sub\4930_sub\
	                   1	C:\Users\joshp\curseforge\minecraft\Instances\Alive Dev\saves\Desire Paths\datapacks\gstools\data\gstools\function\hud\enhancedhud_sub\493_sub\
	                   1	C:\Users\joshp\curseforge\minecraft\Instances\Alive Dev\saves\Desire Paths\datapacks\gstools\data\gstools\function\hud\enhancedhud_sub\4947_sub\
	                   1	C:\Users\joshp\curseforge\minecraft\Instances\Alive Dev\saves\Desire Paths\datapacks\gstools\data\gstools\function\hud\enhancedhud_sub\4964_sub\
	                   1	C:\Users\joshp\curseforge\minecraft\Instances\Alive Dev\saves\Desire Paths\datapacks\gstools\data\gstools\function\hud\enhancedhud_sub\4981_sub\
	                   1	C:\Users\joshp\curseforge\minecraft\Instances\Alive Dev\saves\Desire Paths\datapacks\gstools\data\gstools\function\hud\enhancedhud_sub\4998_sub\
	                   1	C:\Users\joshp\curseforge\minecraft\Instances\Alive Dev\saves\Desire Paths\datapacks\gstools\data\gstools\function\hud\enhancedhud_sub\5015_sub\
	                   1	C:\Users\joshp\curseforge\minecraft\Instances\Alive Dev\saves\Desire Paths\datapacks\gstools\data\gstools\function\hud\enhancedhud_sub\5032_sub\
	                   1	C:\Users\joshp\curseforge\minecraft\Instances\Alive Dev\saves\Desire Paths\datapacks\gstools\data\gstools\function\hud\enhancedhud_sub\5049_sub\
	                   1	C:\Users\joshp\curseforge\minecraft\Instances\Alive Dev\saves\Desire Paths\datapacks\gstools\data\gstools\function\hud\enhancedhud_sub\5066_sub\
	                   1	C:\Users\joshp\curseforge\minecraft\Instances\Alive Dev\saves\Desire Paths\datapacks\gstools\data\gstools\function\hud\enhancedhud_sub\5083_sub\
	                   1	C:\Users\joshp\curseforge\minecraft\Instances\Alive Dev\saves\Desire Paths\datapacks\gstools\data\gstools\function\hud\enhancedhud_sub\5100_sub\
	                   1	C:\Users\joshp\curseforge\minecraft\Instances\Alive Dev\saves\Desire Paths\datapacks\gstools\data\gstools\function\hud\enhancedhud_sub\510_sub\
	                   1	C:\Users\joshp\curseforge\minecraft\Instances\Alive Dev\saves\Desire Paths\datapacks\gstools\data\gstools\function\hud\enhancedhud_sub\5117_sub\
	                   1	C:\Users\joshp\curseforge\minecraft\Instances\Alive Dev\saves\Desire Paths\datapacks\gstools\data\gstools\function\hud\enhancedhud_sub\5134_sub\
	                   1	C:\Users\joshp\curseforge\minecraft\Instances\Alive Dev\saves\Desire Paths\datapacks\gstools\data\gstools\function\hud\enhancedhud_sub\5151_sub\
	                   1	C:\Users\joshp\curseforge\minecraft\Instances\Alive Dev\saves\Desire Paths\datapacks\gstools\data\gstools\function\hud\enhancedhud_sub\5168_sub\
	                   1	C:\Users\joshp\curseforge\minecraft\Instances\Alive Dev\saves\Desire Paths\datapacks\gstools\data\gstools\function\hud\enhancedhud_sub\5185_sub\
	                   1	C:\Users\joshp\curseforge\minecraft\Instances\Alive Dev\saves\Desire Paths\datapacks\gstools\data\gstools\function\hud\enhancedhud_sub\51_sub\
	                   1	C:\Users\joshp\curseforge\minecraft\Instances\Alive Dev\saves\Desire Paths\datapacks\gstools\data\gstools\function\hud\enhancedhud_sub\5202_sub\
	                   1	C:\Users\joshp\curseforge\minecraft\Instances\Alive Dev\saves\Desire Paths\datapacks\gstools\data\gstools\function\hud\enhancedhud_sub\5219_sub\
	                   1	C:\Users\joshp\curseforge\minecraft\Instances\Alive Dev\saves\Desire Paths\datapacks\gstools\data\gstools\function\hud\enhancedhud_sub\5236_sub\
	                   1	C:\Users\joshp\curseforge\minecraft\Instances\Alive Dev\saves\Desire Paths\datapacks\gstools\data\gstools\function\hud\enhancedhud_sub\5253_sub\
	                   1	C:\Users\joshp\curseforge\minecraft\Instances\Alive Dev\saves\Desire Paths\datapacks\gstools\data\gstools\function\hud\enhancedhud_sub\5270_sub\
	                   1	C:\Users\joshp\curseforge\minecraft\Instances\Alive Dev\saves\Desire Paths\datapacks\gstools\data\gstools\function\hud\enhancedhud_sub\527_sub\
	                   1	C:\Users\joshp\curseforge\minecraft\Instances\Alive Dev\saves\Desire Paths\datapacks\gstools\data\gstools\function\hud\enhancedhud_sub\5287_sub\
	                   1	C:\Users\joshp\curseforge\minecraft\Instances\Alive Dev\saves\Desire Paths\datapacks\gstools\data\gstools\function\hud\enhancedhud_sub\5304_sub\
	                   1	C:\Users\joshp\curseforge\minecraft\Instances\Alive Dev\saves\Desire Paths\datapacks\gstools\data\gstools\function\hud\enhancedhud_sub\5321_sub\
	                   1	C:\Users\joshp\curseforge\minecraft\Instances\Alive Dev\saves\Desire Paths\datapacks\gstools\data\gstools\function\hud\enhancedhud_sub\5338_sub\
	                   1	C:\Users\joshp\curseforge\minecraft\Instances\Alive Dev\saves\Desire Paths\datapacks\gstools\data\gstools\function\hud\enhancedhud_sub\5355_sub\
	                   1	C:\Users\joshp\curseforge\minecraft\Instances\Alive Dev\saves\Desire Paths\datapacks\gstools\data\gstools\function\hud\enhancedhud_sub\5372_sub\
	                   1	C:\Users\joshp\curseforge\minecraft\Instances\Alive Dev\saves\Desire Paths\datapacks\gstools\data\gstools\function\hud\enhancedhud_sub\5389_sub\
	                   1	C:\Users\joshp\curseforge\minecraft\Instances\Alive Dev\saves\Desire Paths\datapacks\gstools\data\gstools\function\hud\enhancedhud_sub\5406_sub\
	                   1	C:\Users\joshp\curseforge\minecraft\Instances\Alive Dev\saves\Desire Paths\datapacks\gstools\data\gstools\function\hud\enhancedhud_sub\5423_sub\
	                   1	C:\Users\joshp\curseforge\minecraft\Instances\Alive Dev\saves\Desire Paths\datapacks\gstools\data\gstools\function\hud\enhancedhud_sub\5440_sub\
	                   1	C:\Users\joshp\curseforge\minecraft\Instances\Alive Dev\saves\Desire Paths\datapacks\gstools\data\gstools\function\hud\enhancedhud_sub\544_sub\
	                   1	C:\Users\joshp\curseforge\minecraft\Instances\Alive Dev\saves\Desire Paths\datapacks\gstools\data\gstools\function\hud\enhancedhud_sub\5457_sub\
	                   1	C:\Users\joshp\curseforge\minecraft\Instances\Alive Dev\saves\Desire Paths\datapacks\gstools\data\gstools\function\hud\enhancedhud_sub\5474_sub\
	                   1	C:\Users\joshp\curseforge\minecraft\Instances\Alive Dev\saves\Desire Paths\datapacks\gstools\data\gstools\function\hud\enhancedhud_sub\5491_sub\
	                   1	C:\Users\joshp\curseforge\minecraft\Instances\Alive Dev\saves\Desire Paths\datapacks\gstools\data\gstools\function\hud\enhancedhud_sub\5508_sub\
	                   1	C:\Users\joshp\curseforge\minecraft\Instances\Alive Dev\saves\Desire Paths\datapacks\gstools\data\gstools\function\hud\enhancedhud_sub\5525_sub\
	                   1	C:\Users\joshp\curseforge\minecraft\Instances\Alive Dev\saves\Desire Paths\datapacks\gstools\data\gstools\function\hud\enhancedhud_sub\5542_sub\
	                   1	C:\Users\joshp\curseforge\minecraft\Instances\Alive Dev\saves\Desire Paths\datapacks\gstools\data\gstools\function\hud\enhancedhud_sub\5559_sub\
	                   1	C:\Users\joshp\curseforge\minecraft\Instances\Alive Dev\saves\Desire Paths\datapacks\gstools\data\gstools\function\hud\enhancedhud_sub\5576_sub\
	                   1	C:\Users\joshp\curseforge\minecraft\Instances\Alive Dev\saves\Desire Paths\datapacks\gstools\data\gstools\function\hud\enhancedhud_sub\5593_sub\
	                   1	C:\Users\joshp\curseforge\minecraft\Instances\Alive Dev\saves\Desire Paths\datapacks\gstools\data\gstools\function\hud\enhancedhud_sub\5610_sub\
	                   1	C:\Users\joshp\curseforge\minecraft\Instances\Alive Dev\saves\Desire Paths\datapacks\gstools\data\gstools\function\hud\enhancedhud_sub\561_sub\
	                   1	C:\Users\joshp\curseforge\minecraft\Instances\Alive Dev\saves\Desire Paths\datapacks\gstools\data\gstools\function\hud\enhancedhud_sub\5627_sub\
	                   1	C:\Users\joshp\curseforge\minecraft\Instances\Alive Dev\saves\Desire Paths\datapacks\gstools\data\gstools\function\hud\enhancedhud_sub\5644_sub\
	                   1	C:\Users\joshp\curseforge\minecraft\Instances\Alive Dev\saves\Desire Paths\datapacks\gstools\data\gstools\function\hud\enhancedhud_sub\5661_sub\
	                   1	C:\Users\joshp\curseforge\minecraft\Instances\Alive Dev\saves\Desire Paths\datapacks\gstools\data\gstools\function\hud\enhancedhud_sub\5678_sub\
	                   1	C:\Users\joshp\curseforge\minecraft\Instances\Alive Dev\saves\Desire Paths\datapacks\gstools\data\gstools\function\hud\enhancedhud_sub\5695_sub\
	                   1	C:\Users\joshp\curseforge\minecraft\Instances\Alive Dev\saves\Desire Paths\datapacks\gstools\data\gstools\function\hud\enhancedhud_sub\5712_sub\
	                   1	C:\Users\joshp\curseforge\minecraft\Instances\Alive Dev\saves\Desire Paths\datapacks\gstools\data\gstools\function\hud\enhancedhud_sub\5729_sub\
	                   1	C:\Users\joshp\curseforge\minecraft\Instances\Alive Dev\saves\Desire Paths\datapacks\gstools\data\gstools\function\hud\enhancedhud_sub\5746_sub\
	                   1	C:\Users\joshp\curseforge\minecraft\Instances\Alive Dev\saves\Desire Paths\datapacks\gstools\data\gstools\function\hud\enhancedhud_sub\5763_sub\
	                   1	C:\Users\joshp\curseforge\minecraft\Instances\Alive Dev\saves\Desire Paths\datapacks\gstools\data\gstools\function\hud\enhancedhud_sub\5780_sub\
	                   1	C:\Users\joshp\curseforge\minecraft\Instances\Alive Dev\saves\Desire Paths\datapacks\gstools\data\gstools\function\hud\enhancedhud_sub\578_sub\
	                   1	C:\Users\joshp\curseforge\minecraft\Instances\Alive Dev\saves\Desire Paths\datapacks\gstools\data\gstools\function\hud\enhancedhud_sub\5797_sub\
	                   1	C:\Users\joshp\curseforge\minecraft\Instances\Alive Dev\saves\Desire Paths\datapacks\gstools\data\gstools\function\hud\enhancedhud_sub\5814_sub\
	                   1	C:\Users\joshp\curseforge\minecraft\Instances\Alive Dev\saves\Desire Paths\datapacks\gstools\data\gstools\function\hud\enhancedhud_sub\5831_sub\
	                   1	C:\Users\joshp\curseforge\minecraft\Instances\Alive Dev\saves\Desire Paths\datapacks\gstools\data\gstools\function\hud\enhancedhud_sub\5848_sub\
	                   1	C:\Users\joshp\curseforge\minecraft\Instances\Alive Dev\saves\Desire Paths\datapacks\gstools\data\gstools\function\hud\enhancedhud_sub\5865_sub\
	                   1	C:\Users\joshp\curseforge\minecraft\Instances\Alive Dev\saves\Desire Paths\datapacks\gstools\data\gstools\function\hud\enhancedhud_sub\5882_sub\
	                   1	C:\Users\joshp\curseforge\minecraft\Instances\Alive Dev\saves\Desire Paths\datapacks\gstools\data\gstools\function\hud\enhancedhud_sub\5899_sub\
	                   1	C:\Users\joshp\curseforge\minecraft\Instances\Alive Dev\saves\Desire Paths\datapacks\gstools\data\gstools\function\hud\enhancedhud_sub\5916_sub\
	                   1	C:\Users\joshp\curseforge\minecraft\Instances\Alive Dev\saves\Desire Paths\datapacks\gstools\data\gstools\function\hud\enhancedhud_sub\5933_sub\
	                   1	C:\Users\joshp\curseforge\minecraft\Instances\Alive Dev\saves\Desire Paths\datapacks\gstools\data\gstools\function\hud\enhancedhud_sub\5950_sub\
	                   1	C:\Users\joshp\curseforge\minecraft\Instances\Alive Dev\saves\Desire Paths\datapacks\gstools\data\gstools\function\hud\enhancedhud_sub\595_sub\
	                   1	C:\Users\joshp\curseforge\minecraft\Instances\Alive Dev\saves\Desire Paths\datapacks\gstools\data\gstools\function\hud\enhancedhud_sub\5967_sub\
	                   1	C:\Users\joshp\curseforge\minecraft\Instances\Alive Dev\saves\Desire Paths\datapacks\gstools\data\gstools\function\hud\enhancedhud_sub\5984_sub\
	                   1	C:\Users\joshp\curseforge\minecraft\Instances\Alive Dev\saves\Desire Paths\datapacks\gstools\data\gstools\function\hud\enhancedhud_sub\6001_sub\
	                   1	C:\Users\joshp\curseforge\minecraft\Instances\Alive Dev\saves\Desire Paths\datapacks\gstools\data\gstools\function\hud\enhancedhud_sub\6018_sub\
	                   1	C:\Users\joshp\curseforge\minecraft\Instances\Alive Dev\saves\Desire Paths\datapacks\gstools\data\gstools\function\hud\enhancedhud_sub\6035_sub\
	                   1	C:\Users\joshp\curseforge\minecraft\Instances\Alive Dev\saves\Desire Paths\datapacks\gstools\data\gstools\function\hud\enhancedhud_sub\6052_sub\
	                   1	C:\Users\joshp\curseforge\minecraft\Instances\Alive Dev\saves\Desire Paths\datapacks\gstools\data\gstools\function\hud\enhancedhud_sub\6069_sub\
	                   1	C:\Users\joshp\curseforge\minecraft\Instances\Alive Dev\saves\Desire Paths\datapacks\gstools\data\gstools\function\hud\enhancedhud_sub\6086_sub\
	                   1	C:\Users\joshp\curseforge\minecraft\Instances\Alive Dev\saves\Desire Paths\datapacks\gstools\data\gstools\function\hud\enhancedhud_sub\6103_sub\
	                   1	C:\Users\joshp\curseforge\minecraft\Instances\Alive Dev\saves\Desire Paths\datapacks\gstools\data\gstools\function\hud\enhancedhud_sub\6120_sub\
	                   1	C:\Users\joshp\curseforge\minecraft\Instances\Alive Dev\saves\Desire Paths\datapacks\gstools\data\gstools\function\hud\enhancedhud_sub\612_sub\
	                   1	C:\Users\joshp\curseforge\minecraft\Instances\Alive Dev\saves\Desire Paths\datapacks\gstools\data\gstools\function\hud\enhancedhud_sub\6137_sub\
	                   1	C:\Users\joshp\curseforge\minecraft\Instances\Alive Dev\saves\Desire Paths\datapacks\gstools\data\gstools\function\hud\enhancedhud_sub\6154_sub\
	                   1	C:\Users\joshp\curseforge\minecraft\Instances\Alive Dev\saves\Desire Paths\datapacks\gstools\data\gstools\function\hud\enhancedhud_sub\6171_sub\
	                   1	C:\Users\joshp\curseforge\minecraft\Instances\Alive Dev\saves\Desire Paths\datapacks\gstools\data\gstools\function\hud\enhancedhud_sub\6188_sub\
	                   1	C:\Users\joshp\curseforge\minecraft\Instances\Alive Dev\saves\Desire Paths\datapacks\gstools\data\gstools\function\hud\enhancedhud_sub\6205_sub\
	                   1	C:\Users\joshp\curseforge\minecraft\Instances\Alive Dev\saves\Desire Paths\datapacks\gstools\data\gstools\function\hud\enhancedhud_sub\6222_sub\
	                   1	C:\Users\joshp\curseforge\minecraft\Instances\Alive Dev\saves\Desire Paths\datapacks\gstools\data\gstools\function\hud\enhancedhud_sub\6239_sub\
	                   1	C:\Users\joshp\curseforge\minecraft\Instances\Alive Dev\saves\Desire Paths\datapacks\gstools\data\gstools\function\hud\enhancedhud_sub\6256_sub\
	                   1	C:\Users\joshp\curseforge\minecraft\Instances\Alive Dev\saves\Desire Paths\datapacks\gstools\data\gstools\function\hud\enhancedhud_sub\6273_sub\
	                   1	C:\Users\joshp\curseforge\minecraft\Instances\Alive Dev\saves\Desire Paths\datapacks\gstools\data\gstools\function\hud\enhancedhud_sub\6290_sub\
	                   1	C:\Users\joshp\curseforge\minecraft\Instances\Alive Dev\saves\Desire Paths\datapacks\gstools\data\gstools\function\hud\enhancedhud_sub\629_sub\
	                   1	C:\Users\joshp\curseforge\minecraft\Instances\Alive Dev\saves\Desire Paths\datapacks\gstools\data\gstools\function\hud\enhancedhud_sub\6307_sub\
	                   1	C:\Users\joshp\curseforge\minecraft\Instances\Alive Dev\saves\Desire Paths\datapacks\gstools\data\gstools\function\hud\enhancedhud_sub\6324_sub\
	                   1	C:\Users\joshp\curseforge\minecraft\Instances\Alive Dev\saves\Desire Paths\datapacks\gstools\data\gstools\function\hud\enhancedhud_sub\6341_sub\
	                   1	C:\Users\joshp\curseforge\minecraft\Instances\Alive Dev\saves\Desire Paths\datapacks\gstools\data\gstools\function\hud\enhancedhud_sub\6358_sub\
	                   1	C:\Users\joshp\curseforge\minecraft\Instances\Alive Dev\saves\Desire Paths\datapacks\gstools\data\gstools\function\hud\enhancedhud_sub\6375_sub\
	                   1	C:\Users\joshp\curseforge\minecraft\Instances\Alive Dev\saves\Desire Paths\datapacks\gstools\data\gstools\function\hud\enhancedhud_sub\6392_sub\
	                   1	C:\Users\joshp\curseforge\minecraft\Instances\Alive Dev\saves\Desire Paths\datapacks\gstools\data\gstools\function\hud\enhancedhud_sub\6409_sub\
	                   1	C:\Users\joshp\curseforge\minecraft\Instances\Alive Dev\saves\Desire Paths\datapacks\gstools\data\gstools\function\hud\enhancedhud_sub\6426_sub\
	                   1	C:\Users\joshp\curseforge\minecraft\Instances\Alive Dev\saves\Desire Paths\datapacks\gstools\data\gstools\function\hud\enhancedhud_sub\6443_sub\
	                   1	C:\Users\joshp\curseforge\minecraft\Instances\Alive Dev\saves\Desire Paths\datapacks\gstools\data\gstools\function\hud\enhancedhud_sub\6460_sub\
	                   1	C:\Users\joshp\curseforge\minecraft\Instances\Alive Dev\saves\Desire Paths\datapacks\gstools\data\gstools\function\hud\enhancedhud_sub\646_sub\
	                   1	C:\Users\joshp\curseforge\minecraft\Instances\Alive Dev\saves\Desire Paths\datapacks\gstools\data\gstools\function\hud\enhancedhud_sub\6477_sub\
	                   1	C:\Users\joshp\curseforge\minecraft\Instances\Alive Dev\saves\Desire Paths\datapacks\gstools\data\gstools\function\hud\enhancedhud_sub\6494_sub\
	                   1	C:\Users\joshp\curseforge\minecraft\Instances\Alive Dev\saves\Desire Paths\datapacks\gstools\data\gstools\function\hud\enhancedhud_sub\6511_sub\
	                   1	C:\Users\joshp\curseforge\minecraft\Instances\Alive Dev\saves\Desire Paths\datapacks\gstools\data\gstools\function\hud\enhancedhud_sub\6528_sub\
	                   1	C:\Users\joshp\curseforge\minecraft\Instances\Alive Dev\saves\Desire Paths\datapacks\gstools\data\gstools\function\hud\enhancedhud_sub\6545_sub\
	                   1	C:\Users\joshp\curseforge\minecraft\Instances\Alive Dev\saves\Desire Paths\datapacks\gstools\data\gstools\function\hud\enhancedhud_sub\6562_sub\
	                   1	C:\Users\joshp\curseforge\minecraft\Instances\Alive Dev\saves\Desire Paths\datapacks\gstools\data\gstools\function\hud\enhancedhud_sub\6579_sub\
	                   1	C:\Users\joshp\curseforge\minecraft\Instances\Alive Dev\saves\Desire Paths\datapacks\gstools\data\gstools\function\hud\enhancedhud_sub\6596_sub\
	                   1	C:\Users\joshp\curseforge\minecraft\Instances\Alive Dev\saves\Desire Paths\datapacks\gstools\data\gstools\function\hud\enhancedhud_sub\6613_sub\
	                   1	C:\Users\joshp\curseforge\minecraft\Instances\Alive Dev\saves\Desire Paths\datapacks\gstools\data\gstools\function\hud\enhancedhud_sub\6630_sub\
	                   1	C:\Users\joshp\curseforge\minecraft\Instances\Alive Dev\saves\Desire Paths\datapacks\gstools\data\gstools\function\hud\enhancedhud_sub\663_sub\
	                   1	C:\Users\joshp\curseforge\minecraft\Instances\Alive Dev\saves\Desire Paths\datapacks\gstools\data\gstools\function\hud\enhancedhud_sub\6647_sub\
	                   1	C:\Users\joshp\curseforge\minecraft\Instances\Alive Dev\saves\Desire Paths\datapacks\gstools\data\gstools\function\hud\enhancedhud_sub\6664_sub\
	                   1	C:\Users\joshp\curseforge\minecraft\Instances\Alive Dev\saves\Desire Paths\datapacks\gstools\data\gstools\function\hud\enhancedhud_sub\6681_sub\
	                   1	C:\Users\joshp\curseforge\minecraft\Instances\Alive Dev\saves\Desire Paths\datapacks\gstools\data\gstools\function\hud\enhancedhud_sub\6698_sub\
	                   1	C:\Users\joshp\curseforge\minecraft\Instances\Alive Dev\saves\Desire Paths\datapacks\gstools\data\gstools\function\hud\enhancedhud_sub\6715_sub\
	                   1	C:\Users\joshp\curseforge\minecraft\Instances\Alive Dev\saves\Desire Paths\datapacks\gstools\data\gstools\function\hud\enhancedhud_sub\6732_sub\
	                   1	C:\Users\joshp\curseforge\minecraft\Instances\Alive Dev\saves\Desire Paths\datapacks\gstools\data\gstools\function\hud\enhancedhud_sub\6749_sub\
	                   1	C:\Users\joshp\curseforge\minecraft\Instances\Alive Dev\saves\Desire Paths\datapacks\gstools\data\gstools\function\hud\enhancedhud_sub\6766_sub\
	                   1	C:\Users\joshp\curseforge\minecraft\Instances\Alive Dev\saves\Desire Paths\datapacks\gstools\data\gstools\function\hud\enhancedhud_sub\6783_sub\
	                   1	C:\Users\joshp\curseforge\minecraft\Instances\Alive Dev\saves\Desire Paths\datapacks\gstools\data\gstools\function\hud\enhancedhud_sub\6800_sub\
	                   1	C:\Users\joshp\curseforge\minecraft\Instances\Alive Dev\saves\Desire Paths\datapacks\gstools\data\gstools\function\hud\enhancedhud_sub\680_sub\
	                   1	C:\Users\joshp\curseforge\minecraft\Instances\Alive Dev\saves\Desire Paths\datapacks\gstools\data\gstools\function\hud\enhancedhud_sub\6817_sub\
	                   1	C:\Users\joshp\curseforge\minecraft\Instances\Alive Dev\saves\Desire Paths\datapacks\gstools\data\gstools\function\hud\enhancedhud_sub\6834_sub\
	                   1	C:\Users\joshp\curseforge\minecraft\Instances\Alive Dev\saves\Desire Paths\datapacks\gstools\data\gstools\function\hud\enhancedhud_sub\6851_sub\
	                   1	C:\Users\joshp\curseforge\minecraft\Instances\Alive Dev\saves\Desire Paths\datapacks\gstools\data\gstools\function\hud\enhancedhud_sub\6868_sub\
	                   1	C:\Users\joshp\curseforge\minecraft\Instances\Alive Dev\saves\Desire Paths\datapacks\gstools\data\gstools\function\hud\enhancedhud_sub\6885_sub\
	                   1	C:\Users\joshp\curseforge\minecraft\Instances\Alive Dev\saves\Desire Paths\datapacks\gstools\data\gstools\function\hud\enhancedhud_sub\68_sub\
	                   1	C:\Users\joshp\curseforge\minecraft\Instances\Alive Dev\saves\Desire Paths\datapacks\gstools\data\gstools\function\hud\enhancedhud_sub\6902_sub\
	                   1	C:\Users\joshp\curseforge\minecraft\Instances\Alive Dev\saves\Desire Paths\datapacks\gstools\data\gstools\function\hud\enhancedhud_sub\6919_sub\
	                   1	C:\Users\joshp\curseforge\minecraft\Instances\Alive Dev\saves\Desire Paths\datapacks\gstools\data\gstools\function\hud\enhancedhud_sub\6936_sub\
	                   1	C:\Users\joshp\curseforge\minecraft\Instances\Alive Dev\saves\Desire Paths\datapacks\gstools\data\gstools\function\hud\enhancedhud_sub\6953_sub\
	                   1	C:\Users\joshp\curseforge\minecraft\Instances\Alive Dev\saves\Desire Paths\datapacks\gstools\data\gstools\function\hud\enhancedhud_sub\6970_sub\
	                   1	C:\Users\joshp\curseforge\minecraft\Instances\Alive Dev\saves\Desire Paths\datapacks\gstools\data\gstools\function\hud\enhancedhud_sub\697_sub\
	                   1	C:\Users\joshp\curseforge\minecraft\Instances\Alive Dev\saves\Desire Paths\datapacks\gstools\data\gstools\function\hud\enhancedhud_sub\6987_sub\
	                   1	C:\Users\joshp\curseforge\minecraft\Instances\Alive Dev\saves\Desire Paths\datapacks\gstools\data\gstools\function\hud\enhancedhud_sub\7004_sub\
	                   1	C:\Users\joshp\curseforge\minecraft\Instances\Alive Dev\saves\Desire Paths\datapacks\gstools\data\gstools\function\hud\enhancedhud_sub\7021_sub\
	                   1	C:\Users\joshp\curseforge\minecraft\Instances\Alive Dev\saves\Desire Paths\datapacks\gstools\data\gstools\function\hud\enhancedhud_sub\7038_sub\
	                   1	C:\Users\joshp\curseforge\minecraft\Instances\Alive Dev\saves\Desire Paths\datapacks\gstools\data\gstools\function\hud\enhancedhud_sub\7055_sub\
	                   1	C:\Users\joshp\curseforge\minecraft\Instances\Alive Dev\saves\Desire Paths\datapacks\gstools\data\gstools\function\hud\enhancedhud_sub\7072_sub\
	                   1	C:\Users\joshp\curseforge\minecraft\Instances\Alive Dev\saves\Desire Paths\datapacks\gstools\data\gstools\function\hud\enhancedhud_sub\7089_sub\
	                   1	C:\Users\joshp\curseforge\minecraft\Instances\Alive Dev\saves\Desire Paths\datapacks\gstools\data\gstools\function\hud\enhancedhud_sub\7106_sub\
	                   1	C:\Users\joshp\curseforge\minecraft\Instances\Alive Dev\saves\Desire Paths\datapacks\gstools\data\gstools\function\hud\enhancedhud_sub\7123_sub\
	                   1	C:\Users\joshp\curseforge\minecraft\Instances\Alive Dev\saves\Desire Paths\datapacks\gstools\data\gstools\function\hud\enhancedhud_sub\7140_sub\
	                   1	C:\Users\joshp\curseforge\minecraft\Instances\Alive Dev\saves\Desire Paths\datapacks\gstools\data\gstools\function\hud\enhancedhud_sub\714_sub\
	                   1	C:\Users\joshp\curseforge\minecraft\Instances\Alive Dev\saves\Desire Paths\datapacks\gstools\data\gstools\function\hud\enhancedhud_sub\7157_sub\
	                   1	C:\Users\joshp\curseforge\minecraft\Instances\Alive Dev\saves\Desire Paths\datapacks\gstools\data\gstools\function\hud\enhancedhud_sub\7174_sub\
	                   1	C:\Users\joshp\curseforge\minecraft\Instances\Alive Dev\saves\Desire Paths\datapacks\gstools\data\gstools\function\hud\enhancedhud_sub\7191_sub\
	                   1	C:\Users\joshp\curseforge\minecraft\Instances\Alive Dev\saves\Desire Paths\datapacks\gstools\data\gstools\function\hud\enhancedhud_sub\7208_sub\
	                   1	C:\Users\joshp\curseforge\minecraft\Instances\Alive Dev\saves\Desire Paths\datapacks\gstools\data\gstools\function\hud\enhancedhud_sub\7225_sub\
	                   1	C:\Users\joshp\curseforge\minecraft\Instances\Alive Dev\saves\Desire Paths\datapacks\gstools\data\gstools\function\hud\enhancedhud_sub\7242_sub\
	                   1	C:\Users\joshp\curseforge\minecraft\Instances\Alive Dev\saves\Desire Paths\datapacks\gstools\data\gstools\function\hud\enhancedhud_sub\7259_sub\
	                   1	C:\Users\joshp\curseforge\minecraft\Instances\Alive Dev\saves\Desire Paths\datapacks\gstools\data\gstools\function\hud\enhancedhud_sub\7276_sub\
	                   1	C:\Users\joshp\curseforge\minecraft\Instances\Alive Dev\saves\Desire Paths\datapacks\gstools\data\gstools\function\hud\enhancedhud_sub\7293_sub\
	                   1	C:\Users\joshp\curseforge\minecraft\Instances\Alive Dev\saves\Desire Paths\datapacks\gstools\data\gstools\function\hud\enhancedhud_sub\7310_sub\
	                   1	C:\Users\joshp\curseforge\minecraft\Instances\Alive Dev\saves\Desire Paths\datapacks\gstools\data\gstools\function\hud\enhancedhud_sub\731_sub\
	                   1	C:\Users\joshp\curseforge\minecraft\Instances\Alive Dev\saves\Desire Paths\datapacks\gstools\data\gstools\function\hud\enhancedhud_sub\7327_sub\
	                   1	C:\Users\joshp\curseforge\minecraft\Instances\Alive Dev\saves\Desire Paths\datapacks\gstools\data\gstools\function\hud\enhancedhud_sub\7344_sub\
	                   1	C:\Users\joshp\curseforge\minecraft\Instances\Alive Dev\saves\Desire Paths\datapacks\gstools\data\gstools\function\hud\enhancedhud_sub\7361_sub\
	                   1	C:\Users\joshp\curseforge\minecraft\Instances\Alive Dev\saves\Desire Paths\datapacks\gstools\data\gstools\function\hud\enhancedhud_sub\7378_sub\
	                   1	C:\Users\joshp\curseforge\minecraft\Instances\Alive Dev\saves\Desire Paths\datapacks\gstools\data\gstools\function\hud\enhancedhud_sub\7395_sub\
	                   1	C:\Users\joshp\curseforge\minecraft\Instances\Alive Dev\saves\Desire Paths\datapacks\gstools\data\gstools\function\hud\enhancedhud_sub\7412_sub\
	                   1	C:\Users\joshp\curseforge\minecraft\Instances\Alive Dev\saves\Desire Paths\datapacks\gstools\data\gstools\function\hud\enhancedhud_sub\7429_sub\
	                   1	C:\Users\joshp\curseforge\minecraft\Instances\Alive Dev\saves\Desire Paths\datapacks\gstools\data\gstools\function\hud\enhancedhud_sub\7446_sub\
	                   1	C:\Users\joshp\curseforge\minecraft\Instances\Alive Dev\saves\Desire Paths\datapacks\gstools\data\gstools\function\hud\enhancedhud_sub\7463_sub\
	                   1	C:\Users\joshp\curseforge\minecraft\Instances\Alive Dev\saves\Desire Paths\datapacks\gstools\data\gstools\function\hud\enhancedhud_sub\7480_sub\
	                   1	C:\Users\joshp\curseforge\minecraft\Instances\Alive Dev\saves\Desire Paths\datapacks\gstools\data\gstools\function\hud\enhancedhud_sub\748_sub\
	                   1	C:\Users\joshp\curseforge\minecraft\Instances\Alive Dev\saves\Desire Paths\datapacks\gstools\data\gstools\function\hud\enhancedhud_sub\7497_sub\
	                   1	C:\Users\joshp\curseforge\minecraft\Instances\Alive Dev\saves\Desire Paths\datapacks\gstools\data\gstools\function\hud\enhancedhud_sub\7514_sub\
	                   1	C:\Users\joshp\curseforge\minecraft\Instances\Alive Dev\saves\Desire Paths\datapacks\gstools\data\gstools\function\hud\enhancedhud_sub\7531_sub\
	                   1	C:\Users\joshp\curseforge\minecraft\Instances\Alive Dev\saves\Desire Paths\datapacks\gstools\data\gstools\function\hud\enhancedhud_sub\7548_sub\
	                   1	C:\Users\joshp\curseforge\minecraft\Instances\Alive Dev\saves\Desire Paths\datapacks\gstools\data\gstools\function\hud\enhancedhud_sub\7565_sub\
	                   1	C:\Users\joshp\curseforge\minecraft\Instances\Alive Dev\saves\Desire Paths\datapacks\gstools\data\gstools\function\hud\enhancedhud_sub\7582_sub\
	                   1	C:\Users\joshp\curseforge\minecraft\Instances\Alive Dev\saves\Desire Paths\datapacks\gstools\data\gstools\function\hud\enhancedhud_sub\7599_sub\
	                   1	C:\Users\joshp\curseforge\minecraft\Instances\Alive Dev\saves\Desire Paths\datapacks\gstools\data\gstools\function\hud\enhancedhud_sub\7616_sub\
	                   1	C:\Users\joshp\curseforge\minecraft\Instances\Alive Dev\saves\Desire Paths\datapacks\gstools\data\gstools\function\hud\enhancedhud_sub\7633_sub\
	                   1	C:\Users\joshp\curseforge\minecraft\Instances\Alive Dev\saves\Desire Paths\datapacks\gstools\data\gstools\function\hud\enhancedhud_sub\7650_sub\
	                   1	C:\Users\joshp\curseforge\minecraft\Instances\Alive Dev\saves\Desire Paths\datapacks\gstools\data\gstools\function\hud\enhancedhud_sub\765_sub\
	                   1	C:\Users\joshp\curseforge\minecraft\Instances\Alive Dev\saves\Desire Paths\datapacks\gstools\data\gstools\function\hud\enhancedhud_sub\7667_sub\
	                   1	C:\Users\joshp\curseforge\minecraft\Instances\Alive Dev\saves\Desire Paths\datapacks\gstools\data\gstools\function\hud\enhancedhud_sub\7684_sub\
	                   1	C:\Users\joshp\curseforge\minecraft\Instances\Alive Dev\saves\Desire Paths\datapacks\gstools\data\gstools\function\hud\enhancedhud_sub\7701_sub\
	                   1	C:\Users\joshp\curseforge\minecraft\Instances\Alive Dev\saves\Desire Paths\datapacks\gstools\data\gstools\function\hud\enhancedhud_sub\7718_sub\
	                   1	C:\Users\joshp\curseforge\minecraft\Instances\Alive Dev\saves\Desire Paths\datapacks\gstools\data\gstools\function\hud\enhancedhud_sub\7735_sub\
	                   1	C:\Users\joshp\curseforge\minecraft\Instances\Alive Dev\saves\Desire Paths\datapacks\gstools\data\gstools\function\hud\enhancedhud_sub\7752_sub\
	                   1	C:\Users\joshp\curseforge\minecraft\Instances\Alive Dev\saves\Desire Paths\datapacks\gstools\data\gstools\function\hud\enhancedhud_sub\7769_sub\
	                   1	C:\Users\joshp\curseforge\minecraft\Instances\Alive Dev\saves\Desire Paths\datapacks\gstools\data\gstools\function\hud\enhancedhud_sub\7786_sub\
	                   1	C:\Users\joshp\curseforge\minecraft\Instances\Alive Dev\saves\Desire Paths\datapacks\gstools\data\gstools\function\hud\enhancedhud_sub\7803_sub\
	                   1	C:\Users\joshp\curseforge\minecraft\Instances\Alive Dev\saves\Desire Paths\datapacks\gstools\data\gstools\function\hud\enhancedhud_sub\7820_sub\
	                   1	C:\Users\joshp\curseforge\minecraft\Instances\Alive Dev\saves\Desire Paths\datapacks\gstools\data\gstools\function\hud\enhancedhud_sub\782_sub\
	                   1	C:\Users\joshp\curseforge\minecraft\Instances\Alive Dev\saves\Desire Paths\datapacks\gstools\data\gstools\function\hud\enhancedhud_sub\7837_sub\
	                   1	C:\Users\joshp\curseforge\minecraft\Instances\Alive Dev\saves\Desire Paths\datapacks\gstools\data\gstools\function\hud\enhancedhud_sub\7854_sub\
	                   1	C:\Users\joshp\curseforge\minecraft\Instances\Alive Dev\saves\Desire Paths\datapacks\gstools\data\gstools\function\hud\enhancedhud_sub\7871_sub\
	                   1	C:\Users\joshp\curseforge\minecraft\Instances\Alive Dev\saves\Desire Paths\datapacks\gstools\data\gstools\function\hud\enhancedhud_sub\7888_sub\
	                   1	C:\Users\joshp\curseforge\minecraft\Instances\Alive Dev\saves\Desire Paths\datapacks\gstools\data\gstools\function\hud\enhancedhud_sub\7905_sub\
	                   1	C:\Users\joshp\curseforge\minecraft\Instances\Alive Dev\saves\Desire Paths\datapacks\gstools\data\gstools\function\hud\enhancedhud_sub\7922_sub\
	                   1	C:\Users\joshp\curseforge\minecraft\Instances\Alive Dev\saves\Desire Paths\datapacks\gstools\data\gstools\function\hud\enhancedhud_sub\7939_sub\
	                   1	C:\Users\joshp\curseforge\minecraft\Instances\Alive Dev\saves\Desire Paths\datapacks\gstools\data\gstools\function\hud\enhancedhud_sub\7956_sub\
	                   1	C:\Users\joshp\curseforge\minecraft\Instances\Alive Dev\saves\Desire Paths\datapacks\gstools\data\gstools\function\hud\enhancedhud_sub\7973_sub\
	                   1	C:\Users\joshp\curseforge\minecraft\Instances\Alive Dev\saves\Desire Paths\datapacks\gstools\data\gstools\function\hud\enhancedhud_sub\7990_sub\
	                   1	C:\Users\joshp\curseforge\minecraft\Instances\Alive Dev\saves\Desire Paths\datapacks\gstools\data\gstools\function\hud\enhancedhud_sub\799_sub\
	                   1	C:\Users\joshp\curseforge\minecraft\Instances\Alive Dev\saves\Desire Paths\datapacks\gstools\data\gstools\function\hud\enhancedhud_sub\8007_sub\
	                   1	C:\Users\joshp\curseforge\minecraft\Instances\Alive Dev\saves\Desire Paths\datapacks\gstools\data\gstools\function\hud\enhancedhud_sub\8024_sub\
	                   1	C:\Users\joshp\curseforge\minecraft\Instances\Alive Dev\saves\Desire Paths\datapacks\gstools\data\gstools\function\hud\enhancedhud_sub\8041_sub\
	                   1	C:\Users\joshp\curseforge\minecraft\Instances\Alive Dev\saves\Desire Paths\datapacks\gstools\data\gstools\function\hud\enhancedhud_sub\8058_sub\
	                   1	C:\Users\joshp\curseforge\minecraft\Instances\Alive Dev\saves\Desire Paths\datapacks\gstools\data\gstools\function\hud\enhancedhud_sub\8075_sub\
	                   1	C:\Users\joshp\curseforge\minecraft\Instances\Alive Dev\saves\Desire Paths\datapacks\gstools\data\gstools\function\hud\enhancedhud_sub\8092_sub\
	                   1	C:\Users\joshp\curseforge\minecraft\Instances\Alive Dev\saves\Desire Paths\datapacks\gstools\data\gstools\function\hud\enhancedhud_sub\8109_sub\
	                   1	C:\Users\joshp\curseforge\minecraft\Instances\Alive Dev\saves\Desire Paths\datapacks\gstools\data\gstools\function\hud\enhancedhud_sub\8126_sub\
	                   1	C:\Users\joshp\curseforge\minecraft\Instances\Alive Dev\saves\Desire Paths\datapacks\gstools\data\gstools\function\hud\enhancedhud_sub\8143_sub\
	                   1	C:\Users\joshp\curseforge\minecraft\Instances\Alive Dev\saves\Desire Paths\datapacks\gstools\data\gstools\function\hud\enhancedhud_sub\8160_sub\
	                   1	C:\Users\joshp\curseforge\minecraft\Instances\Alive Dev\saves\Desire Paths\datapacks\gstools\data\gstools\function\hud\enhancedhud_sub\816_sub\
	                   1	C:\Users\joshp\curseforge\minecraft\Instances\Alive Dev\saves\Desire Paths\datapacks\gstools\data\gstools\function\hud\enhancedhud_sub\8177_sub\
	                   1	C:\Users\joshp\curseforge\minecraft\Instances\Alive Dev\saves\Desire Paths\datapacks\gstools\data\gstools\function\hud\enhancedhud_sub\8194_sub\
	                   1	C:\Users\joshp\curseforge\minecraft\Instances\Alive Dev\saves\Desire Paths\datapacks\gstools\data\gstools\function\hud\enhancedhud_sub\8211_sub\
	                   1	C:\Users\joshp\curseforge\minecraft\Instances\Alive Dev\saves\Desire Paths\datapacks\gstools\data\gstools\function\hud\enhancedhud_sub\8228_sub\
	                   1	C:\Users\joshp\curseforge\minecraft\Instances\Alive Dev\saves\Desire Paths\datapacks\gstools\data\gstools\function\hud\enhancedhud_sub\8245_sub\
	                   1	C:\Users\joshp\curseforge\minecraft\Instances\Alive Dev\saves\Desire Paths\datapacks\gstools\data\gstools\function\hud\enhancedhud_sub\8262_sub\
	                   1	C:\Users\joshp\curseforge\minecraft\Instances\Alive Dev\saves\Desire Paths\datapacks\gstools\data\gstools\function\hud\enhancedhud_sub\8279_sub\
	                   1	C:\Users\joshp\curseforge\minecraft\Instances\Alive Dev\saves\Desire Paths\datapacks\gstools\data\gstools\function\hud\enhancedhud_sub\8296_sub\
	                   1	C:\Users\joshp\curseforge\minecraft\Instances\Alive Dev\saves\Desire Paths\datapacks\gstools\data\gstools\function\hud\enhancedhud_sub\8313_sub\
	                   1	C:\Users\joshp\curseforge\minecraft\Instances\Alive Dev\saves\Desire Paths\datapacks\gstools\data\gstools\function\hud\enhancedhud_sub\8330_sub\
	                   1	C:\Users\joshp\curseforge\minecraft\Instances\Alive Dev\saves\Desire Paths\datapacks\gstools\data\gstools\function\hud\enhancedhud_sub\833_sub\
	                   1	C:\Users\joshp\curseforge\minecraft\Instances\Alive Dev\saves\Desire Paths\datapacks\gstools\data\gstools\function\hud\enhancedhud_sub\8347_sub\
	                   1	C:\Users\joshp\curseforge\minecraft\Instances\Alive Dev\saves\Desire Paths\datapacks\gstools\data\gstools\function\hud\enhancedhud_sub\8364_sub\
	                   1	C:\Users\joshp\curseforge\minecraft\Instances\Alive Dev\saves\Desire Paths\datapacks\gstools\data\gstools\function\hud\enhancedhud_sub\8381_sub\
	                   1	C:\Users\joshp\curseforge\minecraft\Instances\Alive Dev\saves\Desire Paths\datapacks\gstools\data\gstools\function\hud\enhancedhud_sub\8398_sub\
	                   1	C:\Users\joshp\curseforge\minecraft\Instances\Alive Dev\saves\Desire Paths\datapacks\gstools\data\gstools\function\hud\enhancedhud_sub\8415_sub\
	                   1	C:\Users\joshp\curseforge\minecraft\Instances\Alive Dev\saves\Desire Paths\datapacks\gstools\data\gstools\function\hud\enhancedhud_sub\8432_sub\
	                   1	C:\Users\joshp\curseforge\minecraft\Instances\Alive Dev\saves\Desire Paths\datapacks\gstools\data\gstools\function\hud\enhancedhud_sub\8449_sub\
	                   1	C:\Users\joshp\curseforge\minecraft\Instances\Alive Dev\saves\Desire Paths\datapacks\gstools\data\gstools\function\hud\enhancedhud_sub\8466_sub\
	                   1	C:\Users\joshp\curseforge\minecraft\Instances\Alive Dev\saves\Desire Paths\datapacks\gstools\data\gstools\function\hud\enhancedhud_sub\8483_sub\
	                   1	C:\Users\joshp\curseforge\minecraft\Instances\Alive Dev\saves\Desire Paths\datapacks\gstools\data\gstools\function\hud\enhancedhud_sub\8500_sub\
	                   1	C:\Users\joshp\curseforge\minecraft\Instances\Alive Dev\saves\Desire Paths\datapacks\gstools\data\gstools\function\hud\enhancedhud_sub\850_sub\
	                   1	C:\Users\joshp\curseforge\minecraft\Instances\Alive Dev\saves\Desire Paths\datapacks\gstools\data\gstools\function\hud\enhancedhud_sub\8517_sub\
	                   1	C:\Users\joshp\curseforge\minecraft\Instances\Alive Dev\saves\Desire Paths\datapacks\gstools\data\gstools\function\hud\enhancedhud_sub\8534_sub\
	                   1	C:\Users\joshp\curseforge\minecraft\Instances\Alive Dev\saves\Desire Paths\datapacks\gstools\data\gstools\function\hud\enhancedhud_sub\8551_sub\
	                   1	C:\Users\joshp\curseforge\minecraft\Instances\Alive Dev\saves\Desire Paths\datapacks\gstools\data\gstools\function\hud\enhancedhud_sub\8568_sub\
	                   1	C:\Users\joshp\curseforge\minecraft\Instances\Alive Dev\saves\Desire Paths\datapacks\gstools\data\gstools\function\hud\enhancedhud_sub\8585_sub\
	                   1	C:\Users\joshp\curseforge\minecraft\Instances\Alive Dev\saves\Desire Paths\datapacks\gstools\data\gstools\function\hud\enhancedhud_sub\85_sub\
	                   1	C:\Users\joshp\curseforge\minecraft\Instances\Alive Dev\saves\Desire Paths\datapacks\gstools\data\gstools\function\hud\enhancedhud_sub\8602_sub\
	                   1	C:\Users\joshp\curseforge\minecraft\Instances\Alive Dev\saves\Desire Paths\datapacks\gstools\data\gstools\function\hud\enhancedhud_sub\8619_sub\
	                   1	C:\Users\joshp\curseforge\minecraft\Instances\Alive Dev\saves\Desire Paths\datapacks\gstools\data\gstools\function\hud\enhancedhud_sub\8636_sub\
	                   1	C:\Users\joshp\curseforge\minecraft\Instances\Alive Dev\saves\Desire Paths\datapacks\gstools\data\gstools\function\hud\enhancedhud_sub\8653_sub\
	                   1	C:\Users\joshp\curseforge\minecraft\Instances\Alive Dev\saves\Desire Paths\datapacks\gstools\data\gstools\function\hud\enhancedhud_sub\8670_sub\
	                   1	C:\Users\joshp\curseforge\minecraft\Instances\Alive Dev\saves\Desire Paths\datapacks\gstools\data\gstools\function\hud\enhancedhud_sub\867_sub\
	                   1	C:\Users\joshp\curseforge\minecraft\Instances\Alive Dev\saves\Desire Paths\datapacks\gstools\data\gstools\function\hud\enhancedhud_sub\8687_sub\
	                   1	C:\Users\joshp\curseforge\minecraft\Instances\Alive Dev\saves\Desire Paths\datapacks\gstools\data\gstools\function\hud\enhancedhud_sub\8704_sub\
	                   1	C:\Users\joshp\curseforge\minecraft\Instances\Alive Dev\saves\Desire Paths\datapacks\gstools\data\gstools\function\hud\enhancedhud_sub\8721_sub\
	                   1	C:\Users\joshp\curseforge\minecraft\Instances\Alive Dev\saves\Desire Paths\datapacks\gstools\data\gstools\function\hud\enhancedhud_sub\8738_sub\
	                   1	C:\Users\joshp\curseforge\minecraft\Instances\Alive Dev\saves\Desire Paths\datapacks\gstools\data\gstools\function\hud\enhancedhud_sub\8755_sub\
	                   1	C:\Users\joshp\curseforge\minecraft\Instances\Alive Dev\saves\Desire Paths\datapacks\gstools\data\gstools\function\hud\enhancedhud_sub\8772_sub\
	                   1	C:\Users\joshp\curseforge\minecraft\Instances\Alive Dev\saves\Desire Paths\datapacks\gstools\data\gstools\function\hud\enhancedhud_sub\8789_sub\
	                   1	C:\Users\joshp\curseforge\minecraft\Instances\Alive Dev\saves\Desire Paths\datapacks\gstools\data\gstools\function\hud\enhancedhud_sub\8806_sub\
	                   1	C:\Users\joshp\curseforge\minecraft\Instances\Alive Dev\saves\Desire Paths\datapacks\gstools\data\gstools\function\hud\enhancedhud_sub\8823_sub\
	                   1	C:\Users\joshp\curseforge\minecraft\Instances\Alive Dev\saves\Desire Paths\datapacks\gstools\data\gstools\function\hud\enhancedhud_sub\8840_sub\
	                   1	C:\Users\joshp\curseforge\minecraft\Instances\Alive Dev\saves\Desire Paths\datapacks\gstools\data\gstools\function\hud\enhancedhud_sub\884_sub\
	                   1	C:\Users\joshp\curseforge\minecraft\Instances\Alive Dev\saves\Desire Paths\datapacks\gstools\data\gstools\function\hud\enhancedhud_sub\8857_sub\
	                   1	C:\Users\joshp\curseforge\minecraft\Instances\Alive Dev\saves\Desire Paths\datapacks\gstools\data\gstools\function\hud\enhancedhud_sub\8874_sub\
	                   1	C:\Users\joshp\curseforge\minecraft\Instances\Alive Dev\saves\Desire Paths\datapacks\gstools\data\gstools\function\hud\enhancedhud_sub\8891_sub\
	                   1	C:\Users\joshp\curseforge\minecraft\Instances\Alive Dev\saves\Desire Paths\datapacks\gstools\data\gstools\function\hud\enhancedhud_sub\8908_sub\
	                   1	C:\Users\joshp\curseforge\minecraft\Instances\Alive Dev\saves\Desire Paths\datapacks\gstools\data\gstools\function\hud\enhancedhud_sub\8925_sub\
	                   1	C:\Users\joshp\curseforge\minecraft\Instances\Alive Dev\saves\Desire Paths\datapacks\gstools\data\gstools\function\hud\enhancedhud_sub\8942_sub\
	                   1	C:\Users\joshp\curseforge\minecraft\Instances\Alive Dev\saves\Desire Paths\datapacks\gstools\data\gstools\function\hud\enhancedhud_sub\8959_sub\
	                   1	C:\Users\joshp\curseforge\minecraft\Instances\Alive Dev\saves\Desire Paths\datapacks\gstools\data\gstools\function\hud\enhancedhud_sub\8976_sub\
	                   1	C:\Users\joshp\curseforge\minecraft\Instances\Alive Dev\saves\Desire Paths\datapacks\gstools\data\gstools\function\hud\enhancedhud_sub\8993_sub\
	                   1	C:\Users\joshp\curseforge\minecraft\Instances\Alive Dev\saves\Desire Paths\datapacks\gstools\data\gstools\function\hud\enhancedhud_sub\9010_sub\
	                   1	C:\Users\joshp\curseforge\minecraft\Instances\Alive Dev\saves\Desire Paths\datapacks\gstools\data\gstools\function\hud\enhancedhud_sub\901_sub\
	                   1	C:\Users\joshp\curseforge\minecraft\Instances\Alive Dev\saves\Desire Paths\datapacks\gstools\data\gstools\function\hud\enhancedhud_sub\9027_sub\
	                   1	C:\Users\joshp\curseforge\minecraft\Instances\Alive Dev\saves\Desire Paths\datapacks\gstools\data\gstools\function\hud\enhancedhud_sub\9044_sub\
	                   1	C:\Users\joshp\curseforge\minecraft\Instances\Alive Dev\saves\Desire Paths\datapacks\gstools\data\gstools\function\hud\enhancedhud_sub\9061_sub\
	                   1	C:\Users\joshp\curseforge\minecraft\Instances\Alive Dev\saves\Desire Paths\datapacks\gstools\data\gstools\function\hud\enhancedhud_sub\9078_sub\
	                   1	C:\Users\joshp\curseforge\minecraft\Instances\Alive Dev\saves\Desire Paths\datapacks\gstools\data\gstools\function\hud\enhancedhud_sub\9095_sub\
	                   1	C:\Users\joshp\curseforge\minecraft\Instances\Alive Dev\saves\Desire Paths\datapacks\gstools\data\gstools\function\hud\enhancedhud_sub\9112_sub\
	                   1	C:\Users\joshp\curseforge\minecraft\Instances\Alive Dev\saves\Desire Paths\datapacks\gstools\data\gstools\function\hud\enhancedhud_sub\9129_sub\
	                   1	C:\Users\joshp\curseforge\minecraft\Instances\Alive Dev\saves\Desire Paths\datapacks\gstools\data\gstools\function\hud\enhancedhud_sub\9146_sub\
	                   1	C:\Users\joshp\curseforge\minecraft\Instances\Alive Dev\saves\Desire Paths\datapacks\gstools\data\gstools\function\hud\enhancedhud_sub\9163_sub\
	                   1	C:\Users\joshp\curseforge\minecraft\Instances\Alive Dev\saves\Desire Paths\datapacks\gstools\data\gstools\function\hud\enhancedhud_sub\9180_sub\
	                   1	C:\Users\joshp\curseforge\minecraft\Instances\Alive Dev\saves\Desire Paths\datapacks\gstools\data\gstools\function\hud\enhancedhud_sub\918_sub\
	                   1	C:\Users\joshp\curseforge\minecraft\Instances\Alive Dev\saves\Desire Paths\datapacks\gstools\data\gstools\function\hud\enhancedhud_sub\9197_sub\
	                   1	C:\Users\joshp\curseforge\minecraft\Instances\Alive Dev\saves\Desire Paths\datapacks\gstools\data\gstools\function\hud\enhancedhud_sub\9214_sub\
	                   1	C:\Users\joshp\curseforge\minecraft\Instances\Alive Dev\saves\Desire Paths\datapacks\gstools\data\gstools\function\hud\enhancedhud_sub\9231_sub\
	                   1	C:\Users\joshp\curseforge\minecraft\Instances\Alive Dev\saves\Desire Paths\datapacks\gstools\data\gstools\function\hud\enhancedhud_sub\9248_sub\
	                   1	C:\Users\joshp\curseforge\minecraft\Instances\Alive Dev\saves\Desire Paths\datapacks\gstools\data\gstools\function\hud\enhancedhud_sub\9265_sub\
	                   1	C:\Users\joshp\curseforge\minecraft\Instances\Alive Dev\saves\Desire Paths\datapacks\gstools\data\gstools\function\hud\enhancedhud_sub\9282_sub\
	                   1	C:\Users\joshp\curseforge\minecraft\Instances\Alive Dev\saves\Desire Paths\datapacks\gstools\data\gstools\function\hud\enhancedhud_sub\9299_sub\
	                   1	C:\Users\joshp\curseforge\minecraft\Instances\Alive Dev\saves\Desire Paths\datapacks\gstools\data\gstools\function\hud\enhancedhud_sub\9316_sub\
	                   1	C:\Users\joshp\curseforge\minecraft\Instances\Alive Dev\saves\Desire Paths\datapacks\gstools\data\gstools\function\hud\enhancedhud_sub\9333_sub\
	                   1	C:\Users\joshp\curseforge\minecraft\Instances\Alive Dev\saves\Desire Paths\datapacks\gstools\data\gstools\function\hud\enhancedhud_sub\9350_sub\
	                   1	C:\Users\joshp\curseforge\minecraft\Instances\Alive Dev\saves\Desire Paths\datapacks\gstools\data\gstools\function\hud\enhancedhud_sub\935_sub\
	                   1	C:\Users\joshp\curseforge\minecraft\Instances\Alive Dev\saves\Desire Paths\datapacks\gstools\data\gstools\function\hud\enhancedhud_sub\9367_sub\
	                   1	C:\Users\joshp\curseforge\minecraft\Instances\Alive Dev\saves\Desire Paths\datapacks\gstools\data\gstools\function\hud\enhancedhud_sub\9384_sub\
	                   1	C:\Users\joshp\curseforge\minecraft\Instances\Alive Dev\saves\Desire Paths\datapacks\gstools\data\gstools\function\hud\enhancedhud_sub\9401_sub\
	                   1	C:\Users\joshp\curseforge\minecraft\Instances\Alive Dev\saves\Desire Paths\datapacks\gstools\data\gstools\function\hud\enhancedhud_sub\9418_sub\
	                   1	C:\Users\joshp\curseforge\minecraft\Instances\Alive Dev\saves\Desire Paths\datapacks\gstools\data\gstools\function\hud\enhancedhud_sub\9435_sub\
	                   1	C:\Users\joshp\curseforge\minecraft\Instances\Alive Dev\saves\Desire Paths\datapacks\gstools\data\gstools\function\hud\enhancedhud_sub\9452_sub\
	                   1	C:\Users\joshp\curseforge\minecraft\Instances\Alive Dev\saves\Desire Paths\datapacks\gstools\data\gstools\function\hud\enhancedhud_sub\9469_sub\
	                   1	C:\Users\joshp\curseforge\minecraft\Instances\Alive Dev\saves\Desire Paths\datapacks\gstools\data\gstools\function\hud\enhancedhud_sub\9486_sub\
	                   1	C:\Users\joshp\curseforge\minecraft\Instances\Alive Dev\saves\Desire Paths\datapacks\gstools\data\gstools\function\hud\enhancedhud_sub\9503_sub\
	                   1	C:\Users\joshp\curseforge\minecraft\Instances\Alive Dev\saves\Desire Paths\datapacks\gstools\data\gstools\function\hud\enhancedhud_sub\9520_sub\
	                   1	C:\Users\joshp\curseforge\minecraft\Instances\Alive Dev\saves\Desire Paths\datapacks\gstools\data\gstools\function\hud\enhancedhud_sub\952_sub\
	                   1	C:\Users\joshp\curseforge\minecraft\Instances\Alive Dev\saves\Desire Paths\datapacks\gstools\data\gstools\function\hud\enhancedhud_sub\9537_sub\
	                   1	C:\Users\joshp\curseforge\minecraft\Instances\Alive Dev\saves\Desire Paths\datapacks\gstools\data\gstools\function\hud\enhancedhud_sub\9554_sub\
	                   1	C:\Users\joshp\curseforge\minecraft\Instances\Alive Dev\saves\Desire Paths\datapacks\gstools\data\gstools\function\hud\enhancedhud_sub\9571_sub\
	                   1	C:\Users\joshp\curseforge\minecraft\Instances\Alive Dev\saves\Desire Paths\datapacks\gstools\data\gstools\function\hud\enhancedhud_sub\9588_sub\
	                   1	C:\Users\joshp\curseforge\minecraft\Instances\Alive Dev\saves\Desire Paths\datapacks\gstools\data\gstools\function\hud\enhancedhud_sub\9605_sub\
	                   1	C:\Users\joshp\curseforge\minecraft\Instances\Alive Dev\saves\Desire Paths\datapacks\gstools\data\gstools\function\hud\enhancedhud_sub\9622_sub\
	                   1	C:\Users\joshp\curseforge\minecraft\Instances\Alive Dev\saves\Desire Paths\datapacks\gstools\data\gstools\function\hud\enhancedhud_sub\9639_sub\
	                   1	C:\Users\joshp\curseforge\minecraft\Instances\Alive Dev\saves\Desire Paths\datapacks\gstools\data\gstools\function\hud\enhancedhud_sub\9656_sub\
	                   1	C:\Users\joshp\curseforge\minecraft\Instances\Alive Dev\saves\Desire Paths\datapacks\gstools\data\gstools\function\hud\enhancedhud_sub\9673_sub\
	                   1	C:\Users\joshp\curseforge\minecraft\Instances\Alive Dev\saves\Desire Paths\datapacks\gstools\data\gstools\function\hud\enhancedhud_sub\9690_sub\
	                   1	C:\Users\joshp\curseforge\minecraft\Instances\Alive Dev\saves\Desire Paths\datapacks\gstools\data\gstools\function\hud\enhancedhud_sub\969_sub\
	                   1	C:\Users\joshp\curseforge\minecraft\Instances\Alive Dev\saves\Desire Paths\datapacks\gstools\data\gstools\function\hud\enhancedhud_sub\9707_sub\
	                   1	C:\Users\joshp\curseforge\minecraft\Instances\Alive Dev\saves\Desire Paths\datapacks\gstools\data\gstools\function\hud\enhancedhud_sub\9724_sub\
	                   1	C:\Users\joshp\curseforge\minecraft\Instances\Alive Dev\saves\Desire Paths\datapacks\gstools\data\gstools\function\hud\enhancedhud_sub\9741_sub\
	                   1	C:\Users\joshp\curseforge\minecraft\Instances\Alive Dev\saves\Desire Paths\datapacks\gstools\data\gstools\function\hud\enhancedhud_sub\9758_sub\
	                   1	C:\Users\joshp\curseforge\minecraft\Instances\Alive Dev\saves\Desire Paths\datapacks\gstools\data\gstools\function\hud\enhancedhud_sub\9775_sub\
	                   1	C:\Users\joshp\curseforge\minecraft\Instances\Alive Dev\saves\Desire Paths\datapacks\gstools\data\gstools\function\hud\enhancedhud_sub\9792_sub\
	                   1	C:\Users\joshp\curseforge\minecraft\Instances\Alive Dev\saves\Desire Paths\datapacks\gstools\data\gstools\function\hud\enhancedhud_sub\9809_sub\
	                   1	C:\Users\joshp\curseforge\minecraft\Instances\Alive Dev\saves\Desire Paths\datapacks\gstools\data\gstools\function\hud\enhancedhud_sub\9826_sub\
	                   1	C:\Users\joshp\curseforge\minecraft\Instances\Alive Dev\saves\Desire Paths\datapacks\gstools\data\gstools\function\hud\enhancedhud_sub\9843_sub\
	                   1	C:\Users\joshp\curseforge\minecraft\Instances\Alive Dev\saves\Desire Paths\datapacks\gstools\data\gstools\function\hud\enhancedhud_sub\9860_sub\
	                   1	C:\Users\joshp\curseforge\minecraft\Instances\Alive Dev\saves\Desire Paths\datapacks\gstools\data\gstools\function\hud\enhancedhud_sub\986_sub\
	                   1	C:\Users\joshp\curseforge\minecraft\Instances\Alive Dev\saves\Desire Paths\datapacks\gstools\data\gstools\function\hud\enhancedhud_sub\9877_sub\
	                   1	C:\Users\joshp\curseforge\minecraft\Instances\Alive Dev\saves\Desire Paths\datapacks\gstools\data\gstools\function\hud\enhancedhud_sub\9894_sub\
	                   1	C:\Users\joshp\curseforge\minecraft\Instances\Alive Dev\saves\Desire Paths\datapacks\gstools\data\gstools\function\hud\enhancedhud_sub\9911_sub\
	                   1	C:\Users\joshp\curseforge\minecraft\Instances\Alive Dev\saves\Desire Paths\datapacks\gstools\data\gstools\function\hud\enhancedhud_sub\9928_sub\
	                   1	C:\Users\joshp\curseforge\minecraft\Instances\Alive Dev\saves\Desire Paths\datapacks\gstools\data\gstools\function\hud\enhancedhud_sub\9945_sub\
	                   1	C:\Users\joshp\curseforge\minecraft\Instances\Alive Dev\saves\Desire Paths\datapacks\gstools\data\gstools\function\hud\enhancedhud_sub\9962_sub\
	                   1	C:\Users\joshp\curseforge\minecraft\Instances\Alive Dev\saves\Desire Paths\datapacks\gstools\data\gstools\function\hud\enhancedhud_sub\9979_sub\
	                   1	C:\Users\joshp\curseforge\minecraft\Instances\Alive Dev\saves\Desire Paths\datapacks\gstools\data\gstools\function\hud\enhancedhud_sub\9996_sub\
	                   2	C:\Users\joshp\curseforge\minecraft\Instances\Alive Dev\saves\Desire Paths\datapacks\gstools\data\gstools\function\hud\version_conflict\
	                   1	C:\Users\joshp\curseforge\minecraft\Instances\Alive Dev\saves\Desire Paths\datapacks\gstools\data\gstools\function\hud\version_conflict\diseasehud_0_sub\
	                   1	C:\Users\joshp\curseforge\minecraft\Instances\Alive Dev\saves\Desire Paths\datapacks\gstools\data\gstools\function\hud\version_conflict\diseasehud_0_sub\0_sub\
	                   1	C:\Users\joshp\curseforge\minecraft\Instances\Alive Dev\saves\Desire Paths\datapacks\gstools\data\gstools\function\hud\version_conflict\diseasehud_0_sub\0_sub\0_sub\
	                   1	C:\Users\joshp\curseforge\minecraft\Instances\Alive Dev\saves\Desire Paths\datapacks\gstools\data\gstools\function\hud\version_conflict\diseasehud_1_sub\
	                   1	C:\Users\joshp\curseforge\minecraft\Instances\Alive Dev\saves\Desire Paths\datapacks\gstools\data\gstools\function\hud\version_conflict\diseasehud_1_sub\0_sub\
	                   1	C:\Users\joshp\curseforge\minecraft\Instances\Alive Dev\saves\Desire Paths\datapacks\gstools\data\gstools\function\hud\version_conflict\diseasehud_1_sub\0_sub\0_sub\
	                   1	C:\Users\joshp\curseforge\minecraft\Instances\Alive Dev\saves\Desire Paths\datapacks\gstools\data\gstools\function\hud\__pycache__\
	                   3	C:\Users\joshp\curseforge\minecraft\Instances\Alive Dev\saves\Desire Paths\datapacks\gstools\data\gstools\function\lagcontrol\
	                   2	C:\Users\joshp\curseforge\minecraft\Instances\Alive Dev\saves\Desire Paths\datapacks\gstools\data\gstools\function\lagcontrol\culling_sub\
	                   2	C:\Users\joshp\curseforge\minecraft\Instances\Alive Dev\saves\Desire Paths\datapacks\gstools\data\gstools\function\lagcontrol\getsimulationdistance_sub\
	                   1	C:\Users\joshp\curseforge\minecraft\Instances\Alive Dev\saves\Desire Paths\datapacks\gstools\data\gstools\function\lagcontrol\getsimulationdistance_sub\5_sub\
	                   5	C:\Users\joshp\curseforge\minecraft\Instances\Alive Dev\saves\Desire Paths\datapacks\gstools\data\gstools\function\lagcontrol\tps_sub\
	                   1	C:\Users\joshp\curseforge\minecraft\Instances\Alive Dev\saves\Desire Paths\datapacks\gstools\data\gstools\function\lagcontrol\tps_sub\13_sub\
	                   1	C:\Users\joshp\curseforge\minecraft\Instances\Alive Dev\saves\Desire Paths\datapacks\gstools\data\gstools\function\lagcontrol\tps_sub\13_sub\1_sub\
	                   1	C:\Users\joshp\curseforge\minecraft\Instances\Alive Dev\saves\Desire Paths\datapacks\gstools\data\gstools\function\lagcontrol\tps_sub\16_sub\
	                   1	C:\Users\joshp\curseforge\minecraft\Instances\Alive Dev\saves\Desire Paths\datapacks\gstools\data\gstools\function\lagcontrol\tps_sub\19_sub\
	                   1	C:\Users\joshp\curseforge\minecraft\Instances\Alive Dev\saves\Desire Paths\datapacks\gstools\data\gstools\function\lagcontrol\tps_sub\19_sub\0_sub\
	                   1	C:\Users\joshp\curseforge\minecraft\Instances\Alive Dev\saves\Desire Paths\datapacks\gstools\data\gstools\function\lagcontrol\tps_sub\46_sub\
	                   2	C:\Users\joshp\curseforge\minecraft\Instances\Alive Dev\saves\Desire Paths\datapacks\gstools\data\gstools\function\lagcontrol\version_conflict\
	                   1	C:\Users\joshp\curseforge\minecraft\Instances\Alive Dev\saves\Desire Paths\datapacks\gstools\data\gstools\function\load_sub\
	                   2	C:\Users\joshp\curseforge\minecraft\Instances\Alive Dev\saves\Desire Paths\datapacks\gstools\data\gstools\function\player\
	                   1	C:\Users\joshp\curseforge\minecraft\Instances\Alive Dev\saves\Desire Paths\datapacks\gstools\data\gstools\function\player\view_finder_sub\
	                   1	C:\Users\joshp\curseforge\minecraft\Instances\Alive Dev\saves\Desire Paths\datapacks\gstools\data\gstools\function\player\view_finder_sub\3_sub\
	                  14	C:\Users\joshp\curseforge\minecraft\Instances\Alive Dev\saves\Desire Paths\datapacks\gstools\data\gstools\function\run_sub\
	                   1	C:\Users\joshp\curseforge\minecraft\Instances\Alive Dev\saves\Desire Paths\datapacks\gstools\data\gstools\function\run_sub\100_sub\
	                   1	C:\Users\joshp\curseforge\minecraft\Instances\Alive Dev\saves\Desire Paths\datapacks\gstools\data\gstools\function\run_sub\191_sub\
	                   1	C:\Users\joshp\curseforge\minecraft\Instances\Alive Dev\saves\Desire Paths\datapacks\gstools\data\gstools\function\run_sub\191_sub\0_sub\
	                   1	C:\Users\joshp\curseforge\minecraft\Instances\Alive Dev\saves\Desire Paths\datapacks\gstools\data\gstools\function\run_sub\191_sub\0_sub\0_sub\
	                   1	C:\Users\joshp\curseforge\minecraft\Instances\Alive Dev\saves\Desire Paths\datapacks\gstools\data\gstools\function\run_sub\59_sub\
	                   1	C:\Users\joshp\curseforge\minecraft\Instances\Alive Dev\saves\Desire Paths\datapacks\gstools\data\gstools\function\run_sub\63_sub\
	                   1	C:\Users\joshp\curseforge\minecraft\Instances\Alive Dev\saves\Desire Paths\datapacks\gstools\data\gstools\function\run_sub\63_sub\0_sub\
	                   1	C:\Users\joshp\curseforge\minecraft\Instances\Alive Dev\saves\Desire Paths\datapacks\gstools\data\gstools\function\run_sub\67_sub\
	                   1	C:\Users\joshp\curseforge\minecraft\Instances\Alive Dev\saves\Desire Paths\datapacks\gstools\data\gstools\function\run_sub\90_sub\
	                   1	C:\Users\joshp\curseforge\minecraft\Instances\Alive Dev\saves\Desire Paths\datapacks\gstools\data\gstools\function\run_sub\98_sub\
	                   4	C:\Users\joshp\curseforge\minecraft\Instances\Alive Dev\saves\Desire Paths\datapacks\gstools\data\gstools\function\tagger\
	                 154	C:\Users\joshp\curseforge\minecraft\Instances\Alive Dev\saves\Desire Paths\datapacks\gstools\data\gstools\function\tagger\entity\
	                   1	C:\Users\joshp\curseforge\minecraft\Instances\Alive Dev\saves\Desire Paths\datapacks\gstools\data\gstools\function\tagger\entity\acacia_boat_sub\
	                   1	C:\Users\joshp\curseforge\minecraft\Instances\Alive Dev\saves\Desire Paths\datapacks\gstools\data\gstools\function\tagger\entity\allay_sub\
	                   1	C:\Users\joshp\curseforge\minecraft\Instances\Alive Dev\saves\Desire Paths\datapacks\gstools\data\gstools\function\tagger\entity\area_effect_cloud_sub\
	                   1	C:\Users\joshp\curseforge\minecraft\Instances\Alive Dev\saves\Desire Paths\datapacks\gstools\data\gstools\function\tagger\entity\armadillo_sub\
	                   1	C:\Users\joshp\curseforge\minecraft\Instances\Alive Dev\saves\Desire Paths\datapacks\gstools\data\gstools\function\tagger\entity\arrow_sub\
	                   1	C:\Users\joshp\curseforge\minecraft\Instances\Alive Dev\saves\Desire Paths\datapacks\gstools\data\gstools\function\tagger\entity\axolotl_sub\
	                   1	C:\Users\joshp\curseforge\minecraft\Instances\Alive Dev\saves\Desire Paths\datapacks\gstools\data\gstools\function\tagger\entity\bamboo_raft_sub\
	                   1	C:\Users\joshp\curseforge\minecraft\Instances\Alive Dev\saves\Desire Paths\datapacks\gstools\data\gstools\function\tagger\entity\bat_sub\
	                   1	C:\Users\joshp\curseforge\minecraft\Instances\Alive Dev\saves\Desire Paths\datapacks\gstools\data\gstools\function\tagger\entity\bee_sub\
	                   1	C:\Users\joshp\curseforge\minecraft\Instances\Alive Dev\saves\Desire Paths\datapacks\gstools\data\gstools\function\tagger\entity\birch_boat_sub\
	                   1	C:\Users\joshp\curseforge\minecraft\Instances\Alive Dev\saves\Desire Paths\datapacks\gstools\data\gstools\function\tagger\entity\blaze_sub\
	                   1	C:\Users\joshp\curseforge\minecraft\Instances\Alive Dev\saves\Desire Paths\datapacks\gstools\data\gstools\function\tagger\entity\block_display_sub\
	                   1	C:\Users\joshp\curseforge\minecraft\Instances\Alive Dev\saves\Desire Paths\datapacks\gstools\data\gstools\function\tagger\entity\bogged_sub\
	                   1	C:\Users\joshp\curseforge\minecraft\Instances\Alive Dev\saves\Desire Paths\datapacks\gstools\data\gstools\function\tagger\entity\breeze_sub\
	                   1	C:\Users\joshp\curseforge\minecraft\Instances\Alive Dev\saves\Desire Paths\datapacks\gstools\data\gstools\function\tagger\entity\breeze_wind_charge_sub\
	                   1	C:\Users\joshp\curseforge\minecraft\Instances\Alive Dev\saves\Desire Paths\datapacks\gstools\data\gstools\function\tagger\entity\camel_sub\
	                   1	C:\Users\joshp\curseforge\minecraft\Instances\Alive Dev\saves\Desire Paths\datapacks\gstools\data\gstools\function\tagger\entity\cat_sub\
	                   1	C:\Users\joshp\curseforge\minecraft\Instances\Alive Dev\saves\Desire Paths\datapacks\gstools\data\gstools\function\tagger\entity\cave_spider_sub\
	                   1	C:\Users\joshp\curseforge\minecraft\Instances\Alive Dev\saves\Desire Paths\datapacks\gstools\data\gstools\function\tagger\entity\cherry_boat_sub\
	                   1	C:\Users\joshp\curseforge\minecraft\Instances\Alive Dev\saves\Desire Paths\datapacks\gstools\data\gstools\function\tagger\entity\chicken_sub\
	                   1	C:\Users\joshp\curseforge\minecraft\Instances\Alive Dev\saves\Desire Paths\datapacks\gstools\data\gstools\function\tagger\entity\cod_sub\
	                   1	C:\Users\joshp\curseforge\minecraft\Instances\Alive Dev\saves\Desire Paths\datapacks\gstools\data\gstools\function\tagger\entity\copper_golem_sub\
	                   1	C:\Users\joshp\curseforge\minecraft\Instances\Alive Dev\saves\Desire Paths\datapacks\gstools\data\gstools\function\tagger\entity\cow_sub\
	                   1	C:\Users\joshp\curseforge\minecraft\Instances\Alive Dev\saves\Desire Paths\datapacks\gstools\data\gstools\function\tagger\entity\creaking_sub\
	                   1	C:\Users\joshp\curseforge\minecraft\Instances\Alive Dev\saves\Desire Paths\datapacks\gstools\data\gstools\function\tagger\entity\creeper_sub\
	                   1	C:\Users\joshp\curseforge\minecraft\Instances\Alive Dev\saves\Desire Paths\datapacks\gstools\data\gstools\function\tagger\entity\dark_oak_boat_sub\
	                   1	C:\Users\joshp\curseforge\minecraft\Instances\Alive Dev\saves\Desire Paths\datapacks\gstools\data\gstools\function\tagger\entity\dolphin_sub\
	                   1	C:\Users\joshp\curseforge\minecraft\Instances\Alive Dev\saves\Desire Paths\datapacks\gstools\data\gstools\function\tagger\entity\donkey_sub\
	                   1	C:\Users\joshp\curseforge\minecraft\Instances\Alive Dev\saves\Desire Paths\datapacks\gstools\data\gstools\function\tagger\entity\dragon_fireball_sub\
	                   1	C:\Users\joshp\curseforge\minecraft\Instances\Alive Dev\saves\Desire Paths\datapacks\gstools\data\gstools\function\tagger\entity\drowned_sub\
	                   1	C:\Users\joshp\curseforge\minecraft\Instances\Alive Dev\saves\Desire Paths\datapacks\gstools\data\gstools\function\tagger\entity\elder_guardian_sub\
	                   1	C:\Users\joshp\curseforge\minecraft\Instances\Alive Dev\saves\Desire Paths\datapacks\gstools\data\gstools\function\tagger\entity\enderman_sub\
	                   1	C:\Users\joshp\curseforge\minecraft\Instances\Alive Dev\saves\Desire Paths\datapacks\gstools\data\gstools\function\tagger\entity\endermite_sub\
	                   1	C:\Users\joshp\curseforge\minecraft\Instances\Alive Dev\saves\Desire Paths\datapacks\gstools\data\gstools\function\tagger\entity\ender_dragon_sub\
	                   1	C:\Users\joshp\curseforge\minecraft\Instances\Alive Dev\saves\Desire Paths\datapacks\gstools\data\gstools\function\tagger\entity\evoker_sub\
	                   1	C:\Users\joshp\curseforge\minecraft\Instances\Alive Dev\saves\Desire Paths\datapacks\gstools\data\gstools\function\tagger\entity\experience_orb_sub\
	                   1	C:\Users\joshp\curseforge\minecraft\Instances\Alive Dev\saves\Desire Paths\datapacks\gstools\data\gstools\function\tagger\entity\falling_block_sub\
	                   1	C:\Users\joshp\curseforge\minecraft\Instances\Alive Dev\saves\Desire Paths\datapacks\gstools\data\gstools\function\tagger\entity\fireball_sub\
	                   1	C:\Users\joshp\curseforge\minecraft\Instances\Alive Dev\saves\Desire Paths\datapacks\gstools\data\gstools\function\tagger\entity\firework_rocket_sub\
	                   1	C:\Users\joshp\curseforge\minecraft\Instances\Alive Dev\saves\Desire Paths\datapacks\gstools\data\gstools\function\tagger\entity\fox_sub\
	                   1	C:\Users\joshp\curseforge\minecraft\Instances\Alive Dev\saves\Desire Paths\datapacks\gstools\data\gstools\function\tagger\entity\frog_sub\
	                   1	C:\Users\joshp\curseforge\minecraft\Instances\Alive Dev\saves\Desire Paths\datapacks\gstools\data\gstools\function\tagger\entity\ghast_sub\
	                   1	C:\Users\joshp\curseforge\minecraft\Instances\Alive Dev\saves\Desire Paths\datapacks\gstools\data\gstools\function\tagger\entity\giant_sub\
	                   1	C:\Users\joshp\curseforge\minecraft\Instances\Alive Dev\saves\Desire Paths\datapacks\gstools\data\gstools\function\tagger\entity\glow_squid_sub\
	                   1	C:\Users\joshp\curseforge\minecraft\Instances\Alive Dev\saves\Desire Paths\datapacks\gstools\data\gstools\function\tagger\entity\goat_sub\
	                   1	C:\Users\joshp\curseforge\minecraft\Instances\Alive Dev\saves\Desire Paths\datapacks\gstools\data\gstools\function\tagger\entity\guardian_sub\
	                   1	C:\Users\joshp\curseforge\minecraft\Instances\Alive Dev\saves\Desire Paths\datapacks\gstools\data\gstools\function\tagger\entity\happy_ghast_sub\
	                   1	C:\Users\joshp\curseforge\minecraft\Instances\Alive Dev\saves\Desire Paths\datapacks\gstools\data\gstools\function\tagger\entity\hoglin_sub\
	                   1	C:\Users\joshp\curseforge\minecraft\Instances\Alive Dev\saves\Desire Paths\datapacks\gstools\data\gstools\function\tagger\entity\horse_sub\
	                   1	C:\Users\joshp\curseforge\minecraft\Instances\Alive Dev\saves\Desire Paths\datapacks\gstools\data\gstools\function\tagger\entity\husk_sub\
	                   1	C:\Users\joshp\curseforge\minecraft\Instances\Alive Dev\saves\Desire Paths\datapacks\gstools\data\gstools\function\tagger\entity\illusioner_sub\
	                   1	C:\Users\joshp\curseforge\minecraft\Instances\Alive Dev\saves\Desire Paths\datapacks\gstools\data\gstools\function\tagger\entity\interaction_sub\
	                   1	C:\Users\joshp\curseforge\minecraft\Instances\Alive Dev\saves\Desire Paths\datapacks\gstools\data\gstools\function\tagger\entity\iron_golem_sub\
	                   1	C:\Users\joshp\curseforge\minecraft\Instances\Alive Dev\saves\Desire Paths\datapacks\gstools\data\gstools\function\tagger\entity\item_display_sub\
	                   1	C:\Users\joshp\curseforge\minecraft\Instances\Alive Dev\saves\Desire Paths\datapacks\gstools\data\gstools\function\tagger\entity\item_sub\
	                   1	C:\Users\joshp\curseforge\minecraft\Instances\Alive Dev\saves\Desire Paths\datapacks\gstools\data\gstools\function\tagger\entity\jungle_boat_sub\
	                   1	C:\Users\joshp\curseforge\minecraft\Instances\Alive Dev\saves\Desire Paths\datapacks\gstools\data\gstools\function\tagger\entity\lightning_bolt_sub\
	                   1	C:\Users\joshp\curseforge\minecraft\Instances\Alive Dev\saves\Desire Paths\datapacks\gstools\data\gstools\function\tagger\entity\lingering_potion_sub\
	                   1	C:\Users\joshp\curseforge\minecraft\Instances\Alive Dev\saves\Desire Paths\datapacks\gstools\data\gstools\function\tagger\entity\llama_spit_sub\
	                   1	C:\Users\joshp\curseforge\minecraft\Instances\Alive Dev\saves\Desire Paths\datapacks\gstools\data\gstools\function\tagger\entity\llama_sub\
	                   1	C:\Users\joshp\curseforge\minecraft\Instances\Alive Dev\saves\Desire Paths\datapacks\gstools\data\gstools\function\tagger\entity\magma_cube_sub\
	                   1	C:\Users\joshp\curseforge\minecraft\Instances\Alive Dev\saves\Desire Paths\datapacks\gstools\data\gstools\function\tagger\entity\mangrove_boat_sub\
	                   1	C:\Users\joshp\curseforge\minecraft\Instances\Alive Dev\saves\Desire Paths\datapacks\gstools\data\gstools\function\tagger\entity\marker_sub\
	                   1	C:\Users\joshp\curseforge\minecraft\Instances\Alive Dev\saves\Desire Paths\datapacks\gstools\data\gstools\function\tagger\entity\minecart_sub\
	                   1	C:\Users\joshp\curseforge\minecraft\Instances\Alive Dev\saves\Desire Paths\datapacks\gstools\data\gstools\function\tagger\entity\mooshroom_sub\
	                   1	C:\Users\joshp\curseforge\minecraft\Instances\Alive Dev\saves\Desire Paths\datapacks\gstools\data\gstools\function\tagger\entity\mule_sub\
	                   1	C:\Users\joshp\curseforge\minecraft\Instances\Alive Dev\saves\Desire Paths\datapacks\gstools\data\gstools\function\tagger\entity\oak_boat_sub\
	                   1	C:\Users\joshp\curseforge\minecraft\Instances\Alive Dev\saves\Desire Paths\datapacks\gstools\data\gstools\function\tagger\entity\ocelot_sub\
	                   1	C:\Users\joshp\curseforge\minecraft\Instances\Alive Dev\saves\Desire Paths\datapacks\gstools\data\gstools\function\tagger\entity\pale_oak_boat_sub\
	                   1	C:\Users\joshp\curseforge\minecraft\Instances\Alive Dev\saves\Desire Paths\datapacks\gstools\data\gstools\function\tagger\entity\panda_sub\
	                   1	C:\Users\joshp\curseforge\minecraft\Instances\Alive Dev\saves\Desire Paths\datapacks\gstools\data\gstools\function\tagger\entity\parrot_sub\
	                   1	C:\Users\joshp\curseforge\minecraft\Instances\Alive Dev\saves\Desire Paths\datapacks\gstools\data\gstools\function\tagger\entity\phantom_sub\
	                   1	C:\Users\joshp\curseforge\minecraft\Instances\Alive Dev\saves\Desire Paths\datapacks\gstools\data\gstools\function\tagger\entity\piglin_brute_sub\
	                   1	C:\Users\joshp\curseforge\minecraft\Instances\Alive Dev\saves\Desire Paths\datapacks\gstools\data\gstools\function\tagger\entity\piglin_sub\
	                   1	C:\Users\joshp\curseforge\minecraft\Instances\Alive Dev\saves\Desire Paths\datapacks\gstools\data\gstools\function\tagger\entity\pig_sub\
	                   1	C:\Users\joshp\curseforge\minecraft\Instances\Alive Dev\saves\Desire Paths\datapacks\gstools\data\gstools\function\tagger\entity\pillager_sub\
	                   1	C:\Users\joshp\curseforge\minecraft\Instances\Alive Dev\saves\Desire Paths\datapacks\gstools\data\gstools\function\tagger\entity\player_sub\
	                   1	C:\Users\joshp\curseforge\minecraft\Instances\Alive Dev\saves\Desire Paths\datapacks\gstools\data\gstools\function\tagger\entity\polar_bear_sub\
	                   1	C:\Users\joshp\curseforge\minecraft\Instances\Alive Dev\saves\Desire Paths\datapacks\gstools\data\gstools\function\tagger\entity\pufferfish_sub\
	                   1	C:\Users\joshp\curseforge\minecraft\Instances\Alive Dev\saves\Desire Paths\datapacks\gstools\data\gstools\function\tagger\entity\rabbit_sub\
	                   1	C:\Users\joshp\curseforge\minecraft\Instances\Alive Dev\saves\Desire Paths\datapacks\gstools\data\gstools\function\tagger\entity\ravager_sub\
	                   1	C:\Users\joshp\curseforge\minecraft\Instances\Alive Dev\saves\Desire Paths\datapacks\gstools\data\gstools\function\tagger\entity\salmon_sub\
	                   1	C:\Users\joshp\curseforge\minecraft\Instances\Alive Dev\saves\Desire Paths\datapacks\gstools\data\gstools\function\tagger\entity\sheep_sub\
	                   1	C:\Users\joshp\curseforge\minecraft\Instances\Alive Dev\saves\Desire Paths\datapacks\gstools\data\gstools\function\tagger\entity\shulker_sub\
	                   1	C:\Users\joshp\curseforge\minecraft\Instances\Alive Dev\saves\Desire Paths\datapacks\gstools\data\gstools\function\tagger\entity\silverfish_sub\
	                   1	C:\Users\joshp\curseforge\minecraft\Instances\Alive Dev\saves\Desire Paths\datapacks\gstools\data\gstools\function\tagger\entity\skeleton_horse_sub\
	                   1	C:\Users\joshp\curseforge\minecraft\Instances\Alive Dev\saves\Desire Paths\datapacks\gstools\data\gstools\function\tagger\entity\skeleton_sub\
	                   1	C:\Users\joshp\curseforge\minecraft\Instances\Alive Dev\saves\Desire Paths\datapacks\gstools\data\gstools\function\tagger\entity\slime_sub\
	                   1	C:\Users\joshp\curseforge\minecraft\Instances\Alive Dev\saves\Desire Paths\datapacks\gstools\data\gstools\function\tagger\entity\small_fireball_sub\
	                   1	C:\Users\joshp\curseforge\minecraft\Instances\Alive Dev\saves\Desire Paths\datapacks\gstools\data\gstools\function\tagger\entity\sniffer_sub\
	                   1	C:\Users\joshp\curseforge\minecraft\Instances\Alive Dev\saves\Desire Paths\datapacks\gstools\data\gstools\function\tagger\entity\snow_golem_sub\
	                   1	C:\Users\joshp\curseforge\minecraft\Instances\Alive Dev\saves\Desire Paths\datapacks\gstools\data\gstools\function\tagger\entity\spider_sub\
	                   1	C:\Users\joshp\curseforge\minecraft\Instances\Alive Dev\saves\Desire Paths\datapacks\gstools\data\gstools\function\tagger\entity\splash_potion_sub\
	                   1	C:\Users\joshp\curseforge\minecraft\Instances\Alive Dev\saves\Desire Paths\datapacks\gstools\data\gstools\function\tagger\entity\spruce_boat_sub\
	                   1	C:\Users\joshp\curseforge\minecraft\Instances\Alive Dev\saves\Desire Paths\datapacks\gstools\data\gstools\function\tagger\entity\squid_sub\
	                   1	C:\Users\joshp\curseforge\minecraft\Instances\Alive Dev\saves\Desire Paths\datapacks\gstools\data\gstools\function\tagger\entity\stray_sub\
	                   1	C:\Users\joshp\curseforge\minecraft\Instances\Alive Dev\saves\Desire Paths\datapacks\gstools\data\gstools\function\tagger\entity\strider_sub\
	                   1	C:\Users\joshp\curseforge\minecraft\Instances\Alive Dev\saves\Desire Paths\datapacks\gstools\data\gstools\function\tagger\entity\tadpole_sub\
	                   1	C:\Users\joshp\curseforge\minecraft\Instances\Alive Dev\saves\Desire Paths\datapacks\gstools\data\gstools\function\tagger\entity\text_display_sub\
	                   1	C:\Users\joshp\curseforge\minecraft\Instances\Alive Dev\saves\Desire Paths\datapacks\gstools\data\gstools\function\tagger\entity\trader_llama_sub\
	                   1	C:\Users\joshp\curseforge\minecraft\Instances\Alive Dev\saves\Desire Paths\datapacks\gstools\data\gstools\function\tagger\entity\tropical_fish_sub\
	                   1	C:\Users\joshp\curseforge\minecraft\Instances\Alive Dev\saves\Desire Paths\datapacks\gstools\data\gstools\function\tagger\entity\turtle_sub\
	                   1	C:\Users\joshp\curseforge\minecraft\Instances\Alive Dev\saves\Desire Paths\datapacks\gstools\data\gstools\function\tagger\entity\vex_sub\
	                   1	C:\Users\joshp\curseforge\minecraft\Instances\Alive Dev\saves\Desire Paths\datapacks\gstools\data\gstools\function\tagger\entity\villager_sub\
	                   1	C:\Users\joshp\curseforge\minecraft\Instances\Alive Dev\saves\Desire Paths\datapacks\gstools\data\gstools\function\tagger\entity\vindicator_sub\
	                   1	C:\Users\joshp\curseforge\minecraft\Instances\Alive Dev\saves\Desire Paths\datapacks\gstools\data\gstools\function\tagger\entity\wandering_trader_sub\
	                   1	C:\Users\joshp\curseforge\minecraft\Instances\Alive Dev\saves\Desire Paths\datapacks\gstools\data\gstools\function\tagger\entity\warden_sub\
	                   1	C:\Users\joshp\curseforge\minecraft\Instances\Alive Dev\saves\Desire Paths\datapacks\gstools\data\gstools\function\tagger\entity\weather2_lightning_bolt_sub\
	                   1	C:\Users\joshp\curseforge\minecraft\Instances\Alive Dev\saves\Desire Paths\datapacks\gstools\data\gstools\function\tagger\entity\witch_sub\
	                   1	C:\Users\joshp\curseforge\minecraft\Instances\Alive Dev\saves\Desire Paths\datapacks\gstools\data\gstools\function\tagger\entity\wither_skeleton_sub\
	                   1	C:\Users\joshp\curseforge\minecraft\Instances\Alive Dev\saves\Desire Paths\datapacks\gstools\data\gstools\function\tagger\entity\wither_sub\
	                   1	C:\Users\joshp\curseforge\minecraft\Instances\Alive Dev\saves\Desire Paths\datapacks\gstools\data\gstools\function\tagger\entity\wolf_sub\
	                   1	C:\Users\joshp\curseforge\minecraft\Instances\Alive Dev\saves\Desire Paths\datapacks\gstools\data\gstools\function\tagger\entity\zoglin_sub\
	                   1	C:\Users\joshp\curseforge\minecraft\Instances\Alive Dev\saves\Desire Paths\datapacks\gstools\data\gstools\function\tagger\entity\zombie_horse_sub\
	                   1	C:\Users\joshp\curseforge\minecraft\Instances\Alive Dev\saves\Desire Paths\datapacks\gstools\data\gstools\function\tagger\entity\zombie_sub\
	                   1	C:\Users\joshp\curseforge\minecraft\Instances\Alive Dev\saves\Desire Paths\datapacks\gstools\data\gstools\function\tagger\entity\zombie_villager_sub\
	                   1	C:\Users\joshp\curseforge\minecraft\Instances\Alive Dev\saves\Desire Paths\datapacks\gstools\data\gstools\function\tagger\entity\zombified_piglin_sub\
	                   1	C:\Users\joshp\curseforge\minecraft\Instances\Alive Dev\saves\Desire Paths\datapacks\gstools\data\gstools\function\tagger\__pycache__\
	                   1	C:\Users\joshp\curseforge\minecraft\Instances\Alive Dev\saves\Desire Paths\datapacks\gstools\data\gstools\function\timed\
	                  17	C:\Users\joshp\curseforge\minecraft\Instances\Alive Dev\saves\Desire Paths\datapacks\gstools\data\gstools\function\util\
	                   1	C:\Users\joshp\curseforge\minecraft\Instances\Alive Dev\saves\Desire Paths\datapacks\gstools\data\gstools\function\util\can_see_sky_sub\
	                   1	C:\Users\joshp\curseforge\minecraft\Instances\Alive Dev\saves\Desire Paths\datapacks\gstools\data\gstools\function\util\fast_sp_3d\
	                   2	C:\Users\joshp\curseforge\minecraft\Instances\Alive Dev\saves\Desire Paths\datapacks\gstools\data\gstools\function\util\fast_sp_3d\macro_sub\
	                   1	C:\Users\joshp\curseforge\minecraft\Instances\Alive Dev\saves\Desire Paths\datapacks\gstools\data\gstools\function\util\light_level_sub\
	                   2	C:\Users\joshp\curseforge\minecraft\Instances\Alive Dev\saves\Desire Paths\datapacks\gstools\data\gstools\function\util\pow\
	                   1	C:\Users\joshp\curseforge\minecraft\Instances\Alive Dev\saves\Desire Paths\datapacks\gstools\data\gstools\function\util\pow\processbit_sub\
	                   1	C:\Users\joshp\curseforge\minecraft\Instances\Alive Dev\saves\Desire Paths\datapacks\gstools\data\gstools\function\util\pow_sub\
	                   4	C:\Users\joshp\curseforge\minecraft\Instances\Alive Dev\saves\Desire Paths\datapacks\gstools\data\gstools\function\util\randomself_sub\
	                   2	C:\Users\joshp\curseforge\minecraft\Instances\Alive Dev\saves\Desire Paths\datapacks\gstools\data\gstools\function\util\randomserver_sub\
	                   1	C:\Users\joshp\curseforge\minecraft\Instances\Alive Dev\saves\Desire Paths\datapacks\gstools\data\gstools\function\util\ray_cast\
	                   1	C:\Users\joshp\curseforge\minecraft\Instances\Alive Dev\saves\Desire Paths\datapacks\gstools\data\gstools\function\util\ray_cast_sub\
	                   3	C:\Users\joshp\curseforge\minecraft\Instances\Alive Dev\saves\Desire Paths\datapacks\gstools\data\gstools\function\util\recipe\
	                   1	C:\Users\joshp\curseforge\minecraft\Instances\Alive Dev\saves\Desire Paths\datapacks\gstools\data\gstools\function\util\setworldborder_sub\
	                   1	C:\Users\joshp\curseforge\minecraft\Instances\Alive Dev\saves\Desire Paths\datapacks\gstools\data\gstools\function\util\sin_sub\
	                   4	C:\Users\joshp\curseforge\minecraft\Instances\Alive Dev\saves\Desire Paths\datapacks\gstools\data\gstools\function\util\spreadplayers3d\
	                   2	C:\Users\joshp\curseforge\minecraft\Instances\Alive Dev\saves\Desire Paths\datapacks\gstools\data\gstools\function\util\spreadplayers3d\findsurface_reverse_sub\
	                   1	C:\Users\joshp\curseforge\minecraft\Instances\Alive Dev\saves\Desire Paths\datapacks\gstools\data\gstools\function\util\spreadplayers3d\findsurface_reverse_sub\2_sub\
	                   2	C:\Users\joshp\curseforge\minecraft\Instances\Alive Dev\saves\Desire Paths\datapacks\gstools\data\gstools\function\util\spreadplayers3d\findsurface_sub\
	                   1	C:\Users\joshp\curseforge\minecraft\Instances\Alive Dev\saves\Desire Paths\datapacks\gstools\data\gstools\function\util\spreadplayers3d\findsurface_sub\2_sub\
	                   1	C:\Users\joshp\curseforge\minecraft\Instances\Alive Dev\saves\Desire Paths\datapacks\gstools\data\gstools\function\util\spreadplayers3d\findsurface_sub\2_sub\0_sub\
	                   8	C:\Users\joshp\curseforge\minecraft\Instances\Alive Dev\saves\Desire Paths\datapacks\gstools\data\gstools\function\util\spreadplayers3d_sub\
	                   1	C:\Users\joshp\curseforge\minecraft\Instances\Alive Dev\saves\Desire Paths\datapacks\gstools\data\gstools\function\util\spreadplayers3d_sub\46_sub\
	                   1	C:\Users\joshp\curseforge\minecraft\Instances\Alive Dev\saves\Desire Paths\datapacks\gstools\data\gstools\function\util\sqrt\
	                   2	C:\Users\joshp\curseforge\minecraft\Instances\Alive Dev\saves\Desire Paths\datapacks\gstools\data\gstools\function\util\sqrt\process_sub\
	                   2	C:\Users\joshp\curseforge\minecraft\Instances\Alive Dev\saves\Desire Paths\datapacks\gstools\data\gstools\function\util\version_conflict\
	                   8	C:\Users\joshp\curseforge\minecraft\Instances\Alive Dev\saves\Desire Paths\datapacks\gstools\data\gstools\function\util\version_conflict\random_0_sub\
	                   2	C:\Users\joshp\curseforge\minecraft\Instances\Alive Dev\saves\Desire Paths\datapacks\gstools\data\gstools\function\util\weather_sub\
	                   1	C:\Users\joshp\curseforge\minecraft\Instances\Alive Dev\saves\Desire Paths\datapacks\gstools\data\gstools\function\util\weather_sub\8_sub\
	                   1	C:\Users\joshp\curseforge\minecraft\Instances\Alive Dev\saves\Desire Paths\datapacks\gstools\data\gstools\function\util\weather_sub\8_sub\2_sub\
	                   9	C:\Users\joshp\curseforge\minecraft\Instances\Alive Dev\saves\Desire Paths\datapacks\gstools\data\gstools\function\version_conflict\
	                  26	C:\Users\joshp\curseforge\minecraft\Instances\Alive Dev\saves\Desire Paths\datapacks\gstools\data\gstools\predicate\
	                   1	C:\Users\joshp\curseforge\minecraft\Instances\Alive Dev\saves\Desire Paths\datapacks\gstools\data\gstools\predicate\__pycache__\
	                  25	C:\Users\joshp\curseforge\minecraft\Instances\Alive Dev\saves\Desire Paths\datapacks\gstools\data\gstools\predicates\
	                   1	C:\Users\joshp\curseforge\minecraft\Instances\Alive Dev\saves\Desire Paths\datapacks\gstools\data\gstools\predicates\__pycache__\
	                   0	C:\Users\joshp\curseforge\minecraft\Instances\Alive Dev\saves\Desire Paths\datapacks\gstools\data\gstools\tags\
	*EXTRA Dir        -1	C:\Users\joshp\curseforge\minecraft\Instances\Alive Dev\saves\Desire Paths\datapacks_uncompiled\temp_dir\data\gstools\tags\blocks\
	  *EXTRA File 		     355	air.json
	  *EXTRA File 		     228	cold.json
	  *EXTRA File 		     204	frozen.json
	  *EXTRA File 		     260	hot.json
	  *EXTRA File 		     194	nether_dirt.json
	  *EXTRA File 		     685	ore.json
	                   6	C:\Users\joshp\curseforge\minecraft\Instances\Alive Dev\saves\Desire Paths\datapacks\gstools\data\gstools\tags\block\
	                   0	C:\Users\joshp\curseforge\minecraft\Instances\Alive Dev\saves\Desire Paths\datapacks\gstools\data\gstools\tags\worldgen\
	                  25	C:\Users\joshp\curseforge\minecraft\Instances\Alive Dev\saves\Desire Paths\datapacks\gstools\data\gstools\tags\worldgen\biome\
	                   0	C:\Users\joshp\curseforge\minecraft\Instances\Alive Dev\saves\Desire Paths\datapacks\gstools\data\minecraft\
	  New Dir          2	C:\Users\joshp\curseforge\minecraft\Instances\Alive Dev\saves\Desire Paths\datapacks\gstools\data\minecraft\function\
	    New File  		   16854	load.mcfunction
	    New File  		   15654	run.mcfunction
	  New Dir          4	C:\Users\joshp\curseforge\minecraft\Instances\Alive Dev\saves\Desire Paths\datapacks\gstools\data\minecraft\function\chunk\
	    New File  		      67	load.mcfunction
	    New File  		     107	remove.mcfunction
	    New File  		     101	removeall.mcfunction
	    New File  		     484	run.mcfunction
	  New Dir          2	C:\Users\joshp\curseforge\minecraft\Instances\Alive Dev\saves\Desire Paths\datapacks\gstools\data\minecraft\function\chunk\load\
	    New File  		    2587	x.mcfunction
	    New File  		    2664	z.mcfunction
	  New Dir         14	C:\Users\joshp\curseforge\minecraft\Instances\Alive Dev\saves\Desire Paths\datapacks\gstools\data\minecraft\function\chunk\load\x_sub\
	    New File  		      60	10.mcfunction
	    New File  		      60	13.mcfunction
	    New File  		      60	16.mcfunction
	    New File  		      60	19.mcfunction
	    New File  		      60	22.mcfunction
	    New File  		      60	25.mcfunction
	    New File  		      60	28.mcfunction
	    New File  		      60	31.mcfunction
	    New File  		      60	34.mcfunction
	    New File  		      60	37.mcfunction
	    New File  		      60	40.mcfunction
	    New File  		      60	43.mcfunction
	    New File  		      60	46.mcfunction
	    New File  		      59	7.mcfunction
	  New Dir          1	C:\Users\joshp\curseforge\minecraft\Instances\Alive Dev\saves\Desire Paths\datapacks\gstools\data\minecraft\function\chunk\load\x_sub\10_sub\
	    New File  		      73	0.mcfunction
	  New Dir          1	C:\Users\joshp\curseforge\minecraft\Instances\Alive Dev\saves\Desire Paths\datapacks\gstools\data\minecraft\function\chunk\load\x_sub\13_sub\
	    New File  		      78	0.mcfunction
	  New Dir          1	C:\Users\joshp\curseforge\minecraft\Instances\Alive Dev\saves\Desire Paths\datapacks\gstools\data\minecraft\function\chunk\load\x_sub\16_sub\
	    New File  		      83	0.mcfunction
	  New Dir          1	C:\Users\joshp\curseforge\minecraft\Instances\Alive Dev\saves\Desire Paths\datapacks\gstools\data\minecraft\function\chunk\load\x_sub\19_sub\
	    New File  		      88	0.mcfunction
	  New Dir          1	C:\Users\joshp\curseforge\minecraft\Instances\Alive Dev\saves\Desire Paths\datapacks\gstools\data\minecraft\function\chunk\load\x_sub\22_sub\
	    New File  		      93	0.mcfunction
	  New Dir          1	C:\Users\joshp\curseforge\minecraft\Instances\Alive Dev\saves\Desire Paths\datapacks\gstools\data\minecraft\function\chunk\load\x_sub\25_sub\
	    New File  		      98	0.mcfunction
	  New Dir          1	C:\Users\joshp\curseforge\minecraft\Instances\Alive Dev\saves\Desire Paths\datapacks\gstools\data\minecraft\function\chunk\load\x_sub\28_sub\
	    New File  		      67	0.mcfunction
	  New Dir          1	C:\Users\joshp\curseforge\minecraft\Instances\Alive Dev\saves\Desire Paths\datapacks\gstools\data\minecraft\function\chunk\load\x_sub\31_sub\
	    New File  		      72	0.mcfunction
	  New Dir          1	C:\Users\joshp\curseforge\minecraft\Instances\Alive Dev\saves\Desire Paths\datapacks\gstools\data\minecraft\function\chunk\load\x_sub\34_sub\
	    New File  		      77	0.mcfunction
	  New Dir          1	C:\Users\joshp\curseforge\minecraft\Instances\Alive Dev\saves\Desire Paths\datapacks\gstools\data\minecraft\function\chunk\load\x_sub\37_sub\
	    New File  		      82	0.mcfunction
	  New Dir          1	C:\Users\joshp\curseforge\minecraft\Instances\Alive Dev\saves\Desire Paths\datapacks\gstools\data\minecraft\function\chunk\load\x_sub\40_sub\
	    New File  		      87	0.mcfunction
	  New Dir          1	C:\Users\joshp\curseforge\minecraft\Instances\Alive Dev\saves\Desire Paths\datapacks\gstools\data\minecraft\function\chunk\load\x_sub\43_sub\
	    New File  		      92	0.mcfunction
	  New Dir          1	C:\Users\joshp\curseforge\minecraft\Instances\Alive Dev\saves\Desire Paths\datapacks\gstools\data\minecraft\function\chunk\load\x_sub\46_sub\
	    New File  		      97	0.mcfunction
	  New Dir          1	C:\Users\joshp\curseforge\minecraft\Instances\Alive Dev\saves\Desire Paths\datapacks\gstools\data\minecraft\function\chunk\load\x_sub\7_sub\
	    New File  		      68	0.mcfunction
	  New Dir         14	C:\Users\joshp\curseforge\minecraft\Instances\Alive Dev\saves\Desire Paths\datapacks\gstools\data\minecraft\function\chunk\load\z_sub\
	    New File  		      60	10.mcfunction
	    New File  		      60	13.mcfunction
	    New File  		      60	16.mcfunction
	    New File  		      60	19.mcfunction
	    New File  		      60	22.mcfunction
	    New File  		      60	25.mcfunction
	    New File  		      60	28.mcfunction
	    New File  		      60	31.mcfunction
	    New File  		      60	34.mcfunction
	    New File  		      60	37.mcfunction
	    New File  		      60	40.mcfunction
	    New File  		      60	43.mcfunction
	    New File  		      60	46.mcfunction
	    New File  		      59	7.mcfunction
	  New Dir          1	C:\Users\joshp\curseforge\minecraft\Instances\Alive Dev\saves\Desire Paths\datapacks\gstools\data\minecraft\function\chunk\load\z_sub\10_sub\
	    New File  		      73	0.mcfunction
	  New Dir          1	C:\Users\joshp\curseforge\minecraft\Instances\Alive Dev\saves\Desire Paths\datapacks\gstools\data\minecraft\function\chunk\load\z_sub\13_sub\
	    New File  		      78	0.mcfunction
	  New Dir          1	C:\Users\joshp\curseforge\minecraft\Instances\Alive Dev\saves\Desire Paths\datapacks\gstools\data\minecraft\function\chunk\load\z_sub\16_sub\
	    New File  		      83	0.mcfunction
	  New Dir          1	C:\Users\joshp\curseforge\minecraft\Instances\Alive Dev\saves\Desire Paths\datapacks\gstools\data\minecraft\function\chunk\load\z_sub\19_sub\
	    New File  		      89	0.mcfunction
	  New Dir          1	C:\Users\joshp\curseforge\minecraft\Instances\Alive Dev\saves\Desire Paths\datapacks\gstools\data\minecraft\function\chunk\load\z_sub\22_sub\
	    New File  		      93	0.mcfunction
	  New Dir          1	C:\Users\joshp\curseforge\minecraft\Instances\Alive Dev\saves\Desire Paths\datapacks\gstools\data\minecraft\function\chunk\load\z_sub\25_sub\
	    New File  		      98	0.mcfunction
	  New Dir          1	C:\Users\joshp\curseforge\minecraft\Instances\Alive Dev\saves\Desire Paths\datapacks\gstools\data\minecraft\function\chunk\load\z_sub\28_sub\
	    New File  		      69	0.mcfunction
	  New Dir          1	C:\Users\joshp\curseforge\minecraft\Instances\Alive Dev\saves\Desire Paths\datapacks\gstools\data\minecraft\function\chunk\load\z_sub\31_sub\
	    New File  		      72	0.mcfunction
	  New Dir          1	C:\Users\joshp\curseforge\minecraft\Instances\Alive Dev\saves\Desire Paths\datapacks\gstools\data\minecraft\function\chunk\load\z_sub\34_sub\
	    New File  		      77	0.mcfunction
	  New Dir          1	C:\Users\joshp\curseforge\minecraft\Instances\Alive Dev\saves\Desire Paths\datapacks\gstools\data\minecraft\function\chunk\load\z_sub\37_sub\
	    New File  		      82	0.mcfunction
	  New Dir          1	C:\Users\joshp\curseforge\minecraft\Instances\Alive Dev\saves\Desire Paths\datapacks\gstools\data\minecraft\function\chunk\load\z_sub\40_sub\
	    New File  		      87	0.mcfunction
	  New Dir          1	C:\Users\joshp\curseforge\minecraft\Instances\Alive Dev\saves\Desire Paths\datapacks\gstools\data\minecraft\function\chunk\load\z_sub\43_sub\
	    New File  		      92	0.mcfunction
	  New Dir          1	C:\Users\joshp\curseforge\minecraft\Instances\Alive Dev\saves\Desire Paths\datapacks\gstools\data\minecraft\function\chunk\load\z_sub\46_sub\
	    New File  		      97	0.mcfunction
	  New Dir          1	C:\Users\joshp\curseforge\minecraft\Instances\Alive Dev\saves\Desire Paths\datapacks\gstools\data\minecraft\function\chunk\load\z_sub\7_sub\
	    New File  		      70	0.mcfunction
	  New Dir          1	C:\Users\joshp\curseforge\minecraft\Instances\Alive Dev\saves\Desire Paths\datapacks\gstools\data\minecraft\function\chunk\remove_sub\
	    New File  		      47	2.mcfunction
	  New Dir          2	C:\Users\joshp\curseforge\minecraft\Instances\Alive Dev\saves\Desire Paths\datapacks\gstools\data\minecraft\function\chunk\run_sub\
	    New File  		     182	7.mcfunction
	    New File  		      95	9.mcfunction
	  New Dir          1	C:\Users\joshp\curseforge\minecraft\Instances\Alive Dev\saves\Desire Paths\datapacks\gstools\data\minecraft\function\chunk\run_sub\9_sub\
	    New File  		     191	0.mcfunction
	  New Dir          1	C:\Users\joshp\curseforge\minecraft\Instances\Alive Dev\saves\Desire Paths\datapacks\gstools\data\minecraft\function\chunk\run_sub\9_sub\0_sub\
	    New File  		      68	1.mcfunction
	  New Dir          3	C:\Users\joshp\curseforge\minecraft\Instances\Alive Dev\saves\Desire Paths\datapacks\gstools\data\minecraft\function\comm\
	    New File  		   18384	bossbars.mcfunction
	    New File  		    3034	bossbar_toggle.mcfunction
	    New File  		     112	isactive.mcfunction
	  New Dir          1	C:\Users\joshp\curseforge\minecraft\Instances\Alive Dev\saves\Desire Paths\datapacks\gstools\data\minecraft\function\comm\bossbars_sub\
	    New File  		     354	128.mcfunction
	  New Dir          1	C:\Users\joshp\curseforge\minecraft\Instances\Alive Dev\saves\Desire Paths\datapacks\gstools\data\minecraft\function\comm\bossbar_toggle_sub\
	    New File  		     546	19.mcfunction
	  New Dir          0	C:\Users\joshp\curseforge\minecraft\Instances\Alive Dev\saves\Desire Paths\datapacks\gstools\data\minecraft\function\comm\perf\
	  New Dir          2	C:\Users\joshp\curseforge\minecraft\Instances\Alive Dev\saves\Desire Paths\datapacks\gstools\data\minecraft\function\comm\perf\test\
	    New File  		     322	gstools.mcfunction
	    New File  		     314	reset.mcfunction
	  New Dir          8	C:\Users\joshp\curseforge\minecraft\Instances\Alive Dev\saves\Desire Paths\datapacks\gstools\data\minecraft\function\comm\perf\test\except\
	    New File  		     333	blockdecay.mcfunction
	    New File  		     333	bossprogression.mcfunction
	    New File  		     333	desirepaths.mcfunction
	    New File  		     333	dynamicdirt.mcfunction
	    New File  		     333	dynamicecosystems.mcfunction
	    New File  		     333	dynamicmonsters.mcfunction
	    New File  		     333	enhancedsurvival.mcfunction
	    New File  		     333	lifeanddeath.mcfunction
	  New Dir          8	C:\Users\joshp\curseforge\minecraft\Instances\Alive Dev\saves\Desire Paths\datapacks\gstools\data\minecraft\function\comm\perf\test\only\
	    New File  		     339	blockdecay.mcfunction
	    New File  		     339	bossprogression.mcfunction
	    New File  		     339	desirepaths.mcfunction
	    New File  		     339	dynamicdirt.mcfunction
	    New File  		     339	dynamicecosystems.mcfunction
	    New File  		     339	dynamicmonsters.mcfunction
	    New File  		     339	enhancedsurvival.mcfunction
	    New File  		     339	lifeanddeath.mcfunction
	  New Dir          0	C:\Users\joshp\curseforge\minecraft\Instances\Alive Dev\saves\Desire Paths\datapacks\gstools\data\minecraft\function\compat\
	  New Dir          1	C:\Users\joshp\curseforge\minecraft\Instances\Alive Dev\saves\Desire Paths\datapacks\gstools\data\minecraft\function\compat\flowingfluids\
	    New File  		     155	main.mcfunction
	  New Dir          5	C:\Users\joshp\curseforge\minecraft\Instances\Alive Dev\saves\Desire Paths\datapacks\gstools\data\minecraft\function\compat\sereneseasons\
	    New File  		   10764	get.mcfunction
	    New File  		     586	main.mcfunction
	    New File  		    1218	place.mcfunction
	    New File  		     138	remove.mcfunction
	    New File  		    4473	temperature.mcfunction
	  New Dir          1	C:\Users\joshp\curseforge\minecraft\Instances\Alive Dev\saves\Desire Paths\datapacks\gstools\data\minecraft\function\compat\sereneseasons\get_sub\
	    New File  		     253	66.mcfunction
	  New Dir          2	C:\Users\joshp\curseforge\minecraft\Instances\Alive Dev\saves\Desire Paths\datapacks\gstools\data\minecraft\function\compat\sereneseasons\main_sub\
	    New File  		     230	13.mcfunction
	    New File  		     887	5.mcfunction
	  New Dir          2	C:\Users\joshp\curseforge\minecraft\Instances\Alive Dev\saves\Desire Paths\datapacks\gstools\data\minecraft\function\compat\sereneseasons\main_sub\13_sub\
	    New File  		      94	0.mcfunction
	    New File  		     224	2.mcfunction
	  New Dir          2	C:\Users\joshp\curseforge\minecraft\Instances\Alive Dev\saves\Desire Paths\datapacks\gstools\data\minecraft\function\compat\sereneseasons\temperature\
	    New File  		    7262	biome.mcfunction
	    New File  		    1285	season.mcfunction
	  New Dir          1	C:\Users\joshp\curseforge\minecraft\Instances\Alive Dev\saves\Desire Paths\datapacks\gstools\data\minecraft\function\compat\sereneseasons\temperature\season_sub\
	    New File  		     155	8.mcfunction
	  New Dir          6	C:\Users\joshp\curseforge\minecraft\Instances\Alive Dev\saves\Desire Paths\datapacks\gstools\data\minecraft\function\compat\sereneseasons\temperature_sub\
	    New File  		     165	19.mcfunction
	    New File  		     166	21.mcfunction
	    New File  		     166	23.mcfunction
	    New File  		     167	25.mcfunction
	    New File  		     169	27.mcfunction
	    New File  		     169	29.mcfunction
	  New Dir          1	C:\Users\joshp\curseforge\minecraft\Instances\Alive Dev\saves\Desire Paths\datapacks\gstools\data\minecraft\function\compat\weather2\
	    New File  		     528	main.mcfunction
	  New Dir          4	C:\Users\joshp\curseforge\minecraft\Instances\Alive Dev\saves\Desire Paths\datapacks\gstools\data\minecraft\function\compat\weather2\comm\
	    New File  		    1142	check_storm.mcfunction
	    New File  		     768	config_set.mcfunction
	    New File  		     724	kill_all_storms.mcfunction
	    New File  		     611	_check_storm.mcfunction
	  New Dir          1	C:\Users\joshp\curseforge\minecraft\Instances\Alive Dev\saves\Desire Paths\datapacks\gstools\data\minecraft\function\compat\weather2\comm\check_storm_sub\
	    New File  		     813	23.mcfunction
	  New Dir          1	C:\Users\joshp\curseforge\minecraft\Instances\Alive Dev\saves\Desire Paths\datapacks\gstools\data\minecraft\function\compat\weather2\comm\check_storm_sub\23_sub\
	    New File  		     160	9.mcfunction
	  New Dir          3	C:\Users\joshp\curseforge\minecraft\Instances\Alive Dev\saves\Desire Paths\datapacks\gstools\data\minecraft\function\compat\weather2\comm\summon\
	    New File  		     781	hail.mcfunction
	    New File  		     786	thunder.mcfunction
	    New File  		     781	tornado_f0.mcfunction
	  New Dir          0	C:\Users\joshp\curseforge\minecraft\Instances\Alive Dev\saves\Desire Paths\datapacks\gstools\data\minecraft\function\compat\weather2\comm\version_conflict\
	  New Dir          2	C:\Users\joshp\curseforge\minecraft\Instances\Alive Dev\saves\Desire Paths\datapacks\gstools\data\minecraft\function\compat\weather2\comm\_check_storm_sub\
	    New File  		    1570	4.mcfunction
	    New File  		     160	46.mcfunction
	  New Dir          1	C:\Users\joshp\curseforge\minecraft\Instances\Alive Dev\saves\Desire Paths\datapacks\gstools\data\minecraft\function\compat\weather2\comm\_check_storm_sub\4_sub\
	    New File  		    2339	17.mcfunction
	  New Dir          4	C:\Users\joshp\curseforge\minecraft\Instances\Alive Dev\saves\Desire Paths\datapacks\gstools\data\minecraft\function\cursor\
	    New File  		     994	dovertical.mcfunction
	    New File  		    2081	fast_spread.mcfunction
	    New File  		    4014	main.mcfunction
	    New File  		    1486	run.mcfunction
	  New Dir          3	C:\Users\joshp\curseforge\minecraft\Instances\Alive Dev\saves\Desire Paths\datapacks\gstools\data\minecraft\function\cursor\chunk\
	    New File  		    1035	loadrandom.mcfunction
	    New File  		     383	remove.mcfunction
	    New File  		     397	summon.mcfunction
	  New Dir          1	C:\Users\joshp\curseforge\minecraft\Instances\Alive Dev\saves\Desire Paths\datapacks\gstools\data\minecraft\function\cursor\chunk\forceload\
	    New File  		     733	seek_depth_0.mcfunction
	  New Dir          1	C:\Users\joshp\curseforge\minecraft\Instances\Alive Dev\saves\Desire Paths\datapacks\gstools\data\minecraft\function\cursor\chunk\forceload\1\
	    New File  		     741	seek_depth_1.mcfunction
	  New Dir          1	C:\Users\joshp\curseforge\minecraft\Instances\Alive Dev\saves\Desire Paths\datapacks\gstools\data\minecraft\function\cursor\chunk\forceload\1\1\
	    New File  		     749	seek_depth_2.mcfunction
	  New Dir          1	C:\Users\joshp\curseforge\minecraft\Instances\Alive Dev\saves\Desire Paths\datapacks\gstools\data\minecraft\function\cursor\chunk\forceload\1\1\1\
	    New File  		     757	seek_depth_3.mcfunction
	  New Dir          1	C:\Users\joshp\curseforge\minecraft\Instances\Alive Dev\saves\Desire Paths\datapacks\gstools\data\minecraft\function\cursor\chunk\forceload\1\1\1\1\
	    New File  		     765	seek_depth_4.mcfunction
	  New Dir          1	C:\Users\joshp\curseforge\minecraft\Instances\Alive Dev\saves\Desire Paths\datapacks\gstools\data\minecraft\function\cursor\chunk\forceload\1\1\1\1\1\
	    New File  		     742	seek_depth_5.mcfunction
	  New Dir          1	C:\Users\joshp\curseforge\minecraft\Instances\Alive Dev\saves\Desire Paths\datapacks\gstools\data\minecraft\function\cursor\chunk\forceload\1\1\1\1\2\
	    New File  		     742	seek_depth_5.mcfunction
	  New Dir          1	C:\Users\joshp\curseforge\minecraft\Instances\Alive Dev\saves\Desire Paths\datapacks\gstools\data\minecraft\function\cursor\chunk\forceload\1\1\1\1\3\
	    New File  		    1468	seek_depth_5.mcfunction
	  New Dir          1	C:\Users\joshp\curseforge\minecraft\Instances\Alive Dev\saves\Desire Paths\datapacks\gstools\data\minecraft\function\cursor\chunk\forceload\1\1\1\1\4\
	    New File  		    1468	seek_depth_5.mcfunction
	  New Dir          1	C:\Users\joshp\curseforge\minecraft\Instances\Alive Dev\saves\Desire Paths\datapacks\gstools\data\minecraft\function\cursor\chunk\forceload\1\1\1\2\
	    New File  		     765	seek_depth_4.mcfunction
	  New Dir          1	C:\Users\joshp\curseforge\minecraft\Instances\Alive Dev\saves\Desire Paths\datapacks\gstools\data\minecraft\function\cursor\chunk\forceload\1\1\1\2\1\
	    New File  		     742	seek_depth_5.mcfunction
	  New Dir          1	C:\Users\joshp\curseforge\minecraft\Instances\Alive Dev\saves\Desire Paths\datapacks\gstools\data\minecraft\function\cursor\chunk\forceload\1\1\1\2\2\
	    New File  		     379	seek_depth_5.mcfunction
	  New Dir          1	C:\Users\joshp\curseforge\minecraft\Instances\Alive Dev\saves\Desire Paths\datapacks\gstools\data\minecraft\function\cursor\chunk\forceload\1\1\1\2\3\
	    New File  		     742	seek_depth_5.mcfunction
	  New Dir          1	C:\Users\joshp\curseforge\minecraft\Instances\Alive Dev\saves\Desire Paths\datapacks\gstools\data\minecraft\function\cursor\chunk\forceload\1\1\1\2\4\
	    New File  		    1468	seek_depth_5.mcfunction
	  New Dir          1	C:\Users\joshp\curseforge\minecraft\Instances\Alive Dev\saves\Desire Paths\datapacks\gstools\data\minecraft\function\cursor\chunk\forceload\1\1\1\3\
	    New File  		     765	seek_depth_4.mcfunction
	  New Dir          1	C:\Users\joshp\curseforge\minecraft\Instances\Alive Dev\saves\Desire Paths\datapacks\gstools\data\minecraft\function\cursor\chunk\forceload\1\1\1\3\1\
	    New File  		     742	seek_depth_5.mcfunction
	  New Dir          1	C:\Users\joshp\curseforge\minecraft\Instances\Alive Dev\saves\Desire Paths\datapacks\gstools\data\minecraft\function\cursor\chunk\forceload\1\1\1\3\2\
	    New File  		     379	seek_depth_5.mcfunction
	  New Dir          1	C:\Users\joshp\curseforge\minecraft\Instances\Alive Dev\saves\Desire Paths\datapacks\gstools\data\minecraft\function\cursor\chunk\forceload\1\1\1\3\3\
	    New File  		     742	seek_depth_5.mcfunction
	  New Dir          1	C:\Users\joshp\curseforge\minecraft\Instances\Alive Dev\saves\Desire Paths\datapacks\gstools\data\minecraft\function\cursor\chunk\forceload\1\1\1\3\4\
	    New File  		    1468	seek_depth_5.mcfunction
	  New Dir          1	C:\Users\joshp\curseforge\minecraft\Instances\Alive Dev\saves\Desire Paths\datapacks\gstools\data\minecraft\function\cursor\chunk\forceload\1\1\1\4\
	    New File  		     765	seek_depth_4.mcfunction
	  New Dir          1	C:\Users\joshp\curseforge\minecraft\Instances\Alive Dev\saves\Desire Paths\datapacks\gstools\data\minecraft\function\cursor\chunk\forceload\1\1\1\4\1\
	    New File  		     742	seek_depth_5.mcfunction
	  New Dir          1	C:\Users\joshp\curseforge\minecraft\Instances\Alive Dev\saves\Desire Paths\datapacks\gstools\data\minecraft\function\cursor\chunk\forceload\1\1\1\4\2\
	    New File  		     742	seek_depth_5.mcfunction
	  New Dir          1	C:\Users\joshp\curseforge\minecraft\Instances\Alive Dev\saves\Desire Paths\datapacks\gstools\data\minecraft\function\cursor\chunk\forceload\1\1\1\4\3\
	    New File  		    1468	seek_depth_5.mcfunction
	  New Dir          1	C:\Users\joshp\curseforge\minecraft\Instances\Alive Dev\saves\Desire Paths\datapacks\gstools\data\minecraft\function\cursor\chunk\forceload\1\1\1\4\4\
	    New File  		    1468	seek_depth_5.mcfunction
	  New Dir          1	C:\Users\joshp\curseforge\minecraft\Instances\Alive Dev\saves\Desire Paths\datapacks\gstools\data\minecraft\function\cursor\chunk\forceload\1\1\2\
	    New File  		     757	seek_depth_3.mcfunction
	  New Dir          1	C:\Users\joshp\curseforge\minecraft\Instances\Alive Dev\saves\Desire Paths\datapacks\gstools\data\minecraft\function\cursor\chunk\forceload\1\1\2\1\
	    New File  		     765	seek_depth_4.mcfunction
	  New Dir          1	C:\Users\joshp\curseforge\minecraft\Instances\Alive Dev\saves\Desire Paths\datapacks\gstools\data\minecraft\function\cursor\chunk\forceload\1\1\2\1\1\
	    New File  		     742	seek_depth_5.mcfunction
	  New Dir          1	C:\Users\joshp\curseforge\minecraft\Instances\Alive Dev\saves\Desire Paths\datapacks\gstools\data\minecraft\function\cursor\chunk\forceload\1\1\2\1\2\
	    New File  		     742	seek_depth_5.mcfunction
	  New Dir          1	C:\Users\joshp\curseforge\minecraft\Instances\Alive Dev\saves\Desire Paths\datapacks\gstools\data\minecraft\function\cursor\chunk\forceload\1\1\2\1\3\
	    New File  		    1468	seek_depth_5.mcfunction
	  New Dir          1	C:\Users\joshp\curseforge\minecraft\Instances\Alive Dev\saves\Desire Paths\datapacks\gstools\data\minecraft\function\cursor\chunk\forceload\1\1\2\1\4\
	    New File  		    1468	seek_depth_5.mcfunction
	  New Dir          1	C:\Users\joshp\curseforge\minecraft\Instances\Alive Dev\saves\Desire Paths\datapacks\gstools\data\minecraft\function\cursor\chunk\forceload\1\1\2\2\
	    New File  		     765	seek_depth_4.mcfunction
	  New Dir          1	C:\Users\joshp\curseforge\minecraft\Instances\Alive Dev\saves\Desire Paths\datapacks\gstools\data\minecraft\function\cursor\chunk\forceload\1\1\2\2\1\
	    New File  		     742	seek_depth_5.mcfunction
	  New Dir          1	C:\Users\joshp\curseforge\minecraft\Instances\Alive Dev\saves\Desire Paths\datapacks\gstools\data\minecraft\function\cursor\chunk\forceload\1\1\2\2\2\
	    New File  		     379	seek_depth_5.mcfunction
	  New Dir          1	C:\Users\joshp\curseforge\minecraft\Instances\Alive Dev\saves\Desire Paths\datapacks\gstools\data\minecraft\function\cursor\chunk\forceload\1\1\2\2\3\
	    New File  		     742	seek_depth_5.mcfunction
	  New Dir          1	C:\Users\joshp\curseforge\minecraft\Instances\Alive Dev\saves\Desire Paths\datapacks\gstools\data\minecraft\function\cursor\chunk\forceload\1\1\2\2\4\
	    New File  		    1468	seek_depth_5.mcfunction
	  New Dir          1	C:\Users\joshp\curseforge\minecraft\Instances\Alive Dev\saves\Desire Paths\datapacks\gstools\data\minecraft\function\cursor\chunk\forceload\1\1\2\3\
	    New File  		     765	seek_depth_4.mcfunction
	  New Dir          1	C:\Users\joshp\curseforge\minecraft\Instances\Alive Dev\saves\Desire Paths\datapacks\gstools\data\minecraft\function\cursor\chunk\forceload\1\1\2\3\1\
	    New File  		     742	seek_depth_5.mcfunction
	  New Dir          1	C:\Users\joshp\curseforge\minecraft\Instances\Alive Dev\saves\Desire Paths\datapacks\gstools\data\minecraft\function\cursor\chunk\forceload\1\1\2\3\2\
	    New File  		     379	seek_depth_5.mcfunction
	  New Dir          1	C:\Users\joshp\curseforge\minecraft\Instances\Alive Dev\saves\Desire Paths\datapacks\gstools\data\minecraft\function\cursor\chunk\forceload\1\1\2\3\3\
	    New File  		     742	seek_depth_5.mcfunction
	  New Dir          1	C:\Users\joshp\curseforge\minecraft\Instances\Alive Dev\saves\Desire Paths\datapacks\gstools\data\minecraft\function\cursor\chunk\forceload\1\1\2\3\4\
	    New File  		    1468	seek_depth_5.mcfunction
	  New Dir          1	C:\Users\joshp\curseforge\minecraft\Instances\Alive Dev\saves\Desire Paths\datapacks\gstools\data\minecraft\function\cursor\chunk\forceload\1\1\2\4\
	    New File  		     765	seek_depth_4.mcfunction
	  New Dir          1	C:\Users\joshp\curseforge\minecraft\Instances\Alive Dev\saves\Desire Paths\datapacks\gstools\data\minecraft\function\cursor\chunk\forceload\1\1\2\4\1\
	    New File  		     742	seek_depth_5.mcfunction
	  New Dir          1	C:\Users\joshp\curseforge\minecraft\Instances\Alive Dev\saves\Desire Paths\datapacks\gstools\data\minecraft\function\cursor\chunk\forceload\1\1\2\4\2\
	    New File  		     742	seek_depth_5.mcfunction
	  New Dir          1	C:\Users\joshp\curseforge\minecraft\Instances\Alive Dev\saves\Desire Paths\datapacks\gstools\data\minecraft\function\cursor\chunk\forceload\1\1\2\4\3\
	    New File  		    1468	seek_depth_5.mcfunction
	  New Dir          1	C:\Users\joshp\curseforge\minecraft\Instances\Alive Dev\saves\Desire Paths\datapacks\gstools\data\minecraft\function\cursor\chunk\forceload\1\1\2\4\4\
	    New File  		    1468	seek_depth_5.mcfunction
	  New Dir          1	C:\Users\joshp\curseforge\minecraft\Instances\Alive Dev\saves\Desire Paths\datapacks\gstools\data\minecraft\function\cursor\chunk\forceload\1\1\3\
	    New File  		     757	seek_depth_3.mcfunction
	  New Dir          1	C:\Users\joshp\curseforge\minecraft\Instances\Alive Dev\saves\Desire Paths\datapacks\gstools\data\minecraft\function\cursor\chunk\forceload\1\1\3\1\
	    New File  		     765	seek_depth_4.mcfunction
	  New Dir          1	C:\Users\joshp\curseforge\minecraft\Instances\Alive Dev\saves\Desire Paths\datapacks\gstools\data\minecraft\function\cursor\chunk\forceload\1\1\3\1\1\
	    New File  		     742	seek_depth_5.mcfunction
	  New Dir          1	C:\Users\joshp\curseforge\minecraft\Instances\Alive Dev\saves\Desire Paths\datapacks\gstools\data\minecraft\function\cursor\chunk\forceload\1\1\3\1\2\
	    New File  		     742	seek_depth_5.mcfunction
	  New Dir          1	C:\Users\joshp\curseforge\minecraft\Instances\Alive Dev\saves\Desire Paths\datapacks\gstools\data\minecraft\function\cursor\chunk\forceload\1\1\3\1\3\
	    New File  		    1468	seek_depth_5.mcfunction
	  New Dir          1	C:\Users\joshp\curseforge\minecraft\Instances\Alive Dev\saves\Desire Paths\datapacks\gstools\data\minecraft\function\cursor\chunk\forceload\1\1\3\1\4\
	    New File  		    1468	seek_depth_5.mcfunction
	  New Dir          1	C:\Users\joshp\curseforge\minecraft\Instances\Alive Dev\saves\Desire Paths\datapacks\gstools\data\minecraft\function\cursor\chunk\forceload\1\1\3\2\
	    New File  		     765	seek_depth_4.mcfunction
	  New Dir          1	C:\Users\joshp\curseforge\minecraft\Instances\Alive Dev\saves\Desire Paths\datapacks\gstools\data\minecraft\function\cursor\chunk\forceload\1\1\3\2\1\
	    New File  		     742	seek_depth_5.mcfunction
	  New Dir          1	C:\Users\joshp\curseforge\minecraft\Instances\Alive Dev\saves\Desire Paths\datapacks\gstools\data\minecraft\function\cursor\chunk\forceload\1\1\3\2\2\
	    New File  		     379	seek_depth_5.mcfunction
	  New Dir          1	C:\Users\joshp\curseforge\minecraft\Instances\Alive Dev\saves\Desire Paths\datapacks\gstools\data\minecraft\function\cursor\chunk\forceload\1\1\3\2\3\
	    New File  		     742	seek_depth_5.mcfunction
	  New Dir          1	C:\Users\joshp\curseforge\minecraft\Instances\Alive Dev\saves\Desire Paths\datapacks\gstools\data\minecraft\function\cursor\chunk\forceload\1\1\3\2\4\
	    New File  		    1468	seek_depth_5.mcfunction
	  New Dir          1	C:\Users\joshp\curseforge\minecraft\Instances\Alive Dev\saves\Desire Paths\datapacks\gstools\data\minecraft\function\cursor\chunk\forceload\1\1\3\3\
	    New File  		     765	seek_depth_4.mcfunction
	  New Dir          1	C:\Users\joshp\curseforge\minecraft\Instances\Alive Dev\saves\Desire Paths\datapacks\gstools\data\minecraft\function\cursor\chunk\forceload\1\1\3\3\1\
	    New File  		    1468	seek_depth_5.mcfunction
	  New Dir          1	C:\Users\joshp\curseforge\minecraft\Instances\Alive Dev\saves\Desire Paths\datapacks\gstools\data\minecraft\function\cursor\chunk\forceload\1\1\3\3\2\
	    New File  		     742	seek_depth_5.mcfunction
	  New Dir          1	C:\Users\joshp\curseforge\minecraft\Instances\Alive Dev\saves\Desire Paths\datapacks\gstools\data\minecraft\function\cursor\chunk\forceload\1\1\3\3\3\
	    New File  		     742	seek_depth_5.mcfunction
	  New Dir          1	C:\Users\joshp\curseforge\minecraft\Instances\Alive Dev\saves\Desire Paths\datapacks\gstools\data\minecraft\function\cursor\chunk\forceload\1\1\3\3\4\
	    New File  		    1468	seek_depth_5.mcfunction
	  New Dir          1	C:\Users\joshp\curseforge\minecraft\Instances\Alive Dev\saves\Desire Paths\datapacks\gstools\data\minecraft\function\cursor\chunk\forceload\1\1\3\4\
	    New File  		     765	seek_depth_4.mcfunction
	  New Dir          1	C:\Users\joshp\curseforge\minecraft\Instances\Alive Dev\saves\Desire Paths\datapacks\gstools\data\minecraft\function\cursor\chunk\forceload\1\1\3\4\1\
	    New File  		    1468	seek_depth_5.mcfunction
	  New Dir          1	C:\Users\joshp\curseforge\minecraft\Instances\Alive Dev\saves\Desire Paths\datapacks\gstools\data\minecraft\function\cursor\chunk\forceload\1\1\3\4\2\
	    New File  		    1468	seek_depth_5.mcfunction
	  New Dir          1	C:\Users\joshp\curseforge\minecraft\Instances\Alive Dev\saves\Desire Paths\datapacks\gstools\data\minecraft\function\cursor\chunk\forceload\1\1\3\4\3\
	    New File  		    1468	seek_depth_5.mcfunction
	  New Dir          1	C:\Users\joshp\curseforge\minecraft\Instances\Alive Dev\saves\Desire Paths\datapacks\gstools\data\minecraft\function\cursor\chunk\forceload\1\1\3\4\4\
	    New File  		    1468	seek_depth_5.mcfunction
	  New Dir          1	C:\Users\joshp\curseforge\minecraft\Instances\Alive Dev\saves\Desire Paths\datapacks\gstools\data\minecraft\function\cursor\chunk\forceload\1\1\4\
	    New File  		     757	seek_depth_3.mcfunction
	  New Dir          1	C:\Users\joshp\curseforge\minecraft\Instances\Alive Dev\saves\Desire Paths\datapacks\gstools\data\minecraft\function\cursor\chunk\forceload\1\1\4\1\
	    New File  		     765	seek_depth_4.mcfunction
	  New Dir          1	C:\Users\joshp\curseforge\minecraft\Instances\Alive Dev\saves\Desire Paths\datapacks\gstools\data\minecraft\function\cursor\chunk\forceload\1\1\4\1\1\
	    New File  		     742	seek_depth_5.mcfunction
	  New Dir          1	C:\Users\joshp\curseforge\minecraft\Instances\Alive Dev\saves\Desire Paths\datapacks\gstools\data\minecraft\function\cursor\chunk\forceload\1\1\4\1\2\
	    New File  		     742	seek_depth_5.mcfunction
	  New Dir          1	C:\Users\joshp\curseforge\minecraft\Instances\Alive Dev\saves\Desire Paths\datapacks\gstools\data\minecraft\function\cursor\chunk\forceload\1\1\4\1\3\
	    New File  		    1468	seek_depth_5.mcfunction
	  New Dir          1	C:\Users\joshp\curseforge\minecraft\Instances\Alive Dev\saves\Desire Paths\datapacks\gstools\data\minecraft\function\cursor\chunk\forceload\1\1\4\1\4\
	    New File  		    1468	seek_depth_5.mcfunction
	  New Dir          1	C:\Users\joshp\curseforge\minecraft\Instances\Alive Dev\saves\Desire Paths\datapacks\gstools\data\minecraft\function\cursor\chunk\forceload\1\1\4\2\
	    New File  		     765	seek_depth_4.mcfunction
	  New Dir          1	C:\Users\joshp\curseforge\minecraft\Instances\Alive Dev\saves\Desire Paths\datapacks\gstools\data\minecraft\function\cursor\chunk\forceload\1\1\4\2\1\
	    New File  		     742	seek_depth_5.mcfunction
	  New Dir          1	C:\Users\joshp\curseforge\minecraft\Instances\Alive Dev\saves\Desire Paths\datapacks\gstools\data\minecraft\function\cursor\chunk\forceload\1\1\4\2\2\
	    New File  		     379	seek_depth_5.mcfunction
	  New Dir          1	C:\Users\joshp\curseforge\minecraft\Instances\Alive Dev\saves\Desire Paths\datapacks\gstools\data\minecraft\function\cursor\chunk\forceload\1\1\4\2\3\
	    New File  		     742	seek_depth_5.mcfunction
	  New Dir          1	C:\Users\joshp\curseforge\minecraft\Instances\Alive Dev\saves\Desire Paths\datapacks\gstools\data\minecraft\function\cursor\chunk\forceload\1\1\4\2\4\
	    New File  		    1468	seek_depth_5.mcfunction
	  New Dir          1	C:\Users\joshp\curseforge\minecraft\Instances\Alive Dev\saves\Desire Paths\datapacks\gstools\data\minecraft\function\cursor\chunk\forceload\1\1\4\3\
	    New File  		     765	seek_depth_4.mcfunction
	  New Dir          1	C:\Users\joshp\curseforge\minecraft\Instances\Alive Dev\saves\Desire Paths\datapacks\gstools\data\minecraft\function\cursor\chunk\forceload\1\1\4\3\1\
	    New File  		    1468	seek_depth_5.mcfunction
	  New Dir          1	C:\Users\joshp\curseforge\minecraft\Instances\Alive Dev\saves\Desire Paths\datapacks\gstools\data\minecraft\function\cursor\chunk\forceload\1\1\4\3\2\
	    New File  		     742	seek_depth_5.mcfunction
	  New Dir          1	C:\Users\joshp\curseforge\minecraft\Instances\Alive Dev\saves\Desire Paths\datapacks\gstools\data\minecraft\function\cursor\chunk\forceload\1\1\4\3\3\
	    New File  		     742	seek_depth_5.mcfunction
	  New Dir          1	C:\Users\joshp\curseforge\minecraft\Instances\Alive Dev\saves\Desire Paths\datapacks\gstools\data\minecraft\function\cursor\chunk\forceload\1\1\4\3\4\
	    New File  		    1468	seek_depth_5.mcfunction
	  New Dir          1	C:\Users\joshp\curseforge\minecraft\Instances\Alive Dev\saves\Desire Paths\datapacks\gstools\data\minecraft\function\cursor\chunk\forceload\1\1\4\4\
	    New File  		     765	seek_depth_4.mcfunction
	  New Dir          1	C:\Users\joshp\curseforge\minecraft\Instances\Alive Dev\saves\Desire Paths\datapacks\gstools\data\minecraft\function\cursor\chunk\forceload\1\1\4\4\1\
	    New File  		    1468	seek_depth_5.mcfunction
	  New Dir          1	C:\Users\joshp\curseforge\minecraft\Instances\Alive Dev\saves\Desire Paths\datapacks\gstools\data\minecraft\function\cursor\chunk\forceload\1\1\4\4\2\
	    New File  		    1468	seek_depth_5.mcfunction
	  New Dir          1	C:\Users\joshp\curseforge\minecraft\Instances\Alive Dev\saves\Desire Paths\datapacks\gstools\data\minecraft\function\cursor\chunk\forceload\1\1\4\4\3\
	    New File  		    1468	seek_depth_5.mcfunction
	  New Dir          1	C:\Users\joshp\curseforge\minecraft\Instances\Alive Dev\saves\Desire Paths\datapacks\gstools\data\minecraft\function\cursor\chunk\forceload\1\1\4\4\4\
	    New File  		    1468	seek_depth_5.mcfunction
	  New Dir          1	C:\Users\joshp\curseforge\minecraft\Instances\Alive Dev\saves\Desire Paths\datapacks\gstools\data\minecraft\function\cursor\chunk\forceload\1\2\
	    New File  		     749	seek_depth_2.mcfunction
	  New Dir          1	C:\Users\joshp\curseforge\minecraft\Instances\Alive Dev\saves\Desire Paths\datapacks\gstools\data\minecraft\function\cursor\chunk\forceload\1\2\1\
	    New File  		     757	seek_depth_3.mcfunction
	  New Dir          1	C:\Users\joshp\curseforge\minecraft\Instances\Alive Dev\saves\Desire Paths\datapacks\gstools\data\minecraft\function\cursor\chunk\forceload\1\2\1\1\
	    New File  		     765	seek_depth_4.mcfunction
	  New Dir          1	C:\Users\joshp\curseforge\minecraft\Instances\Alive Dev\saves\Desire Paths\datapacks\gstools\data\minecraft\function\cursor\chunk\forceload\1\2\1\1\1\
	    New File  		     742	seek_depth_5.mcfunction
	  New Dir          1	C:\Users\joshp\curseforge\minecraft\Instances\Alive Dev\saves\Desire Paths\datapacks\gstools\data\minecraft\function\cursor\chunk\forceload\1\2\1\1\2\
	    New File  		     742	seek_depth_5.mcfunction
	  New Dir          1	C:\Users\joshp\curseforge\minecraft\Instances\Alive Dev\saves\Desire Paths\datapacks\gstools\data\minecraft\function\cursor\chunk\forceload\1\2\1\1\3\
	    New File  		    1468	seek_depth_5.mcfunction
	  New Dir          1	C:\Users\joshp\curseforge\minecraft\Instances\Alive Dev\saves\Desire Paths\datapacks\gstools\data\minecraft\function\cursor\chunk\forceload\1\2\1\1\4\
	    New File  		    1468	seek_depth_5.mcfunction
	  New Dir          1	C:\Users\joshp\curseforge\minecraft\Instances\Alive Dev\saves\Desire Paths\datapacks\gstools\data\minecraft\function\cursor\chunk\forceload\1\2\1\2\
	    New File  		     765	seek_depth_4.mcfunction
	  New Dir          1	C:\Users\joshp\curseforge\minecraft\Instances\Alive Dev\saves\Desire Paths\datapacks\gstools\data\minecraft\function\cursor\chunk\forceload\1\2\1\2\1\
	    New File  		     742	seek_depth_5.mcfunction
	  New Dir          1	C:\Users\joshp\curseforge\minecraft\Instances\Alive Dev\saves\Desire Paths\datapacks\gstools\data\minecraft\function\cursor\chunk\forceload\1\2\1\2\2\
	    New File  		     375	seek_depth_5.mcfunction
	  New Dir          1	C:\Users\joshp\curseforge\minecraft\Instances\Alive Dev\saves\Desire Paths\datapacks\gstools\data\minecraft\function\cursor\chunk\forceload\1\2\1\2\3\
	    New File  		     734	seek_depth_5.mcfunction
	  New Dir          1	C:\Users\joshp\curseforge\minecraft\Instances\Alive Dev\saves\Desire Paths\datapacks\gstools\data\minecraft\function\cursor\chunk\forceload\1\2\1\2\4\
	    New File  		    1468	seek_depth_5.mcfunction
	  New Dir          1	C:\Users\joshp\curseforge\minecraft\Instances\Alive Dev\saves\Desire Paths\datapacks\gstools\data\minecraft\function\cursor\chunk\forceload\1\2\1\3\
	    New File  		     765	seek_depth_4.mcfunction
	  New Dir          1	C:\Users\joshp\curseforge\minecraft\Instances\Alive Dev\saves\Desire Paths\datapacks\gstools\data\minecraft\function\cursor\chunk\forceload\1\2\1\3\1\
	    New File  		     742	seek_depth_5.mcfunction
	  New Dir          1	C:\Users\joshp\curseforge\minecraft\Instances\Alive Dev\saves\Desire Paths\datapacks\gstools\data\minecraft\function\cursor\chunk\forceload\1\2\1\3\2\
	    New File  		     375	seek_depth_5.mcfunction
	  New Dir          1	C:\Users\joshp\curseforge\minecraft\Instances\Alive Dev\saves\Desire Paths\datapacks\gstools\data\minecraft\function\cursor\chunk\forceload\1\2\1\3\3\
	    New File  		     734	seek_depth_5.mcfunction
	  New Dir          1	C:\Users\joshp\curseforge\minecraft\Instances\Alive Dev\saves\Desire Paths\datapacks\gstools\data\minecraft\function\cursor\chunk\forceload\1\2\1\3\4\
	    New File  		    1468	seek_depth_5.mcfunction
	  New Dir          1	C:\Users\joshp\curseforge\minecraft\Instances\Alive Dev\saves\Desire Paths\datapacks\gstools\data\minecraft\function\cursor\chunk\forceload\1\2\1\4\
	    New File  		     765	seek_depth_4.mcfunction
	  New Dir          1	C:\Users\joshp\curseforge\minecraft\Instances\Alive Dev\saves\Desire Paths\datapacks\gstools\data\minecraft\function\cursor\chunk\forceload\1\2\1\4\1\
	    New File  		     742	seek_depth_5.mcfunction
	  New Dir          1	C:\Users\joshp\curseforge\minecraft\Instances\Alive Dev\saves\Desire Paths\datapacks\gstools\data\minecraft\function\cursor\chunk\forceload\1\2\1\4\2\
	    New File  		     742	seek_depth_5.mcfunction
	  New Dir          1	C:\Users\joshp\curseforge\minecraft\Instances\Alive Dev\saves\Desire Paths\datapacks\gstools\data\minecraft\function\cursor\chunk\forceload\1\2\1\4\3\
	    New File  		    1468	seek_depth_5.mcfunction
	  New Dir          1	C:\Users\joshp\curseforge\minecraft\Instances\Alive Dev\saves\Desire Paths\datapacks\gstools\data\minecraft\function\cursor\chunk\forceload\1\2\1\4\4\
	    New File  		    1468	seek_depth_5.mcfunction
	  New Dir          1	C:\Users\joshp\curseforge\minecraft\Instances\Alive Dev\saves\Desire Paths\datapacks\gstools\data\minecraft\function\cursor\chunk\forceload\1\2\2\
	    New File  		     757	seek_depth_3.mcfunction
	  New Dir          1	C:\Users\joshp\curseforge\minecraft\Instances\Alive Dev\saves\Desire Paths\datapacks\gstools\data\minecraft\function\cursor\chunk\forceload\1\2\2\1\
	    New File  		     765	seek_depth_4.mcfunction
	  New Dir          1	C:\Users\joshp\curseforge\minecraft\Instances\Alive Dev\saves\Desire Paths\datapacks\gstools\data\minecraft\function\cursor\chunk\forceload\1\2\2\1\1\
	    New File  		     734	seek_depth_5.mcfunction
	  New Dir          1	C:\Users\joshp\curseforge\minecraft\Instances\Alive Dev\saves\Desire Paths\datapacks\gstools\data\minecraft\function\cursor\chunk\forceload\1\2\2\1\2\
	    New File  		     375	seek_depth_5.mcfunction
	  New Dir          1	C:\Users\joshp\curseforge\minecraft\Instances\Alive Dev\saves\Desire Paths\datapacks\gstools\data\minecraft\function\cursor\chunk\forceload\1\2\2\1\3\
	    New File  		     734	seek_depth_5.mcfunction
	  New Dir          1	C:\Users\joshp\curseforge\minecraft\Instances\Alive Dev\saves\Desire Paths\datapacks\gstools\data\minecraft\function\cursor\chunk\forceload\1\2\2\1\4\
	    New File  		    1452	seek_depth_5.mcfunction
	  New Dir          1	C:\Users\joshp\curseforge\minecraft\Instances\Alive Dev\saves\Desire Paths\datapacks\gstools\data\minecraft\function\cursor\chunk\forceload\1\2\2\2\
	    New File  		     765	seek_depth_4.mcfunction
	  New Dir          1	C:\Users\joshp\curseforge\minecraft\Instances\Alive Dev\saves\Desire Paths\datapacks\gstools\data\minecraft\function\cursor\chunk\forceload\1\2\2\2\1\
	    New File  		     734	seek_depth_5.mcfunction
	  New Dir          1	C:\Users\joshp\curseforge\minecraft\Instances\Alive Dev\saves\Desire Paths\datapacks\gstools\data\minecraft\function\cursor\chunk\forceload\1\2\2\2\2\
	    New File  		     367	seek_depth_5.mcfunction
	  New Dir          1	C:\Users\joshp\curseforge\minecraft\Instances\Alive Dev\saves\Desire Paths\datapacks\gstools\data\minecraft\function\cursor\chunk\forceload\1\2\2\2\3\
	    New File  		     718	seek_depth_5.mcfunction
	  New Dir          1	C:\Users\joshp\curseforge\minecraft\Instances\Alive Dev\saves\Desire Paths\datapacks\gstools\data\minecraft\function\cursor\chunk\forceload\1\2\2\2\4\
	    New File  		    1452	seek_depth_5.mcfunction
	  New Dir          1	C:\Users\joshp\curseforge\minecraft\Instances\Alive Dev\saves\Desire Paths\datapacks\gstools\data\minecraft\function\cursor\chunk\forceload\1\2\2\3\
	    New File  		     765	seek_depth_4.mcfunction
	  New Dir          1	C:\Users\joshp\curseforge\minecraft\Instances\Alive Dev\saves\Desire Paths\datapacks\gstools\data\minecraft\function\cursor\chunk\forceload\1\2\2\3\1\
	    New File  		     734	seek_depth_5.mcfunction
	  New Dir          1	C:\Users\joshp\curseforge\minecraft\Instances\Alive Dev\saves\Desire Paths\datapacks\gstools\data\minecraft\function\cursor\chunk\forceload\1\2\2\3\2\
	    New File  		     367	seek_depth_5.mcfunction
	  New Dir          1	C:\Users\joshp\curseforge\minecraft\Instances\Alive Dev\saves\Desire Paths\datapacks\gstools\data\minecraft\function\cursor\chunk\forceload\1\2\2\3\3\
	    New File  		     718	seek_depth_5.mcfunction
	  New Dir          1	C:\Users\joshp\curseforge\minecraft\Instances\Alive Dev\saves\Desire Paths\datapacks\gstools\data\minecraft\function\cursor\chunk\forceload\1\2\2\3\4\
	    New File  		    1452	seek_depth_5.mcfunction
	  New Dir          1	C:\Users\joshp\curseforge\minecraft\Instances\Alive Dev\saves\Desire Paths\datapacks\gstools\data\minecraft\function\cursor\chunk\forceload\1\2\2\4\
	    New File  		     765	seek_depth_4.mcfunction
	  New Dir          1	C:\Users\joshp\curseforge\minecraft\Instances\Alive Dev\saves\Desire Paths\datapacks\gstools\data\minecraft\function\cursor\chunk\forceload\1\2\2\4\1\
	    New File  		     734	seek_depth_5.mcfunction
	  New Dir          1	C:\Users\joshp\curseforge\minecraft\Instances\Alive Dev\saves\Desire Paths\datapacks\gstools\data\minecraft\function\cursor\chunk\forceload\1\2\2\4\2\
	    New File  		     375	seek_depth_5.mcfunction
	  New Dir          1	C:\Users\joshp\curseforge\minecraft\Instances\Alive Dev\saves\Desire Paths\datapacks\gstools\data\minecraft\function\cursor\chunk\forceload\1\2\2\4\3\
	    New File  		     734	seek_depth_5.mcfunction
	  New Dir          1	C:\Users\joshp\curseforge\minecraft\Instances\Alive Dev\saves\Desire Paths\datapacks\gstools\data\minecraft\function\cursor\chunk\forceload\1\2\2\4\4\
	    New File  		    1452	seek_depth_5.mcfunction
	  New Dir          1	C:\Users\joshp\curseforge\minecraft\Instances\Alive Dev\saves\Desire Paths\datapacks\gstools\data\minecraft\function\cursor\chunk\forceload\1\2\3\
	    New File  		     757	seek_depth_3.mcfunction
	  New Dir          1	C:\Users\joshp\curseforge\minecraft\Instances\Alive Dev\saves\Desire Paths\datapacks\gstools\data\minecraft\function\cursor\chunk\forceload\1\2\3\1\
	    New File  		     765	seek_depth_4.mcfunction
	  New Dir          1	C:\Users\joshp\curseforge\minecraft\Instances\Alive Dev\saves\Desire Paths\datapacks\gstools\data\minecraft\function\cursor\chunk\forceload\1\2\3\1\1\
	    New File  		     734	seek_depth_5.mcfunction
	  New Dir          1	C:\Users\joshp\curseforge\minecraft\Instances\Alive Dev\saves\Desire Paths\datapacks\gstools\data\minecraft\function\cursor\chunk\forceload\1\2\3\1\2\
	    New File  		     375	seek_depth_5.mcfunction
	  New Dir          1	C:\Users\joshp\curseforge\minecraft\Instances\Alive Dev\saves\Desire Paths\datapacks\gstools\data\minecraft\function\cursor\chunk\forceload\1\2\3\1\3\
	    New File  		     734	seek_depth_5.mcfunction
	  New Dir          1	C:\Users\joshp\curseforge\minecraft\Instances\Alive Dev\saves\Desire Paths\datapacks\gstools\data\minecraft\function\cursor\chunk\forceload\1\2\3\1\4\
	    New File  		    1452	seek_depth_5.mcfunction
	  New Dir          1	C:\Users\joshp\curseforge\minecraft\Instances\Alive Dev\saves\Desire Paths\datapacks\gstools\data\minecraft\function\cursor\chunk\forceload\1\2\3\2\
	    New File  		     765	seek_depth_4.mcfunction
	  New Dir          1	C:\Users\joshp\curseforge\minecraft\Instances\Alive Dev\saves\Desire Paths\datapacks\gstools\data\minecraft\function\cursor\chunk\forceload\1\2\3\2\1\
	    New File  		     734	seek_depth_5.mcfunction
	  New Dir          1	C:\Users\joshp\curseforge\minecraft\Instances\Alive Dev\saves\Desire Paths\datapacks\gstools\data\minecraft\function\cursor\chunk\forceload\1\2\3\2\2\
	    New File  		     367	seek_depth_5.mcfunction
	  New Dir          1	C:\Users\joshp\curseforge\minecraft\Instances\Alive Dev\saves\Desire Paths\datapacks\gstools\data\minecraft\function\cursor\chunk\forceload\1\2\3\2\3\
	    New File  		     718	seek_depth_5.mcfunction
	  New Dir          1	C:\Users\joshp\curseforge\minecraft\Instances\Alive Dev\saves\Desire Paths\datapacks\gstools\data\minecraft\function\cursor\chunk\forceload\1\2\3\2\4\
	    New File  		    1452	seek_depth_5.mcfunction
	  New Dir          1	C:\Users\joshp\curseforge\minecraft\Instances\Alive Dev\saves\Desire Paths\datapacks\gstools\data\minecraft\function\cursor\chunk\forceload\1\2\3\3\
	    New File  		     765	seek_depth_4.mcfunction
	  New Dir          1	C:\Users\joshp\curseforge\minecraft\Instances\Alive Dev\saves\Desire Paths\datapacks\gstools\data\minecraft\function\cursor\chunk\forceload\1\2\3\3\1\
	    New File  		    1452	seek_depth_5.mcfunction
	  New Dir          1	C:\Users\joshp\curseforge\minecraft\Instances\Alive Dev\saves\Desire Paths\datapacks\gstools\data\minecraft\function\cursor\chunk\forceload\1\2\3\3\2\
	    New File  		     718	seek_depth_5.mcfunction
	  New Dir          1	C:\Users\joshp\curseforge\minecraft\Instances\Alive Dev\saves\Desire Paths\datapacks\gstools\data\minecraft\function\cursor\chunk\forceload\1\2\3\3\3\
	    New File  		     718	seek_depth_5.mcfunction
	  New Dir          1	C:\Users\joshp\curseforge\minecraft\Instances\Alive Dev\saves\Desire Paths\datapacks\gstools\data\minecraft\function\cursor\chunk\forceload\1\2\3\3\4\
	    New File  		    1452	seek_depth_5.mcfunction
	  New Dir          1	C:\Users\joshp\curseforge\minecraft\Instances\Alive Dev\saves\Desire Paths\datapacks\gstools\data\minecraft\function\cursor\chunk\forceload\1\2\3\4\
	    New File  		     765	seek_depth_4.mcfunction
	  New Dir          1	C:\Users\joshp\curseforge\minecraft\Instances\Alive Dev\saves\Desire Paths\datapacks\gstools\data\minecraft\function\cursor\chunk\forceload\1\2\3\4\1\
	    New File  		    1452	seek_depth_5.mcfunction
	  New Dir          1	C:\Users\joshp\curseforge\minecraft\Instances\Alive Dev\saves\Desire Paths\datapacks\gstools\data\minecraft\function\cursor\chunk\forceload\1\2\3\4\2\
	    New File  		     734	seek_depth_5.mcfunction
	  New Dir          1	C:\Users\joshp\curseforge\minecraft\Instances\Alive Dev\saves\Desire Paths\datapacks\gstools\data\minecraft\function\cursor\chunk\forceload\1\2\3\4\3\
	    New File  		     734	seek_depth_5.mcfunction
	  New Dir          1	C:\Users\joshp\curseforge\minecraft\Instances\Alive Dev\saves\Desire Paths\datapacks\gstools\data\minecraft\function\cursor\chunk\forceload\1\2\3\4\4\
	    New File  		    1452	seek_depth_5.mcfunction
	  New Dir          1	C:\Users\joshp\curseforge\minecraft\Instances\Alive Dev\saves\Desire Paths\datapacks\gstools\data\minecraft\function\cursor\chunk\forceload\1\2\4\
	    New File  		     757	seek_depth_3.mcfunction
	  New Dir          1	C:\Users\joshp\curseforge\minecraft\Instances\Alive Dev\saves\Desire Paths\datapacks\gstools\data\minecraft\function\cursor\chunk\forceload\1\2\4\1\
	    New File  		     765	seek_depth_4.mcfunction
	  New Dir          1	C:\Users\joshp\curseforge\minecraft\Instances\Alive Dev\saves\Desire Paths\datapacks\gstools\data\minecraft\function\cursor\chunk\forceload\1\2\4\1\1\
	    New File  		     742	seek_depth_5.mcfunction
	  New Dir          1	C:\Users\joshp\curseforge\minecraft\Instances\Alive Dev\saves\Desire Paths\datapacks\gstools\data\minecraft\function\cursor\chunk\forceload\1\2\4\1\2\
	    New File  		     742	seek_depth_5.mcfunction
	  New Dir          1	C:\Users\joshp\curseforge\minecraft\Instances\Alive Dev\saves\Desire Paths\datapacks\gstools\data\minecraft\function\cursor\chunk\forceload\1\2\4\1\3\
	    New File  		    1468	seek_depth_5.mcfunction
	  New Dir          1	C:\Users\joshp\curseforge\minecraft\Instances\Alive Dev\saves\Desire Paths\datapacks\gstools\data\minecraft\function\cursor\chunk\forceload\1\2\4\1\4\
	    New File  		    1468	seek_depth_5.mcfunction
	  New Dir          1	C:\Users\joshp\curseforge\minecraft\Instances\Alive Dev\saves\Desire Paths\datapacks\gstools\data\minecraft\function\cursor\chunk\forceload\1\2\4\2\
	    New File  		     765	seek_depth_4.mcfunction
	  New Dir          1	C:\Users\joshp\curseforge\minecraft\Instances\Alive Dev\saves\Desire Paths\datapacks\gstools\data\minecraft\function\cursor\chunk\forceload\1\2\4\2\1\
	    New File  		     742	seek_depth_5.mcfunction
	  New Dir          1	C:\Users\joshp\curseforge\minecraft\Instances\Alive Dev\saves\Desire Paths\datapacks\gstools\data\minecraft\function\cursor\chunk\forceload\1\2\4\2\2\
	    New File  		     375	seek_depth_5.mcfunction
	  New Dir          1	C:\Users\joshp\curseforge\minecraft\Instances\Alive Dev\saves\Desire Paths\datapacks\gstools\data\minecraft\function\cursor\chunk\forceload\1\2\4\2\3\
	    New File  		     734	seek_depth_5.mcfunction
	  New Dir          1	C:\Users\joshp\curseforge\minecraft\Instances\Alive Dev\saves\Desire Paths\datapacks\gstools\data\minecraft\function\cursor\chunk\forceload\1\2\4\2\4\
	    New File  		    1468	seek_depth_5.mcfunction
	  New Dir          1	C:\Users\joshp\curseforge\minecraft\Instances\Alive Dev\saves\Desire Paths\datapacks\gstools\data\minecraft\function\cursor\chunk\forceload\1\2\4\3\
	    New File  		     765	seek_depth_4.mcfunction
	  New Dir          1	C:\Users\joshp\curseforge\minecraft\Instances\Alive Dev\saves\Desire Paths\datapacks\gstools\data\minecraft\function\cursor\chunk\forceload\1\2\4\3\1\
	    New File  		    1468	seek_depth_5.mcfunction
	  New Dir          1	C:\Users\joshp\curseforge\minecraft\Instances\Alive Dev\saves\Desire Paths\datapacks\gstools\data\minecraft\function\cursor\chunk\forceload\1\2\4\3\2\
	    New File  		     734	seek_depth_5.mcfunction
	  New Dir          1	C:\Users\joshp\curseforge\minecraft\Instances\Alive Dev\saves\Desire Paths\datapacks\gstools\data\minecraft\function\cursor\chunk\forceload\1\2\4\3\3\
	    New File  		     734	seek_depth_5.mcfunction
	  New Dir          1	C:\Users\joshp\curseforge\minecraft\Instances\Alive Dev\saves\Desire Paths\datapacks\gstools\data\minecraft\function\cursor\chunk\forceload\1\2\4\3\4\
	    New File  		    1468	seek_depth_5.mcfunction
	  New Dir          1	C:\Users\joshp\curseforge\minecraft\Instances\Alive Dev\saves\Desire Paths\datapacks\gstools\data\minecraft\function\cursor\chunk\forceload\1\2\4\4\
	    New File  		     765	seek_depth_4.mcfunction
	  New Dir          1	C:\Users\joshp\curseforge\minecraft\Instances\Alive Dev\saves\Desire Paths\datapacks\gstools\data\minecraft\function\cursor\chunk\forceload\1\2\4\4\1\
	    New File  		    1468	seek_depth_5.mcfunction
	  New Dir          1	C:\Users\joshp\curseforge\minecraft\Instances\Alive Dev\saves\Desire Paths\datapacks\gstools\data\minecraft\function\cursor\chunk\forceload\1\2\4\4\2\
	    New File  		    1468	seek_depth_5.mcfunction
	  New Dir          1	C:\Users\joshp\curseforge\minecraft\Instances\Alive Dev\saves\Desire Paths\datapacks\gstools\data\minecraft\function\cursor\chunk\forceload\1\2\4\4\3\
	    New File  		    1468	seek_depth_5.mcfunction
	  New Dir          1	C:\Users\joshp\curseforge\minecraft\Instances\Alive Dev\saves\Desire Paths\datapacks\gstools\data\minecraft\function\cursor\chunk\forceload\1\2\4\4\4\
	    New File  		    1468	seek_depth_5.mcfunction
	  New Dir          1	C:\Users\joshp\curseforge\minecraft\Instances\Alive Dev\saves\Desire Paths\datapacks\gstools\data\minecraft\function\cursor\chunk\forceload\1\3\
	    New File  		     749	seek_depth_2.mcfunction
	  New Dir          1	C:\Users\joshp\curseforge\minecraft\Instances\Alive Dev\saves\Desire Paths\datapacks\gstools\data\minecraft\function\cursor\chunk\forceload\1\3\1\
	    New File  		     757	seek_depth_3.mcfunction
	  New Dir          1	C:\Users\joshp\curseforge\minecraft\Instances\Alive Dev\saves\Desire Paths\datapacks\gstools\data\minecraft\function\cursor\chunk\forceload\1\3\1\1\
	    New File  		     765	seek_depth_4.mcfunction
	  New Dir          1	C:\Users\joshp\curseforge\minecraft\Instances\Alive Dev\saves\Desire Paths\datapacks\gstools\data\minecraft\function\cursor\chunk\forceload\1\3\1\1\1\
	    New File  		     742	seek_depth_5.mcfunction
	  New Dir          1	C:\Users\joshp\curseforge\minecraft\Instances\Alive Dev\saves\Desire Paths\datapacks\gstools\data\minecraft\function\cursor\chunk\forceload\1\3\1\1\2\
	    New File  		     742	seek_depth_5.mcfunction
	  New Dir          1	C:\Users\joshp\curseforge\minecraft\Instances\Alive Dev\saves\Desire Paths\datapacks\gstools\data\minecraft\function\cursor\chunk\forceload\1\3\1\1\3\
	    New File  		    1468	seek_depth_5.mcfunction
	  New Dir          1	C:\Users\joshp\curseforge\minecraft\Instances\Alive Dev\saves\Desire Paths\datapacks\gstools\data\minecraft\function\cursor\chunk\forceload\1\3\1\1\4\
	    New File  		    1468	seek_depth_5.mcfunction
	  New Dir          1	C:\Users\joshp\curseforge\minecraft\Instances\Alive Dev\saves\Desire Paths\datapacks\gstools\data\minecraft\function\cursor\chunk\forceload\1\3\1\2\
	    New File  		     765	seek_depth_4.mcfunction
	  New Dir          1	C:\Users\joshp\curseforge\minecraft\Instances\Alive Dev\saves\Desire Paths\datapacks\gstools\data\minecraft\function\cursor\chunk\forceload\1\3\1\2\1\
	    New File  		     742	seek_depth_5.mcfunction
	  New Dir          1	C:\Users\joshp\curseforge\minecraft\Instances\Alive Dev\saves\Desire Paths\datapacks\gstools\data\minecraft\function\cursor\chunk\forceload\1\3\1\2\2\
	    New File  		     375	seek_depth_5.mcfunction
	  New Dir          1	C:\Users\joshp\curseforge\minecraft\Instances\Alive Dev\saves\Desire Paths\datapacks\gstools\data\minecraft\function\cursor\chunk\forceload\1\3\1\2\3\
	    New File  		     734	seek_depth_5.mcfunction
	  New Dir          1	C:\Users\joshp\curseforge\minecraft\Instances\Alive Dev\saves\Desire Paths\datapacks\gstools\data\minecraft\function\cursor\chunk\forceload\1\3\1\2\4\
	    New File  		    1468	seek_depth_5.mcfunction
	  New Dir          1	C:\Users\joshp\curseforge\minecraft\Instances\Alive Dev\saves\Desire Paths\datapacks\gstools\data\minecraft\function\cursor\chunk\forceload\1\3\1\3\
	    New File  		     765	seek_depth_4.mcfunction
	  New Dir          1	C:\Users\joshp\curseforge\minecraft\Instances\Alive Dev\saves\Desire Paths\datapacks\gstools\data\minecraft\function\cursor\chunk\forceload\1\3\1\3\1\
	    New File  		     742	seek_depth_5.mcfunction
	  New Dir          1	C:\Users\joshp\curseforge\minecraft\Instances\Alive Dev\saves\Desire Paths\datapacks\gstools\data\minecraft\function\cursor\chunk\forceload\1\3\1\3\2\
	    New File  		     375	seek_depth_5.mcfunction
	  New Dir          1	C:\Users\joshp\curseforge\minecraft\Instances\Alive Dev\saves\Desire Paths\datapacks\gstools\data\minecraft\function\cursor\chunk\forceload\1\3\1\3\3\
	    New File  		     734	seek_depth_5.mcfunction
	  New Dir          1	C:\Users\joshp\curseforge\minecraft\Instances\Alive Dev\saves\Desire Paths\datapacks\gstools\data\minecraft\function\cursor\chunk\forceload\1\3\1\3\4\
	    New File  		    1468	seek_depth_5.mcfunction
	  New Dir          1	C:\Users\joshp\curseforge\minecraft\Instances\Alive Dev\saves\Desire Paths\datapacks\gstools\data\minecraft\function\cursor\chunk\forceload\1\3\1\4\
	    New File  		     765	seek_depth_4.mcfunction
	  New Dir          1	C:\Users\joshp\curseforge\minecraft\Instances\Alive Dev\saves\Desire Paths\datapacks\gstools\data\minecraft\function\cursor\chunk\forceload\1\3\1\4\1\
	    New File  		     742	seek_depth_5.mcfunction
	  New Dir          1	C:\Users\joshp\curseforge\minecraft\Instances\Alive Dev\saves\Desire Paths\datapacks\gstools\data\minecraft\function\cursor\chunk\forceload\1\3\1\4\2\
	    New File  		     742	seek_depth_5.mcfunction
	  New Dir          1	C:\Users\joshp\curseforge\minecraft\Instances\Alive Dev\saves\Desire Paths\datapacks\gstools\data\minecraft\function\cursor\chunk\forceload\1\3\1\4\3\
	    New File  		    1468	seek_depth_5.mcfunction
	  New Dir          1	C:\Users\joshp\curseforge\minecraft\Instances\Alive Dev\saves\Desire Paths\datapacks\gstools\data\minecraft\function\cursor\chunk\forceload\1\3\1\4\4\
	    New File  		    1468	seek_depth_5.mcfunction
	  New Dir          1	C:\Users\joshp\curseforge\minecraft\Instances\Alive Dev\saves\Desire Paths\datapacks\gstools\data\minecraft\function\cursor\chunk\forceload\1\3\2\
	    New File  		     757	seek_depth_3.mcfunction
	  New Dir          1	C:\Users\joshp\curseforge\minecraft\Instances\Alive Dev\saves\Desire Paths\datapacks\gstools\data\minecraft\function\cursor\chunk\forceload\1\3\2\1\
	    New File  		     765	seek_depth_4.mcfunction
	  New Dir          1	C:\Users\joshp\curseforge\minecraft\Instances\Alive Dev\saves\Desire Paths\datapacks\gstools\data\minecraft\function\cursor\chunk\forceload\1\3\2\1\1\
	    New File  		     734	seek_depth_5.mcfunction
	  New Dir          1	C:\Users\joshp\curseforge\minecraft\Instances\Alive Dev\saves\Desire Paths\datapacks\gstools\data\minecraft\function\cursor\chunk\forceload\1\3\2\1\2\
	    New File  		     375	seek_depth_5.mcfunction
	  New Dir          1	C:\Users\joshp\curseforge\minecraft\Instances\Alive Dev\saves\Desire Paths\datapacks\gstools\data\minecraft\function\cursor\chunk\forceload\1\3\2\1\3\
	    New File  		     734	seek_depth_5.mcfunction
	  New Dir          1	C:\Users\joshp\curseforge\minecraft\Instances\Alive Dev\saves\Desire Paths\datapacks\gstools\data\minecraft\function\cursor\chunk\forceload\1\3\2\1\4\
	    New File  		    1452	seek_depth_5.mcfunction
	  New Dir          1	C:\Users\joshp\curseforge\minecraft\Instances\Alive Dev\saves\Desire Paths\datapacks\gstools\data\minecraft\function\cursor\chunk\forceload\1\3\2\2\
	    New File  		     765	seek_depth_4.mcfunction
	  New Dir          1	C:\Users\joshp\curseforge\minecraft\Instances\Alive Dev\saves\Desire Paths\datapacks\gstools\data\minecraft\function\cursor\chunk\forceload\1\3\2\2\1\
	    New File  		     734	seek_depth_5.mcfunction
	  New Dir          1	C:\Users\joshp\curseforge\minecraft\Instances\Alive Dev\saves\Desire Paths\datapacks\gstools\data\minecraft\function\cursor\chunk\forceload\1\3\2\2\2\
	    New File  		     367	seek_depth_5.mcfunction
	  New Dir          1	C:\Users\joshp\curseforge\minecraft\Instances\Alive Dev\saves\Desire Paths\datapacks\gstools\data\minecraft\function\cursor\chunk\forceload\1\3\2\2\3\
	    New File  		     718	seek_depth_5.mcfunction
	  New Dir          1	C:\Users\joshp\curseforge\minecraft\Instances\Alive Dev\saves\Desire Paths\datapacks\gstools\data\minecraft\function\cursor\chunk\forceload\1\3\2\2\4\
	    New File  		    1452	seek_depth_5.mcfunction
	  New Dir          1	C:\Users\joshp\curseforge\minecraft\Instances\Alive Dev\saves\Desire Paths\datapacks\gstools\data\minecraft\function\cursor\chunk\forceload\1\3\2\3\
	    New File  		     765	seek_depth_4.mcfunction
	  New Dir          1	C:\Users\joshp\curseforge\minecraft\Instances\Alive Dev\saves\Desire Paths\datapacks\gstools\data\minecraft\function\cursor\chunk\forceload\1\3\2\3\1\
	    New File  		     734	seek_depth_5.mcfunction
	  New Dir          1	C:\Users\joshp\curseforge\minecraft\Instances\Alive Dev\saves\Desire Paths\datapacks\gstools\data\minecraft\function\cursor\chunk\forceload\1\3\2\3\2\
	    New File  		     367	seek_depth_5.mcfunction
	  New Dir          1	C:\Users\joshp\curseforge\minecraft\Instances\Alive Dev\saves\Desire Paths\datapacks\gstools\data\minecraft\function\cursor\chunk\forceload\1\3\2\3\3\
	    New File  		     718	seek_depth_5.mcfunction
	  New Dir          1	C:\Users\joshp\curseforge\minecraft\Instances\Alive Dev\saves\Desire Paths\datapacks\gstools\data\minecraft\function\cursor\chunk\forceload\1\3\2\3\4\
	    New File  		    1452	seek_depth_5.mcfunction
	  New Dir          1	C:\Users\joshp\curseforge\minecraft\Instances\Alive Dev\saves\Desire Paths\datapacks\gstools\data\minecraft\function\cursor\chunk\forceload\1\3\2\4\
	    New File  		     765	seek_depth_4.mcfunction
	  New Dir          1	C:\Users\joshp\curseforge\minecraft\Instances\Alive Dev\saves\Desire Paths\datapacks\gstools\data\minecraft\function\cursor\chunk\forceload\1\3\2\4\1\
	    New File  		     734	seek_depth_5.mcfunction
	  New Dir          1	C:\Users\joshp\curseforge\minecraft\Instances\Alive Dev\saves\Desire Paths\datapacks\gstools\data\minecraft\function\cursor\chunk\forceload\1\3\2\4\2\
	    New File  		     375	seek_depth_5.mcfunction
	  New Dir          1	C:\Users\joshp\curseforge\minecraft\Instances\Alive Dev\saves\Desire Paths\datapacks\gstools\data\minecraft\function\cursor\chunk\forceload\1\3\2\4\3\
	    New File  		     734	seek_depth_5.mcfunction
	  New Dir          1	C:\Users\joshp\curseforge\minecraft\Instances\Alive Dev\saves\Desire Paths\datapacks\gstools\data\minecraft\function\cursor\chunk\forceload\1\3\2\4\4\
	    New File  		    1452	seek_depth_5.mcfunction
	  New Dir          1	C:\Users\joshp\curseforge\minecraft\Instances\Alive Dev\saves\Desire Paths\datapacks\gstools\data\minecraft\function\cursor\chunk\forceload\1\3\3\
	    New File  		     757	seek_depth_3.mcfunction
	  New Dir          1	C:\Users\joshp\curseforge\minecraft\Instances\Alive Dev\saves\Desire Paths\datapacks\gstools\data\minecraft\function\cursor\chunk\forceload\1\3\3\1\
	    New File  		     765	seek_depth_4.mcfunction
	  New Dir          1	C:\Users\joshp\curseforge\minecraft\Instances\Alive Dev\saves\Desire Paths\datapacks\gstools\data\minecraft\function\cursor\chunk\forceload\1\3\3\1\1\
	    New File  		     734	seek_depth_5.mcfunction
	  New Dir          1	C:\Users\joshp\curseforge\minecraft\Instances\Alive Dev\saves\Desire Paths\datapacks\gstools\data\minecraft\function\cursor\chunk\forceload\1\3\3\1\2\
	    New File  		     375	seek_depth_5.mcfunction
	  New Dir          1	C:\Users\joshp\curseforge\minecraft\Instances\Alive Dev\saves\Desire Paths\datapacks\gstools\data\minecraft\function\cursor\chunk\forceload\1\3\3\1\3\
	    New File  		     726	seek_depth_5.mcfunction
	  New Dir          1	C:\Users\joshp\curseforge\minecraft\Instances\Alive Dev\saves\Desire Paths\datapacks\gstools\data\minecraft\function\cursor\chunk\forceload\1\3\3\1\4\
	    New File  		    1436	seek_depth_5.mcfunction
	  New Dir          1	C:\Users\joshp\curseforge\minecraft\Instances\Alive Dev\saves\Desire Paths\datapacks\gstools\data\minecraft\function\cursor\chunk\forceload\1\3\3\2\
	    New File  		     765	seek_depth_4.mcfunction
	  New Dir          1	C:\Users\joshp\curseforge\minecraft\Instances\Alive Dev\saves\Desire Paths\datapacks\gstools\data\minecraft\function\cursor\chunk\forceload\1\3\3\2\1\
	    New File  		     734	seek_depth_5.mcfunction
	  New Dir          1	C:\Users\joshp\curseforge\minecraft\Instances\Alive Dev\saves\Desire Paths\datapacks\gstools\data\minecraft\function\cursor\chunk\forceload\1\3\3\2\2\
	    New File  		     367	seek_depth_5.mcfunction
	  New Dir          1	C:\Users\joshp\curseforge\minecraft\Instances\Alive Dev\saves\Desire Paths\datapacks\gstools\data\minecraft\function\cursor\chunk\forceload\1\3\3\2\3\
	    New File  		     710	seek_depth_5.mcfunction
	  New Dir          1	C:\Users\joshp\curseforge\minecraft\Instances\Alive Dev\saves\Desire Paths\datapacks\gstools\data\minecraft\function\cursor\chunk\forceload\1\3\3\2\4\
	    New File  		    1436	seek_depth_5.mcfunction
	  New Dir          1	C:\Users\joshp\curseforge\minecraft\Instances\Alive Dev\saves\Desire Paths\datapacks\gstools\data\minecraft\function\cursor\chunk\forceload\1\3\3\3\
	    New File  		     765	seek_depth_4.mcfunction
	  New Dir          1	C:\Users\joshp\curseforge\minecraft\Instances\Alive Dev\saves\Desire Paths\datapacks\gstools\data\minecraft\function\cursor\chunk\forceload\1\3\3\3\1\
	    New File  		    1436	seek_depth_5.mcfunction
	  New Dir          1	C:\Users\joshp\curseforge\minecraft\Instances\Alive Dev\saves\Desire Paths\datapacks\gstools\data\minecraft\function\cursor\chunk\forceload\1\3\3\3\2\
	    New File  		     710	seek_depth_5.mcfunction
	  New Dir          1	C:\Users\joshp\curseforge\minecraft\Instances\Alive Dev\saves\Desire Paths\datapacks\gstools\data\minecraft\function\cursor\chunk\forceload\1\3\3\3\3\
	    New File  		     710	seek_depth_5.mcfunction
	  New Dir          1	C:\Users\joshp\curseforge\minecraft\Instances\Alive Dev\saves\Desire Paths\datapacks\gstools\data\minecraft\function\cursor\chunk\forceload\1\3\3\3\4\
	    New File  		    1436	seek_depth_5.mcfunction
	  New Dir          1	C:\Users\joshp\curseforge\minecraft\Instances\Alive Dev\saves\Desire Paths\datapacks\gstools\data\minecraft\function\cursor\chunk\forceload\1\3\3\4\
	    New File  		     765	seek_depth_4.mcfunction
	  New Dir          1	C:\Users\joshp\curseforge\minecraft\Instances\Alive Dev\saves\Desire Paths\datapacks\gstools\data\minecraft\function\cursor\chunk\forceload\1\3\3\4\1\
	    New File  		    1436	seek_depth_5.mcfunction
	  New Dir          1	C:\Users\joshp\curseforge\minecraft\Instances\Alive Dev\saves\Desire Paths\datapacks\gstools\data\minecraft\function\cursor\chunk\forceload\1\3\3\4\2\
	    New File  		     726	seek_depth_5.mcfunction
	  New Dir          1	C:\Users\joshp\curseforge\minecraft\Instances\Alive Dev\saves\Desire Paths\datapacks\gstools\data\minecraft\function\cursor\chunk\forceload\1\3\3\4\3\
	    New File  		     726	seek_depth_5.mcfunction
	  New Dir          1	C:\Users\joshp\curseforge\minecraft\Instances\Alive Dev\saves\Desire Paths\datapacks\gstools\data\minecraft\function\cursor\chunk\forceload\1\3\3\4\4\
	    New File  		    1436	seek_depth_5.mcfunction
	  New Dir          1	C:\Users\joshp\curseforge\minecraft\Instances\Alive Dev\saves\Desire Paths\datapacks\gstools\data\minecraft\function\cursor\chunk\forceload\1\3\4\
	    New File  		     757	seek_depth_3.mcfunction
	  New Dir          1	C:\Users\joshp\curseforge\minecraft\Instances\Alive Dev\saves\Desire Paths\datapacks\gstools\data\minecraft\function\cursor\chunk\forceload\1\3\4\1\
	    New File  		     765	seek_depth_4.mcfunction
	  New Dir          1	C:\Users\joshp\curseforge\minecraft\Instances\Alive Dev\saves\Desire Paths\datapacks\gstools\data\minecraft\function\cursor\chunk\forceload\1\3\4\1\1\
	    New File  		     742	seek_depth_5.mcfunction
	  New Dir          1	C:\Users\joshp\curseforge\minecraft\Instances\Alive Dev\saves\Desire Paths\datapacks\gstools\data\minecraft\function\cursor\chunk\forceload\1\3\4\1\2\
	    New File  		     742	seek_depth_5.mcfunction
	  New Dir          1	C:\Users\joshp\curseforge\minecraft\Instances\Alive Dev\saves\Desire Paths\datapacks\gstools\data\minecraft\function\cursor\chunk\forceload\1\3\4\1\3\
	    New File  		    1452	seek_depth_5.mcfunction
	  New Dir          1	C:\Users\joshp\curseforge\minecraft\Instances\Alive Dev\saves\Desire Paths\datapacks\gstools\data\minecraft\function\cursor\chunk\forceload\1\3\4\1\4\
	    New File  		    1452	seek_depth_5.mcfunction
	  New Dir          1	C:\Users\joshp\curseforge\minecraft\Instances\Alive Dev\saves\Desire Paths\datapacks\gstools\data\minecraft\function\cursor\chunk\forceload\1\3\4\2\
	    New File  		     765	seek_depth_4.mcfunction
	  New Dir          1	C:\Users\joshp\curseforge\minecraft\Instances\Alive Dev\saves\Desire Paths\datapacks\gstools\data\minecraft\function\cursor\chunk\forceload\1\3\4\2\1\
	    New File  		     742	seek_depth_5.mcfunction
	  New Dir          1	C:\Users\joshp\curseforge\minecraft\Instances\Alive Dev\saves\Desire Paths\datapacks\gstools\data\minecraft\function\cursor\chunk\forceload\1\3\4\2\2\
	    New File  		     375	seek_depth_5.mcfunction
	  New Dir          1	C:\Users\joshp\curseforge\minecraft\Instances\Alive Dev\saves\Desire Paths\datapacks\gstools\data\minecraft\function\cursor\chunk\forceload\1\3\4\2\3\
	    New File  		     726	seek_depth_5.mcfunction
	  New Dir          1	C:\Users\joshp\curseforge\minecraft\Instances\Alive Dev\saves\Desire Paths\datapacks\gstools\data\minecraft\function\cursor\chunk\forceload\1\3\4\2\4\
	    New File  		    1452	seek_depth_5.mcfunction
	  New Dir          1	C:\Users\joshp\curseforge\minecraft\Instances\Alive Dev\saves\Desire Paths\datapacks\gstools\data\minecraft\function\cursor\chunk\forceload\1\3\4\3\
	    New File  		     765	seek_depth_4.mcfunction
	  New Dir          1	C:\Users\joshp\curseforge\minecraft\Instances\Alive Dev\saves\Desire Paths\datapacks\gstools\data\minecraft\function\cursor\chunk\forceload\1\3\4\3\1\
	    New File  		    1452	seek_depth_5.mcfunction
	  New Dir          1	C:\Users\joshp\curseforge\minecraft\Instances\Alive Dev\saves\Desire Paths\datapacks\gstools\data\minecraft\function\cursor\chunk\forceload\1\3\4\3\2\
	    New File  		     726	seek_depth_5.mcfunction
	  New Dir          1	C:\Users\joshp\curseforge\minecraft\Instances\Alive Dev\saves\Desire Paths\datapacks\gstools\data\minecraft\function\cursor\chunk\forceload\1\3\4\3\3\
	    New File  		     726	seek_depth_5.mcfunction
	  New Dir          1	C:\Users\joshp\curseforge\minecraft\Instances\Alive Dev\saves\Desire Paths\datapacks\gstools\data\minecraft\function\cursor\chunk\forceload\1\3\4\3\4\
	    New File  		    1452	seek_depth_5.mcfunction
	  New Dir          1	C:\Users\joshp\curseforge\minecraft\Instances\Alive Dev\saves\Desire Paths\datapacks\gstools\data\minecraft\function\cursor\chunk\forceload\1\3\4\4\
	    New File  		     765	seek_depth_4.mcfunction
	  New Dir          1	C:\Users\joshp\curseforge\minecraft\Instances\Alive Dev\saves\Desire Paths\datapacks\gstools\data\minecraft\function\cursor\chunk\forceload\1\3\4\4\1\
	    New File  		    1452	seek_depth_5.mcfunction
	  New Dir          1	C:\Users\joshp\curseforge\minecraft\Instances\Alive Dev\saves\Desire Paths\datapacks\gstools\data\minecraft\function\cursor\chunk\forceload\1\3\4\4\2\
	    New File  		    1452	seek_depth_5.mcfunction
	  New Dir          1	C:\Users\joshp\curseforge\minecraft\Instances\Alive Dev\saves\Desire Paths\datapacks\gstools\data\minecraft\function\cursor\chunk\forceload\1\3\4\4\3\
	    New File  		    1452	seek_depth_5.mcfunction
	  New Dir          1	C:\Users\joshp\curseforge\minecraft\Instances\Alive Dev\saves\Desire Paths\datapacks\gstools\data\minecraft\function\cursor\chunk\forceload\1\3\4\4\4\
	    New File  		    1452	seek_depth_5.mcfunction
	  New Dir          1	C:\Users\joshp\curseforge\minecraft\Instances\Alive Dev\saves\Desire Paths\datapacks\gstools\data\minecraft\function\cursor\chunk\forceload\1\4\
	    New File  		     749	seek_depth_2.mcfunction
	  New Dir          1	C:\Users\joshp\curseforge\minecraft\Instances\Alive Dev\saves\Desire Paths\datapacks\gstools\data\minecraft\function\cursor\chunk\forceload\1\4\1\
	    New File  		     757	seek_depth_3.mcfunction
	  New Dir          1	C:\Users\joshp\curseforge\minecraft\Instances\Alive Dev\saves\Desire Paths\datapacks\gstools\data\minecraft\function\cursor\chunk\forceload\1\4\1\1\
	    New File  		     765	seek_depth_4.mcfunction
	  New Dir          1	C:\Users\joshp\curseforge\minecraft\Instances\Alive Dev\saves\Desire Paths\datapacks\gstools\data\minecraft\function\cursor\chunk\forceload\1\4\1\1\1\
	    New File  		     742	seek_depth_5.mcfunction
	  New Dir          1	C:\Users\joshp\curseforge\minecraft\Instances\Alive Dev\saves\Desire Paths\datapacks\gstools\data\minecraft\function\cursor\chunk\forceload\1\4\1\1\2\
	    New File  		     742	seek_depth_5.mcfunction
	  New Dir          1	C:\Users\joshp\curseforge\minecraft\Instances\Alive Dev\saves\Desire Paths\datapacks\gstools\data\minecraft\function\cursor\chunk\forceload\1\4\1\1\3\
	    New File  		    1468	seek_depth_5.mcfunction
	  New Dir          1	C:\Users\joshp\curseforge\minecraft\Instances\Alive Dev\saves\Desire Paths\datapacks\gstools\data\minecraft\function\cursor\chunk\forceload\1\4\1\1\4\
	    New File  		    1468	seek_depth_5.mcfunction
	  New Dir          1	C:\Users\joshp\curseforge\minecraft\Instances\Alive Dev\saves\Desire Paths\datapacks\gstools\data\minecraft\function\cursor\chunk\forceload\1\4\1\2\
	    New File  		     765	seek_depth_4.mcfunction
	  New Dir          1	C:\Users\joshp\curseforge\minecraft\Instances\Alive Dev\saves\Desire Paths\datapacks\gstools\data\minecraft\function\cursor\chunk\forceload\1\4\1\2\1\
	    New File  		     742	seek_depth_5.mcfunction
	  New Dir          1	C:\Users\joshp\curseforge\minecraft\Instances\Alive Dev\saves\Desire Paths\datapacks\gstools\data\minecraft\function\cursor\chunk\forceload\1\4\1\2\2\
	    New File  		     379	seek_depth_5.mcfunction
	  New Dir          1	C:\Users\joshp\curseforge\minecraft\Instances\Alive Dev\saves\Desire Paths\datapacks\gstools\data\minecraft\function\cursor\chunk\forceload\1\4\1\2\3\
	    New File  		     742	seek_depth_5.mcfunction
	  New Dir          1	C:\Users\joshp\curseforge\minecraft\Instances\Alive Dev\saves\Desire Paths\datapacks\gstools\data\minecraft\function\cursor\chunk\forceload\1\4\1\2\4\
	    New File  		    1468	seek_depth_5.mcfunction
	  New Dir          1	C:\Users\joshp\curseforge\minecraft\Instances\Alive Dev\saves\Desire Paths\datapacks\gstools\data\minecraft\function\cursor\chunk\forceload\1\4\1\3\
	    New File  		     765	seek_depth_4.mcfunction
	  New Dir          1	C:\Users\joshp\curseforge\minecraft\Instances\Alive Dev\saves\Desire Paths\datapacks\gstools\data\minecraft\function\cursor\chunk\forceload\1\4\1\3\1\
	    New File  		     742	seek_depth_5.mcfunction
	  New Dir          1	C:\Users\joshp\curseforge\minecraft\Instances\Alive Dev\saves\Desire Paths\datapacks\gstools\data\minecraft\function\cursor\chunk\forceload\1\4\1\3\2\
	    New File  		     379	seek_depth_5.mcfunction
	  New Dir          1	C:\Users\joshp\curseforge\minecraft\Instances\Alive Dev\saves\Desire Paths\datapacks\gstools\data\minecraft\function\cursor\chunk\forceload\1\4\1\3\3\
	    New File  		     742	seek_depth_5.mcfunction
	  New Dir          1	C:\Users\joshp\curseforge\minecraft\Instances\Alive Dev\saves\Desire Paths\datapacks\gstools\data\minecraft\function\cursor\chunk\forceload\1\4\1\3\4\
	    New File  		    1468	seek_depth_5.mcfunction
	  New Dir          1	C:\Users\joshp\curseforge\minecraft\Instances\Alive Dev\saves\Desire Paths\datapacks\gstools\data\minecraft\function\cursor\chunk\forceload\1\4\1\4\
	    New File  		     765	seek_depth_4.mcfunction
	  New Dir          1	C:\Users\joshp\curseforge\minecraft\Instances\Alive Dev\saves\Desire Paths\datapacks\gstools\data\minecraft\function\cursor\chunk\forceload\1\4\1\4\1\
	    New File  		     742	seek_depth_5.mcfunction
	  New Dir          1	C:\Users\joshp\curseforge\minecraft\Instances\Alive Dev\saves\Desire Paths\datapacks\gstools\data\minecraft\function\cursor\chunk\forceload\1\4\1\4\2\
	    New File  		     742	seek_depth_5.mcfunction
	  New Dir          1	C:\Users\joshp\curseforge\minecraft\Instances\Alive Dev\saves\Desire Paths\datapacks\gstools\data\minecraft\function\cursor\chunk\forceload\1\4\1\4\3\
	    New File  		    1468	seek_depth_5.mcfunction
	  New Dir          1	C:\Users\joshp\curseforge\minecraft\Instances\Alive Dev\saves\Desire Paths\datapacks\gstools\data\minecraft\function\cursor\chunk\forceload\1\4\1\4\4\
	    New File  		    1468	seek_depth_5.mcfunction
	  New Dir          1	C:\Users\joshp\curseforge\minecraft\Instances\Alive Dev\saves\Desire Paths\datapacks\gstools\data\minecraft\function\cursor\chunk\forceload\1\4\2\
	    New File  		     757	seek_depth_3.mcfunction
	  New Dir          1	C:\Users\joshp\curseforge\minecraft\Instances\Alive Dev\saves\Desire Paths\datapacks\gstools\data\minecraft\function\cursor\chunk\forceload\1\4\2\1\
	    New File  		     765	seek_depth_4.mcfunction
	  New Dir          1	C:\Users\joshp\curseforge\minecraft\Instances\Alive Dev\saves\Desire Paths\datapacks\gstools\data\minecraft\function\cursor\chunk\forceload\1\4\2\1\1\
	    New File  		     742	seek_depth_5.mcfunction
	  New Dir          1	C:\Users\joshp\curseforge\minecraft\Instances\Alive Dev\saves\Desire Paths\datapacks\gstools\data\minecraft\function\cursor\chunk\forceload\1\4\2\1\2\
	    New File  		     742	seek_depth_5.mcfunction
	  New Dir          1	C:\Users\joshp\curseforge\minecraft\Instances\Alive Dev\saves\Desire Paths\datapacks\gstools\data\minecraft\function\cursor\chunk\forceload\1\4\2\1\3\
	    New File  		    1468	seek_depth_5.mcfunction
	  New Dir          1	C:\Users\joshp\curseforge\minecraft\Instances\Alive Dev\saves\Desire Paths\datapacks\gstools\data\minecraft\function\cursor\chunk\forceload\1\4\2\1\4\
	    New File  		    1468	seek_depth_5.mcfunction
	  New Dir          1	C:\Users\joshp\curseforge\minecraft\Instances\Alive Dev\saves\Desire Paths\datapacks\gstools\data\minecraft\function\cursor\chunk\forceload\1\4\2\2\
	    New File  		     765	seek_depth_4.mcfunction
	  New Dir          1	C:\Users\joshp\curseforge\minecraft\Instances\Alive Dev\saves\Desire Paths\datapacks\gstools\data\minecraft\function\cursor\chunk\forceload\1\4\2\2\1\
	    New File  		     742	seek_depth_5.mcfunction
	  New Dir          1	C:\Users\joshp\curseforge\minecraft\Instances\Alive Dev\saves\Desire Paths\datapacks\gstools\data\minecraft\function\cursor\chunk\forceload\1\4\2\2\2\
	    New File  		     379	seek_depth_5.mcfunction
	  New Dir          1	C:\Users\joshp\curseforge\minecraft\Instances\Alive Dev\saves\Desire Paths\datapacks\gstools\data\minecraft\function\cursor\chunk\forceload\1\4\2\2\3\
	    New File  		     742	seek_depth_5.mcfunction
	  New Dir          1	C:\Users\joshp\curseforge\minecraft\Instances\Alive Dev\saves\Desire Paths\datapacks\gstools\data\minecraft\function\cursor\chunk\forceload\1\4\2\2\4\
	    New File  		    1468	seek_depth_5.mcfunction
	  New Dir          1	C:\Users\joshp\curseforge\minecraft\Instances\Alive Dev\saves\Desire Paths\datapacks\gstools\data\minecraft\function\cursor\chunk\forceload\1\4\2\3\
	    New File  		     765	seek_depth_4.mcfunction
	  New Dir          1	C:\Users\joshp\curseforge\minecraft\Instances\Alive Dev\saves\Desire Paths\datapacks\gstools\data\minecraft\function\cursor\chunk\forceload\1\4\2\3\1\
	    New File  		     742	seek_depth_5.mcfunction
	  New Dir          1	C:\Users\joshp\curseforge\minecraft\Instances\Alive Dev\saves\Desire Paths\datapacks\gstools\data\minecraft\function\cursor\chunk\forceload\1\4\2\3\2\
	    New File  		     379	seek_depth_5.mcfunction
	  New Dir          1	C:\Users\joshp\curseforge\minecraft\Instances\Alive Dev\saves\Desire Paths\datapacks\gstools\data\minecraft\function\cursor\chunk\forceload\1\4\2\3\3\
	    New File  		     742	seek_depth_5.mcfunction
	  New Dir          1	C:\Users\joshp\curseforge\minecraft\Instances\Alive Dev\saves\Desire Paths\datapacks\gstools\data\minecraft\function\cursor\chunk\forceload\1\4\2\3\4\
	    New File  		    1468	seek_depth_5.mcfunction
	  New Dir          1	C:\Users\joshp\curseforge\minecraft\Instances\Alive Dev\saves\Desire Paths\datapacks\gstools\data\minecraft\function\cursor\chunk\forceload\1\4\2\4\
	    New File  		     765	seek_depth_4.mcfunction
	  New Dir          1	C:\Users\joshp\curseforge\minecraft\Instances\Alive Dev\saves\Desire Paths\datapacks\gstools\data\minecraft\function\cursor\chunk\forceload\1\4\2\4\1\
	    New File  		     742	seek_depth_5.mcfunction
	  New Dir          1	C:\Users\joshp\curseforge\minecraft\Instances\Alive Dev\saves\Desire Paths\datapacks\gstools\data\minecraft\function\cursor\chunk\forceload\1\4\2\4\2\
	    New File  		     742	seek_depth_5.mcfunction
	  New Dir          1	C:\Users\joshp\curseforge\minecraft\Instances\Alive Dev\saves\Desire Paths\datapacks\gstools\data\minecraft\function\cursor\chunk\forceload\1\4\2\4\3\
	    New File  		    1468	seek_depth_5.mcfunction
	  New Dir          1	C:\Users\joshp\curseforge\minecraft\Instances\Alive Dev\saves\Desire Paths\datapacks\gstools\data\minecraft\function\cursor\chunk\forceload\1\4\2\4\4\
	    New File  		    1468	seek_depth_5.mcfunction
	  New Dir          1	C:\Users\joshp\curseforge\minecraft\Instances\Alive Dev\saves\Desire Paths\datapacks\gstools\data\minecraft\function\cursor\chunk\forceload\1\4\3\
	    New File  		     757	seek_depth_3.mcfunction
	  New Dir          1	C:\Users\joshp\curseforge\minecraft\Instances\Alive Dev\saves\Desire Paths\datapacks\gstools\data\minecraft\function\cursor\chunk\forceload\1\4\3\1\
	    New File  		     765	seek_depth_4.mcfunction
	  New Dir          1	C:\Users\joshp\curseforge\minecraft\Instances\Alive Dev\saves\Desire Paths\datapacks\gstools\data\minecraft\function\cursor\chunk\forceload\1\4\3\1\1\
	    New File  		     742	seek_depth_5.mcfunction
	  New Dir          1	C:\Users\joshp\curseforge\minecraft\Instances\Alive Dev\saves\Desire Paths\datapacks\gstools\data\minecraft\function\cursor\chunk\forceload\1\4\3\1\2\
	    New File  		     742	seek_depth_5.mcfunction
	  New Dir          1	C:\Users\joshp\curseforge\minecraft\Instances\Alive Dev\saves\Desire Paths\datapacks\gstools\data\minecraft\function\cursor\chunk\forceload\1\4\3\1\3\
	    New File  		    1452	seek_depth_5.mcfunction
	  New Dir          1	C:\Users\joshp\curseforge\minecraft\Instances\Alive Dev\saves\Desire Paths\datapacks\gstools\data\minecraft\function\cursor\chunk\forceload\1\4\3\1\4\
	    New File  		    1452	seek_depth_5.mcfunction
	  New Dir          1	C:\Users\joshp\curseforge\minecraft\Instances\Alive Dev\saves\Desire Paths\datapacks\gstools\data\minecraft\function\cursor\chunk\forceload\1\4\3\2\
	    New File  		     765	seek_depth_4.mcfunction
	  New Dir          1	C:\Users\joshp\curseforge\minecraft\Instances\Alive Dev\saves\Desire Paths\datapacks\gstools\data\minecraft\function\cursor\chunk\forceload\1\4\3\2\1\
	    New File  		     742	seek_depth_5.mcfunction
	  New Dir          1	C:\Users\joshp\curseforge\minecraft\Instances\Alive Dev\saves\Desire Paths\datapacks\gstools\data\minecraft\function\cursor\chunk\forceload\1\4\3\2\2\
	    New File  		     379	seek_depth_5.mcfunction
	  New Dir          1	C:\Users\joshp\curseforge\minecraft\Instances\Alive Dev\saves\Desire Paths\datapacks\gstools\data\minecraft\function\cursor\chunk\forceload\1\4\3\2\3\
	    New File  		     734	seek_depth_5.mcfunction
	  New Dir          1	C:\Users\joshp\curseforge\minecraft\Instances\Alive Dev\saves\Desire Paths\datapacks\gstools\data\minecraft\function\cursor\chunk\forceload\1\4\3\2\4\
	    New File  		    1452	seek_depth_5.mcfunction
	  New Dir          1	C:\Users\joshp\curseforge\minecraft\Instances\Alive Dev\saves\Desire Paths\datapacks\gstools\data\minecraft\function\cursor\chunk\forceload\1\4\3\3\
	    New File  		     765	seek_depth_4.mcfunction
	  New Dir          1	C:\Users\joshp\curseforge\minecraft\Instances\Alive Dev\saves\Desire Paths\datapacks\gstools\data\minecraft\function\cursor\chunk\forceload\1\4\3\3\1\
	    New File  		    1452	seek_depth_5.mcfunction
	  New Dir          1	C:\Users\joshp\curseforge\minecraft\Instances\Alive Dev\saves\Desire Paths\datapacks\gstools\data\minecraft\function\cursor\chunk\forceload\1\4\3\3\2\
	    New File  		     734	seek_depth_5.mcfunction
	  New Dir          1	C:\Users\joshp\curseforge\minecraft\Instances\Alive Dev\saves\Desire Paths\datapacks\gstools\data\minecraft\function\cursor\chunk\forceload\1\4\3\3\3\
	    New File  		     734	seek_depth_5.mcfunction
	  New Dir          1	C:\Users\joshp\curseforge\minecraft\Instances\Alive Dev\saves\Desire Paths\datapacks\gstools\data\minecraft\function\cursor\chunk\forceload\1\4\3\3\4\
	    New File  		    1452	seek_depth_5.mcfunction
	  New Dir          1	C:\Users\joshp\curseforge\minecraft\Instances\Alive Dev\saves\Desire Paths\datapacks\gstools\data\minecraft\function\cursor\chunk\forceload\1\4\3\4\
	    New File  		     765	seek_depth_4.mcfunction
	  New Dir          1	C:\Users\joshp\curseforge\minecraft\Instances\Alive Dev\saves\Desire Paths\datapacks\gstools\data\minecraft\function\cursor\chunk\forceload\1\4\3\4\1\
	    New File  		    1452	seek_depth_5.mcfunction
	  New Dir          1	C:\Users\joshp\curseforge\minecraft\Instances\Alive Dev\saves\Desire Paths\datapacks\gstools\data\minecraft\function\cursor\chunk\forceload\1\4\3\4\2\
	    New File  		    1452	seek_depth_5.mcfunction
	  New Dir          1	C:\Users\joshp\curseforge\minecraft\Instances\Alive Dev\saves\Desire Paths\datapacks\gstools\data\minecraft\function\cursor\chunk\forceload\1\4\3\4\3\
	    New File  		    1452	seek_depth_5.mcfunction
	  New Dir          1	C:\Users\joshp\curseforge\minecraft\Instances\Alive Dev\saves\Desire Paths\datapacks\gstools\data\minecraft\function\cursor\chunk\forceload\1\4\3\4\4\
	    New File  		    1452	seek_depth_5.mcfunction
	  New Dir          1	C:\Users\joshp\curseforge\minecraft\Instances\Alive Dev\saves\Desire Paths\datapacks\gstools\data\minecraft\function\cursor\chunk\forceload\1\4\4\
	    New File  		     757	seek_depth_3.mcfunction
	  New Dir          1	C:\Users\joshp\curseforge\minecraft\Instances\Alive Dev\saves\Desire Paths\datapacks\gstools\data\minecraft\function\cursor\chunk\forceload\1\4\4\1\
	    New File  		     765	seek_depth_4.mcfunction
	  New Dir          1	C:\Users\joshp\curseforge\minecraft\Instances\Alive Dev\saves\Desire Paths\datapacks\gstools\data\minecraft\function\cursor\chunk\forceload\1\4\4\1\1\
	    New File  		     742	seek_depth_5.mcfunction
	  New Dir          1	C:\Users\joshp\curseforge\minecraft\Instances\Alive Dev\saves\Desire Paths\datapacks\gstools\data\minecraft\function\cursor\chunk\forceload\1\4\4\1\2\
	    New File  		     742	seek_depth_5.mcfunction
	  New Dir          1	C:\Users\joshp\curseforge\minecraft\Instances\Alive Dev\saves\Desire Paths\datapacks\gstools\data\minecraft\function\cursor\chunk\forceload\1\4\4\1\3\
	    New File  		    1452	seek_depth_5.mcfunction
	  New Dir          1	C:\Users\joshp\curseforge\minecraft\Instances\Alive Dev\saves\Desire Paths\datapacks\gstools\data\minecraft\function\cursor\chunk\forceload\1\4\4\1\4\
	    New File  		    1452	seek_depth_5.mcfunction
	  New Dir          1	C:\Users\joshp\curseforge\minecraft\Instances\Alive Dev\saves\Desire Paths\datapacks\gstools\data\minecraft\function\cursor\chunk\forceload\1\4\4\2\
	    New File  		     765	seek_depth_4.mcfunction
	  New Dir          1	C:\Users\joshp\curseforge\minecraft\Instances\Alive Dev\saves\Desire Paths\datapacks\gstools\data\minecraft\function\cursor\chunk\forceload\1\4\4\2\1\
	    New File  		     742	seek_depth_5.mcfunction
	  New Dir          1	C:\Users\joshp\curseforge\minecraft\Instances\Alive Dev\saves\Desire Paths\datapacks\gstools\data\minecraft\function\cursor\chunk\forceload\1\4\4\2\2\
	    New File  		     379	seek_depth_5.mcfunction
	  New Dir          1	C:\Users\joshp\curseforge\minecraft\Instances\Alive Dev\saves\Desire Paths\datapacks\gstools\data\minecraft\function\cursor\chunk\forceload\1\4\4\2\3\
	    New File  		     734	seek_depth_5.mcfunction
	  New Dir          1	C:\Users\joshp\curseforge\minecraft\Instances\Alive Dev\saves\Desire Paths\datapacks\gstools\data\minecraft\function\cursor\chunk\forceload\1\4\4\2\4\
	    New File  		    1452	seek_depth_5.mcfunction
	  New Dir          1	C:\Users\joshp\curseforge\minecraft\Instances\Alive Dev\saves\Desire Paths\datapacks\gstools\data\minecraft\function\cursor\chunk\forceload\1\4\4\3\
	    New File  		     765	seek_depth_4.mcfunction
	  New Dir          1	C:\Users\joshp\curseforge\minecraft\Instances\Alive Dev\saves\Desire Paths\datapacks\gstools\data\minecraft\function\cursor\chunk\forceload\1\4\4\3\1\
	    New File  		    1452	seek_depth_5.mcfunction
	  New Dir          1	C:\Users\joshp\curseforge\minecraft\Instances\Alive Dev\saves\Desire Paths\datapacks\gstools\data\minecraft\function\cursor\chunk\forceload\1\4\4\3\2\
	    New File  		     734	seek_depth_5.mcfunction
	  New Dir          1	C:\Users\joshp\curseforge\minecraft\Instances\Alive Dev\saves\Desire Paths\datapacks\gstools\data\minecraft\function\cursor\chunk\forceload\1\4\4\3\3\
	    New File  		     734	seek_depth_5.mcfunction
	  New Dir          1	C:\Users\joshp\curseforge\minecraft\Instances\Alive Dev\saves\Desire Paths\datapacks\gstools\data\minecraft\function\cursor\chunk\forceload\1\4\4\3\4\
	    New File  		    1452	seek_depth_5.mcfunction
	  New Dir          1	C:\Users\joshp\curseforge\minecraft\Instances\Alive Dev\saves\Desire Paths\datapacks\gstools\data\minecraft\function\cursor\chunk\forceload\1\4\4\4\
	    New File  		     765	seek_depth_4.mcfunction
	  New Dir          1	C:\Users\joshp\curseforge\minecraft\Instances\Alive Dev\saves\Desire Paths\datapacks\gstools\data\minecraft\function\cursor\chunk\forceload\1\4\4\4\1\
	    New File  		    1452	seek_depth_5.mcfunction
	  New Dir          1	C:\Users\joshp\curseforge\minecraft\Instances\Alive Dev\saves\Desire Paths\datapacks\gstools\data\minecraft\function\cursor\chunk\forceload\1\4\4\4\2\
	    New File  		    1452	seek_depth_5.mcfunction
	  New Dir          1	C:\Users\joshp\curseforge\minecraft\Instances\Alive Dev\saves\Desire Paths\datapacks\gstools\data\minecraft\function\cursor\chunk\forceload\1\4\4\4\3\
	    New File  		    1452	seek_depth_5.mcfunction
	  New Dir          1	C:\Users\joshp\curseforge\minecraft\Instances\Alive Dev\saves\Desire Paths\datapacks\gstools\data\minecraft\function\cursor\chunk\forceload\1\4\4\4\4\
	    New File  		    1452	seek_depth_5.mcfunction
	  New Dir          1	C:\Users\joshp\curseforge\minecraft\Instances\Alive Dev\saves\Desire Paths\datapacks\gstools\data\minecraft\function\cursor\chunk\forceload\2\
	    New File  		     741	seek_depth_1.mcfunction
	  New Dir          1	C:\Users\joshp\curseforge\minecraft\Instances\Alive Dev\saves\Desire Paths\datapacks\gstools\data\minecraft\function\cursor\chunk\forceload\2\1\
	    New File  		     749	seek_depth_2.mcfunction
	  New Dir          1	C:\Users\joshp\curseforge\minecraft\Instances\Alive Dev\saves\Desire Paths\datapacks\gstools\data\minecraft\function\cursor\chunk\forceload\2\1\1\
	    New File  		     757	seek_depth_3.mcfunction
	  New Dir          1	C:\Users\joshp\curseforge\minecraft\Instances\Alive Dev\saves\Desire Paths\datapacks\gstools\data\minecraft\function\cursor\chunk\forceload\2\1\1\1\
	    New File  		     765	seek_depth_4.mcfunction
	  New Dir          1	C:\Users\joshp\curseforge\minecraft\Instances\Alive Dev\saves\Desire Paths\datapacks\gstools\data\minecraft\function\cursor\chunk\forceload\2\1\1\1\1\
	    New File  		     726	seek_depth_5.mcfunction
	  New Dir          1	C:\Users\joshp\curseforge\minecraft\Instances\Alive Dev\saves\Desire Paths\datapacks\gstools\data\minecraft\function\cursor\chunk\forceload\2\1\1\1\2\
	    New File  		     726	seek_depth_5.mcfunction
	  New Dir          1	C:\Users\joshp\curseforge\minecraft\Instances\Alive Dev\saves\Desire Paths\datapacks\gstools\data\minecraft\function\cursor\chunk\forceload\2\1\1\1\3\
	    New File  		    1436	seek_depth_5.mcfunction
	  New Dir          1	C:\Users\joshp\curseforge\minecraft\Instances\Alive Dev\saves\Desire Paths\datapacks\gstools\data\minecraft\function\cursor\chunk\forceload\2\1\1\1\4\
	    New File  		    1436	seek_depth_5.mcfunction
	  New Dir          1	C:\Users\joshp\curseforge\minecraft\Instances\Alive Dev\saves\Desire Paths\datapacks\gstools\data\minecraft\function\cursor\chunk\forceload\2\1\1\2\
	    New File  		     765	seek_depth_4.mcfunction
	  New Dir          1	C:\Users\joshp\curseforge\minecraft\Instances\Alive Dev\saves\Desire Paths\datapacks\gstools\data\minecraft\function\cursor\chunk\forceload\2\1\1\2\1\
	    New File  		     726	seek_depth_5.mcfunction
	  New Dir          1	C:\Users\joshp\curseforge\minecraft\Instances\Alive Dev\saves\Desire Paths\datapacks\gstools\data\minecraft\function\cursor\chunk\forceload\2\1\1\2\2\
	    New File  		     375	seek_depth_5.mcfunction
	  New Dir          1	C:\Users\joshp\curseforge\minecraft\Instances\Alive Dev\saves\Desire Paths\datapacks\gstools\data\minecraft\function\cursor\chunk\forceload\2\1\1\2\3\
	    New File  		     734	seek_depth_5.mcfunction
	  New Dir          1	C:\Users\joshp\curseforge\minecraft\Instances\Alive Dev\saves\Desire Paths\datapacks\gstools\data\minecraft\function\cursor\chunk\forceload\2\1\1\2\4\
	    New File  		    1436	seek_depth_5.mcfunction
	  New Dir          1	C:\Users\joshp\curseforge\minecraft\Instances\Alive Dev\saves\Desire Paths\datapacks\gstools\data\minecraft\function\cursor\chunk\forceload\2\1\1\3\
	    New File  		     765	seek_depth_4.mcfunction
	  New Dir          1	C:\Users\joshp\curseforge\minecraft\Instances\Alive Dev\saves\Desire Paths\datapacks\gstools\data\minecraft\function\cursor\chunk\forceload\2\1\1\3\1\
	    New File  		     726	seek_depth_5.mcfunction
	  New Dir          1	C:\Users\joshp\curseforge\minecraft\Instances\Alive Dev\saves\Desire Paths\datapacks\gstools\data\minecraft\function\cursor\chunk\forceload\2\1\1\3\2\
	    New File  		     375	seek_depth_5.mcfunction
	  New Dir          1	C:\Users\joshp\curseforge\minecraft\Instances\Alive Dev\saves\Desire Paths\datapacks\gstools\data\minecraft\function\cursor\chunk\forceload\2\1\1\3\3\
	    New File  		     734	seek_depth_5.mcfunction
	  New Dir          1	C:\Users\joshp\curseforge\minecraft\Instances\Alive Dev\saves\Desire Paths\datapacks\gstools\data\minecraft\function\cursor\chunk\forceload\2\1\1\3\4\
	    New File  		    1436	seek_depth_5.mcfunction
	  New Dir          1	C:\Users\joshp\curseforge\minecraft\Instances\Alive Dev\saves\Desire Paths\datapacks\gstools\data\minecraft\function\cursor\chunk\forceload\2\1\1\4\
	    New File  		     765	seek_depth_4.mcfunction
	  New Dir          1	C:\Users\joshp\curseforge\minecraft\Instances\Alive Dev\saves\Desire Paths\datapacks\gstools\data\minecraft\function\cursor\chunk\forceload\2\1\1\4\1\
	    New File  		     726	seek_depth_5.mcfunction
	  New Dir          1	C:\Users\joshp\curseforge\minecraft\Instances\Alive Dev\saves\Desire Paths\datapacks\gstools\data\minecraft\function\cursor\chunk\forceload\2\1\1\4\2\
	    New File  		     726	seek_depth_5.mcfunction
	  New Dir          1	C:\Users\joshp\curseforge\minecraft\Instances\Alive Dev\saves\Desire Paths\datapacks\gstools\data\minecraft\function\cursor\chunk\forceload\2\1\1\4\3\
	    New File  		    1436	seek_depth_5.mcfunction
	  New Dir          1	C:\Users\joshp\curseforge\minecraft\Instances\Alive Dev\saves\Desire Paths\datapacks\gstools\data\minecraft\function\cursor\chunk\forceload\2\1\1\4\4\
	    New File  		    1436	seek_depth_5.mcfunction
	  New Dir          1	C:\Users\joshp\curseforge\minecraft\Instances\Alive Dev\saves\Desire Paths\datapacks\gstools\data\minecraft\function\cursor\chunk\forceload\2\1\2\
	    New File  		     757	seek_depth_3.mcfunction
	  New Dir          1	C:\Users\joshp\curseforge\minecraft\Instances\Alive Dev\saves\Desire Paths\datapacks\gstools\data\minecraft\function\cursor\chunk\forceload\2\1\2\1\
	    New File  		     765	seek_depth_4.mcfunction
	  New Dir          1	C:\Users\joshp\curseforge\minecraft\Instances\Alive Dev\saves\Desire Paths\datapacks\gstools\data\minecraft\function\cursor\chunk\forceload\2\1\2\1\1\
	    New File  		     734	seek_depth_5.mcfunction
	  New Dir          1	C:\Users\joshp\curseforge\minecraft\Instances\Alive Dev\saves\Desire Paths\datapacks\gstools\data\minecraft\function\cursor\chunk\forceload\2\1\2\1\2\
	    New File  		     375	seek_depth_5.mcfunction
	  New Dir          1	C:\Users\joshp\curseforge\minecraft\Instances\Alive Dev\saves\Desire Paths\datapacks\gstools\data\minecraft\function\cursor\chunk\forceload\2\1\2\1\3\
	    New File  		     734	seek_depth_5.mcfunction
	  New Dir          1	C:\Users\joshp\curseforge\minecraft\Instances\Alive Dev\saves\Desire Paths\datapacks\gstools\data\minecraft\function\cursor\chunk\forceload\2\1\2\1\4\
	    New File  		    1452	seek_depth_5.mcfunction
	  New Dir          1	C:\Users\joshp\curseforge\minecraft\Instances\Alive Dev\saves\Desire Paths\datapacks\gstools\data\minecraft\function\cursor\chunk\forceload\2\1\2\2\
	    New File  		     765	seek_depth_4.mcfunction
	  New Dir          1	C:\Users\joshp\curseforge\minecraft\Instances\Alive Dev\saves\Desire Paths\datapacks\gstools\data\minecraft\function\cursor\chunk\forceload\2\1\2\2\1\
	    New File  		     734	seek_depth_5.mcfunction
	  New Dir          1	C:\Users\joshp\curseforge\minecraft\Instances\Alive Dev\saves\Desire Paths\datapacks\gstools\data\minecraft\function\cursor\chunk\forceload\2\1\2\2\2\
	    New File  		     375	seek_depth_5.mcfunction
	  New Dir          1	C:\Users\joshp\curseforge\minecraft\Instances\Alive Dev\saves\Desire Paths\datapacks\gstools\data\minecraft\function\cursor\chunk\forceload\2\1\2\2\3\
	    New File  		     734	seek_depth_5.mcfunction
	  New Dir          1	C:\Users\joshp\curseforge\minecraft\Instances\Alive Dev\saves\Desire Paths\datapacks\gstools\data\minecraft\function\cursor\chunk\forceload\2\1\2\2\4\
	    New File  		    1452	seek_depth_5.mcfunction
	  New Dir          1	C:\Users\joshp\curseforge\minecraft\Instances\Alive Dev\saves\Desire Paths\datapacks\gstools\data\minecraft\function\cursor\chunk\forceload\2\1\2\3\
	    New File  		     765	seek_depth_4.mcfunction
	  New Dir          1	C:\Users\joshp\curseforge\minecraft\Instances\Alive Dev\saves\Desire Paths\datapacks\gstools\data\minecraft\function\cursor\chunk\forceload\2\1\2\3\1\
	    New File  		     734	seek_depth_5.mcfunction
	  New Dir          1	C:\Users\joshp\curseforge\minecraft\Instances\Alive Dev\saves\Desire Paths\datapacks\gstools\data\minecraft\function\cursor\chunk\forceload\2\1\2\3\2\
	    New File  		     375	seek_depth_5.mcfunction
	  New Dir          1	C:\Users\joshp\curseforge\minecraft\Instances\Alive Dev\saves\Desire Paths\datapacks\gstools\data\minecraft\function\cursor\chunk\forceload\2\1\2\3\3\
	    New File  		     734	seek_depth_5.mcfunction
	  New Dir          1	C:\Users\joshp\curseforge\minecraft\Instances\Alive Dev\saves\Desire Paths\datapacks\gstools\data\minecraft\function\cursor\chunk\forceload\2\1\2\3\4\
	    New File  		    1452	seek_depth_5.mcfunction
	  New Dir          1	C:\Users\joshp\curseforge\minecraft\Instances\Alive Dev\saves\Desire Paths\datapacks\gstools\data\minecraft\function\cursor\chunk\forceload\2\1\2\4\
	    New File  		     765	seek_depth_4.mcfunction
	  New Dir          1	C:\Users\joshp\curseforge\minecraft\Instances\Alive Dev\saves\Desire Paths\datapacks\gstools\data\minecraft\function\cursor\chunk\forceload\2\1\2\4\1\
	    New File  		     734	seek_depth_5.mcfunction
	  New Dir          1	C:\Users\joshp\curseforge\minecraft\Instances\Alive Dev\saves\Desire Paths\datapacks\gstools\data\minecraft\function\cursor\chunk\forceload\2\1\2\4\2\
	    New File  		     375	seek_depth_5.mcfunction
	  New Dir          1	C:\Users\joshp\curseforge\minecraft\Instances\Alive Dev\saves\Desire Paths\datapacks\gstools\data\minecraft\function\cursor\chunk\forceload\2\1\2\4\3\
	    New File  		     734	seek_depth_5.mcfunction
	  New Dir          1	C:\Users\joshp\curseforge\minecraft\Instances\Alive Dev\saves\Desire Paths\datapacks\gstools\data\minecraft\function\cursor\chunk\forceload\2\1\2\4\4\
	    New File  		    1452	seek_depth_5.mcfunction
	  New Dir          1	C:\Users\joshp\curseforge\minecraft\Instances\Alive Dev\saves\Desire Paths\datapacks\gstools\data\minecraft\function\cursor\chunk\forceload\2\1\3\
	    New File  		     757	seek_depth_3.mcfunction
	  New Dir          1	C:\Users\joshp\curseforge\minecraft\Instances\Alive Dev\saves\Desire Paths\datapacks\gstools\data\minecraft\function\cursor\chunk\forceload\2\1\3\1\
	    New File  		     765	seek_depth_4.mcfunction
	  New Dir          1	C:\Users\joshp\curseforge\minecraft\Instances\Alive Dev\saves\Desire Paths\datapacks\gstools\data\minecraft\function\cursor\chunk\forceload\2\1\3\1\1\
	    New File  		     734	seek_depth_5.mcfunction
	  New Dir          1	C:\Users\joshp\curseforge\minecraft\Instances\Alive Dev\saves\Desire Paths\datapacks\gstools\data\minecraft\function\cursor\chunk\forceload\2\1\3\1\2\
	    New File  		     375	seek_depth_5.mcfunction
	  New Dir          1	C:\Users\joshp\curseforge\minecraft\Instances\Alive Dev\saves\Desire Paths\datapacks\gstools\data\minecraft\function\cursor\chunk\forceload\2\1\3\1\3\
	    New File  		     734	seek_depth_5.mcfunction
	  New Dir          1	C:\Users\joshp\curseforge\minecraft\Instances\Alive Dev\saves\Desire Paths\datapacks\gstools\data\minecraft\function\cursor\chunk\forceload\2\1\3\1\4\
	    New File  		    1452	seek_depth_5.mcfunction
	  New Dir          1	C:\Users\joshp\curseforge\minecraft\Instances\Alive Dev\saves\Desire Paths\datapacks\gstools\data\minecraft\function\cursor\chunk\forceload\2\1\3\2\
	    New File  		     765	seek_depth_4.mcfunction
	  New Dir          1	C:\Users\joshp\curseforge\minecraft\Instances\Alive Dev\saves\Desire Paths\datapacks\gstools\data\minecraft\function\cursor\chunk\forceload\2\1\3\2\1\
	    New File  		     734	seek_depth_5.mcfunction
	  New Dir          1	C:\Users\joshp\curseforge\minecraft\Instances\Alive Dev\saves\Desire Paths\datapacks\gstools\data\minecraft\function\cursor\chunk\forceload\2\1\3\2\2\
	    New File  		     375	seek_depth_5.mcfunction
	  New Dir          1	C:\Users\joshp\curseforge\minecraft\Instances\Alive Dev\saves\Desire Paths\datapacks\gstools\data\minecraft\function\cursor\chunk\forceload\2\1\3\2\3\
	    New File  		     734	seek_depth_5.mcfunction
	  New Dir          1	C:\Users\joshp\curseforge\minecraft\Instances\Alive Dev\saves\Desire Paths\datapacks\gstools\data\minecraft\function\cursor\chunk\forceload\2\1\3\2\4\
	    New File  		    1452	seek_depth_5.mcfunction
	  New Dir          1	C:\Users\joshp\curseforge\minecraft\Instances\Alive Dev\saves\Desire Paths\datapacks\gstools\data\minecraft\function\cursor\chunk\forceload\2\1\3\3\
	    New File  		     765	seek_depth_4.mcfunction
	  New Dir          1	C:\Users\joshp\curseforge\minecraft\Instances\Alive Dev\saves\Desire Paths\datapacks\gstools\data\minecraft\function\cursor\chunk\forceload\2\1\3\3\1\
	    New File  		    1452	seek_depth_5.mcfunction
	  New Dir          1	C:\Users\joshp\curseforge\minecraft\Instances\Alive Dev\saves\Desire Paths\datapacks\gstools\data\minecraft\function\cursor\chunk\forceload\2\1\3\3\2\
	    New File  		     734	seek_depth_5.mcfunction
	  New Dir          1	C:\Users\joshp\curseforge\minecraft\Instances\Alive Dev\saves\Desire Paths\datapacks\gstools\data\minecraft\function\cursor\chunk\forceload\2\1\3\3\3\
	    New File  		     734	seek_depth_5.mcfunction
	  New Dir          1	C:\Users\joshp\curseforge\minecraft\Instances\Alive Dev\saves\Desire Paths\datapacks\gstools\data\minecraft\function\cursor\chunk\forceload\2\1\3\3\4\
	    New File  		    1452	seek_depth_5.mcfunction
	  New Dir          1	C:\Users\joshp\curseforge\minecraft\Instances\Alive Dev\saves\Desire Paths\datapacks\gstools\data\minecraft\function\cursor\chunk\forceload\2\1\3\4\
	    New File  		     765	seek_depth_4.mcfunction
	  New Dir          1	C:\Users\joshp\curseforge\minecraft\Instances\Alive Dev\saves\Desire Paths\datapacks\gstools\data\minecraft\function\cursor\chunk\forceload\2\1\3\4\1\
	    New File  		    1452	seek_depth_5.mcfunction
	  New Dir          1	C:\Users\joshp\curseforge\minecraft\Instances\Alive Dev\saves\Desire Paths\datapacks\gstools\data\minecraft\function\cursor\chunk\forceload\2\1\3\4\2\
	    New File  		     734	seek_depth_5.mcfunction
	  New Dir          1	C:\Users\joshp\curseforge\minecraft\Instances\Alive Dev\saves\Desire Paths\datapacks\gstools\data\minecraft\function\cursor\chunk\forceload\2\1\3\4\3\
	    New File  		     734	seek_depth_5.mcfunction
	  New Dir          1	C:\Users\joshp\curseforge\minecraft\Instances\Alive Dev\saves\Desire Paths\datapacks\gstools\data\minecraft\function\cursor\chunk\forceload\2\1\3\4\4\
	    New File  		    1452	seek_depth_5.mcfunction
	  New Dir          1	C:\Users\joshp\curseforge\minecraft\Instances\Alive Dev\saves\Desire Paths\datapacks\gstools\data\minecraft\function\cursor\chunk\forceload\2\1\4\
	    New File  		     757	seek_depth_3.mcfunction
	  New Dir          1	C:\Users\joshp\curseforge\minecraft\Instances\Alive Dev\saves\Desire Paths\datapacks\gstools\data\minecraft\function\cursor\chunk\forceload\2\1\4\1\
	    New File  		     765	seek_depth_4.mcfunction
	  New Dir          1	C:\Users\joshp\curseforge\minecraft\Instances\Alive Dev\saves\Desire Paths\datapacks\gstools\data\minecraft\function\cursor\chunk\forceload\2\1\4\1\1\
	    New File  		     726	seek_depth_5.mcfunction
	  New Dir          1	C:\Users\joshp\curseforge\minecraft\Instances\Alive Dev\saves\Desire Paths\datapacks\gstools\data\minecraft\function\cursor\chunk\forceload\2\1\4\1\2\
	    New File  		     726	seek_depth_5.mcfunction
	  New Dir          1	C:\Users\joshp\curseforge\minecraft\Instances\Alive Dev\saves\Desire Paths\datapacks\gstools\data\minecraft\function\cursor\chunk\forceload\2\1\4\1\3\
	    New File  		    1436	seek_depth_5.mcfunction
	  New Dir          1	C:\Users\joshp\curseforge\minecraft\Instances\Alive Dev\saves\Desire Paths\datapacks\gstools\data\minecraft\function\cursor\chunk\forceload\2\1\4\1\4\
	    New File  		    1436	seek_depth_5.mcfunction
	  New Dir          1	C:\Users\joshp\curseforge\minecraft\Instances\Alive Dev\saves\Desire Paths\datapacks\gstools\data\minecraft\function\cursor\chunk\forceload\2\1\4\2\
	    New File  		     765	seek_depth_4.mcfunction
	  New Dir          1	C:\Users\joshp\curseforge\minecraft\Instances\Alive Dev\saves\Desire Paths\datapacks\gstools\data\minecraft\function\cursor\chunk\forceload\2\1\4\2\1\
	    New File  		     726	seek_depth_5.mcfunction
	  New Dir          1	C:\Users\joshp\curseforge\minecraft\Instances\Alive Dev\saves\Desire Paths\datapacks\gstools\data\minecraft\function\cursor\chunk\forceload\2\1\4\2\2\
	    New File  		     375	seek_depth_5.mcfunction
	  New Dir          1	C:\Users\joshp\curseforge\minecraft\Instances\Alive Dev\saves\Desire Paths\datapacks\gstools\data\minecraft\function\cursor\chunk\forceload\2\1\4\2\3\
	    New File  		     734	seek_depth_5.mcfunction
	  New Dir          1	C:\Users\joshp\curseforge\minecraft\Instances\Alive Dev\saves\Desire Paths\datapacks\gstools\data\minecraft\function\cursor\chunk\forceload\2\1\4\2\4\
	    New File  		    1436	seek_depth_5.mcfunction
	  New Dir          1	C:\Users\joshp\curseforge\minecraft\Instances\Alive Dev\saves\Desire Paths\datapacks\gstools\data\minecraft\function\cursor\chunk\forceload\2\1\4\3\
	    New File  		     765	seek_depth_4.mcfunction
	  New Dir          1	C:\Users\joshp\curseforge\minecraft\Instances\Alive Dev\saves\Desire Paths\datapacks\gstools\data\minecraft\function\cursor\chunk\forceload\2\1\4\3\1\
	    New File  		    1436	seek_depth_5.mcfunction
	  New Dir          1	C:\Users\joshp\curseforge\minecraft\Instances\Alive Dev\saves\Desire Paths\datapacks\gstools\data\minecraft\function\cursor\chunk\forceload\2\1\4\3\2\
	    New File  		     734	seek_depth_5.mcfunction
	  New Dir          1	C:\Users\joshp\curseforge\minecraft\Instances\Alive Dev\saves\Desire Paths\datapacks\gstools\data\minecraft\function\cursor\chunk\forceload\2\1\4\3\3\
	    New File  		     734	seek_depth_5.mcfunction
	  New Dir          1	C:\Users\joshp\curseforge\minecraft\Instances\Alive Dev\saves\Desire Paths\datapacks\gstools\data\minecraft\function\cursor\chunk\forceload\2\1\4\3\4\
	    New File  		    1436	seek_depth_5.mcfunction
	  New Dir          1	C:\Users\joshp\curseforge\minecraft\Instances\Alive Dev\saves\Desire Paths\datapacks\gstools\data\minecraft\function\cursor\chunk\forceload\2\1\4\4\
	    New File  		     765	seek_depth_4.mcfunction
	  New Dir          1	C:\Users\joshp\curseforge\minecraft\Instances\Alive Dev\saves\Desire Paths\datapacks\gstools\data\minecraft\function\cursor\chunk\forceload\2\1\4\4\1\
	    New File  		    1436	seek_depth_5.mcfunction
	  New Dir          1	C:\Users\joshp\curseforge\minecraft\Instances\Alive Dev\saves\Desire Paths\datapacks\gstools\data\minecraft\function\cursor\chunk\forceload\2\1\4\4\2\
	    New File  		    1436	seek_depth_5.mcfunction
	  New Dir          1	C:\Users\joshp\curseforge\minecraft\Instances\Alive Dev\saves\Desire Paths\datapacks\gstools\data\minecraft\function\cursor\chunk\forceload\2\1\4\4\3\
	    New File  		    1436	seek_depth_5.mcfunction
	  New Dir          1	C:\Users\joshp\curseforge\minecraft\Instances\Alive Dev\saves\Desire Paths\datapacks\gstools\data\minecraft\function\cursor\chunk\forceload\2\1\4\4\4\
	    New File  		    1436	seek_depth_5.mcfunction
	  New Dir          1	C:\Users\joshp\curseforge\minecraft\Instances\Alive Dev\saves\Desire Paths\datapacks\gstools\data\minecraft\function\cursor\chunk\forceload\2\2\
	    New File  		     749	seek_depth_2.mcfunction
	  New Dir          1	C:\Users\joshp\curseforge\minecraft\Instances\Alive Dev\saves\Desire Paths\datapacks\gstools\data\minecraft\function\cursor\chunk\forceload\2\2\1\
	    New File  		     757	seek_depth_3.mcfunction
	  New Dir          1	C:\Users\joshp\curseforge\minecraft\Instances\Alive Dev\saves\Desire Paths\datapacks\gstools\data\minecraft\function\cursor\chunk\forceload\2\2\1\1\
	    New File  		     765	seek_depth_4.mcfunction
	  New Dir          1	C:\Users\joshp\curseforge\minecraft\Instances\Alive Dev\saves\Desire Paths\datapacks\gstools\data\minecraft\function\cursor\chunk\forceload\2\2\1\1\1\
	    New File  		     734	seek_depth_5.mcfunction
	  New Dir          1	C:\Users\joshp\curseforge\minecraft\Instances\Alive Dev\saves\Desire Paths\datapacks\gstools\data\minecraft\function\cursor\chunk\forceload\2\2\1\1\2\
	    New File  		     734	seek_depth_5.mcfunction
	  New Dir          1	C:\Users\joshp\curseforge\minecraft\Instances\Alive Dev\saves\Desire Paths\datapacks\gstools\data\minecraft\function\cursor\chunk\forceload\2\2\1\1\3\
	    New File  		    1452	seek_depth_5.mcfunction
	  New Dir          1	C:\Users\joshp\curseforge\minecraft\Instances\Alive Dev\saves\Desire Paths\datapacks\gstools\data\minecraft\function\cursor\chunk\forceload\2\2\1\1\4\
	    New File  		    1452	seek_depth_5.mcfunction
	  New Dir          1	C:\Users\joshp\curseforge\minecraft\Instances\Alive Dev\saves\Desire Paths\datapacks\gstools\data\minecraft\function\cursor\chunk\forceload\2\2\1\2\
	    New File  		     765	seek_depth_4.mcfunction
	  New Dir          1	C:\Users\joshp\curseforge\minecraft\Instances\Alive Dev\saves\Desire Paths\datapacks\gstools\data\minecraft\function\cursor\chunk\forceload\2\2\1\2\1\
	    New File  		     734	seek_depth_5.mcfunction
	  New Dir          1	C:\Users\joshp\curseforge\minecraft\Instances\Alive Dev\saves\Desire Paths\datapacks\gstools\data\minecraft\function\cursor\chunk\forceload\2\2\1\2\2\
	    New File  		     375	seek_depth_5.mcfunction
	  New Dir          1	C:\Users\joshp\curseforge\minecraft\Instances\Alive Dev\saves\Desire Paths\datapacks\gstools\data\minecraft\function\cursor\chunk\forceload\2\2\1\2\3\
	    New File  		     734	seek_depth_5.mcfunction
	  New Dir          1	C:\Users\joshp\curseforge\minecraft\Instances\Alive Dev\saves\Desire Paths\datapacks\gstools\data\minecraft\function\cursor\chunk\forceload\2\2\1\2\4\
	    New File  		    1452	seek_depth_5.mcfunction
	  New Dir          1	C:\Users\joshp\curseforge\minecraft\Instances\Alive Dev\saves\Desire Paths\datapacks\gstools\data\minecraft\function\cursor\chunk\forceload\2\2\1\3\
	    New File  		     765	seek_depth_4.mcfunction
	  New Dir          1	C:\Users\joshp\curseforge\minecraft\Instances\Alive Dev\saves\Desire Paths\datapacks\gstools\data\minecraft\function\cursor\chunk\forceload\2\2\1\3\1\
	    New File  		     734	seek_depth_5.mcfunction
	  New Dir          1	C:\Users\joshp\curseforge\minecraft\Instances\Alive Dev\saves\Desire Paths\datapacks\gstools\data\minecraft\function\cursor\chunk\forceload\2\2\1\3\2\
	    New File  		     375	seek_depth_5.mcfunction
	  New Dir          1	C:\Users\joshp\curseforge\minecraft\Instances\Alive Dev\saves\Desire Paths\datapacks\gstools\data\minecraft\function\cursor\chunk\forceload\2\2\1\3\3\
	    New File  		     734	seek_depth_5.mcfunction
	  New Dir          1	C:\Users\joshp\curseforge\minecraft\Instances\Alive Dev\saves\Desire Paths\datapacks\gstools\data\minecraft\function\cursor\chunk\forceload\2\2\1\3\4\
	    New File  		    1452	seek_depth_5.mcfunction
	  New Dir          1	C:\Users\joshp\curseforge\minecraft\Instances\Alive Dev\saves\Desire Paths\datapacks\gstools\data\minecraft\function\cursor\chunk\forceload\2\2\1\4\
	    New File  		     765	seek_depth_4.mcfunction
	  New Dir          1	C:\Users\joshp\curseforge\minecraft\Instances\Alive Dev\saves\Desire Paths\datapacks\gstools\data\minecraft\function\cursor\chunk\forceload\2\2\1\4\1\
	    New File  		     734	seek_depth_5.mcfunction
	  New Dir          1	C:\Users\joshp\curseforge\minecraft\Instances\Alive Dev\saves\Desire Paths\datapacks\gstools\data\minecraft\function\cursor\chunk\forceload\2\2\1\4\2\
	    New File  		     734	seek_depth_5.mcfunction
	  New Dir          1	C:\Users\joshp\curseforge\minecraft\Instances\Alive Dev\saves\Desire Paths\datapacks\gstools\data\minecraft\function\cursor\chunk\forceload\2\2\1\4\3\
	    New File  		    1452	seek_depth_5.mcfunction
	  New Dir          1	C:\Users\joshp\curseforge\minecraft\Instances\Alive Dev\saves\Desire Paths\datapacks\gstools\data\minecraft\function\cursor\chunk\forceload\2\2\1\4\4\
	    New File  		    1452	seek_depth_5.mcfunction
	  New Dir          1	C:\Users\joshp\curseforge\minecraft\Instances\Alive Dev\saves\Desire Paths\datapacks\gstools\data\minecraft\function\cursor\chunk\forceload\2\2\2\
	    New File  		     757	seek_depth_3.mcfunction
	  New Dir          1	C:\Users\joshp\curseforge\minecraft\Instances\Alive Dev\saves\Desire Paths\datapacks\gstools\data\minecraft\function\cursor\chunk\forceload\2\2\2\1\
	    New File  		     765	seek_depth_4.mcfunction
	  New Dir          1	C:\Users\joshp\curseforge\minecraft\Instances\Alive Dev\saves\Desire Paths\datapacks\gstools\data\minecraft\function\cursor\chunk\forceload\2\2\2\1\1\
	    New File  		     734	seek_depth_5.mcfunction
	  New Dir          1	C:\Users\joshp\curseforge\minecraft\Instances\Alive Dev\saves\Desire Paths\datapacks\gstools\data\minecraft\function\cursor\chunk\forceload\2\2\2\1\2\
	    New File  		     375	seek_depth_5.mcfunction
	  New Dir          1	C:\Users\joshp\curseforge\minecraft\Instances\Alive Dev\saves\Desire Paths\datapacks\gstools\data\minecraft\function\cursor\chunk\forceload\2\2\2\1\3\
	    New File  		     734	seek_depth_5.mcfunction
	  New Dir          1	C:\Users\joshp\curseforge\minecraft\Instances\Alive Dev\saves\Desire Paths\datapacks\gstools\data\minecraft\function\cursor\chunk\forceload\2\2\2\1\4\
	    New File  		    1452	seek_depth_5.mcfunction
	  New Dir          1	C:\Users\joshp\curseforge\minecraft\Instances\Alive Dev\saves\Desire Paths\datapacks\gstools\data\minecraft\function\cursor\chunk\forceload\2\2\2\2\
	    New File  		     765	seek_depth_4.mcfunction
	  New Dir          1	C:\Users\joshp\curseforge\minecraft\Instances\Alive Dev\saves\Desire Paths\datapacks\gstools\data\minecraft\function\cursor\chunk\forceload\2\2\2\2\1\
	    New File  		     734	seek_depth_5.mcfunction
	  New Dir          1	C:\Users\joshp\curseforge\minecraft\Instances\Alive Dev\saves\Desire Paths\datapacks\gstools\data\minecraft\function\cursor\chunk\forceload\2\2\2\2\2\
	    New File  		     375	seek_depth_5.mcfunction
	  New Dir          1	C:\Users\joshp\curseforge\minecraft\Instances\Alive Dev\saves\Desire Paths\datapacks\gstools\data\minecraft\function\cursor\chunk\forceload\2\2\2\2\3\
	    New File  		     734	seek_depth_5.mcfunction
	  New Dir          1	C:\Users\joshp\curseforge\minecraft\Instances\Alive Dev\saves\Desire Paths\datapacks\gstools\data\minecraft\function\cursor\chunk\forceload\2\2\2\2\4\
	    New File  		    1452	seek_depth_5.mcfunction
	  New Dir          1	C:\Users\joshp\curseforge\minecraft\Instances\Alive Dev\saves\Desire Paths\datapacks\gstools\data\minecraft\function\cursor\chunk\forceload\2\2\2\3\
	    New File  		     765	seek_depth_4.mcfunction
	  New Dir          1	C:\Users\joshp\curseforge\minecraft\Instances\Alive Dev\saves\Desire Paths\datapacks\gstools\data\minecraft\function\cursor\chunk\forceload\2\2\2\3\1\
	    New File  		     734	seek_depth_5.mcfunction
	  New Dir          1	C:\Users\joshp\curseforge\minecraft\Instances\Alive Dev\saves\Desire Paths\datapacks\gstools\data\minecraft\function\cursor\chunk\forceload\2\2\2\3\2\
	    New File  		     375	seek_depth_5.mcfunction
	  New Dir          1	C:\Users\joshp\curseforge\minecraft\Instances\Alive Dev\saves\Desire Paths\datapacks\gstools\data\minecraft\function\cursor\chunk\forceload\2\2\2\3\3\
	    New File  		     734	seek_depth_5.mcfunction
	  New Dir          1	C:\Users\joshp\curseforge\minecraft\Instances\Alive Dev\saves\Desire Paths\datapacks\gstools\data\minecraft\function\cursor\chunk\forceload\2\2\2\3\4\
	    New File  		    1452	seek_depth_5.mcfunction
	  New Dir          1	C:\Users\joshp\curseforge\minecraft\Instances\Alive Dev\saves\Desire Paths\datapacks\gstools\data\minecraft\function\cursor\chunk\forceload\2\2\2\4\
	    New File  		     765	seek_depth_4.mcfunction
	  New Dir          1	C:\Users\joshp\curseforge\minecraft\Instances\Alive Dev\saves\Desire Paths\datapacks\gstools\data\minecraft\function\cursor\chunk\forceload\2\2\2\4\1\
	    New File  		     734	seek_depth_5.mcfunction
	  New Dir          1	C:\Users\joshp\curseforge\minecraft\Instances\Alive Dev\saves\Desire Paths\datapacks\gstools\data\minecraft\function\cursor\chunk\forceload\2\2\2\4\2\
	    New File  		     375	seek_depth_5.mcfunction
	  New Dir          1	C:\Users\joshp\curseforge\minecraft\Instances\Alive Dev\saves\Desire Paths\datapacks\gstools\data\minecraft\function\cursor\chunk\forceload\2\2\2\4\3\
	    New File  		     734	seek_depth_5.mcfunction
	  New Dir          1	C:\Users\joshp\curseforge\minecraft\Instances\Alive Dev\saves\Desire Paths\datapacks\gstools\data\minecraft\function\cursor\chunk\forceload\2\2\2\4\4\
	    New File  		    1452	seek_depth_5.mcfunction
	  New Dir          1	C:\Users\joshp\curseforge\minecraft\Instances\Alive Dev\saves\Desire Paths\datapacks\gstools\data\minecraft\function\cursor\chunk\forceload\2\2\3\
	    New File  		     757	seek_depth_3.mcfunction
	  New Dir          1	C:\Users\joshp\curseforge\minecraft\Instances\Alive Dev\saves\Desire Paths\datapacks\gstools\data\minecraft\function\cursor\chunk\forceload\2\2\3\1\
	    New File  		     765	seek_depth_4.mcfunction
	  New Dir          1	C:\Users\joshp\curseforge\minecraft\Instances\Alive Dev\saves\Desire Paths\datapacks\gstools\data\minecraft\function\cursor\chunk\forceload\2\2\3\1\1\
	    New File  		     734	seek_depth_5.mcfunction
	  New Dir          1	C:\Users\joshp\curseforge\minecraft\Instances\Alive Dev\saves\Desire Paths\datapacks\gstools\data\minecraft\function\cursor\chunk\forceload\2\2\3\1\2\
	    New File  		     375	seek_depth_5.mcfunction
	  New Dir          1	C:\Users\joshp\curseforge\minecraft\Instances\Alive Dev\saves\Desire Paths\datapacks\gstools\data\minecraft\function\cursor\chunk\forceload\2\2\3\1\3\
	    New File  		     734	seek_depth_5.mcfunction
	  New Dir          1	C:\Users\joshp\curseforge\minecraft\Instances\Alive Dev\saves\Desire Paths\datapacks\gstools\data\minecraft\function\cursor\chunk\forceload\2\2\3\1\4\
	    New File  		    1452	seek_depth_5.mcfunction
	  New Dir          1	C:\Users\joshp\curseforge\minecraft\Instances\Alive Dev\saves\Desire Paths\datapacks\gstools\data\minecraft\function\cursor\chunk\forceload\2\2\3\2\
	    New File  		     765	seek_depth_4.mcfunction
	  New Dir          1	C:\Users\joshp\curseforge\minecraft\Instances\Alive Dev\saves\Desire Paths\datapacks\gstools\data\minecraft\function\cursor\chunk\forceload\2\2\3\2\1\
	    New File  		     734	seek_depth_5.mcfunction
	  New Dir          1	C:\Users\joshp\curseforge\minecraft\Instances\Alive Dev\saves\Desire Paths\datapacks\gstools\data\minecraft\function\cursor\chunk\forceload\2\2\3\2\2\
	    New File  		     375	seek_depth_5.mcfunction
	  New Dir          1	C:\Users\joshp\curseforge\minecraft\Instances\Alive Dev\saves\Desire Paths\datapacks\gstools\data\minecraft\function\cursor\chunk\forceload\2\2\3\2\3\
	    New File  		     734	seek_depth_5.mcfunction
	  New Dir          1	C:\Users\joshp\curseforge\minecraft\Instances\Alive Dev\saves\Desire Paths\datapacks\gstools\data\minecraft\function\cursor\chunk\forceload\2\2\3\2\4\
	    New File  		    1452	seek_depth_5.mcfunction
	  New Dir          1	C:\Users\joshp\curseforge\minecraft\Instances\Alive Dev\saves\Desire Paths\datapacks\gstools\data\minecraft\function\cursor\chunk\forceload\2\2\3\3\
	    New File  		     765	seek_depth_4.mcfunction
	  New Dir          1	C:\Users\joshp\curseforge\minecraft\Instances\Alive Dev\saves\Desire Paths\datapacks\gstools\data\minecraft\function\cursor\chunk\forceload\2\2\3\3\1\
	    New File  		    1452	seek_depth_5.mcfunction
	  New Dir          1	C:\Users\joshp\curseforge\minecraft\Instances\Alive Dev\saves\Desire Paths\datapacks\gstools\data\minecraft\function\cursor\chunk\forceload\2\2\3\3\2\
	    New File  		     734	seek_depth_5.mcfunction
	  New Dir          1	C:\Users\joshp\curseforge\minecraft\Instances\Alive Dev\saves\Desire Paths\datapacks\gstools\data\minecraft\function\cursor\chunk\forceload\2\2\3\3\3\
	    New File  		     734	seek_depth_5.mcfunction
	  New Dir          1	C:\Users\joshp\curseforge\minecraft\Instances\Alive Dev\saves\Desire Paths\datapacks\gstools\data\minecraft\function\cursor\chunk\forceload\2\2\3\3\4\
	    New File  		    1452	seek_depth_5.mcfunction
	  New Dir          1	C:\Users\joshp\curseforge\minecraft\Instances\Alive Dev\saves\Desire Paths\datapacks\gstools\data\minecraft\function\cursor\chunk\forceload\2\2\3\4\
	    New File  		     765	seek_depth_4.mcfunction
	  New Dir          1	C:\Users\joshp\curseforge\minecraft\Instances\Alive Dev\saves\Desire Paths\datapacks\gstools\data\minecraft\function\cursor\chunk\forceload\2\2\3\4\1\
	    New File  		    1452	seek_depth_5.mcfunction
	  New Dir          1	C:\Users\joshp\curseforge\minecraft\Instances\Alive Dev\saves\Desire Paths\datapacks\gstools\data\minecraft\function\cursor\chunk\forceload\2\2\3\4\2\
	    New File  		     734	seek_depth_5.mcfunction
	  New Dir          1	C:\Users\joshp\curseforge\minecraft\Instances\Alive Dev\saves\Desire Paths\datapacks\gstools\data\minecraft\function\cursor\chunk\forceload\2\2\3\4\3\
	    New File  		     734	seek_depth_5.mcfunction
	  New Dir          1	C:\Users\joshp\curseforge\minecraft\Instances\Alive Dev\saves\Desire Paths\datapacks\gstools\data\minecraft\function\cursor\chunk\forceload\2\2\3\4\4\
	    New File  		    1452	seek_depth_5.mcfunction
	  New Dir          1	C:\Users\joshp\curseforge\minecraft\Instances\Alive Dev\saves\Desire Paths\datapacks\gstools\data\minecraft\function\cursor\chunk\forceload\2\2\4\
	    New File  		     757	seek_depth_3.mcfunction
	  New Dir          1	C:\Users\joshp\curseforge\minecraft\Instances\Alive Dev\saves\Desire Paths\datapacks\gstools\data\minecraft\function\cursor\chunk\forceload\2\2\4\1\
	    New File  		     765	seek_depth_4.mcfunction
	  New Dir          1	C:\Users\joshp\curseforge\minecraft\Instances\Alive Dev\saves\Desire Paths\datapacks\gstools\data\minecraft\function\cursor\chunk\forceload\2\2\4\1\1\
	    New File  		     734	seek_depth_5.mcfunction
	  New Dir          1	C:\Users\joshp\curseforge\minecraft\Instances\Alive Dev\saves\Desire Paths\datapacks\gstools\data\minecraft\function\cursor\chunk\forceload\2\2\4\1\2\
	    New File  		     734	seek_depth_5.mcfunction
	  New Dir          1	C:\Users\joshp\curseforge\minecraft\Instances\Alive Dev\saves\Desire Paths\datapacks\gstools\data\minecraft\function\cursor\chunk\forceload\2\2\4\1\3\
	    New File  		    1452	seek_depth_5.mcfunction
	  New Dir          1	C:\Users\joshp\curseforge\minecraft\Instances\Alive Dev\saves\Desire Paths\datapacks\gstools\data\minecraft\function\cursor\chunk\forceload\2\2\4\1\4\
	    New File  		    1452	seek_depth_5.mcfunction
	  New Dir          1	C:\Users\joshp\curseforge\minecraft\Instances\Alive Dev\saves\Desire Paths\datapacks\gstools\data\minecraft\function\cursor\chunk\forceload\2\2\4\2\
	    New File  		     765	seek_depth_4.mcfunction
	  New Dir          1	C:\Users\joshp\curseforge\minecraft\Instances\Alive Dev\saves\Desire Paths\datapacks\gstools\data\minecraft\function\cursor\chunk\forceload\2\2\4\2\1\
	    New File  		     734	seek_depth_5.mcfunction
	  New Dir          1	C:\Users\joshp\curseforge\minecraft\Instances\Alive Dev\saves\Desire Paths\datapacks\gstools\data\minecraft\function\cursor\chunk\forceload\2\2\4\2\2\
	    New File  		     375	seek_depth_5.mcfunction
	  New Dir          1	C:\Users\joshp\curseforge\minecraft\Instances\Alive Dev\saves\Desire Paths\datapacks\gstools\data\minecraft\function\cursor\chunk\forceload\2\2\4\2\3\
	    New File  		     734	seek_depth_5.mcfunction
	  New Dir          1	C:\Users\joshp\curseforge\minecraft\Instances\Alive Dev\saves\Desire Paths\datapacks\gstools\data\minecraft\function\cursor\chunk\forceload\2\2\4\2\4\
	    New File  		    1452	seek_depth_5.mcfunction
	  New Dir          1	C:\Users\joshp\curseforge\minecraft\Instances\Alive Dev\saves\Desire Paths\datapacks\gstools\data\minecraft\function\cursor\chunk\forceload\2\2\4\3\
	    New File  		     765	seek_depth_4.mcfunction
	  New Dir          1	C:\Users\joshp\curseforge\minecraft\Instances\Alive Dev\saves\Desire Paths\datapacks\gstools\data\minecraft\function\cursor\chunk\forceload\2\2\4\3\1\
	    New File  		    1452	seek_depth_5.mcfunction
	  New Dir          1	C:\Users\joshp\curseforge\minecraft\Instances\Alive Dev\saves\Desire Paths\datapacks\gstools\data\minecraft\function\cursor\chunk\forceload\2\2\4\3\2\
	    New File  		     734	seek_depth_5.mcfunction
	  New Dir          1	C:\Users\joshp\curseforge\minecraft\Instances\Alive Dev\saves\Desire Paths\datapacks\gstools\data\minecraft\function\cursor\chunk\forceload\2\2\4\3\3\
	    New File  		     734	seek_depth_5.mcfunction
	  New Dir          1	C:\Users\joshp\curseforge\minecraft\Instances\Alive Dev\saves\Desire Paths\datapacks\gstools\data\minecraft\function\cursor\chunk\forceload\2\2\4\3\4\
	    New File  		    1452	seek_depth_5.mcfunction
	  New Dir          1	C:\Users\joshp\curseforge\minecraft\Instances\Alive Dev\saves\Desire Paths\datapacks\gstools\data\minecraft\function\cursor\chunk\forceload\2\2\4\4\
	    New File  		     765	seek_depth_4.mcfunction
	  New Dir          1	C:\Users\joshp\curseforge\minecraft\Instances\Alive Dev\saves\Desire Paths\datapacks\gstools\data\minecraft\function\cursor\chunk\forceload\2\2\4\4\1\
	    New File  		    1452	seek_depth_5.mcfunction
	  New Dir          1	C:\Users\joshp\curseforge\minecraft\Instances\Alive Dev\saves\Desire Paths\datapacks\gstools\data\minecraft\function\cursor\chunk\forceload\2\2\4\4\2\
	    New File  		    1452	seek_depth_5.mcfunction
	  New Dir          1	C:\Users\joshp\curseforge\minecraft\Instances\Alive Dev\saves\Desire Paths\datapacks\gstools\data\minecraft\function\cursor\chunk\forceload\2\2\4\4\3\
	    New File  		    1452	seek_depth_5.mcfunction
	  New Dir          1	C:\Users\joshp\curseforge\minecraft\Instances\Alive Dev\saves\Desire Paths\datapacks\gstools\data\minecraft\function\cursor\chunk\forceload\2\2\4\4\4\
	    New File  		    1452	seek_depth_5.mcfunction
	  New Dir          1	C:\Users\joshp\curseforge\minecraft\Instances\Alive Dev\saves\Desire Paths\datapacks\gstools\data\minecraft\function\cursor\chunk\forceload\2\3\
	    New File  		     749	seek_depth_2.mcfunction
	  New Dir          1	C:\Users\joshp\curseforge\minecraft\Instances\Alive Dev\saves\Desire Paths\datapacks\gstools\data\minecraft\function\cursor\chunk\forceload\2\3\1\
	    New File  		     757	seek_depth_3.mcfunction
	  New Dir          1	C:\Users\joshp\curseforge\minecraft\Instances\Alive Dev\saves\Desire Paths\datapacks\gstools\data\minecraft\function\cursor\chunk\forceload\2\3\1\1\
	    New File  		     765	seek_depth_4.mcfunction
	  New Dir          1	C:\Users\joshp\curseforge\minecraft\Instances\Alive Dev\saves\Desire Paths\datapacks\gstools\data\minecraft\function\cursor\chunk\forceload\2\3\1\1\1\
	    New File  		     734	seek_depth_5.mcfunction
	  New Dir          1	C:\Users\joshp\curseforge\minecraft\Instances\Alive Dev\saves\Desire Paths\datapacks\gstools\data\minecraft\function\cursor\chunk\forceload\2\3\1\1\2\
	    New File  		     734	seek_depth_5.mcfunction
	  New Dir          1	C:\Users\joshp\curseforge\minecraft\Instances\Alive Dev\saves\Desire Paths\datapacks\gstools\data\minecraft\function\cursor\chunk\forceload\2\3\1\1\3\
	    New File  		    1452	seek_depth_5.mcfunction
	  New Dir          1	C:\Users\joshp\curseforge\minecraft\Instances\Alive Dev\saves\Desire Paths\datapacks\gstools\data\minecraft\function\cursor\chunk\forceload\2\3\1\1\4\
	    New File  		    1452	seek_depth_5.mcfunction
	  New Dir          1	C:\Users\joshp\curseforge\minecraft\Instances\Alive Dev\saves\Desire Paths\datapacks\gstools\data\minecraft\function\cursor\chunk\forceload\2\3\1\2\
	    New File  		     765	seek_depth_4.mcfunction
	  New Dir          1	C:\Users\joshp\curseforge\minecraft\Instances\Alive Dev\saves\Desire Paths\datapacks\gstools\data\minecraft\function\cursor\chunk\forceload\2\3\1\2\1\
	    New File  		     734	seek_depth_5.mcfunction
	  New Dir          1	C:\Users\joshp\curseforge\minecraft\Instances\Alive Dev\saves\Desire Paths\datapacks\gstools\data\minecraft\function\cursor\chunk\forceload\2\3\1\2\2\
	    New File  		     375	seek_depth_5.mcfunction
	  New Dir          1	C:\Users\joshp\curseforge\minecraft\Instances\Alive Dev\saves\Desire Paths\datapacks\gstools\data\minecraft\function\cursor\chunk\forceload\2\3\1\2\3\
	    New File  		     734	seek_depth_5.mcfunction
	  New Dir          1	C:\Users\joshp\curseforge\minecraft\Instances\Alive Dev\saves\Desire Paths\datapacks\gstools\data\minecraft\function\cursor\chunk\forceload\2\3\1\2\4\
	    New File  		    1452	seek_depth_5.mcfunction
	  New Dir          1	C:\Users\joshp\curseforge\minecraft\Instances\Alive Dev\saves\Desire Paths\datapacks\gstools\data\minecraft\function\cursor\chunk\forceload\2\3\1\3\
	    New File  		     765	seek_depth_4.mcfunction
	  New Dir          1	C:\Users\joshp\curseforge\minecraft\Instances\Alive Dev\saves\Desire Paths\datapacks\gstools\data\minecraft\function\cursor\chunk\forceload\2\3\1\3\1\
	    New File  		     734	seek_depth_5.mcfunction
	  New Dir          1	C:\Users\joshp\curseforge\minecraft\Instances\Alive Dev\saves\Desire Paths\datapacks\gstools\data\minecraft\function\cursor\chunk\forceload\2\3\1\3\2\
	    New File  		     375	seek_depth_5.mcfunction
	  New Dir          1	C:\Users\joshp\curseforge\minecraft\Instances\Alive Dev\saves\Desire Paths\datapacks\gstools\data\minecraft\function\cursor\chunk\forceload\2\3\1\3\3\
	    New File  		     734	seek_depth_5.mcfunction
	  New Dir          1	C:\Users\joshp\curseforge\minecraft\Instances\Alive Dev\saves\Desire Paths\datapacks\gstools\data\minecraft\function\cursor\chunk\forceload\2\3\1\3\4\
	    New File  		    1452	seek_depth_5.mcfunction
	  New Dir          1	C:\Users\joshp\curseforge\minecraft\Instances\Alive Dev\saves\Desire Paths\datapacks\gstools\data\minecraft\function\cursor\chunk\forceload\2\3\1\4\
	    New File  		     765	seek_depth_4.mcfunction
	  New Dir          1	C:\Users\joshp\curseforge\minecraft\Instances\Alive Dev\saves\Desire Paths\datapacks\gstools\data\minecraft\function\cursor\chunk\forceload\2\3\1\4\1\
	    New File  		     734	seek_depth_5.mcfunction
	  New Dir          1	C:\Users\joshp\curseforge\minecraft\Instances\Alive Dev\saves\Desire Paths\datapacks\gstools\data\minecraft\function\cursor\chunk\forceload\2\3\1\4\2\
	    New File  		     734	seek_depth_5.mcfunction
	  New Dir          1	C:\Users\joshp\curseforge\minecraft\Instances\Alive Dev\saves\Desire Paths\datapacks\gstools\data\minecraft\function\cursor\chunk\forceload\2\3\1\4\3\
	    New File  		    1452	seek_depth_5.mcfunction
	  New Dir          1	C:\Users\joshp\curseforge\minecraft\Instances\Alive Dev\saves\Desire Paths\datapacks\gstools\data\minecraft\function\cursor\chunk\forceload\2\3\1\4\4\
	    New File  		    1452	seek_depth_5.mcfunction
	  New Dir          1	C:\Users\joshp\curseforge\minecraft\Instances\Alive Dev\saves\Desire Paths\datapacks\gstools\data\minecraft\function\cursor\chunk\forceload\2\3\2\
	    New File  		     757	seek_depth_3.mcfunction
	  New Dir          1	C:\Users\joshp\curseforge\minecraft\Instances\Alive Dev\saves\Desire Paths\datapacks\gstools\data\minecraft\function\cursor\chunk\forceload\2\3\2\1\
	    New File  		     765	seek_depth_4.mcfunction
	  New Dir          1	C:\Users\joshp\curseforge\minecraft\Instances\Alive Dev\saves\Desire Paths\datapacks\gstools\data\minecraft\function\cursor\chunk\forceload\2\3\2\1\1\
	    New File  		     734	seek_depth_5.mcfunction
	  New Dir          1	C:\Users\joshp\curseforge\minecraft\Instances\Alive Dev\saves\Desire Paths\datapacks\gstools\data\minecraft\function\cursor\chunk\forceload\2\3\2\1\2\
	    New File  		     375	seek_depth_5.mcfunction
	  New Dir          1	C:\Users\joshp\curseforge\minecraft\Instances\Alive Dev\saves\Desire Paths\datapacks\gstools\data\minecraft\function\cursor\chunk\forceload\2\3\2\1\3\
	    New File  		     734	seek_depth_5.mcfunction
	  New Dir          1	C:\Users\joshp\curseforge\minecraft\Instances\Alive Dev\saves\Desire Paths\datapacks\gstools\data\minecraft\function\cursor\chunk\forceload\2\3\2\1\4\
	    New File  		    1452	seek_depth_5.mcfunction
	  New Dir          1	C:\Users\joshp\curseforge\minecraft\Instances\Alive Dev\saves\Desire Paths\datapacks\gstools\data\minecraft\function\cursor\chunk\forceload\2\3\2\2\
	    New File  		     765	seek_depth_4.mcfunction
	  New Dir          1	C:\Users\joshp\curseforge\minecraft\Instances\Alive Dev\saves\Desire Paths\datapacks\gstools\data\minecraft\function\cursor\chunk\forceload\2\3\2\2\1\
	    New File  		     734	seek_depth_5.mcfunction
	  New Dir          1	C:\Users\joshp\curseforge\minecraft\Instances\Alive Dev\saves\Desire Paths\datapacks\gstools\data\minecraft\function\cursor\chunk\forceload\2\3\2\2\2\
	    New File  		     375	seek_depth_5.mcfunction
	  New Dir          1	C:\Users\joshp\curseforge\minecraft\Instances\Alive Dev\saves\Desire Paths\datapacks\gstools\data\minecraft\function\cursor\chunk\forceload\2\3\2\2\3\
	    New File  		     734	seek_depth_5.mcfunction
	  New Dir          1	C:\Users\joshp\curseforge\minecraft\Instances\Alive Dev\saves\Desire Paths\datapacks\gstools\data\minecraft\function\cursor\chunk\forceload\2\3\2\2\4\
	    New File  		    1452	seek_depth_5.mcfunction
	  New Dir          1	C:\Users\joshp\curseforge\minecraft\Instances\Alive Dev\saves\Desire Paths\datapacks\gstools\data\minecraft\function\cursor\chunk\forceload\2\3\2\3\
	    New File  		     765	seek_depth_4.mcfunction
	  New Dir          1	C:\Users\joshp\curseforge\minecraft\Instances\Alive Dev\saves\Desire Paths\datapacks\gstools\data\minecraft\function\cursor\chunk\forceload\2\3\2\3\1\
	    New File  		     734	seek_depth_5.mcfunction
	  New Dir          1	C:\Users\joshp\curseforge\minecraft\Instances\Alive Dev\saves\Desire Paths\datapacks\gstools\data\minecraft\function\cursor\chunk\forceload\2\3\2\3\2\
	    New File  		     375	seek_depth_5.mcfunction
	  New Dir          1	C:\Users\joshp\curseforge\minecraft\Instances\Alive Dev\saves\Desire Paths\datapacks\gstools\data\minecraft\function\cursor\chunk\forceload\2\3\2\3\3\
	    New File  		     734	seek_depth_5.mcfunction
	  New Dir          1	C:\Users\joshp\curseforge\minecraft\Instances\Alive Dev\saves\Desire Paths\datapacks\gstools\data\minecraft\function\cursor\chunk\forceload\2\3\2\3\4\
	    New File  		    1452	seek_depth_5.mcfunction
	  New Dir          1	C:\Users\joshp\curseforge\minecraft\Instances\Alive Dev\saves\Desire Paths\datapacks\gstools\data\minecraft\function\cursor\chunk\forceload\2\3\2\4\
	    New File  		     765	seek_depth_4.mcfunction
	  New Dir          1	C:\Users\joshp\curseforge\minecraft\Instances\Alive Dev\saves\Desire Paths\datapacks\gstools\data\minecraft\function\cursor\chunk\forceload\2\3\2\4\1\
	    New File  		     734	seek_depth_5.mcfunction
	  New Dir          1	C:\Users\joshp\curseforge\minecraft\Instances\Alive Dev\saves\Desire Paths\datapacks\gstools\data\minecraft\function\cursor\chunk\forceload\2\3\2\4\2\
	    New File  		     375	seek_depth_5.mcfunction
	  New Dir          1	C:\Users\joshp\curseforge\minecraft\Instances\Alive Dev\saves\Desire Paths\datapacks\gstools\data\minecraft\function\cursor\chunk\forceload\2\3\2\4\3\
	    New File  		     734	seek_depth_5.mcfunction
	  New Dir          1	C:\Users\joshp\curseforge\minecraft\Instances\Alive Dev\saves\Desire Paths\datapacks\gstools\data\minecraft\function\cursor\chunk\forceload\2\3\2\4\4\
	    New File  		    1452	seek_depth_5.mcfunction
	  New Dir          1	C:\Users\joshp\curseforge\minecraft\Instances\Alive Dev\saves\Desire Paths\datapacks\gstools\data\minecraft\function\cursor\chunk\forceload\2\3\3\
	    New File  		     757	seek_depth_3.mcfunction
	  New Dir          1	C:\Users\joshp\curseforge\minecraft\Instances\Alive Dev\saves\Desire Paths\datapacks\gstools\data\minecraft\function\cursor\chunk\forceload\2\3\3\1\
	    New File  		     765	seek_depth_4.mcfunction
	  New Dir          1	C:\Users\joshp\curseforge\minecraft\Instances\Alive Dev\saves\Desire Paths\datapacks\gstools\data\minecraft\function\cursor\chunk\forceload\2\3\3\1\1\
	    New File  		     734	seek_depth_5.mcfunction
	  New Dir          1	C:\Users\joshp\curseforge\minecraft\Instances\Alive Dev\saves\Desire Paths\datapacks\gstools\data\minecraft\function\cursor\chunk\forceload\2\3\3\1\2\
	    New File  		     375	seek_depth_5.mcfunction
	  New Dir          1	C:\Users\joshp\curseforge\minecraft\Instances\Alive Dev\saves\Desire Paths\datapacks\gstools\data\minecraft\function\cursor\chunk\forceload\2\3\3\1\3\
	    New File  		     726	seek_depth_5.mcfunction
	  New Dir          1	C:\Users\joshp\curseforge\minecraft\Instances\Alive Dev\saves\Desire Paths\datapacks\gstools\data\minecraft\function\cursor\chunk\forceload\2\3\3\1\4\
	    New File  		    1436	seek_depth_5.mcfunction
	  New Dir          1	C:\Users\joshp\curseforge\minecraft\Instances\Alive Dev\saves\Desire Paths\datapacks\gstools\data\minecraft\function\cursor\chunk\forceload\2\3\3\2\
	    New File  		     765	seek_depth_4.mcfunction
	  New Dir          1	C:\Users\joshp\curseforge\minecraft\Instances\Alive Dev\saves\Desire Paths\datapacks\gstools\data\minecraft\function\cursor\chunk\forceload\2\3\3\2\1\
	    New File  		     734	seek_depth_5.mcfunction
	  New Dir          1	C:\Users\joshp\curseforge\minecraft\Instances\Alive Dev\saves\Desire Paths\datapacks\gstools\data\minecraft\function\cursor\chunk\forceload\2\3\3\2\2\
	    New File  		     375	seek_depth_5.mcfunction
	  New Dir          1	C:\Users\joshp\curseforge\minecraft\Instances\Alive Dev\saves\Desire Paths\datapacks\gstools\data\minecraft\function\cursor\chunk\forceload\2\3\3\2\3\
	    New File  		     726	seek_depth_5.mcfunction
	  New Dir          1	C:\Users\joshp\curseforge\minecraft\Instances\Alive Dev\saves\Desire Paths\datapacks\gstools\data\minecraft\function\cursor\chunk\forceload\2\3\3\2\4\
	    New File  		    1436	seek_depth_5.mcfunction
	  New Dir          1	C:\Users\joshp\curseforge\minecraft\Instances\Alive Dev\saves\Desire Paths\datapacks\gstools\data\minecraft\function\cursor\chunk\forceload\2\3\3\3\
	    New File  		     765	seek_depth_4.mcfunction
	  New Dir          1	C:\Users\joshp\curseforge\minecraft\Instances\Alive Dev\saves\Desire Paths\datapacks\gstools\data\minecraft\function\cursor\chunk\forceload\2\3\3\3\1\
	    New File  		    1436	seek_depth_5.mcfunction
	  New Dir          1	C:\Users\joshp\curseforge\minecraft\Instances\Alive Dev\saves\Desire Paths\datapacks\gstools\data\minecraft\function\cursor\chunk\forceload\2\3\3\3\2\
	    New File  		     726	seek_depth_5.mcfunction
	  New Dir          1	C:\Users\joshp\curseforge\minecraft\Instances\Alive Dev\saves\Desire Paths\datapacks\gstools\data\minecraft\function\cursor\chunk\forceload\2\3\3\3\3\
	    New File  		     726	seek_depth_5.mcfunction
	  New Dir          1	C:\Users\joshp\curseforge\minecraft\Instances\Alive Dev\saves\Desire Paths\datapacks\gstools\data\minecraft\function\cursor\chunk\forceload\2\3\3\3\4\
	    New File  		    1436	seek_depth_5.mcfunction
	  New Dir          1	C:\Users\joshp\curseforge\minecraft\Instances\Alive Dev\saves\Desire Paths\datapacks\gstools\data\minecraft\function\cursor\chunk\forceload\2\3\3\4\
	    New File  		     765	seek_depth_4.mcfunction
	  New Dir          1	C:\Users\joshp\curseforge\minecraft\Instances\Alive Dev\saves\Desire Paths\datapacks\gstools\data\minecraft\function\cursor\chunk\forceload\2\3\3\4\1\
	    New File  		    1436	seek_depth_5.mcfunction
	  New Dir          1	C:\Users\joshp\curseforge\minecraft\Instances\Alive Dev\saves\Desire Paths\datapacks\gstools\data\minecraft\function\cursor\chunk\forceload\2\3\3\4\2\
	    New File  		     726	seek_depth_5.mcfunction
	  New Dir          1	C:\Users\joshp\curseforge\minecraft\Instances\Alive Dev\saves\Desire Paths\datapacks\gstools\data\minecraft\function\cursor\chunk\forceload\2\3\3\4\3\
	    New File  		     726	seek_depth_5.mcfunction
	  New Dir          1	C:\Users\joshp\curseforge\minecraft\Instances\Alive Dev\saves\Desire Paths\datapacks\gstools\data\minecraft\function\cursor\chunk\forceload\2\3\3\4\4\
	    New File  		    1436	seek_depth_5.mcfunction
	  New Dir          1	C:\Users\joshp\curseforge\minecraft\Instances\Alive Dev\saves\Desire Paths\datapacks\gstools\data\minecraft\function\cursor\chunk\forceload\2\3\4\
	    New File  		     757	seek_depth_3.mcfunction
	  New Dir          1	C:\Users\joshp\curseforge\minecraft\Instances\Alive Dev\saves\Desire Paths\datapacks\gstools\data\minecraft\function\cursor\chunk\forceload\2\3\4\1\
	    New File  		     765	seek_depth_4.mcfunction
	  New Dir          1	C:\Users\joshp\curseforge\minecraft\Instances\Alive Dev\saves\Desire Paths\datapacks\gstools\data\minecraft\function\cursor\chunk\forceload\2\3\4\1\1\
	    New File  		     734	seek_depth_5.mcfunction
	  New Dir          1	C:\Users\joshp\curseforge\minecraft\Instances\Alive Dev\saves\Desire Paths\datapacks\gstools\data\minecraft\function\cursor\chunk\forceload\2\3\4\1\2\
	    New File  		     734	seek_depth_5.mcfunction
	  New Dir          1	C:\Users\joshp\curseforge\minecraft\Instances\Alive Dev\saves\Desire Paths\datapacks\gstools\data\minecraft\function\cursor\chunk\forceload\2\3\4\1\3\
	    New File  		    1436	seek_depth_5.mcfunction
	  New Dir          1	C:\Users\joshp\curseforge\minecraft\Instances\Alive Dev\saves\Desire Paths\datapacks\gstools\data\minecraft\function\cursor\chunk\forceload\2\3\4\1\4\
	    New File  		    1436	seek_depth_5.mcfunction
	  New Dir          1	C:\Users\joshp\curseforge\minecraft\Instances\Alive Dev\saves\Desire Paths\datapacks\gstools\data\minecraft\function\cursor\chunk\forceload\2\3\4\2\
	    New File  		     765	seek_depth_4.mcfunction
	  New Dir          1	C:\Users\joshp\curseforge\minecraft\Instances\Alive Dev\saves\Desire Paths\datapacks\gstools\data\minecraft\function\cursor\chunk\forceload\2\3\4\2\1\
	    New File  		     734	seek_depth_5.mcfunction
	  New Dir          1	C:\Users\joshp\curseforge\minecraft\Instances\Alive Dev\saves\Desire Paths\datapacks\gstools\data\minecraft\function\cursor\chunk\forceload\2\3\4\2\2\
	    New File  		     375	seek_depth_5.mcfunction
	  New Dir          1	C:\Users\joshp\curseforge\minecraft\Instances\Alive Dev\saves\Desire Paths\datapacks\gstools\data\minecraft\function\cursor\chunk\forceload\2\3\4\2\3\
	    New File  		     726	seek_depth_5.mcfunction
	  New Dir          1	C:\Users\joshp\curseforge\minecraft\Instances\Alive Dev\saves\Desire Paths\datapacks\gstools\data\minecraft\function\cursor\chunk\forceload\2\3\4\2\4\
	    New File  		    1436	seek_depth_5.mcfunction
	  New Dir          1	C:\Users\joshp\curseforge\minecraft\Instances\Alive Dev\saves\Desire Paths\datapacks\gstools\data\minecraft\function\cursor\chunk\forceload\2\3\4\3\
	    New File  		     765	seek_depth_4.mcfunction
	  New Dir          1	C:\Users\joshp\curseforge\minecraft\Instances\Alive Dev\saves\Desire Paths\datapacks\gstools\data\minecraft\function\cursor\chunk\forceload\2\3\4\3\1\
	    New File  		    1436	seek_depth_5.mcfunction
	  New Dir          1	C:\Users\joshp\curseforge\minecraft\Instances\Alive Dev\saves\Desire Paths\datapacks\gstools\data\minecraft\function\cursor\chunk\forceload\2\3\4\3\2\
	    New File  		     726	seek_depth_5.mcfunction
	  New Dir          1	C:\Users\joshp\curseforge\minecraft\Instances\Alive Dev\saves\Desire Paths\datapacks\gstools\data\minecraft\function\cursor\chunk\forceload\2\3\4\3\3\
	    New File  		     726	seek_depth_5.mcfunction
	  New Dir          1	C:\Users\joshp\curseforge\minecraft\Instances\Alive Dev\saves\Desire Paths\datapacks\gstools\data\minecraft\function\cursor\chunk\forceload\2\3\4\3\4\
	    New File  		    1436	seek_depth_5.mcfunction
	  New Dir          1	C:\Users\joshp\curseforge\minecraft\Instances\Alive Dev\saves\Desire Paths\datapacks\gstools\data\minecraft\function\cursor\chunk\forceload\2\3\4\4\
	    New File  		     765	seek_depth_4.mcfunction
	  New Dir          1	C:\Users\joshp\curseforge\minecraft\Instances\Alive Dev\saves\Desire Paths\datapacks\gstools\data\minecraft\function\cursor\chunk\forceload\2\3\4\4\1\
	    New File  		    1436	seek_depth_5.mcfunction
	  New Dir          1	C:\Users\joshp\curseforge\minecraft\Instances\Alive Dev\saves\Desire Paths\datapacks\gstools\data\minecraft\function\cursor\chunk\forceload\2\3\4\4\2\
	    New File  		    1436	seek_depth_5.mcfunction
	  New Dir          1	C:\Users\joshp\curseforge\minecraft\Instances\Alive Dev\saves\Desire Paths\datapacks\gstools\data\minecraft\function\cursor\chunk\forceload\2\3\4\4\3\
	    New File  		    1436	seek_depth_5.mcfunction
	  New Dir          1	C:\Users\joshp\curseforge\minecraft\Instances\Alive Dev\saves\Desire Paths\datapacks\gstools\data\minecraft\function\cursor\chunk\forceload\2\3\4\4\4\
	    New File  		    1436	seek_depth_5.mcfunction
	  New Dir          1	C:\Users\joshp\curseforge\minecraft\Instances\Alive Dev\saves\Desire Paths\datapacks\gstools\data\minecraft\function\cursor\chunk\forceload\2\4\
	    New File  		     749	seek_depth_2.mcfunction
	  New Dir          1	C:\Users\joshp\curseforge\minecraft\Instances\Alive Dev\saves\Desire Paths\datapacks\gstools\data\minecraft\function\cursor\chunk\forceload\2\4\1\
	    New File  		     757	seek_depth_3.mcfunction
	  New Dir          1	C:\Users\joshp\curseforge\minecraft\Instances\Alive Dev\saves\Desire Paths\datapacks\gstools\data\minecraft\function\cursor\chunk\forceload\2\4\1\1\
	    New File  		     765	seek_depth_4.mcfunction
	  New Dir          1	C:\Users\joshp\curseforge\minecraft\Instances\Alive Dev\saves\Desire Paths\datapacks\gstools\data\minecraft\function\cursor\chunk\forceload\2\4\1\1\1\
	    New File  		     726	seek_depth_5.mcfunction
	  New Dir          1	C:\Users\joshp\curseforge\minecraft\Instances\Alive Dev\saves\Desire Paths\datapacks\gstools\data\minecraft\function\cursor\chunk\forceload\2\4\1\1\2\
	    New File  		     726	seek_depth_5.mcfunction
	  New Dir          1	C:\Users\joshp\curseforge\minecraft\Instances\Alive Dev\saves\Desire Paths\datapacks\gstools\data\minecraft\function\cursor\chunk\forceload\2\4\1\1\3\
	    New File  		    1436	seek_depth_5.mcfunction
	  New Dir          1	C:\Users\joshp\curseforge\minecraft\Instances\Alive Dev\saves\Desire Paths\datapacks\gstools\data\minecraft\function\cursor\chunk\forceload\2\4\1\1\4\
	    New File  		    1436	seek_depth_5.mcfunction
	  New Dir          1	C:\Users\joshp\curseforge\minecraft\Instances\Alive Dev\saves\Desire Paths\datapacks\gstools\data\minecraft\function\cursor\chunk\forceload\2\4\1\2\
	    New File  		     765	seek_depth_4.mcfunction
	  New Dir          1	C:\Users\joshp\curseforge\minecraft\Instances\Alive Dev\saves\Desire Paths\datapacks\gstools\data\minecraft\function\cursor\chunk\forceload\2\4\1\2\1\
	    New File  		     726	seek_depth_5.mcfunction
	  New Dir          1	C:\Users\joshp\curseforge\minecraft\Instances\Alive Dev\saves\Desire Paths\datapacks\gstools\data\minecraft\function\cursor\chunk\forceload\2\4\1\2\2\
	    New File  		     375	seek_depth_5.mcfunction
	  New Dir          1	C:\Users\joshp\curseforge\minecraft\Instances\Alive Dev\saves\Desire Paths\datapacks\gstools\data\minecraft\function\cursor\chunk\forceload\2\4\1\2\3\
	    New File  		     734	seek_depth_5.mcfunction
	  New Dir          1	C:\Users\joshp\curseforge\minecraft\Instances\Alive Dev\saves\Desire Paths\datapacks\gstools\data\minecraft\function\cursor\chunk\forceload\2\4\1\2\4\
	    New File  		    1436	seek_depth_5.mcfunction
	  New Dir          1	C:\Users\joshp\curseforge\minecraft\Instances\Alive Dev\saves\Desire Paths\datapacks\gstools\data\minecraft\function\cursor\chunk\forceload\2\4\1\3\
	    New File  		     765	seek_depth_4.mcfunction
	  New Dir          1	C:\Users\joshp\curseforge\minecraft\Instances\Alive Dev\saves\Desire Paths\datapacks\gstools\data\minecraft\function\cursor\chunk\forceload\2\4\1\3\1\
	    New File  		     726	seek_depth_5.mcfunction
	  New Dir          1	C:\Users\joshp\curseforge\minecraft\Instances\Alive Dev\saves\Desire Paths\datapacks\gstools\data\minecraft\function\cursor\chunk\forceload\2\4\1\3\2\
	    New File  		     375	seek_depth_5.mcfunction
	  New Dir          1	C:\Users\joshp\curseforge\minecraft\Instances\Alive Dev\saves\Desire Paths\datapacks\gstools\data\minecraft\function\cursor\chunk\forceload\2\4\1\3\3\
	    New File  		     734	seek_depth_5.mcfunction
	  New Dir          1	C:\Users\joshp\curseforge\minecraft\Instances\Alive Dev\saves\Desire Paths\datapacks\gstools\data\minecraft\function\cursor\chunk\forceload\2\4\1\3\4\
	    New File  		    1436	seek_depth_5.mcfunction
	  New Dir          1	C:\Users\joshp\curseforge\minecraft\Instances\Alive Dev\saves\Desire Paths\datapacks\gstools\data\minecraft\function\cursor\chunk\forceload\2\4\1\4\
	    New File  		     765	seek_depth_4.mcfunction
	  New Dir          1	C:\Users\joshp\curseforge\minecraft\Instances\Alive Dev\saves\Desire Paths\datapacks\gstools\data\minecraft\function\cursor\chunk\forceload\2\4\1\4\1\
	    New File  		     726	seek_depth_5.mcfunction
	  New Dir          1	C:\Users\joshp\curseforge\minecraft\Instances\Alive Dev\saves\Desire Paths\datapacks\gstools\data\minecraft\function\cursor\chunk\forceload\2\4\1\4\2\
	    New File  		     726	seek_depth_5.mcfunction
	  New Dir          1	C:\Users\joshp\curseforge\minecraft\Instances\Alive Dev\saves\Desire Paths\datapacks\gstools\data\minecraft\function\cursor\chunk\forceload\2\4\1\4\3\
	    New File  		    1436	seek_depth_5.mcfunction
	  New Dir          1	C:\Users\joshp\curseforge\minecraft\Instances\Alive Dev\saves\Desire Paths\datapacks\gstools\data\minecraft\function\cursor\chunk\forceload\2\4\1\4\4\
	    New File  		    1436	seek_depth_5.mcfunction
	  New Dir          1	C:\Users\joshp\curseforge\minecraft\Instances\Alive Dev\saves\Desire Paths\datapacks\gstools\data\minecraft\function\cursor\chunk\forceload\2\4\2\
	    New File  		     757	seek_depth_3.mcfunction
	  New Dir          1	C:\Users\joshp\curseforge\minecraft\Instances\Alive Dev\saves\Desire Paths\datapacks\gstools\data\minecraft\function\cursor\chunk\forceload\2\4\2\1\
	    New File  		     765	seek_depth_4.mcfunction
	  New Dir          1	C:\Users\joshp\curseforge\minecraft\Instances\Alive Dev\saves\Desire Paths\datapacks\gstools\data\minecraft\function\cursor\chunk\forceload\2\4\2\1\1\
	    New File  		     734	seek_depth_5.mcfunction
	  New Dir          1	C:\Users\joshp\curseforge\minecraft\Instances\Alive Dev\saves\Desire Paths\datapacks\gstools\data\minecraft\function\cursor\chunk\forceload\2\4\2\1\2\
	    New File  		     375	seek_depth_5.mcfunction
	  New Dir          1	C:\Users\joshp\curseforge\minecraft\Instances\Alive Dev\saves\Desire Paths\datapacks\gstools\data\minecraft\function\cursor\chunk\forceload\2\4\2\1\3\
	    New File  		     734	seek_depth_5.mcfunction
	  New Dir          1	C:\Users\joshp\curseforge\minecraft\Instances\Alive Dev\saves\Desire Paths\datapacks\gstools\data\minecraft\function\cursor\chunk\forceload\2\4\2\1\4\
	    New File  		    1452	seek_depth_5.mcfunction
	  New Dir          1	C:\Users\joshp\curseforge\minecraft\Instances\Alive Dev\saves\Desire Paths\datapacks\gstools\data\minecraft\function\cursor\chunk\forceload\2\4\2\2\
	    New File  		     765	seek_depth_4.mcfunction
	  New Dir          1	C:\Users\joshp\curseforge\minecraft\Instances\Alive Dev\saves\Desire Paths\datapacks\gstools\data\minecraft\function\cursor\chunk\forceload\2\4\2\2\1\
	    New File  		     734	seek_depth_5.mcfunction
	  New Dir          1	C:\Users\joshp\curseforge\minecraft\Instances\Alive Dev\saves\Desire Paths\datapacks\gstools\data\minecraft\function\cursor\chunk\forceload\2\4\2\2\2\
	    New File  		     375	seek_depth_5.mcfunction
	  New Dir          1	C:\Users\joshp\curseforge\minecraft\Instances\Alive Dev\saves\Desire Paths\datapacks\gstools\data\minecraft\function\cursor\chunk\forceload\2\4\2\2\3\
	    New File  		     734	seek_depth_5.mcfunction
	  New Dir          1	C:\Users\joshp\curseforge\minecraft\Instances\Alive Dev\saves\Desire Paths\datapacks\gstools\data\minecraft\function\cursor\chunk\forceload\2\4\2\2\4\
	    New File  		    1452	seek_depth_5.mcfunction
	  New Dir          1	C:\Users\joshp\curseforge\minecraft\Instances\Alive Dev\saves\Desire Paths\datapacks\gstools\data\minecraft\function\cursor\chunk\forceload\2\4\2\3\
	    New File  		     765	seek_depth_4.mcfunction
	  New Dir          1	C:\Users\joshp\curseforge\minecraft\Instances\Alive Dev\saves\Desire Paths\datapacks\gstools\data\minecraft\function\cursor\chunk\forceload\2\4\2\3\1\
	    New File  		     734	seek_depth_5.mcfunction
	  New Dir          1	C:\Users\joshp\curseforge\minecraft\Instances\Alive Dev\saves\Desire Paths\datapacks\gstools\data\minecraft\function\cursor\chunk\forceload\2\4\2\3\2\
	    New File  		     375	seek_depth_5.mcfunction
	  New Dir          1	C:\Users\joshp\curseforge\minecraft\Instances\Alive Dev\saves\Desire Paths\datapacks\gstools\data\minecraft\function\cursor\chunk\forceload\2\4\2\3\3\
	    New File  		     734	seek_depth_5.mcfunction
	  New Dir          1	C:\Users\joshp\curseforge\minecraft\Instances\Alive Dev\saves\Desire Paths\datapacks\gstools\data\minecraft\function\cursor\chunk\forceload\2\4\2\3\4\
	    New File  		    1452	seek_depth_5.mcfunction
	  New Dir          1	C:\Users\joshp\curseforge\minecraft\Instances\Alive Dev\saves\Desire Paths\datapacks\gstools\data\minecraft\function\cursor\chunk\forceload\2\4\2\4\
	    New File  		     765	seek_depth_4.mcfunction
	  New Dir          1	C:\Users\joshp\curseforge\minecraft\Instances\Alive Dev\saves\Desire Paths\datapacks\gstools\data\minecraft\function\cursor\chunk\forceload\2\4\2\4\1\
	    New File  		     734	seek_depth_5.mcfunction
	  New Dir          1	C:\Users\joshp\curseforge\minecraft\Instances\Alive Dev\saves\Desire Paths\datapacks\gstools\data\minecraft\function\cursor\chunk\forceload\2\4\2\4\2\
	    New File  		     375	seek_depth_5.mcfunction
	  New Dir          1	C:\Users\joshp\curseforge\minecraft\Instances\Alive Dev\saves\Desire Paths\datapacks\gstools\data\minecraft\function\cursor\chunk\forceload\2\4\2\4\3\
	    New File  		     734	seek_depth_5.mcfunction
	  New Dir          1	C:\Users\joshp\curseforge\minecraft\Instances\Alive Dev\saves\Desire Paths\datapacks\gstools\data\minecraft\function\cursor\chunk\forceload\2\4\2\4\4\
	    New File  		    1452	seek_depth_5.mcfunction
	  New Dir          1	C:\Users\joshp\curseforge\minecraft\Instances\Alive Dev\saves\Desire Paths\datapacks\gstools\data\minecraft\function\cursor\chunk\forceload\2\4\3\
	    New File  		     757	seek_depth_3.mcfunction
	  New Dir          1	C:\Users\joshp\curseforge\minecraft\Instances\Alive Dev\saves\Desire Paths\datapacks\gstools\data\minecraft\function\cursor\chunk\forceload\2\4\3\1\
	    New File  		     765	seek_depth_4.mcfunction
	  New Dir          1	C:\Users\joshp\curseforge\minecraft\Instances\Alive Dev\saves\Desire Paths\datapacks\gstools\data\minecraft\function\cursor\chunk\forceload\2\4\3\1\1\
	    New File  		     734	seek_depth_5.mcfunction
	  New Dir          1	C:\Users\joshp\curseforge\minecraft\Instances\Alive Dev\saves\Desire Paths\datapacks\gstools\data\minecraft\function\cursor\chunk\forceload\2\4\3\1\2\
	    New File  		     375	seek_depth_5.mcfunction
	  New Dir          1	C:\Users\joshp\curseforge\minecraft\Instances\Alive Dev\saves\Desire Paths\datapacks\gstools\data\minecraft\function\cursor\chunk\forceload\2\4\3\1\3\
	    New File  		     726	seek_depth_5.mcfunction
	  New Dir          1	C:\Users\joshp\curseforge\minecraft\Instances\Alive Dev\saves\Desire Paths\datapacks\gstools\data\minecraft\function\cursor\chunk\forceload\2\4\3\1\4\
	    New File  		    1436	seek_depth_5.mcfunction
	  New Dir          1	C:\Users\joshp\curseforge\minecraft\Instances\Alive Dev\saves\Desire Paths\datapacks\gstools\data\minecraft\function\cursor\chunk\forceload\2\4\3\2\
	    New File  		     765	seek_depth_4.mcfunction
	  New Dir          1	C:\Users\joshp\curseforge\minecraft\Instances\Alive Dev\saves\Desire Paths\datapacks\gstools\data\minecraft\function\cursor\chunk\forceload\2\4\3\2\1\
	    New File  		     734	seek_depth_5.mcfunction
	  New Dir          1	C:\Users\joshp\curseforge\minecraft\Instances\Alive Dev\saves\Desire Paths\datapacks\gstools\data\minecraft\function\cursor\chunk\forceload\2\4\3\2\2\
	    New File  		     375	seek_depth_5.mcfunction
	  New Dir          1	C:\Users\joshp\curseforge\minecraft\Instances\Alive Dev\saves\Desire Paths\datapacks\gstools\data\minecraft\function\cursor\chunk\forceload\2\4\3\2\3\
	    New File  		     726	seek_depth_5.mcfunction
	  New Dir          1	C:\Users\joshp\curseforge\minecraft\Instances\Alive Dev\saves\Desire Paths\datapacks\gstools\data\minecraft\function\cursor\chunk\forceload\2\4\3\2\4\
	    New File  		    1436	seek_depth_5.mcfunction
	  New Dir          1	C:\Users\joshp\curseforge\minecraft\Instances\Alive Dev\saves\Desire Paths\datapacks\gstools\data\minecraft\function\cursor\chunk\forceload\2\4\3\3\
	    New File  		     765	seek_depth_4.mcfunction
	  New Dir          1	C:\Users\joshp\curseforge\minecraft\Instances\Alive Dev\saves\Desire Paths\datapacks\gstools\data\minecraft\function\cursor\chunk\forceload\2\4\3\3\1\
	    New File  		    1436	seek_depth_5.mcfunction
	  New Dir          1	C:\Users\joshp\curseforge\minecraft\Instances\Alive Dev\saves\Desire Paths\datapacks\gstools\data\minecraft\function\cursor\chunk\forceload\2\4\3\3\2\
	    New File  		     726	seek_depth_5.mcfunction
	  New Dir          1	C:\Users\joshp\curseforge\minecraft\Instances\Alive Dev\saves\Desire Paths\datapacks\gstools\data\minecraft\function\cursor\chunk\forceload\2\4\3\3\3\
	    New File  		     726	seek_depth_5.mcfunction
	  New Dir          1	C:\Users\joshp\curseforge\minecraft\Instances\Alive Dev\saves\Desire Paths\datapacks\gstools\data\minecraft\function\cursor\chunk\forceload\2\4\3\3\4\
	    New File  		    1436	seek_depth_5.mcfunction
	  New Dir          1	C:\Users\joshp\curseforge\minecraft\Instances\Alive Dev\saves\Desire Paths\datapacks\gstools\data\minecraft\function\cursor\chunk\forceload\2\4\3\4\
	    New File  		     765	seek_depth_4.mcfunction
	  New Dir          1	C:\Users\joshp\curseforge\minecraft\Instances\Alive Dev\saves\Desire Paths\datapacks\gstools\data\minecraft\function\cursor\chunk\forceload\2\4\3\4\1\
	    New File  		    1436	seek_depth_5.mcfunction
	  New Dir          1	C:\Users\joshp\curseforge\minecraft\Instances\Alive Dev\saves\Desire Paths\datapacks\gstools\data\minecraft\function\cursor\chunk\forceload\2\4\3\4\2\
	    New File  		     726	seek_depth_5.mcfunction
	  New Dir          1	C:\Users\joshp\curseforge\minecraft\Instances\Alive Dev\saves\Desire Paths\datapacks\gstools\data\minecraft\function\cursor\chunk\forceload\2\4\3\4\3\
	    New File  		     726	seek_depth_5.mcfunction
	  New Dir          1	C:\Users\joshp\curseforge\minecraft\Instances\Alive Dev\saves\Desire Paths\datapacks\gstools\data\minecraft\function\cursor\chunk\forceload\2\4\3\4\4\
	    New File  		    1436	seek_depth_5.mcfunction
	  New Dir          1	C:\Users\joshp\curseforge\minecraft\Instances\Alive Dev\saves\Desire Paths\datapacks\gstools\data\minecraft\function\cursor\chunk\forceload\2\4\4\
	    New File  		     757	seek_depth_3.mcfunction
	  New Dir          1	C:\Users\joshp\curseforge\minecraft\Instances\Alive Dev\saves\Desire Paths\datapacks\gstools\data\minecraft\function\cursor\chunk\forceload\2\4\4\1\
	    New File  		     765	seek_depth_4.mcfunction
	  New Dir          1	C:\Users\joshp\curseforge\minecraft\Instances\Alive Dev\saves\Desire Paths\datapacks\gstools\data\minecraft\function\cursor\chunk\forceload\2\4\4\1\1\
	    New File  		     726	seek_depth_5.mcfunction
	  New Dir          1	C:\Users\joshp\curseforge\minecraft\Instances\Alive Dev\saves\Desire Paths\datapacks\gstools\data\minecraft\function\cursor\chunk\forceload\2\4\4\1\2\
	    New File  		     726	seek_depth_5.mcfunction
	  New Dir          1	C:\Users\joshp\curseforge\minecraft\Instances\Alive Dev\saves\Desire Paths\datapacks\gstools\data\minecraft\function\cursor\chunk\forceload\2\4\4\1\3\
	    New File  		    1420	seek_depth_5.mcfunction
	  New Dir          1	C:\Users\joshp\curseforge\minecraft\Instances\Alive Dev\saves\Desire Paths\datapacks\gstools\data\minecraft\function\cursor\chunk\forceload\2\4\4\1\4\
	    New File  		    1420	seek_depth_5.mcfunction
	  New Dir          1	C:\Users\joshp\curseforge\minecraft\Instances\Alive Dev\saves\Desire Paths\datapacks\gstools\data\minecraft\function\cursor\chunk\forceload\2\4\4\2\
	    New File  		     765	seek_depth_4.mcfunction
	  New Dir          1	C:\Users\joshp\curseforge\minecraft\Instances\Alive Dev\saves\Desire Paths\datapacks\gstools\data\minecraft\function\cursor\chunk\forceload\2\4\4\2\1\
	    New File  		     726	seek_depth_5.mcfunction
	  New Dir          1	C:\Users\joshp\curseforge\minecraft\Instances\Alive Dev\saves\Desire Paths\datapacks\gstools\data\minecraft\function\cursor\chunk\forceload\2\4\4\2\2\
	    New File  		     375	seek_depth_5.mcfunction
	  New Dir          1	C:\Users\joshp\curseforge\minecraft\Instances\Alive Dev\saves\Desire Paths\datapacks\gstools\data\minecraft\function\cursor\chunk\forceload\2\4\4\2\3\
	    New File  		     726	seek_depth_5.mcfunction
	  New Dir          1	C:\Users\joshp\curseforge\minecraft\Instances\Alive Dev\saves\Desire Paths\datapacks\gstools\data\minecraft\function\cursor\chunk\forceload\2\4\4\2\4\
	    New File  		    1420	seek_depth_5.mcfunction
	  New Dir          1	C:\Users\joshp\curseforge\minecraft\Instances\Alive Dev\saves\Desire Paths\datapacks\gstools\data\minecraft\function\cursor\chunk\forceload\2\4\4\3\
	    New File  		     765	seek_depth_4.mcfunction
	  New Dir          1	C:\Users\joshp\curseforge\minecraft\Instances\Alive Dev\saves\Desire Paths\datapacks\gstools\data\minecraft\function\cursor\chunk\forceload\2\4\4\3\1\
	    New File  		    1420	seek_depth_5.mcfunction
	  New Dir          1	C:\Users\joshp\curseforge\minecraft\Instances\Alive Dev\saves\Desire Paths\datapacks\gstools\data\minecraft\function\cursor\chunk\forceload\2\4\4\3\2\
	    New File  		     726	seek_depth_5.mcfunction
	  New Dir          1	C:\Users\joshp\curseforge\minecraft\Instances\Alive Dev\saves\Desire Paths\datapacks\gstools\data\minecraft\function\cursor\chunk\forceload\2\4\4\3\3\
	    New File  		     726	seek_depth_5.mcfunction
	  New Dir          1	C:\Users\joshp\curseforge\minecraft\Instances\Alive Dev\saves\Desire Paths\datapacks\gstools\data\minecraft\function\cursor\chunk\forceload\2\4\4\3\4\
	    New File  		    1420	seek_depth_5.mcfunction
	  New Dir          1	C:\Users\joshp\curseforge\minecraft\Instances\Alive Dev\saves\Desire Paths\datapacks\gstools\data\minecraft\function\cursor\chunk\forceload\2\4\4\4\
	    New File  		     765	seek_depth_4.mcfunction
	  New Dir          1	C:\Users\joshp\curseforge\minecraft\Instances\Alive Dev\saves\Desire Paths\datapacks\gstools\data\minecraft\function\cursor\chunk\forceload\2\4\4\4\1\
	    New File  		    1420	seek_depth_5.mcfunction
	  New Dir          1	C:\Users\joshp\curseforge\minecraft\Instances\Alive Dev\saves\Desire Paths\datapacks\gstools\data\minecraft\function\cursor\chunk\forceload\2\4\4\4\2\
	    New File  		    1420	seek_depth_5.mcfunction
	  New Dir          1	C:\Users\joshp\curseforge\minecraft\Instances\Alive Dev\saves\Desire Paths\datapacks\gstools\data\minecraft\function\cursor\chunk\forceload\2\4\4\4\3\
	    New File  		    1420	seek_depth_5.mcfunction
	  New Dir          1	C:\Users\joshp\curseforge\minecraft\Instances\Alive Dev\saves\Desire Paths\datapacks\gstools\data\minecraft\function\cursor\chunk\forceload\2\4\4\4\4\
	    New File  		    1420	seek_depth_5.mcfunction
	  New Dir          1	C:\Users\joshp\curseforge\minecraft\Instances\Alive Dev\saves\Desire Paths\datapacks\gstools\data\minecraft\function\cursor\chunk\forceload\3\
	    New File  		     741	seek_depth_1.mcfunction
	  New Dir          1	C:\Users\joshp\curseforge\minecraft\Instances\Alive Dev\saves\Desire Paths\datapacks\gstools\data\minecraft\function\cursor\chunk\forceload\3\1\
	    New File  		     749	seek_depth_2.mcfunction
	  New Dir          1	C:\Users\joshp\curseforge\minecraft\Instances\Alive Dev\saves\Desire Paths\datapacks\gstools\data\minecraft\function\cursor\chunk\forceload\3\1\1\
	    New File  		     757	seek_depth_3.mcfunction
	  New Dir          1	C:\Users\joshp\curseforge\minecraft\Instances\Alive Dev\saves\Desire Paths\datapacks\gstools\data\minecraft\function\cursor\chunk\forceload\3\1\1\1\
	    New File  		     765	seek_depth_4.mcfunction
	  New Dir          1	C:\Users\joshp\curseforge\minecraft\Instances\Alive Dev\saves\Desire Paths\datapacks\gstools\data\minecraft\function\cursor\chunk\forceload\3\1\1\1\1\
	    New File  		     710	seek_depth_5.mcfunction
	  New Dir          1	C:\Users\joshp\curseforge\minecraft\Instances\Alive Dev\saves\Desire Paths\datapacks\gstools\data\minecraft\function\cursor\chunk\forceload\3\1\1\1\2\
	    New File  		     710	seek_depth_5.mcfunction
	  New Dir          1	C:\Users\joshp\curseforge\minecraft\Instances\Alive Dev\saves\Desire Paths\datapacks\gstools\data\minecraft\function\cursor\chunk\forceload\3\1\1\1\3\
	    New File  		    1436	seek_depth_5.mcfunction
	  New Dir          1	C:\Users\joshp\curseforge\minecraft\Instances\Alive Dev\saves\Desire Paths\datapacks\gstools\data\minecraft\function\cursor\chunk\forceload\3\1\1\1\4\
	    New File  		    1436	seek_depth_5.mcfunction
	  New Dir          1	C:\Users\joshp\curseforge\minecraft\Instances\Alive Dev\saves\Desire Paths\datapacks\gstools\data\minecraft\function\cursor\chunk\forceload\3\1\1\2\
	    New File  		     765	seek_depth_4.mcfunction
	  New Dir          1	C:\Users\joshp\curseforge\minecraft\Instances\Alive Dev\saves\Desire Paths\datapacks\gstools\data\minecraft\function\cursor\chunk\forceload\3\1\1\2\1\
	    New File  		     710	seek_depth_5.mcfunction
	  New Dir          1	C:\Users\joshp\curseforge\minecraft\Instances\Alive Dev\saves\Desire Paths\datapacks\gstools\data\minecraft\function\cursor\chunk\forceload\3\1\1\2\2\
	    New File  		     367	seek_depth_5.mcfunction
	  New Dir          1	C:\Users\joshp\curseforge\minecraft\Instances\Alive Dev\saves\Desire Paths\datapacks\gstools\data\minecraft\function\cursor\chunk\forceload\3\1\1\2\3\
	    New File  		     734	seek_depth_5.mcfunction
	  New Dir          1	C:\Users\joshp\curseforge\minecraft\Instances\Alive Dev\saves\Desire Paths\datapacks\gstools\data\minecraft\function\cursor\chunk\forceload\3\1\1\2\4\
	    New File  		    1436	seek_depth_5.mcfunction
	  New Dir          1	C:\Users\joshp\curseforge\minecraft\Instances\Alive Dev\saves\Desire Paths\datapacks\gstools\data\minecraft\function\cursor\chunk\forceload\3\1\1\3\
	    New File  		     765	seek_depth_4.mcfunction
	  New Dir          1	C:\Users\joshp\curseforge\minecraft\Instances\Alive Dev\saves\Desire Paths\datapacks\gstools\data\minecraft\function\cursor\chunk\forceload\3\1\1\3\1\
	    New File  		     726	seek_depth_5.mcfunction
	  New Dir          1	C:\Users\joshp\curseforge\minecraft\Instances\Alive Dev\saves\Desire Paths\datapacks\gstools\data\minecraft\function\cursor\chunk\forceload\3\1\1\3\2\
	    New File  		     375	seek_depth_5.mcfunction
	  New Dir          1	C:\Users\joshp\curseforge\minecraft\Instances\Alive Dev\saves\Desire Paths\datapacks\gstools\data\minecraft\function\cursor\chunk\forceload\3\1\1\3\3\
	    New File  		     734	seek_depth_5.mcfunction
	  New Dir          1	C:\Users\joshp\curseforge\minecraft\Instances\Alive Dev\saves\Desire Paths\datapacks\gstools\data\minecraft\function\cursor\chunk\forceload\3\1\1\3\4\
	    New File  		    1436	seek_depth_5.mcfunction
	  New Dir          1	C:\Users\joshp\curseforge\minecraft\Instances\Alive Dev\saves\Desire Paths\datapacks\gstools\data\minecraft\function\cursor\chunk\forceload\3\1\1\4\
	    New File  		     765	seek_depth_4.mcfunction
	  New Dir          1	C:\Users\joshp\curseforge\minecraft\Instances\Alive Dev\saves\Desire Paths\datapacks\gstools\data\minecraft\function\cursor\chunk\forceload\3\1\1\4\1\
	    New File  		     726	seek_depth_5.mcfunction
	  New Dir          1	C:\Users\joshp\curseforge\minecraft\Instances\Alive Dev\saves\Desire Paths\datapacks\gstools\data\minecraft\function\cursor\chunk\forceload\3\1\1\4\2\
	    New File  		     726	seek_depth_5.mcfunction
	  New Dir          1	C:\Users\joshp\curseforge\minecraft\Instances\Alive Dev\saves\Desire Paths\datapacks\gstools\data\minecraft\function\cursor\chunk\forceload\3\1\1\4\3\
	    New File  		    1436	seek_depth_5.mcfunction
	  New Dir          1	C:\Users\joshp\curseforge\minecraft\Instances\Alive Dev\saves\Desire Paths\datapacks\gstools\data\minecraft\function\cursor\chunk\forceload\3\1\1\4\4\
	    New File  		    1436	seek_depth_5.mcfunction
	  New Dir          1	C:\Users\joshp\curseforge\minecraft\Instances\Alive Dev\saves\Desire Paths\datapacks\gstools\data\minecraft\function\cursor\chunk\forceload\3\1\2\
	    New File  		     757	seek_depth_3.mcfunction
	  New Dir          1	C:\Users\joshp\curseforge\minecraft\Instances\Alive Dev\saves\Desire Paths\datapacks\gstools\data\minecraft\function\cursor\chunk\forceload\3\1\2\1\
	    New File  		     765	seek_depth_4.mcfunction
	  New Dir          1	C:\Users\joshp\curseforge\minecraft\Instances\Alive Dev\saves\Desire Paths\datapacks\gstools\data\minecraft\function\cursor\chunk\forceload\3\1\2\1\1\
	    New File  		     718	seek_depth_5.mcfunction
	  New Dir          1	C:\Users\joshp\curseforge\minecraft\Instances\Alive Dev\saves\Desire Paths\datapacks\gstools\data\minecraft\function\cursor\chunk\forceload\3\1\2\1\2\
	    New File  		     367	seek_depth_5.mcfunction
	  New Dir          1	C:\Users\joshp\curseforge\minecraft\Instances\Alive Dev\saves\Desire Paths\datapacks\gstools\data\minecraft\function\cursor\chunk\forceload\3\1\2\1\3\
	    New File  		     734	seek_depth_5.mcfunction
	  New Dir          1	C:\Users\joshp\curseforge\minecraft\Instances\Alive Dev\saves\Desire Paths\datapacks\gstools\data\minecraft\function\cursor\chunk\forceload\3\1\2\1\4\
	    New File  		    1452	seek_depth_5.mcfunction
	  New Dir          1	C:\Users\joshp\curseforge\minecraft\Instances\Alive Dev\saves\Desire Paths\datapacks\gstools\data\minecraft\function\cursor\chunk\forceload\3\1\2\2\
	    New File  		     765	seek_depth_4.mcfunction
	  New Dir          1	C:\Users\joshp\curseforge\minecraft\Instances\Alive Dev\saves\Desire Paths\datapacks\gstools\data\minecraft\function\cursor\chunk\forceload\3\1\2\2\1\
	    New File  		     718	seek_depth_5.mcfunction
	  New Dir          1	C:\Users\joshp\curseforge\minecraft\Instances\Alive Dev\saves\Desire Paths\datapacks\gstools\data\minecraft\function\cursor\chunk\forceload\3\1\2\2\2\
	    New File  		     367	seek_depth_5.mcfunction
	  New Dir          1	C:\Users\joshp\curseforge\minecraft\Instances\Alive Dev\saves\Desire Paths\datapacks\gstools\data\minecraft\function\cursor\chunk\forceload\3\1\2\2\3\
	    New File  		     734	seek_depth_5.mcfunction
	  New Dir          1	C:\Users\joshp\curseforge\minecraft\Instances\Alive Dev\saves\Desire Paths\datapacks\gstools\data\minecraft\function\cursor\chunk\forceload\3\1\2\2\4\
	    New File  		    1452	seek_depth_5.mcfunction
	  New Dir          1	C:\Users\joshp\curseforge\minecraft\Instances\Alive Dev\saves\Desire Paths\datapacks\gstools\data\minecraft\function\cursor\chunk\forceload\3\1\2\3\
	    New File  		     765	seek_depth_4.mcfunction
	  New Dir          1	C:\Users\joshp\curseforge\minecraft\Instances\Alive Dev\saves\Desire Paths\datapacks\gstools\data\minecraft\function\cursor\chunk\forceload\3\1\2\3\1\
	    New File  		     734	seek_depth_5.mcfunction
	  New Dir          1	C:\Users\joshp\curseforge\minecraft\Instances\Alive Dev\saves\Desire Paths\datapacks\gstools\data\minecraft\function\cursor\chunk\forceload\3\1\2\3\2\
	    New File  		     375	seek_depth_5.mcfunction
	  New Dir          1	C:\Users\joshp\curseforge\minecraft\Instances\Alive Dev\saves\Desire Paths\datapacks\gstools\data\minecraft\function\cursor\chunk\forceload\3\1\2\3\3\
	    New File  		     734	seek_depth_5.mcfunction
	  New Dir          1	C:\Users\joshp\curseforge\minecraft\Instances\Alive Dev\saves\Desire Paths\datapacks\gstools\data\minecraft\function\cursor\chunk\forceload\3\1\2\3\4\
	    New File  		    1452	seek_depth_5.mcfunction
	  New Dir          1	C:\Users\joshp\curseforge\minecraft\Instances\Alive Dev\saves\Desire Paths\datapacks\gstools\data\minecraft\function\cursor\chunk\forceload\3\1\2\4\
	    New File  		     765	seek_depth_4.mcfunction
	  New Dir          1	C:\Users\joshp\curseforge\minecraft\Instances\Alive Dev\saves\Desire Paths\datapacks\gstools\data\minecraft\function\cursor\chunk\forceload\3\1\2\4\1\
	    New File  		     734	seek_depth_5.mcfunction
	  New Dir          1	C:\Users\joshp\curseforge\minecraft\Instances\Alive Dev\saves\Desire Paths\datapacks\gstools\data\minecraft\function\cursor\chunk\forceload\3\1\2\4\2\
	    New File  		     375	seek_depth_5.mcfunction
	  New Dir          1	C:\Users\joshp\curseforge\minecraft\Instances\Alive Dev\saves\Desire Paths\datapacks\gstools\data\minecraft\function\cursor\chunk\forceload\3\1\2\4\3\
	    New File  		     734	seek_depth_5.mcfunction
	  New Dir          1	C:\Users\joshp\curseforge\minecraft\Instances\Alive Dev\saves\Desire Paths\datapacks\gstools\data\minecraft\function\cursor\chunk\forceload\3\1\2\4\4\
	    New File  		    1452	seek_depth_5.mcfunction
	  New Dir          1	C:\Users\joshp\curseforge\minecraft\Instances\Alive Dev\saves\Desire Paths\datapacks\gstools\data\minecraft\function\cursor\chunk\forceload\3\1\3\
	    New File  		     757	seek_depth_3.mcfunction
	  New Dir          1	C:\Users\joshp\curseforge\minecraft\Instances\Alive Dev\saves\Desire Paths\datapacks\gstools\data\minecraft\function\cursor\chunk\forceload\3\1\3\1\
	    New File  		     765	seek_depth_4.mcfunction
	  New Dir          1	C:\Users\joshp\curseforge\minecraft\Instances\Alive Dev\saves\Desire Paths\datapacks\gstools\data\minecraft\function\cursor\chunk\forceload\3\1\3\1\1\
	    New File  		     734	seek_depth_5.mcfunction
	  New Dir          1	C:\Users\joshp\curseforge\minecraft\Instances\Alive Dev\saves\Desire Paths\datapacks\gstools\data\minecraft\function\cursor\chunk\forceload\3\1\3\1\2\
	    New File  		     375	seek_depth_5.mcfunction
	  New Dir          1	C:\Users\joshp\curseforge\minecraft\Instances\Alive Dev\saves\Desire Paths\datapacks\gstools\data\minecraft\function\cursor\chunk\forceload\3\1\3\1\3\
	    New File  		     742	seek_depth_5.mcfunction
	  New Dir          1	C:\Users\joshp\curseforge\minecraft\Instances\Alive Dev\saves\Desire Paths\datapacks\gstools\data\minecraft\function\cursor\chunk\forceload\3\1\3\1\4\
	    New File  		    1468	seek_depth_5.mcfunction
	  New Dir          1	C:\Users\joshp\curseforge\minecraft\Instances\Alive Dev\saves\Desire Paths\datapacks\gstools\data\minecraft\function\cursor\chunk\forceload\3\1\3\2\
	    New File  		     765	seek_depth_4.mcfunction
	  New Dir          1	C:\Users\joshp\curseforge\minecraft\Instances\Alive Dev\saves\Desire Paths\datapacks\gstools\data\minecraft\function\cursor\chunk\forceload\3\1\3\2\1\
	    New File  		     734	seek_depth_5.mcfunction
	  New Dir          1	C:\Users\joshp\curseforge\minecraft\Instances\Alive Dev\saves\Desire Paths\datapacks\gstools\data\minecraft\function\cursor\chunk\forceload\3\1\3\2\2\
	    New File  		     375	seek_depth_5.mcfunction
	  New Dir          1	C:\Users\joshp\curseforge\minecraft\Instances\Alive Dev\saves\Desire Paths\datapacks\gstools\data\minecraft\function\cursor\chunk\forceload\3\1\3\2\3\
	    New File  		     742	seek_depth_5.mcfunction
	  New Dir          1	C:\Users\joshp\curseforge\minecraft\Instances\Alive Dev\saves\Desire Paths\datapacks\gstools\data\minecraft\function\cursor\chunk\forceload\3\1\3\2\4\
	    New File  		    1468	seek_depth_5.mcfunction
	  New Dir          1	C:\Users\joshp\curseforge\minecraft\Instances\Alive Dev\saves\Desire Paths\datapacks\gstools\data\minecraft\function\cursor\chunk\forceload\3\1\3\3\
	    New File  		     765	seek_depth_4.mcfunction
	  New Dir          1	C:\Users\joshp\curseforge\minecraft\Instances\Alive Dev\saves\Desire Paths\datapacks\gstools\data\minecraft\function\cursor\chunk\forceload\3\1\3\3\1\
	    New File  		    1468	seek_depth_5.mcfunction
	  New Dir          1	C:\Users\joshp\curseforge\minecraft\Instances\Alive Dev\saves\Desire Paths\datapacks\gstools\data\minecraft\function\cursor\chunk\forceload\3\1\3\3\2\
	    New File  		     742	seek_depth_5.mcfunction
	  New Dir          1	C:\Users\joshp\curseforge\minecraft\Instances\Alive Dev\saves\Desire Paths\datapacks\gstools\data\minecraft\function\cursor\chunk\forceload\3\1\3\3\3\
	    New File  		     742	seek_depth_5.mcfunction
	  New Dir          1	C:\Users\joshp\curseforge\minecraft\Instances\Alive Dev\saves\Desire Paths\datapacks\gstools\data\minecraft\function\cursor\chunk\forceload\3\1\3\3\4\
	    New File  		    1468	seek_depth_5.mcfunction
	  New Dir          1	C:\Users\joshp\curseforge\minecraft\Instances\Alive Dev\saves\Desire Paths\datapacks\gstools\data\minecraft\function\cursor\chunk\forceload\3\1\3\4\
	    New File  		     765	seek_depth_4.mcfunction
	  New Dir          1	C:\Users\joshp\curseforge\minecraft\Instances\Alive Dev\saves\Desire Paths\datapacks\gstools\data\minecraft\function\cursor\chunk\forceload\3\1\3\4\1\
	    New File  		    1468	seek_depth_5.mcfunction
	  New Dir          1	C:\Users\joshp\curseforge\minecraft\Instances\Alive Dev\saves\Desire Paths\datapacks\gstools\data\minecraft\function\cursor\chunk\forceload\3\1\3\4\2\
	    New File  		     742	seek_depth_5.mcfunction
	  New Dir          1	C:\Users\joshp\curseforge\minecraft\Instances\Alive Dev\saves\Desire Paths\datapacks\gstools\data\minecraft\function\cursor\chunk\forceload\3\1\3\4\3\
	    New File  		     742	seek_depth_5.mcfunction
	  New Dir          1	C:\Users\joshp\curseforge\minecraft\Instances\Alive Dev\saves\Desire Paths\datapacks\gstools\data\minecraft\function\cursor\chunk\forceload\3\1\3\4\4\
	    New File  		    1468	seek_depth_5.mcfunction
	  New Dir          1	C:\Users\joshp\curseforge\minecraft\Instances\Alive Dev\saves\Desire Paths\datapacks\gstools\data\minecraft\function\cursor\chunk\forceload\3\1\4\
	    New File  		     757	seek_depth_3.mcfunction
	  New Dir          1	C:\Users\joshp\curseforge\minecraft\Instances\Alive Dev\saves\Desire Paths\datapacks\gstools\data\minecraft\function\cursor\chunk\forceload\3\1\4\1\
	    New File  		     765	seek_depth_4.mcfunction
	  New Dir          1	C:\Users\joshp\curseforge\minecraft\Instances\Alive Dev\saves\Desire Paths\datapacks\gstools\data\minecraft\function\cursor\chunk\forceload\3\1\4\1\1\
	    New File  		     726	seek_depth_5.mcfunction
	  New Dir          1	C:\Users\joshp\curseforge\minecraft\Instances\Alive Dev\saves\Desire Paths\datapacks\gstools\data\minecraft\function\cursor\chunk\forceload\3\1\4\1\2\
	    New File  		     726	seek_depth_5.mcfunction
	  New Dir          1	C:\Users\joshp\curseforge\minecraft\Instances\Alive Dev\saves\Desire Paths\datapacks\gstools\data\minecraft\function\cursor\chunk\forceload\3\1\4\1\3\
	    New File  		    1452	seek_depth_5.mcfunction
	  New Dir          1	C:\Users\joshp\curseforge\minecraft\Instances\Alive Dev\saves\Desire Paths\datapacks\gstools\data\minecraft\function\cursor\chunk\forceload\3\1\4\1\4\
	    New File  		    1452	seek_depth_5.mcfunction
	  New Dir          1	C:\Users\joshp\curseforge\minecraft\Instances\Alive Dev\saves\Desire Paths\datapacks\gstools\data\minecraft\function\cursor\chunk\forceload\3\1\4\2\
	    New File  		     765	seek_depth_4.mcfunction
	  New Dir          1	C:\Users\joshp\curseforge\minecraft\Instances\Alive Dev\saves\Desire Paths\datapacks\gstools\data\minecraft\function\cursor\chunk\forceload\3\1\4\2\1\
	    New File  		     726	seek_depth_5.mcfunction
	  New Dir          1	C:\Users\joshp\curseforge\minecraft\Instances\Alive Dev\saves\Desire Paths\datapacks\gstools\data\minecraft\function\cursor\chunk\forceload\3\1\4\2\2\
	    New File  		     375	seek_depth_5.mcfunction
	  New Dir          1	C:\Users\joshp\curseforge\minecraft\Instances\Alive Dev\saves\Desire Paths\datapacks\gstools\data\minecraft\function\cursor\chunk\forceload\3\1\4\2\3\
	    New File  		     742	seek_depth_5.mcfunction
	  New Dir          1	C:\Users\joshp\curseforge\minecraft\Instances\Alive Dev\saves\Desire Paths\datapacks\gstools\data\minecraft\function\cursor\chunk\forceload\3\1\4\2\4\
	    New File  		    1452	seek_depth_5.mcfunction
	  New Dir          1	C:\Users\joshp\curseforge\minecraft\Instances\Alive Dev\saves\Desire Paths\datapacks\gstools\data\minecraft\function\cursor\chunk\forceload\3\1\4\3\
	    New File  		     765	seek_depth_4.mcfunction
	  New Dir          1	C:\Users\joshp\curseforge\minecraft\Instances\Alive Dev\saves\Desire Paths\datapacks\gstools\data\minecraft\function\cursor\chunk\forceload\3\1\4\3\1\
	    New File  		    1452	seek_depth_5.mcfunction
	  New Dir          1	C:\Users\joshp\curseforge\minecraft\Instances\Alive Dev\saves\Desire Paths\datapacks\gstools\data\minecraft\function\cursor\chunk\forceload\3\1\4\3\2\
	    New File  		     742	seek_depth_5.mcfunction
	  New Dir          1	C:\Users\joshp\curseforge\minecraft\Instances\Alive Dev\saves\Desire Paths\datapacks\gstools\data\minecraft\function\cursor\chunk\forceload\3\1\4\3\3\
	    New File  		     742	seek_depth_5.mcfunction
	  New Dir          1	C:\Users\joshp\curseforge\minecraft\Instances\Alive Dev\saves\Desire Paths\datapacks\gstools\data\minecraft\function\cursor\chunk\forceload\3\1\4\3\4\
	    New File  		    1452	seek_depth_5.mcfunction
	  New Dir          1	C:\Users\joshp\curseforge\minecraft\Instances\Alive Dev\saves\Desire Paths\datapacks\gstools\data\minecraft\function\cursor\chunk\forceload\3\1\4\4\
	    New File  		     765	seek_depth_4.mcfunction
	  New Dir          1	C:\Users\joshp\curseforge\minecraft\Instances\Alive Dev\saves\Desire Paths\datapacks\gstools\data\minecraft\function\cursor\chunk\forceload\3\1\4\4\1\
	    New File  		    1452	seek_depth_5.mcfunction
	  New Dir          1	C:\Users\joshp\curseforge\minecraft\Instances\Alive Dev\saves\Desire Paths\datapacks\gstools\data\minecraft\function\cursor\chunk\forceload\3\1\4\4\2\
	    New File  		    1452	seek_depth_5.mcfunction
	  New Dir          1	C:\Users\joshp\curseforge\minecraft\Instances\Alive Dev\saves\Desire Paths\datapacks\gstools\data\minecraft\function\cursor\chunk\forceload\3\1\4\4\3\
	    New File  		    1452	seek_depth_5.mcfunction
	  New Dir          1	C:\Users\joshp\curseforge\minecraft\Instances\Alive Dev\saves\Desire Paths\datapacks\gstools\data\minecraft\function\cursor\chunk\forceload\3\1\4\4\4\
	    New File  		    1452	seek_depth_5.mcfunction
	  New Dir          1	C:\Users\joshp\curseforge\minecraft\Instances\Alive Dev\saves\Desire Paths\datapacks\gstools\data\minecraft\function\cursor\chunk\forceload\3\2\
	    New File  		     749	seek_depth_2.mcfunction
	  New Dir          1	C:\Users\joshp\curseforge\minecraft\Instances\Alive Dev\saves\Desire Paths\datapacks\gstools\data\minecraft\function\cursor\chunk\forceload\3\2\1\
	    New File  		     757	seek_depth_3.mcfunction
	  New Dir          1	C:\Users\joshp\curseforge\minecraft\Instances\Alive Dev\saves\Desire Paths\datapacks\gstools\data\minecraft\function\cursor\chunk\forceload\3\2\1\1\
	    New File  		     765	seek_depth_4.mcfunction
	  New Dir          1	C:\Users\joshp\curseforge\minecraft\Instances\Alive Dev\saves\Desire Paths\datapacks\gstools\data\minecraft\function\cursor\chunk\forceload\3\2\1\1\1\
	    New File  		     718	seek_depth_5.mcfunction
	  New Dir          1	C:\Users\joshp\curseforge\minecraft\Instances\Alive Dev\saves\Desire Paths\datapacks\gstools\data\minecraft\function\cursor\chunk\forceload\3\2\1\1\2\
	    New File  		     718	seek_depth_5.mcfunction
	  New Dir          1	C:\Users\joshp\curseforge\minecraft\Instances\Alive Dev\saves\Desire Paths\datapacks\gstools\data\minecraft\function\cursor\chunk\forceload\3\2\1\1\3\
	    New File  		    1452	seek_depth_5.mcfunction
	  New Dir          1	C:\Users\joshp\curseforge\minecraft\Instances\Alive Dev\saves\Desire Paths\datapacks\gstools\data\minecraft\function\cursor\chunk\forceload\3\2\1\1\4\
	    New File  		    1452	seek_depth_5.mcfunction
	  New Dir          1	C:\Users\joshp\curseforge\minecraft\Instances\Alive Dev\saves\Desire Paths\datapacks\gstools\data\minecraft\function\cursor\chunk\forceload\3\2\1\2\
	    New File  		     765	seek_depth_4.mcfunction
	  New Dir          1	C:\Users\joshp\curseforge\minecraft\Instances\Alive Dev\saves\Desire Paths\datapacks\gstools\data\minecraft\function\cursor\chunk\forceload\3\2\1\2\1\
	    New File  		     718	seek_depth_5.mcfunction
	  New Dir          1	C:\Users\joshp\curseforge\minecraft\Instances\Alive Dev\saves\Desire Paths\datapacks\gstools\data\minecraft\function\cursor\chunk\forceload\3\2\1\2\2\
	    New File  		     367	seek_depth_5.mcfunction
	  New Dir          1	C:\Users\joshp\curseforge\minecraft\Instances\Alive Dev\saves\Desire Paths\datapacks\gstools\data\minecraft\function\cursor\chunk\forceload\3\2\1\2\3\
	    New File  		     734	seek_depth_5.mcfunction
	  New Dir          1	C:\Users\joshp\curseforge\minecraft\Instances\Alive Dev\saves\Desire Paths\datapacks\gstools\data\minecraft\function\cursor\chunk\forceload\3\2\1\2\4\
	    New File  		    1452	seek_depth_5.mcfunction
	  New Dir          1	C:\Users\joshp\curseforge\minecraft\Instances\Alive Dev\saves\Desire Paths\datapacks\gstools\data\minecraft\function\cursor\chunk\forceload\3\2\1\3\
	    New File  		     765	seek_depth_4.mcfunction
	  New Dir          1	C:\Users\joshp\curseforge\minecraft\Instances\Alive Dev\saves\Desire Paths\datapacks\gstools\data\minecraft\function\cursor\chunk\forceload\3\2\1\3\1\
	    New File  		     734	seek_depth_5.mcfunction
	  New Dir          1	C:\Users\joshp\curseforge\minecraft\Instances\Alive Dev\saves\Desire Paths\datapacks\gstools\data\minecraft\function\cursor\chunk\forceload\3\2\1\3\2\
	    New File  		     375	seek_depth_5.mcfunction
	  New Dir          1	C:\Users\joshp\curseforge\minecraft\Instances\Alive Dev\saves\Desire Paths\datapacks\gstools\data\minecraft\function\cursor\chunk\forceload\3\2\1\3\3\
	    New File  		     734	seek_depth_5.mcfunction
	  New Dir          1	C:\Users\joshp\curseforge\minecraft\Instances\Alive Dev\saves\Desire Paths\datapacks\gstools\data\minecraft\function\cursor\chunk\forceload\3\2\1\3\4\
	    New File  		    1452	seek_depth_5.mcfunction
	  New Dir          1	C:\Users\joshp\curseforge\minecraft\Instances\Alive Dev\saves\Desire Paths\datapacks\gstools\data\minecraft\function\cursor\chunk\forceload\3\2\1\4\
	    New File  		     765	seek_depth_4.mcfunction
	  New Dir          1	C:\Users\joshp\curseforge\minecraft\Instances\Alive Dev\saves\Desire Paths\datapacks\gstools\data\minecraft\function\cursor\chunk\forceload\3\2\1\4\1\
	    New File  		     734	seek_depth_5.mcfunction
	  New Dir          1	C:\Users\joshp\curseforge\minecraft\Instances\Alive Dev\saves\Desire Paths\datapacks\gstools\data\minecraft\function\cursor\chunk\forceload\3\2\1\4\2\
	    New File  		     734	seek_depth_5.mcfunction
	  New Dir          1	C:\Users\joshp\curseforge\minecraft\Instances\Alive Dev\saves\Desire Paths\datapacks\gstools\data\minecraft\function\cursor\chunk\forceload\3\2\1\4\3\
	    New File  		    1452	seek_depth_5.mcfunction
	  New Dir          1	C:\Users\joshp\curseforge\minecraft\Instances\Alive Dev\saves\Desire Paths\datapacks\gstools\data\minecraft\function\cursor\chunk\forceload\3\2\1\4\4\
	    New File  		    1452	seek_depth_5.mcfunction
	  New Dir          1	C:\Users\joshp\curseforge\minecraft\Instances\Alive Dev\saves\Desire Paths\datapacks\gstools\data\minecraft\function\cursor\chunk\forceload\3\2\2\
	    New File  		     757	seek_depth_3.mcfunction
	  New Dir          1	C:\Users\joshp\curseforge\minecraft\Instances\Alive Dev\saves\Desire Paths\datapacks\gstools\data\minecraft\function\cursor\chunk\forceload\3\2\2\1\
	    New File  		     765	seek_depth_4.mcfunction
	  New Dir          1	C:\Users\joshp\curseforge\minecraft\Instances\Alive Dev\saves\Desire Paths\datapacks\gstools\data\minecraft\function\cursor\chunk\forceload\3\2\2\1\1\
	    New File  		     718	seek_depth_5.mcfunction
	  New Dir          1	C:\Users\joshp\curseforge\minecraft\Instances\Alive Dev\saves\Desire Paths\datapacks\gstools\data\minecraft\function\cursor\chunk\forceload\3\2\2\1\2\
	    New File  		     367	seek_depth_5.mcfunction
	  New Dir          1	C:\Users\joshp\curseforge\minecraft\Instances\Alive Dev\saves\Desire Paths\datapacks\gstools\data\minecraft\function\cursor\chunk\forceload\3\2\2\1\3\
	    New File  		     734	seek_depth_5.mcfunction
	  New Dir          1	C:\Users\joshp\curseforge\minecraft\Instances\Alive Dev\saves\Desire Paths\datapacks\gstools\data\minecraft\function\cursor\chunk\forceload\3\2\2\1\4\
	    New File  		    1452	seek_depth_5.mcfunction
	  New Dir          1	C:\Users\joshp\curseforge\minecraft\Instances\Alive Dev\saves\Desire Paths\datapacks\gstools\data\minecraft\function\cursor\chunk\forceload\3\2\2\2\
	    New File  		     765	seek_depth_4.mcfunction
	  New Dir          1	C:\Users\joshp\curseforge\minecraft\Instances\Alive Dev\saves\Desire Paths\datapacks\gstools\data\minecraft\function\cursor\chunk\forceload\3\2\2\2\1\
	    New File  		     718	seek_depth_5.mcfunction
	  New Dir          1	C:\Users\joshp\curseforge\minecraft\Instances\Alive Dev\saves\Desire Paths\datapacks\gstools\data\minecraft\function\cursor\chunk\forceload\3\2\2\2\2\
	    New File  		     367	seek_depth_5.mcfunction
	  New Dir          1	C:\Users\joshp\curseforge\minecraft\Instances\Alive Dev\saves\Desire Paths\datapacks\gstools\data\minecraft\function\cursor\chunk\forceload\3\2\2\2\3\
	    New File  		     734	seek_depth_5.mcfunction
	  New Dir          1	C:\Users\joshp\curseforge\minecraft\Instances\Alive Dev\saves\Desire Paths\datapacks\gstools\data\minecraft\function\cursor\chunk\forceload\3\2\2\2\4\
	    New File  		    1452	seek_depth_5.mcfunction
	  New Dir          1	C:\Users\joshp\curseforge\minecraft\Instances\Alive Dev\saves\Desire Paths\datapacks\gstools\data\minecraft\function\cursor\chunk\forceload\3\2\2\3\
	    New File  		     765	seek_depth_4.mcfunction
	  New Dir          1	C:\Users\joshp\curseforge\minecraft\Instances\Alive Dev\saves\Desire Paths\datapacks\gstools\data\minecraft\function\cursor\chunk\forceload\3\2\2\3\1\
	    New File  		     734	seek_depth_5.mcfunction
	  New Dir          1	C:\Users\joshp\curseforge\minecraft\Instances\Alive Dev\saves\Desire Paths\datapacks\gstools\data\minecraft\function\cursor\chunk\forceload\3\2\2\3\2\
	    New File  		     375	seek_depth_5.mcfunction
	  New Dir          1	C:\Users\joshp\curseforge\minecraft\Instances\Alive Dev\saves\Desire Paths\datapacks\gstools\data\minecraft\function\cursor\chunk\forceload\3\2\2\3\3\
	    New File  		     734	seek_depth_5.mcfunction
	  New Dir          1	C:\Users\joshp\curseforge\minecraft\Instances\Alive Dev\saves\Desire Paths\datapacks\gstools\data\minecraft\function\cursor\chunk\forceload\3\2\2\3\4\
	    New File  		    1452	seek_depth_5.mcfunction
	  New Dir          1	C:\Users\joshp\curseforge\minecraft\Instances\Alive Dev\saves\Desire Paths\datapacks\gstools\data\minecraft\function\cursor\chunk\forceload\3\2\2\4\
	    New File  		     765	seek_depth_4.mcfunction
	  New Dir          1	C:\Users\joshp\curseforge\minecraft\Instances\Alive Dev\saves\Desire Paths\datapacks\gstools\data\minecraft\function\cursor\chunk\forceload\3\2\2\4\1\
	    New File  		     734	seek_depth_5.mcfunction
	  New Dir          1	C:\Users\joshp\curseforge\minecraft\Instances\Alive Dev\saves\Desire Paths\datapacks\gstools\data\minecraft\function\cursor\chunk\forceload\3\2\2\4\2\
	    New File  		     375	seek_depth_5.mcfunction
	  New Dir          1	C:\Users\joshp\curseforge\minecraft\Instances\Alive Dev\saves\Desire Paths\datapacks\gstools\data\minecraft\function\cursor\chunk\forceload\3\2\2\4\3\
	    New File  		     734	seek_depth_5.mcfunction
	  New Dir          1	C:\Users\joshp\curseforge\minecraft\Instances\Alive Dev\saves\Desire Paths\datapacks\gstools\data\minecraft\function\cursor\chunk\forceload\3\2\2\4\4\
	    New File  		    1452	seek_depth_5.mcfunction
	  New Dir          1	C:\Users\joshp\curseforge\minecraft\Instances\Alive Dev\saves\Desire Paths\datapacks\gstools\data\minecraft\function\cursor\chunk\forceload\3\2\3\
	    New File  		     757	seek_depth_3.mcfunction
	  New Dir          1	C:\Users\joshp\curseforge\minecraft\Instances\Alive Dev\saves\Desire Paths\datapacks\gstools\data\minecraft\function\cursor\chunk\forceload\3\2\3\1\
	    New File  		     765	seek_depth_4.mcfunction
	  New Dir          1	C:\Users\joshp\curseforge\minecraft\Instances\Alive Dev\saves\Desire Paths\datapacks\gstools\data\minecraft\function\cursor\chunk\forceload\3\2\3\1\1\
	    New File  		     734	seek_depth_5.mcfunction
	  New Dir          1	C:\Users\joshp\curseforge\minecraft\Instances\Alive Dev\saves\Desire Paths\datapacks\gstools\data\minecraft\function\cursor\chunk\forceload\3\2\3\1\2\
	    New File  		     375	seek_depth_5.mcfunction
	  New Dir          1	C:\Users\joshp\curseforge\minecraft\Instances\Alive Dev\saves\Desire Paths\datapacks\gstools\data\minecraft\function\cursor\chunk\forceload\3\2\3\1\3\
	    New File  		     742	seek_depth_5.mcfunction
	  New Dir          1	C:\Users\joshp\curseforge\minecraft\Instances\Alive Dev\saves\Desire Paths\datapacks\gstools\data\minecraft\function\cursor\chunk\forceload\3\2\3\1\4\
	    New File  		    1468	seek_depth_5.mcfunction
	  New Dir          1	C:\Users\joshp\curseforge\minecraft\Instances\Alive Dev\saves\Desire Paths\datapacks\gstools\data\minecraft\function\cursor\chunk\forceload\3\2\3\2\
	    New File  		     765	seek_depth_4.mcfunction
	  New Dir          1	C:\Users\joshp\curseforge\minecraft\Instances\Alive Dev\saves\Desire Paths\datapacks\gstools\data\minecraft\function\cursor\chunk\forceload\3\2\3\2\1\
	    New File  		     734	seek_depth_5.mcfunction
	  New Dir          1	C:\Users\joshp\curseforge\minecraft\Instances\Alive Dev\saves\Desire Paths\datapacks\gstools\data\minecraft\function\cursor\chunk\forceload\3\2\3\2\2\
	    New File  		     375	seek_depth_5.mcfunction
	  New Dir          1	C:\Users\joshp\curseforge\minecraft\Instances\Alive Dev\saves\Desire Paths\datapacks\gstools\data\minecraft\function\cursor\chunk\forceload\3\2\3\2\3\
	    New File  		     742	seek_depth_5.mcfunction
	  New Dir          1	C:\Users\joshp\curseforge\minecraft\Instances\Alive Dev\saves\Desire Paths\datapacks\gstools\data\minecraft\function\cursor\chunk\forceload\3\2\3\2\4\
	    New File  		    1468	seek_depth_5.mcfunction
	  New Dir          1	C:\Users\joshp\curseforge\minecraft\Instances\Alive Dev\saves\Desire Paths\datapacks\gstools\data\minecraft\function\cursor\chunk\forceload\3\2\3\3\
	    New File  		     765	seek_depth_4.mcfunction
	  New Dir          1	C:\Users\joshp\curseforge\minecraft\Instances\Alive Dev\saves\Desire Paths\datapacks\gstools\data\minecraft\function\cursor\chunk\forceload\3\2\3\3\1\
	    New File  		    1468	seek_depth_5.mcfunction
	  New Dir          1	C:\Users\joshp\curseforge\minecraft\Instances\Alive Dev\saves\Desire Paths\datapacks\gstools\data\minecraft\function\cursor\chunk\forceload\3\2\3\3\2\
	    New File  		     742	seek_depth_5.mcfunction
	  New Dir          1	C:\Users\joshp\curseforge\minecraft\Instances\Alive Dev\saves\Desire Paths\datapacks\gstools\data\minecraft\function\cursor\chunk\forceload\3\2\3\3\3\
	    New File  		     742	seek_depth_5.mcfunction
	  New Dir          1	C:\Users\joshp\curseforge\minecraft\Instances\Alive Dev\saves\Desire Paths\datapacks\gstools\data\minecraft\function\cursor\chunk\forceload\3\2\3\3\4\
	    New File  		    1468	seek_depth_5.mcfunction
	  New Dir          1	C:\Users\joshp\curseforge\minecraft\Instances\Alive Dev\saves\Desire Paths\datapacks\gstools\data\minecraft\function\cursor\chunk\forceload\3\2\3\4\
	    New File  		     765	seek_depth_4.mcfunction
	  New Dir          1	C:\Users\joshp\curseforge\minecraft\Instances\Alive Dev\saves\Desire Paths\datapacks\gstools\data\minecraft\function\cursor\chunk\forceload\3\2\3\4\1\
	    New File  		    1468	seek_depth_5.mcfunction
	  New Dir          1	C:\Users\joshp\curseforge\minecraft\Instances\Alive Dev\saves\Desire Paths\datapacks\gstools\data\minecraft\function\cursor\chunk\forceload\3\2\3\4\2\
	    New File  		     742	seek_depth_5.mcfunction
	  New Dir          1	C:\Users\joshp\curseforge\minecraft\Instances\Alive Dev\saves\Desire Paths\datapacks\gstools\data\minecraft\function\cursor\chunk\forceload\3\2\3\4\3\
	    New File  		     742	seek_depth_5.mcfunction
	  New Dir          1	C:\Users\joshp\curseforge\minecraft\Instances\Alive Dev\saves\Desire Paths\datapacks\gstools\data\minecraft\function\cursor\chunk\forceload\3\2\3\4\4\
	    New File  		    1468	seek_depth_5.mcfunction
	  New Dir          1	C:\Users\joshp\curseforge\minecraft\Instances\Alive Dev\saves\Desire Paths\datapacks\gstools\data\minecraft\function\cursor\chunk\forceload\3\2\4\
	    New File  		     757	seek_depth_3.mcfunction
	  New Dir          1	C:\Users\joshp\curseforge\minecraft\Instances\Alive Dev\saves\Desire Paths\datapacks\gstools\data\minecraft\function\cursor\chunk\forceload\3\2\4\1\
	    New File  		     765	seek_depth_4.mcfunction
	  New Dir          1	C:\Users\joshp\curseforge\minecraft\Instances\Alive Dev\saves\Desire Paths\datapacks\gstools\data\minecraft\function\cursor\chunk\forceload\3\2\4\1\1\
	    New File  		     734	seek_depth_5.mcfunction
	  New Dir          1	C:\Users\joshp\curseforge\minecraft\Instances\Alive Dev\saves\Desire Paths\datapacks\gstools\data\minecraft\function\cursor\chunk\forceload\3\2\4\1\2\
	    New File  		     734	seek_depth_5.mcfunction
	  New Dir          1	C:\Users\joshp\curseforge\minecraft\Instances\Alive Dev\saves\Desire Paths\datapacks\gstools\data\minecraft\function\cursor\chunk\forceload\3\2\4\1\3\
	    New File  		    1468	seek_depth_5.mcfunction
	  New Dir          1	C:\Users\joshp\curseforge\minecraft\Instances\Alive Dev\saves\Desire Paths\datapacks\gstools\data\minecraft\function\cursor\chunk\forceload\3\2\4\1\4\
	    New File  		    1468	seek_depth_5.mcfunction
	  New Dir          1	C:\Users\joshp\curseforge\minecraft\Instances\Alive Dev\saves\Desire Paths\datapacks\gstools\data\minecraft\function\cursor\chunk\forceload\3\2\4\2\
	    New File  		     765	seek_depth_4.mcfunction
	  New Dir          1	C:\Users\joshp\curseforge\minecraft\Instances\Alive Dev\saves\Desire Paths\datapacks\gstools\data\minecraft\function\cursor\chunk\forceload\3\2\4\2\1\
	    New File  		     734	seek_depth_5.mcfunction
	  New Dir          1	C:\Users\joshp\curseforge\minecraft\Instances\Alive Dev\saves\Desire Paths\datapacks\gstools\data\minecraft\function\cursor\chunk\forceload\3\2\4\2\2\
	    New File  		     375	seek_depth_5.mcfunction
	  New Dir          1	C:\Users\joshp\curseforge\minecraft\Instances\Alive Dev\saves\Desire Paths\datapacks\gstools\data\minecraft\function\cursor\chunk\forceload\3\2\4\2\3\
	    New File  		     742	seek_depth_5.mcfunction
	  New Dir          1	C:\Users\joshp\curseforge\minecraft\Instances\Alive Dev\saves\Desire Paths\datapacks\gstools\data\minecraft\function\cursor\chunk\forceload\3\2\4\2\4\
	    New File  		    1468	seek_depth_5.mcfunction
	  New Dir          1	C:\Users\joshp\curseforge\minecraft\Instances\Alive Dev\saves\Desire Paths\datapacks\gstools\data\minecraft\function\cursor\chunk\forceload\3\2\4\3\
	    New File  		     765	seek_depth_4.mcfunction
	  New Dir          1	C:\Users\joshp\curseforge\minecraft\Instances\Alive Dev\saves\Desire Paths\datapacks\gstools\data\minecraft\function\cursor\chunk\forceload\3\2\4\3\1\
	    New File  		    1468	seek_depth_5.mcfunction
	  New Dir          1	C:\Users\joshp\curseforge\minecraft\Instances\Alive Dev\saves\Desire Paths\datapacks\gstools\data\minecraft\function\cursor\chunk\forceload\3\2\4\3\2\
	    New File  		     742	seek_depth_5.mcfunction
	  New Dir          1	C:\Users\joshp\curseforge\minecraft\Instances\Alive Dev\saves\Desire Paths\datapacks\gstools\data\minecraft\function\cursor\chunk\forceload\3\2\4\3\3\
	    New File  		     742	seek_depth_5.mcfunction
	  New Dir          1	C:\Users\joshp\curseforge\minecraft\Instances\Alive Dev\saves\Desire Paths\datapacks\gstools\data\minecraft\function\cursor\chunk\forceload\3\2\4\3\4\
	    New File  		    1468	seek_depth_5.mcfunction
	  New Dir          1	C:\Users\joshp\curseforge\minecraft\Instances\Alive Dev\saves\Desire Paths\datapacks\gstools\data\minecraft\function\cursor\chunk\forceload\3\2\4\4\
	    New File  		     765	seek_depth_4.mcfunction
	  New Dir          1	C:\Users\joshp\curseforge\minecraft\Instances\Alive Dev\saves\Desire Paths\datapacks\gstools\data\minecraft\function\cursor\chunk\forceload\3\2\4\4\1\
	    New File  		    1468	seek_depth_5.mcfunction
	  New Dir          1	C:\Users\joshp\curseforge\minecraft\Instances\Alive Dev\saves\Desire Paths\datapacks\gstools\data\minecraft\function\cursor\chunk\forceload\3\2\4\4\2\
	    New File  		    1468	seek_depth_5.mcfunction
	  New Dir          1	C:\Users\joshp\curseforge\minecraft\Instances\Alive Dev\saves\Desire Paths\datapacks\gstools\data\minecraft\function\cursor\chunk\forceload\3\2\4\4\3\
	    New File  		    1468	seek_depth_5.mcfunction
	  New Dir          1	C:\Users\joshp\curseforge\minecraft\Instances\Alive Dev\saves\Desire Paths\datapacks\gstools\data\minecraft\function\cursor\chunk\forceload\3\2\4\4\4\
	    New File  		    1468	seek_depth_5.mcfunction
	  New Dir          1	C:\Users\joshp\curseforge\minecraft\Instances\Alive Dev\saves\Desire Paths\datapacks\gstools\data\minecraft\function\cursor\chunk\forceload\3\3\
	    New File  		     749	seek_depth_2.mcfunction
	  New Dir          1	C:\Users\joshp\curseforge\minecraft\Instances\Alive Dev\saves\Desire Paths\datapacks\gstools\data\minecraft\function\cursor\chunk\forceload\3\3\1\
	    New File  		     757	seek_depth_3.mcfunction
	  New Dir          1	C:\Users\joshp\curseforge\minecraft\Instances\Alive Dev\saves\Desire Paths\datapacks\gstools\data\minecraft\function\cursor\chunk\forceload\3\3\1\1\
	    New File  		     765	seek_depth_4.mcfunction
	  New Dir          1	C:\Users\joshp\curseforge\minecraft\Instances\Alive Dev\saves\Desire Paths\datapacks\gstools\data\minecraft\function\cursor\chunk\forceload\3\3\1\1\1\
	    New File  		     742	seek_depth_5.mcfunction
	  New Dir          1	C:\Users\joshp\curseforge\minecraft\Instances\Alive Dev\saves\Desire Paths\datapacks\gstools\data\minecraft\function\cursor\chunk\forceload\3\3\1\1\2\
	    New File  		     742	seek_depth_5.mcfunction
	  New Dir          1	C:\Users\joshp\curseforge\minecraft\Instances\Alive Dev\saves\Desire Paths\datapacks\gstools\data\minecraft\function\cursor\chunk\forceload\3\3\1\1\3\
	    New File  		    1468	seek_depth_5.mcfunction
	  New Dir          1	C:\Users\joshp\curseforge\minecraft\Instances\Alive Dev\saves\Desire Paths\datapacks\gstools\data\minecraft\function\cursor\chunk\forceload\3\3\1\1\4\
	    New File  		    1468	seek_depth_5.mcfunction
	  New Dir          1	C:\Users\joshp\curseforge\minecraft\Instances\Alive Dev\saves\Desire Paths\datapacks\gstools\data\minecraft\function\cursor\chunk\forceload\3\3\1\2\
	    New File  		     765	seek_depth_4.mcfunction
	  New Dir          1	C:\Users\joshp\curseforge\minecraft\Instances\Alive Dev\saves\Desire Paths\datapacks\gstools\data\minecraft\function\cursor\chunk\forceload\3\3\1\2\1\
	    New File  		     742	seek_depth_5.mcfunction
	  New Dir          1	C:\Users\joshp\curseforge\minecraft\Instances\Alive Dev\saves\Desire Paths\datapacks\gstools\data\minecraft\function\cursor\chunk\forceload\3\3\1\2\2\
	    New File  		     379	seek_depth_5.mcfunction
	  New Dir          1	C:\Users\joshp\curseforge\minecraft\Instances\Alive Dev\saves\Desire Paths\datapacks\gstools\data\minecraft\function\cursor\chunk\forceload\3\3\1\2\3\
	    New File  		     742	seek_depth_5.mcfunction
	  New Dir          1	C:\Users\joshp\curseforge\minecraft\Instances\Alive Dev\saves\Desire Paths\datapacks\gstools\data\minecraft\function\cursor\chunk\forceload\3\3\1\2\4\
	    New File  		    1468	seek_depth_5.mcfunction
	  New Dir          1	C:\Users\joshp\curseforge\minecraft\Instances\Alive Dev\saves\Desire Paths\datapacks\gstools\data\minecraft\function\cursor\chunk\forceload\3\3\1\3\
	    New File  		     765	seek_depth_4.mcfunction
	  New Dir          1	C:\Users\joshp\curseforge\minecraft\Instances\Alive Dev\saves\Desire Paths\datapacks\gstools\data\minecraft\function\cursor\chunk\forceload\3\3\1\3\1\
	    New File  		    1468	seek_depth_5.mcfunction
	  New Dir          1	C:\Users\joshp\curseforge\minecraft\Instances\Alive Dev\saves\Desire Paths\datapacks\gstools\data\minecraft\function\cursor\chunk\forceload\3\3\1\3\2\
	    New File  		     742	seek_depth_5.mcfunction
	  New Dir          1	C:\Users\joshp\curseforge\minecraft\Instances\Alive Dev\saves\Desire Paths\datapacks\gstools\data\minecraft\function\cursor\chunk\forceload\3\3\1\3\3\
	    New File  		     742	seek_depth_5.mcfunction
	  New Dir          1	C:\Users\joshp\curseforge\minecraft\Instances\Alive Dev\saves\Desire Paths\datapacks\gstools\data\minecraft\function\cursor\chunk\forceload\3\3\1\3\4\
	    New File  		    1468	seek_depth_5.mcfunction
	  New Dir          1	C:\Users\joshp\curseforge\minecraft\Instances\Alive Dev\saves\Desire Paths\datapacks\gstools\data\minecraft\function\cursor\chunk\forceload\3\3\1\4\
	    New File  		     765	seek_depth_4.mcfunction
	  New Dir          1	C:\Users\joshp\curseforge\minecraft\Instances\Alive Dev\saves\Desire Paths\datapacks\gstools\data\minecraft\function\cursor\chunk\forceload\3\3\1\4\1\
	    New File  		    1468	seek_depth_5.mcfunction
	  New Dir          1	C:\Users\joshp\curseforge\minecraft\Instances\Alive Dev\saves\Desire Paths\datapacks\gstools\data\minecraft\function\cursor\chunk\forceload\3\3\1\4\2\
	    New File  		    1468	seek_depth_5.mcfunction
	  New Dir          1	C:\Users\joshp\curseforge\minecraft\Instances\Alive Dev\saves\Desire Paths\datapacks\gstools\data\minecraft\function\cursor\chunk\forceload\3\3\1\4\3\
	    New File  		    1468	seek_depth_5.mcfunction
	  New Dir          1	C:\Users\joshp\curseforge\minecraft\Instances\Alive Dev\saves\Desire Paths\datapacks\gstools\data\minecraft\function\cursor\chunk\forceload\3\3\1\4\4\
	    New File  		    1468	seek_depth_5.mcfunction
	  New Dir          1	C:\Users\joshp\curseforge\minecraft\Instances\Alive Dev\saves\Desire Paths\datapacks\gstools\data\minecraft\function\cursor\chunk\forceload\3\3\2\
	    New File  		     757	seek_depth_3.mcfunction
	  New Dir          1	C:\Users\joshp\curseforge\minecraft\Instances\Alive Dev\saves\Desire Paths\datapacks\gstools\data\minecraft\function\cursor\chunk\forceload\3\3\2\1\
	    New File  		     765	seek_depth_4.mcfunction
	  New Dir          1	C:\Users\joshp\curseforge\minecraft\Instances\Alive Dev\saves\Desire Paths\datapacks\gstools\data\minecraft\function\cursor\chunk\forceload\3\3\2\1\1\
	    New File  		     742	seek_depth_5.mcfunction
	  New Dir          1	C:\Users\joshp\curseforge\minecraft\Instances\Alive Dev\saves\Desire Paths\datapacks\gstools\data\minecraft\function\cursor\chunk\forceload\3\3\2\1\2\
	    New File  		     379	seek_depth_5.mcfunction
	  New Dir          1	C:\Users\joshp\curseforge\minecraft\Instances\Alive Dev\saves\Desire Paths\datapacks\gstools\data\minecraft\function\cursor\chunk\forceload\3\3\2\1\3\
	    New File  		     742	seek_depth_5.mcfunction
	  New Dir          1	C:\Users\joshp\curseforge\minecraft\Instances\Alive Dev\saves\Desire Paths\datapacks\gstools\data\minecraft\function\cursor\chunk\forceload\3\3\2\1\4\
	    New File  		    1468	seek_depth_5.mcfunction
	  New Dir          1	C:\Users\joshp\curseforge\minecraft\Instances\Alive Dev\saves\Desire Paths\datapacks\gstools\data\minecraft\function\cursor\chunk\forceload\3\3\2\2\
	    New File  		     765	seek_depth_4.mcfunction
	  New Dir          1	C:\Users\joshp\curseforge\minecraft\Instances\Alive Dev\saves\Desire Paths\datapacks\gstools\data\minecraft\function\cursor\chunk\forceload\3\3\2\2\1\
	    New File  		     742	seek_depth_5.mcfunction
	  New Dir          1	C:\Users\joshp\curseforge\minecraft\Instances\Alive Dev\saves\Desire Paths\datapacks\gstools\data\minecraft\function\cursor\chunk\forceload\3\3\2\2\2\
	    New File  		     379	seek_depth_5.mcfunction
	  New Dir          1	C:\Users\joshp\curseforge\minecraft\Instances\Alive Dev\saves\Desire Paths\datapacks\gstools\data\minecraft\function\cursor\chunk\forceload\3\3\2\2\3\
	    New File  		     742	seek_depth_5.mcfunction
	  New Dir          1	C:\Users\joshp\curseforge\minecraft\Instances\Alive Dev\saves\Desire Paths\datapacks\gstools\data\minecraft\function\cursor\chunk\forceload\3\3\2\2\4\
	    New File  		    1468	seek_depth_5.mcfunction
	  New Dir          1	C:\Users\joshp\curseforge\minecraft\Instances\Alive Dev\saves\Desire Paths\datapacks\gstools\data\minecraft\function\cursor\chunk\forceload\3\3\2\3\
	    New File  		     765	seek_depth_4.mcfunction
	  New Dir          1	C:\Users\joshp\curseforge\minecraft\Instances\Alive Dev\saves\Desire Paths\datapacks\gstools\data\minecraft\function\cursor\chunk\forceload\3\3\2\3\1\
	    New File  		    1468	seek_depth_5.mcfunction
	  New Dir          1	C:\Users\joshp\curseforge\minecraft\Instances\Alive Dev\saves\Desire Paths\datapacks\gstools\data\minecraft\function\cursor\chunk\forceload\3\3\2\3\2\
	    New File  		     742	seek_depth_5.mcfunction
	  New Dir          1	C:\Users\joshp\curseforge\minecraft\Instances\Alive Dev\saves\Desire Paths\datapacks\gstools\data\minecraft\function\cursor\chunk\forceload\3\3\2\3\3\
	    New File  		     742	seek_depth_5.mcfunction
	  New Dir          1	C:\Users\joshp\curseforge\minecraft\Instances\Alive Dev\saves\Desire Paths\datapacks\gstools\data\minecraft\function\cursor\chunk\forceload\3\3\2\3\4\
	    New File  		    1468	seek_depth_5.mcfunction
	  New Dir          1	C:\Users\joshp\curseforge\minecraft\Instances\Alive Dev\saves\Desire Paths\datapacks\gstools\data\minecraft\function\cursor\chunk\forceload\3\3\2\4\
	    New File  		     765	seek_depth_4.mcfunction
	  New Dir          1	C:\Users\joshp\curseforge\minecraft\Instances\Alive Dev\saves\Desire Paths\datapacks\gstools\data\minecraft\function\cursor\chunk\forceload\3\3\2\4\1\
	    New File  		    1468	seek_depth_5.mcfunction
	  New Dir          1	C:\Users\joshp\curseforge\minecraft\Instances\Alive Dev\saves\Desire Paths\datapacks\gstools\data\minecraft\function\cursor\chunk\forceload\3\3\2\4\2\
	    New File  		     742	seek_depth_5.mcfunction
	  New Dir          1	C:\Users\joshp\curseforge\minecraft\Instances\Alive Dev\saves\Desire Paths\datapacks\gstools\data\minecraft\function\cursor\chunk\forceload\3\3\2\4\3\
	    New File  		     742	seek_depth_5.mcfunction
	  New Dir          1	C:\Users\joshp\curseforge\minecraft\Instances\Alive Dev\saves\Desire Paths\datapacks\gstools\data\minecraft\function\cursor\chunk\forceload\3\3\2\4\4\
	    New File  		    1468	seek_depth_5.mcfunction
	  New Dir          1	C:\Users\joshp\curseforge\minecraft\Instances\Alive Dev\saves\Desire Paths\datapacks\gstools\data\minecraft\function\cursor\chunk\forceload\3\3\3\
	    New File  		     757	seek_depth_3.mcfunction
	  New Dir          1	C:\Users\joshp\curseforge\minecraft\Instances\Alive Dev\saves\Desire Paths\datapacks\gstools\data\minecraft\function\cursor\chunk\forceload\3\3\3\1\
	    New File  		     765	seek_depth_4.mcfunction
	  New Dir          1	C:\Users\joshp\curseforge\minecraft\Instances\Alive Dev\saves\Desire Paths\datapacks\gstools\data\minecraft\function\cursor\chunk\forceload\3\3\3\1\1\
	    New File  		     742	seek_depth_5.mcfunction
	  New Dir          1	C:\Users\joshp\curseforge\minecraft\Instances\Alive Dev\saves\Desire Paths\datapacks\gstools\data\minecraft\function\cursor\chunk\forceload\3\3\3\1\2\
	    New File  		     379	seek_depth_5.mcfunction
	  New Dir          1	C:\Users\joshp\curseforge\minecraft\Instances\Alive Dev\saves\Desire Paths\datapacks\gstools\data\minecraft\function\cursor\chunk\forceload\3\3\3\1\3\
	    New File  		     742	seek_depth_5.mcfunction
	  New Dir          1	C:\Users\joshp\curseforge\minecraft\Instances\Alive Dev\saves\Desire Paths\datapacks\gstools\data\minecraft\function\cursor\chunk\forceload\3\3\3\1\4\
	    New File  		    1468	seek_depth_5.mcfunction
	  New Dir          1	C:\Users\joshp\curseforge\minecraft\Instances\Alive Dev\saves\Desire Paths\datapacks\gstools\data\minecraft\function\cursor\chunk\forceload\3\3\3\2\
	    New File  		     765	seek_depth_4.mcfunction
	  New Dir          1	C:\Users\joshp\curseforge\minecraft\Instances\Alive Dev\saves\Desire Paths\datapacks\gstools\data\minecraft\function\cursor\chunk\forceload\3\3\3\2\1\
	    New File  		     742	seek_depth_5.mcfunction
	  New Dir          1	C:\Users\joshp\curseforge\minecraft\Instances\Alive Dev\saves\Desire Paths\datapacks\gstools\data\minecraft\function\cursor\chunk\forceload\3\3\3\2\2\
	    New File  		     379	seek_depth_5.mcfunction
	  New Dir          1	C:\Users\joshp\curseforge\minecraft\Instances\Alive Dev\saves\Desire Paths\datapacks\gstools\data\minecraft\function\cursor\chunk\forceload\3\3\3\2\3\
	    New File  		     742	seek_depth_5.mcfunction
	  New Dir          1	C:\Users\joshp\curseforge\minecraft\Instances\Alive Dev\saves\Desire Paths\datapacks\gstools\data\minecraft\function\cursor\chunk\forceload\3\3\3\2\4\
	    New File  		    1468	seek_depth_5.mcfunction
	  New Dir          1	C:\Users\joshp\curseforge\minecraft\Instances\Alive Dev\saves\Desire Paths\datapacks\gstools\data\minecraft\function\cursor\chunk\forceload\3\3\3\3\
	    New File  		     765	seek_depth_4.mcfunction
	  New Dir          1	C:\Users\joshp\curseforge\minecraft\Instances\Alive Dev\saves\Desire Paths\datapacks\gstools\data\minecraft\function\cursor\chunk\forceload\3\3\3\3\1\
	    New File  		    1468	seek_depth_5.mcfunction
	  New Dir          1	C:\Users\joshp\curseforge\minecraft\Instances\Alive Dev\saves\Desire Paths\datapacks\gstools\data\minecraft\function\cursor\chunk\forceload\3\3\3\3\2\
	    New File  		     742	seek_depth_5.mcfunction
	  New Dir          1	C:\Users\joshp\curseforge\minecraft\Instances\Alive Dev\saves\Desire Paths\datapacks\gstools\data\minecraft\function\cursor\chunk\forceload\3\3\3\3\3\
	    New File  		     742	seek_depth_5.mcfunction
	  New Dir          1	C:\Users\joshp\curseforge\minecraft\Instances\Alive Dev\saves\Desire Paths\datapacks\gstools\data\minecraft\function\cursor\chunk\forceload\3\3\3\3\4\
	    New File  		    1468	seek_depth_5.mcfunction
	  New Dir          1	C:\Users\joshp\curseforge\minecraft\Instances\Alive Dev\saves\Desire Paths\datapacks\gstools\data\minecraft\function\cursor\chunk\forceload\3\3\3\4\
	    New File  		     765	seek_depth_4.mcfunction
	  New Dir          1	C:\Users\joshp\curseforge\minecraft\Instances\Alive Dev\saves\Desire Paths\datapacks\gstools\data\minecraft\function\cursor\chunk\forceload\3\3\3\4\1\
	    New File  		    1468	seek_depth_5.mcfunction
	  New Dir          1	C:\Users\joshp\curseforge\minecraft\Instances\Alive Dev\saves\Desire Paths\datapacks\gstools\data\minecraft\function\cursor\chunk\forceload\3\3\3\4\2\
	    New File  		     742	seek_depth_5.mcfunction
	  New Dir          1	C:\Users\joshp\curseforge\minecraft\Instances\Alive Dev\saves\Desire Paths\datapacks\gstools\data\minecraft\function\cursor\chunk\forceload\3\3\3\4\3\
	    New File  		     742	seek_depth_5.mcfunction
	  New Dir          1	C:\Users\joshp\curseforge\minecraft\Instances\Alive Dev\saves\Desire Paths\datapacks\gstools\data\minecraft\function\cursor\chunk\forceload\3\3\3\4\4\
	    New File  		    1468	seek_depth_5.mcfunction
	  New Dir          1	C:\Users\joshp\curseforge\minecraft\Instances\Alive Dev\saves\Desire Paths\datapacks\gstools\data\minecraft\function\cursor\chunk\forceload\3\3\4\
	    New File  		     757	seek_depth_3.mcfunction
	  New Dir          1	C:\Users\joshp\curseforge\minecraft\Instances\Alive Dev\saves\Desire Paths\datapacks\gstools\data\minecraft\function\cursor\chunk\forceload\3\3\4\1\
	    New File  		     765	seek_depth_4.mcfunction
	  New Dir          1	C:\Users\joshp\curseforge\minecraft\Instances\Alive Dev\saves\Desire Paths\datapacks\gstools\data\minecraft\function\cursor\chunk\forceload\3\3\4\1\1\
	    New File  		     742	seek_depth_5.mcfunction
	  New Dir          1	C:\Users\joshp\curseforge\minecraft\Instances\Alive Dev\saves\Desire Paths\datapacks\gstools\data\minecraft\function\cursor\chunk\forceload\3\3\4\1\2\
	    New File  		     742	seek_depth_5.mcfunction
	  New Dir          1	C:\Users\joshp\curseforge\minecraft\Instances\Alive Dev\saves\Desire Paths\datapacks\gstools\data\minecraft\function\cursor\chunk\forceload\3\3\4\1\3\
	    New File  		    1468	seek_depth_5.mcfunction
	  New Dir          1	C:\Users\joshp\curseforge\minecraft\Instances\Alive Dev\saves\Desire Paths\datapacks\gstools\data\minecraft\function\cursor\chunk\forceload\3\3\4\1\4\
	    New File  		    1468	seek_depth_5.mcfunction
	  New Dir          1	C:\Users\joshp\curseforge\minecraft\Instances\Alive Dev\saves\Desire Paths\datapacks\gstools\data\minecraft\function\cursor\chunk\forceload\3\3\4\2\
	    New File  		     765	seek_depth_4.mcfunction
	  New Dir          1	C:\Users\joshp\curseforge\minecraft\Instances\Alive Dev\saves\Desire Paths\datapacks\gstools\data\minecraft\function\cursor\chunk\forceload\3\3\4\2\1\
	    New File  		     742	seek_depth_5.mcfunction
	  New Dir          1	C:\Users\joshp\curseforge\minecraft\Instances\Alive Dev\saves\Desire Paths\datapacks\gstools\data\minecraft\function\cursor\chunk\forceload\3\3\4\2\2\
	    New File  		     379	seek_depth_5.mcfunction
	  New Dir          1	C:\Users\joshp\curseforge\minecraft\Instances\Alive Dev\saves\Desire Paths\datapacks\gstools\data\minecraft\function\cursor\chunk\forceload\3\3\4\2\3\
	    New File  		     742	seek_depth_5.mcfunction
	  New Dir          1	C:\Users\joshp\curseforge\minecraft\Instances\Alive Dev\saves\Desire Paths\datapacks\gstools\data\minecraft\function\cursor\chunk\forceload\3\3\4\2\4\
	    New File  		    1468	seek_depth_5.mcfunction
	  New Dir          1	C:\Users\joshp\curseforge\minecraft\Instances\Alive Dev\saves\Desire Paths\datapacks\gstools\data\minecraft\function\cursor\chunk\forceload\3\3\4\3\
	    New File  		     765	seek_depth_4.mcfunction
	  New Dir          1	C:\Users\joshp\curseforge\minecraft\Instances\Alive Dev\saves\Desire Paths\datapacks\gstools\data\minecraft\function\cursor\chunk\forceload\3\3\4\3\1\
	    New File  		    1468	seek_depth_5.mcfunction
	  New Dir          1	C:\Users\joshp\curseforge\minecraft\Instances\Alive Dev\saves\Desire Paths\datapacks\gstools\data\minecraft\function\cursor\chunk\forceload\3\3\4\3\2\
	    New File  		     742	seek_depth_5.mcfunction
	  New Dir          1	C:\Users\joshp\curseforge\minecraft\Instances\Alive Dev\saves\Desire Paths\datapacks\gstools\data\minecraft\function\cursor\chunk\forceload\3\3\4\3\3\
	    New File  		     742	seek_depth_5.mcfunction
	  New Dir          1	C:\Users\joshp\curseforge\minecraft\Instances\Alive Dev\saves\Desire Paths\datapacks\gstools\data\minecraft\function\cursor\chunk\forceload\3\3\4\3\4\
	    New File  		    1468	seek_depth_5.mcfunction
	  New Dir          1	C:\Users\joshp\curseforge\minecraft\Instances\Alive Dev\saves\Desire Paths\datapacks\gstools\data\minecraft\function\cursor\chunk\forceload\3\3\4\4\
	    New File  		     765	seek_depth_4.mcfunction
	  New Dir          1	C:\Users\joshp\curseforge\minecraft\Instances\Alive Dev\saves\Desire Paths\datapacks\gstools\data\minecraft\function\cursor\chunk\forceload\3\3\4\4\1\
	    New File  		    1468	seek_depth_5.mcfunction
	  New Dir          1	C:\Users\joshp\curseforge\minecraft\Instances\Alive Dev\saves\Desire Paths\datapacks\gstools\data\minecraft\function\cursor\chunk\forceload\3\3\4\4\2\
	    New File  		    1468	seek_depth_5.mcfunction
	  New Dir          1	C:\Users\joshp\curseforge\minecraft\Instances\Alive Dev\saves\Desire Paths\datapacks\gstools\data\minecraft\function\cursor\chunk\forceload\3\3\4\4\3\
	    New File  		    1468	seek_depth_5.mcfunction
	  New Dir          1	C:\Users\joshp\curseforge\minecraft\Instances\Alive Dev\saves\Desire Paths\datapacks\gstools\data\minecraft\function\cursor\chunk\forceload\3\3\4\4\4\
	    New File  		    1468	seek_depth_5.mcfunction
	  New Dir          1	C:\Users\joshp\curseforge\minecraft\Instances\Alive Dev\saves\Desire Paths\datapacks\gstools\data\minecraft\function\cursor\chunk\forceload\3\4\
	    New File  		     749	seek_depth_2.mcfunction
	  New Dir          1	C:\Users\joshp\curseforge\minecraft\Instances\Alive Dev\saves\Desire Paths\datapacks\gstools\data\minecraft\function\cursor\chunk\forceload\3\4\1\
	    New File  		     757	seek_depth_3.mcfunction
	  New Dir          1	C:\Users\joshp\curseforge\minecraft\Instances\Alive Dev\saves\Desire Paths\datapacks\gstools\data\minecraft\function\cursor\chunk\forceload\3\4\1\1\
	    New File  		     765	seek_depth_4.mcfunction
	  New Dir          1	C:\Users\joshp\curseforge\minecraft\Instances\Alive Dev\saves\Desire Paths\datapacks\gstools\data\minecraft\function\cursor\chunk\forceload\3\4\1\1\1\
	    New File  		     734	seek_depth_5.mcfunction
	  New Dir          1	C:\Users\joshp\curseforge\minecraft\Instances\Alive Dev\saves\Desire Paths\datapacks\gstools\data\minecraft\function\cursor\chunk\forceload\3\4\1\1\2\
	    New File  		     734	seek_depth_5.mcfunction
	  New Dir          1	C:\Users\joshp\curseforge\minecraft\Instances\Alive Dev\saves\Desire Paths\datapacks\gstools\data\minecraft\function\cursor\chunk\forceload\3\4\1\1\3\
	    New File  		    1452	seek_depth_5.mcfunction
	  New Dir          1	C:\Users\joshp\curseforge\minecraft\Instances\Alive Dev\saves\Desire Paths\datapacks\gstools\data\minecraft\function\cursor\chunk\forceload\3\4\1\1\4\
	    New File  		    1452	seek_depth_5.mcfunction
	  New Dir          1	C:\Users\joshp\curseforge\minecraft\Instances\Alive Dev\saves\Desire Paths\datapacks\gstools\data\minecraft\function\cursor\chunk\forceload\3\4\1\2\
	    New File  		     765	seek_depth_4.mcfunction
	  New Dir          1	C:\Users\joshp\curseforge\minecraft\Instances\Alive Dev\saves\Desire Paths\datapacks\gstools\data\minecraft\function\cursor\chunk\forceload\3\4\1\2\1\
	    New File  		     734	seek_depth_5.mcfunction
	  New Dir          1	C:\Users\joshp\curseforge\minecraft\Instances\Alive Dev\saves\Desire Paths\datapacks\gstools\data\minecraft\function\cursor\chunk\forceload\3\4\1\2\2\
	    New File  		     379	seek_depth_5.mcfunction
	  New Dir          1	C:\Users\joshp\curseforge\minecraft\Instances\Alive Dev\saves\Desire Paths\datapacks\gstools\data\minecraft\function\cursor\chunk\forceload\3\4\1\2\3\
	    New File  		     742	seek_depth_5.mcfunction
	  New Dir          1	C:\Users\joshp\curseforge\minecraft\Instances\Alive Dev\saves\Desire Paths\datapacks\gstools\data\minecraft\function\cursor\chunk\forceload\3\4\1\2\4\
	    New File  		    1452	seek_depth_5.mcfunction
	  New Dir          1	C:\Users\joshp\curseforge\minecraft\Instances\Alive Dev\saves\Desire Paths\datapacks\gstools\data\minecraft\function\cursor\chunk\forceload\3\4\1\3\
	    New File  		     765	seek_depth_4.mcfunction
	  New Dir          1	C:\Users\joshp\curseforge\minecraft\Instances\Alive Dev\saves\Desire Paths\datapacks\gstools\data\minecraft\function\cursor\chunk\forceload\3\4\1\3\1\
	    New File  		    1452	seek_depth_5.mcfunction
	  New Dir          1	C:\Users\joshp\curseforge\minecraft\Instances\Alive Dev\saves\Desire Paths\datapacks\gstools\data\minecraft\function\cursor\chunk\forceload\3\4\1\3\2\
	    New File  		     742	seek_depth_5.mcfunction
	  New Dir          1	C:\Users\joshp\curseforge\minecraft\Instances\Alive Dev\saves\Desire Paths\datapacks\gstools\data\minecraft\function\cursor\chunk\forceload\3\4\1\3\3\
	    New File  		     742	seek_depth_5.mcfunction
	  New Dir          1	C:\Users\joshp\curseforge\minecraft\Instances\Alive Dev\saves\Desire Paths\datapacks\gstools\data\minecraft\function\cursor\chunk\forceload\3\4\1\3\4\
	    New File  		    1452	seek_depth_5.mcfunction
	  New Dir          1	C:\Users\joshp\curseforge\minecraft\Instances\Alive Dev\saves\Desire Paths\datapacks\gstools\data\minecraft\function\cursor\chunk\forceload\3\4\1\4\
	    New File  		     765	seek_depth_4.mcfunction
	  New Dir          1	C:\Users\joshp\curseforge\minecraft\Instances\Alive Dev\saves\Desire Paths\datapacks\gstools\data\minecraft\function\cursor\chunk\forceload\3\4\1\4\1\
	    New File  		    1452	seek_depth_5.mcfunction
	  New Dir          1	C:\Users\joshp\curseforge\minecraft\Instances\Alive Dev\saves\Desire Paths\datapacks\gstools\data\minecraft\function\cursor\chunk\forceload\3\4\1\4\2\
	    New File  		    1452	seek_depth_5.mcfunction
	  New Dir          1	C:\Users\joshp\curseforge\minecraft\Instances\Alive Dev\saves\Desire Paths\datapacks\gstools\data\minecraft\function\cursor\chunk\forceload\3\4\1\4\3\
	    New File  		    1452	seek_depth_5.mcfunction
	  New Dir          1	C:\Users\joshp\curseforge\minecraft\Instances\Alive Dev\saves\Desire Paths\datapacks\gstools\data\minecraft\function\cursor\chunk\forceload\3\4\1\4\4\
	    New File  		    1452	seek_depth_5.mcfunction
	  New Dir          1	C:\Users\joshp\curseforge\minecraft\Instances\Alive Dev\saves\Desire Paths\datapacks\gstools\data\minecraft\function\cursor\chunk\forceload\3\4\2\
	    New File  		     757	seek_depth_3.mcfunction
	  New Dir          1	C:\Users\joshp\curseforge\minecraft\Instances\Alive Dev\saves\Desire Paths\datapacks\gstools\data\minecraft\function\cursor\chunk\forceload\3\4\2\1\
	    New File  		     765	seek_depth_4.mcfunction
	  New Dir          1	C:\Users\joshp\curseforge\minecraft\Instances\Alive Dev\saves\Desire Paths\datapacks\gstools\data\minecraft\function\cursor\chunk\forceload\3\4\2\1\1\
	    New File  		     742	seek_depth_5.mcfunction
	  New Dir          1	C:\Users\joshp\curseforge\minecraft\Instances\Alive Dev\saves\Desire Paths\datapacks\gstools\data\minecraft\function\cursor\chunk\forceload\3\4\2\1\2\
	    New File  		     379	seek_depth_5.mcfunction
	  New Dir          1	C:\Users\joshp\curseforge\minecraft\Instances\Alive Dev\saves\Desire Paths\datapacks\gstools\data\minecraft\function\cursor\chunk\forceload\3\4\2\1\3\
	    New File  		     742	seek_depth_5.mcfunction
	  New Dir          1	C:\Users\joshp\curseforge\minecraft\Instances\Alive Dev\saves\Desire Paths\datapacks\gstools\data\minecraft\function\cursor\chunk\forceload\3\4\2\1\4\
	    New File  		    1468	seek_depth_5.mcfunction
	  New Dir          1	C:\Users\joshp\curseforge\minecraft\Instances\Alive Dev\saves\Desire Paths\datapacks\gstools\data\minecraft\function\cursor\chunk\forceload\3\4\2\2\
	    New File  		     765	seek_depth_4.mcfunction
	  New Dir          1	C:\Users\joshp\curseforge\minecraft\Instances\Alive Dev\saves\Desire Paths\datapacks\gstools\data\minecraft\function\cursor\chunk\forceload\3\4\2\2\1\
	    New File  		     742	seek_depth_5.mcfunction
	  New Dir          1	C:\Users\joshp\curseforge\minecraft\Instances\Alive Dev\saves\Desire Paths\datapacks\gstools\data\minecraft\function\cursor\chunk\forceload\3\4\2\2\2\
	    New File  		     379	seek_depth_5.mcfunction
	  New Dir          1	C:\Users\joshp\curseforge\minecraft\Instances\Alive Dev\saves\Desire Paths\datapacks\gstools\data\minecraft\function\cursor\chunk\forceload\3\4\2\2\3\
	    New File  		     742	seek_depth_5.mcfunction
	  New Dir          1	C:\Users\joshp\curseforge\minecraft\Instances\Alive Dev\saves\Desire Paths\datapacks\gstools\data\minecraft\function\cursor\chunk\forceload\3\4\2\2\4\
	    New File  		    1468	seek_depth_5.mcfunction
	  New Dir          1	C:\Users\joshp\curseforge\minecraft\Instances\Alive Dev\saves\Desire Paths\datapacks\gstools\data\minecraft\function\cursor\chunk\forceload\3\4\2\3\
	    New File  		     765	seek_depth_4.mcfunction
	  New Dir          1	C:\Users\joshp\curseforge\minecraft\Instances\Alive Dev\saves\Desire Paths\datapacks\gstools\data\minecraft\function\cursor\chunk\forceload\3\4\2\3\1\
	    New File  		    1468	seek_depth_5.mcfunction
	  New Dir          1	C:\Users\joshp\curseforge\minecraft\Instances\Alive Dev\saves\Desire Paths\datapacks\gstools\data\minecraft\function\cursor\chunk\forceload\3\4\2\3\2\
	    New File  		     742	seek_depth_5.mcfunction
	  New Dir          1	C:\Users\joshp\curseforge\minecraft\Instances\Alive Dev\saves\Desire Paths\datapacks\gstools\data\minecraft\function\cursor\chunk\forceload\3\4\2\3\3\
	    New File  		     742	seek_depth_5.mcfunction
	  New Dir          1	C:\Users\joshp\curseforge\minecraft\Instances\Alive Dev\saves\Desire Paths\datapacks\gstools\data\minecraft\function\cursor\chunk\forceload\3\4\2\3\4\
	    New File  		    1468	seek_depth_5.mcfunction
	  New Dir          1	C:\Users\joshp\curseforge\minecraft\Instances\Alive Dev\saves\Desire Paths\datapacks\gstools\data\minecraft\function\cursor\chunk\forceload\3\4\2\4\
	    New File  		     765	seek_depth_4.mcfunction
	  New Dir          1	C:\Users\joshp\curseforge\minecraft\Instances\Alive Dev\saves\Desire Paths\datapacks\gstools\data\minecraft\function\cursor\chunk\forceload\3\4\2\4\1\
	    New File  		    1468	seek_depth_5.mcfunction
	  New Dir          1	C:\Users\joshp\curseforge\minecraft\Instances\Alive Dev\saves\Desire Paths\datapacks\gstools\data\minecraft\function\cursor\chunk\forceload\3\4\2\4\2\
	    New File  		     742	seek_depth_5.mcfunction
	  New Dir          1	C:\Users\joshp\curseforge\minecraft\Instances\Alive Dev\saves\Desire Paths\datapacks\gstools\data\minecraft\function\cursor\chunk\forceload\3\4\2\4\3\
	    New File  		     742	seek_depth_5.mcfunction
	  New Dir          1	C:\Users\joshp\curseforge\minecraft\Instances\Alive Dev\saves\Desire Paths\datapacks\gstools\data\minecraft\function\cursor\chunk\forceload\3\4\2\4\4\
	    New File  		    1468	seek_depth_5.mcfunction
	  New Dir          1	C:\Users\joshp\curseforge\minecraft\Instances\Alive Dev\saves\Desire Paths\datapacks\gstools\data\minecraft\function\cursor\chunk\forceload\3\4\3\
	    New File  		     757	seek_depth_3.mcfunction
	  New Dir          1	C:\Users\joshp\curseforge\minecraft\Instances\Alive Dev\saves\Desire Paths\datapacks\gstools\data\minecraft\function\cursor\chunk\forceload\3\4\3\1\
	    New File  		     765	seek_depth_4.mcfunction
	  New Dir          1	C:\Users\joshp\curseforge\minecraft\Instances\Alive Dev\saves\Desire Paths\datapacks\gstools\data\minecraft\function\cursor\chunk\forceload\3\4\3\1\1\
	    New File  		     742	seek_depth_5.mcfunction
	  New Dir          1	C:\Users\joshp\curseforge\minecraft\Instances\Alive Dev\saves\Desire Paths\datapacks\gstools\data\minecraft\function\cursor\chunk\forceload\3\4\3\1\2\
	    New File  		     379	seek_depth_5.mcfunction
	  New Dir          1	C:\Users\joshp\curseforge\minecraft\Instances\Alive Dev\saves\Desire Paths\datapacks\gstools\data\minecraft\function\cursor\chunk\forceload\3\4\3\1\3\
	    New File  		     742	seek_depth_5.mcfunction
	  New Dir          1	C:\Users\joshp\curseforge\minecraft\Instances\Alive Dev\saves\Desire Paths\datapacks\gstools\data\minecraft\function\cursor\chunk\forceload\3\4\3\1\4\
	    New File  		    1468	seek_depth_5.mcfunction
	  New Dir          1	C:\Users\joshp\curseforge\minecraft\Instances\Alive Dev\saves\Desire Paths\datapacks\gstools\data\minecraft\function\cursor\chunk\forceload\3\4\3\2\
	    New File  		     765	seek_depth_4.mcfunction
	  New Dir          1	C:\Users\joshp\curseforge\minecraft\Instances\Alive Dev\saves\Desire Paths\datapacks\gstools\data\minecraft\function\cursor\chunk\forceload\3\4\3\2\1\
	    New File  		     742	seek_depth_5.mcfunction
	  New Dir          1	C:\Users\joshp\curseforge\minecraft\Instances\Alive Dev\saves\Desire Paths\datapacks\gstools\data\minecraft\function\cursor\chunk\forceload\3\4\3\2\2\
	    New File  		     379	seek_depth_5.mcfunction
	  New Dir          1	C:\Users\joshp\curseforge\minecraft\Instances\Alive Dev\saves\Desire Paths\datapacks\gstools\data\minecraft\function\cursor\chunk\forceload\3\4\3\2\3\
	    New File  		     742	seek_depth_5.mcfunction
	  New Dir          1	C:\Users\joshp\curseforge\minecraft\Instances\Alive Dev\saves\Desire Paths\datapacks\gstools\data\minecraft\function\cursor\chunk\forceload\3\4\3\2\4\
	    New File  		    1468	seek_depth_5.mcfunction
	  New Dir          1	C:\Users\joshp\curseforge\minecraft\Instances\Alive Dev\saves\Desire Paths\datapacks\gstools\data\minecraft\function\cursor\chunk\forceload\3\4\3\3\
	    New File  		     765	seek_depth_4.mcfunction
	  New Dir          1	C:\Users\joshp\curseforge\minecraft\Instances\Alive Dev\saves\Desire Paths\datapacks\gstools\data\minecraft\function\cursor\chunk\forceload\3\4\3\3\1\
	    New File  		    1468	seek_depth_5.mcfunction
	  New Dir          1	C:\Users\joshp\curseforge\minecraft\Instances\Alive Dev\saves\Desire Paths\datapacks\gstools\data\minecraft\function\cursor\chunk\forceload\3\4\3\3\2\
	    New File  		     742	seek_depth_5.mcfunction
	  New Dir          1	C:\Users\joshp\curseforge\minecraft\Instances\Alive Dev\saves\Desire Paths\datapacks\gstools\data\minecraft\function\cursor\chunk\forceload\3\4\3\3\3\
	    New File  		     742	seek_depth_5.mcfunction
	  New Dir          1	C:\Users\joshp\curseforge\minecraft\Instances\Alive Dev\saves\Desire Paths\datapacks\gstools\data\minecraft\function\cursor\chunk\forceload\3\4\3\3\4\
	    New File  		    1468	seek_depth_5.mcfunction
	  New Dir          1	C:\Users\joshp\curseforge\minecraft\Instances\Alive Dev\saves\Desire Paths\datapacks\gstools\data\minecraft\function\cursor\chunk\forceload\3\4\3\4\
	    New File  		     765	seek_depth_4.mcfunction
	  New Dir          1	C:\Users\joshp\curseforge\minecraft\Instances\Alive Dev\saves\Desire Paths\datapacks\gstools\data\minecraft\function\cursor\chunk\forceload\3\4\3\4\1\
	    New File  		    1468	seek_depth_5.mcfunction
	  New Dir          1	C:\Users\joshp\curseforge\minecraft\Instances\Alive Dev\saves\Desire Paths\datapacks\gstools\data\minecraft\function\cursor\chunk\forceload\3\4\3\4\2\
	    New File  		     742	seek_depth_5.mcfunction
	  New Dir          1	C:\Users\joshp\curseforge\minecraft\Instances\Alive Dev\saves\Desire Paths\datapacks\gstools\data\minecraft\function\cursor\chunk\forceload\3\4\3\4\3\
	    New File  		     742	seek_depth_5.mcfunction
	  New Dir          1	C:\Users\joshp\curseforge\minecraft\Instances\Alive Dev\saves\Desire Paths\datapacks\gstools\data\minecraft\function\cursor\chunk\forceload\3\4\3\4\4\
	    New File  		    1468	seek_depth_5.mcfunction
	  New Dir          1	C:\Users\joshp\curseforge\minecraft\Instances\Alive Dev\saves\Desire Paths\datapacks\gstools\data\minecraft\function\cursor\chunk\forceload\3\4\4\
	    New File  		     757	seek_depth_3.mcfunction
	  New Dir          1	C:\Users\joshp\curseforge\minecraft\Instances\Alive Dev\saves\Desire Paths\datapacks\gstools\data\minecraft\function\cursor\chunk\forceload\3\4\4\1\
	    New File  		     765	seek_depth_4.mcfunction
	  New Dir          1	C:\Users\joshp\curseforge\minecraft\Instances\Alive Dev\saves\Desire Paths\datapacks\gstools\data\minecraft\function\cursor\chunk\forceload\3\4\4\1\1\
	    New File  		     734	seek_depth_5.mcfunction
	  New Dir          1	C:\Users\joshp\curseforge\minecraft\Instances\Alive Dev\saves\Desire Paths\datapacks\gstools\data\minecraft\function\cursor\chunk\forceload\3\4\4\1\2\
	    New File  		     734	seek_depth_5.mcfunction
	  New Dir          1	C:\Users\joshp\curseforge\minecraft\Instances\Alive Dev\saves\Desire Paths\datapacks\gstools\data\minecraft\function\cursor\chunk\forceload\3\4\4\1\3\
	    New File  		    1452	seek_depth_5.mcfunction
	  New Dir          1	C:\Users\joshp\curseforge\minecraft\Instances\Alive Dev\saves\Desire Paths\datapacks\gstools\data\minecraft\function\cursor\chunk\forceload\3\4\4\1\4\
	    New File  		    1452	seek_depth_5.mcfunction
	  New Dir          1	C:\Users\joshp\curseforge\minecraft\Instances\Alive Dev\saves\Desire Paths\datapacks\gstools\data\minecraft\function\cursor\chunk\forceload\3\4\4\2\
	    New File  		     765	seek_depth_4.mcfunction
	  New Dir          1	C:\Users\joshp\curseforge\minecraft\Instances\Alive Dev\saves\Desire Paths\datapacks\gstools\data\minecraft\function\cursor\chunk\forceload\3\4\4\2\1\
	    New File  		     734	seek_depth_5.mcfunction
	  New Dir          1	C:\Users\joshp\curseforge\minecraft\Instances\Alive Dev\saves\Desire Paths\datapacks\gstools\data\minecraft\function\cursor\chunk\forceload\3\4\4\2\2\
	    New File  		     379	seek_depth_5.mcfunction
	  New Dir          1	C:\Users\joshp\curseforge\minecraft\Instances\Alive Dev\saves\Desire Paths\datapacks\gstools\data\minecraft\function\cursor\chunk\forceload\3\4\4\2\3\
	    New File  		     742	seek_depth_5.mcfunction
	  New Dir          1	C:\Users\joshp\curseforge\minecraft\Instances\Alive Dev\saves\Desire Paths\datapacks\gstools\data\minecraft\function\cursor\chunk\forceload\3\4\4\2\4\
	    New File  		    1452	seek_depth_5.mcfunction
	  New Dir          1	C:\Users\joshp\curseforge\minecraft\Instances\Alive Dev\saves\Desire Paths\datapacks\gstools\data\minecraft\function\cursor\chunk\forceload\3\4\4\3\
	    New File  		     765	seek_depth_4.mcfunction
	  New Dir          1	C:\Users\joshp\curseforge\minecraft\Instances\Alive Dev\saves\Desire Paths\datapacks\gstools\data\minecraft\function\cursor\chunk\forceload\3\4\4\3\1\
	    New File  		    1452	seek_depth_5.mcfunction
	  New Dir          1	C:\Users\joshp\curseforge\minecraft\Instances\Alive Dev\saves\Desire Paths\datapacks\gstools\data\minecraft\function\cursor\chunk\forceload\3\4\4\3\2\
	    New File  		     742	seek_depth_5.mcfunction
	  New Dir          1	C:\Users\joshp\curseforge\minecraft\Instances\Alive Dev\saves\Desire Paths\datapacks\gstools\data\minecraft\function\cursor\chunk\forceload\3\4\4\3\3\
	    New File  		     742	seek_depth_5.mcfunction
	  New Dir          1	C:\Users\joshp\curseforge\minecraft\Instances\Alive Dev\saves\Desire Paths\datapacks\gstools\data\minecraft\function\cursor\chunk\forceload\3\4\4\3\4\
	    New File  		    1452	seek_depth_5.mcfunction
	  New Dir          1	C:\Users\joshp\curseforge\minecraft\Instances\Alive Dev\saves\Desire Paths\datapacks\gstools\data\minecraft\function\cursor\chunk\forceload\3\4\4\4\
	    New File  		     765	seek_depth_4.mcfunction
	  New Dir          1	C:\Users\joshp\curseforge\minecraft\Instances\Alive Dev\saves\Desire Paths\datapacks\gstools\data\minecraft\function\cursor\chunk\forceload\3\4\4\4\1\
	    New File  		    1452	seek_depth_5.mcfunction
	  New Dir          1	C:\Users\joshp\curseforge\minecraft\Instances\Alive Dev\saves\Desire Paths\datapacks\gstools\data\minecraft\function\cursor\chunk\forceload\3\4\4\4\2\
	    New File  		    1452	seek_depth_5.mcfunction
	  New Dir          1	C:\Users\joshp\curseforge\minecraft\Instances\Alive Dev\saves\Desire Paths\datapacks\gstools\data\minecraft\function\cursor\chunk\forceload\3\4\4\4\3\
	    New File  		    1452	seek_depth_5.mcfunction
	  New Dir          1	C:\Users\joshp\curseforge\minecraft\Instances\Alive Dev\saves\Desire Paths\datapacks\gstools\data\minecraft\function\cursor\chunk\forceload\3\4\4\4\4\
	    New File  		    1452	seek_depth_5.mcfunction
	  New Dir          1	C:\Users\joshp\curseforge\minecraft\Instances\Alive Dev\saves\Desire Paths\datapacks\gstools\data\minecraft\function\cursor\chunk\forceload\4\
	    New File  		     741	seek_depth_1.mcfunction
	  New Dir          1	C:\Users\joshp\curseforge\minecraft\Instances\Alive Dev\saves\Desire Paths\datapacks\gstools\data\minecraft\function\cursor\chunk\forceload\4\1\
	    New File  		     749	seek_depth_2.mcfunction
	  New Dir          1	C:\Users\joshp\curseforge\minecraft\Instances\Alive Dev\saves\Desire Paths\datapacks\gstools\data\minecraft\function\cursor\chunk\forceload\4\1\1\
	    New File  		     757	seek_depth_3.mcfunction
	  New Dir          1	C:\Users\joshp\curseforge\minecraft\Instances\Alive Dev\saves\Desire Paths\datapacks\gstools\data\minecraft\function\cursor\chunk\forceload\4\1\1\1\
	    New File  		     765	seek_depth_4.mcfunction
	  New Dir          1	C:\Users\joshp\curseforge\minecraft\Instances\Alive Dev\saves\Desire Paths\datapacks\gstools\data\minecraft\function\cursor\chunk\forceload\4\1\1\1\1\
	    New File  		     726	seek_depth_5.mcfunction
	  New Dir          1	C:\Users\joshp\curseforge\minecraft\Instances\Alive Dev\saves\Desire Paths\datapacks\gstools\data\minecraft\function\cursor\chunk\forceload\4\1\1\1\2\
	    New File  		     726	seek_depth_5.mcfunction
	  New Dir          1	C:\Users\joshp\curseforge\minecraft\Instances\Alive Dev\saves\Desire Paths\datapacks\gstools\data\minecraft\function\cursor\chunk\forceload\4\1\1\1\3\
	    New File  		    1468	seek_depth_5.mcfunction
	  New Dir          1	C:\Users\joshp\curseforge\minecraft\Instances\Alive Dev\saves\Desire Paths\datapacks\gstools\data\minecraft\function\cursor\chunk\forceload\4\1\1\1\4\
	    New File  		    1468	seek_depth_5.mcfunction
	  New Dir          1	C:\Users\joshp\curseforge\minecraft\Instances\Alive Dev\saves\Desire Paths\datapacks\gstools\data\minecraft\function\cursor\chunk\forceload\4\1\1\2\
	    New File  		     765	seek_depth_4.mcfunction
	  New Dir          1	C:\Users\joshp\curseforge\minecraft\Instances\Alive Dev\saves\Desire Paths\datapacks\gstools\data\minecraft\function\cursor\chunk\forceload\4\1\1\2\1\
	    New File  		     726	seek_depth_5.mcfunction
	  New Dir          1	C:\Users\joshp\curseforge\minecraft\Instances\Alive Dev\saves\Desire Paths\datapacks\gstools\data\minecraft\function\cursor\chunk\forceload\4\1\1\2\2\
	    New File  		     371	seek_depth_5.mcfunction
	  New Dir          1	C:\Users\joshp\curseforge\minecraft\Instances\Alive Dev\saves\Desire Paths\datapacks\gstools\data\minecraft\function\cursor\chunk\forceload\4\1\1\2\3\
	    New File  		     742	seek_depth_5.mcfunction
	  New Dir          1	C:\Users\joshp\curseforge\minecraft\Instances\Alive Dev\saves\Desire Paths\datapacks\gstools\data\minecraft\function\cursor\chunk\forceload\4\1\1\2\4\
	    New File  		    1468	seek_depth_5.mcfunction
	  New Dir          1	C:\Users\joshp\curseforge\minecraft\Instances\Alive Dev\saves\Desire Paths\datapacks\gstools\data\minecraft\function\cursor\chunk\forceload\4\1\1\3\
	    New File  		     765	seek_depth_4.mcfunction
	  New Dir          1	C:\Users\joshp\curseforge\minecraft\Instances\Alive Dev\saves\Desire Paths\datapacks\gstools\data\minecraft\function\cursor\chunk\forceload\4\1\1\3\1\
	    New File  		     742	seek_depth_5.mcfunction
	  New Dir          1	C:\Users\joshp\curseforge\minecraft\Instances\Alive Dev\saves\Desire Paths\datapacks\gstools\data\minecraft\function\cursor\chunk\forceload\4\1\1\3\2\
	    New File  		     379	seek_depth_5.mcfunction
	  New Dir          1	C:\Users\joshp\curseforge\minecraft\Instances\Alive Dev\saves\Desire Paths\datapacks\gstools\data\minecraft\function\cursor\chunk\forceload\4\1\1\3\3\
	    New File  		     742	seek_depth_5.mcfunction
	  New Dir          1	C:\Users\joshp\curseforge\minecraft\Instances\Alive Dev\saves\Desire Paths\datapacks\gstools\data\minecraft\function\cursor\chunk\forceload\4\1\1\3\4\
	    New File  		    1468	seek_depth_5.mcfunction
	  New Dir          1	C:\Users\joshp\curseforge\minecraft\Instances\Alive Dev\saves\Desire Paths\datapacks\gstools\data\minecraft\function\cursor\chunk\forceload\4\1\1\4\
	    New File  		     765	seek_depth_4.mcfunction
	  New Dir          1	C:\Users\joshp\curseforge\minecraft\Instances\Alive Dev\saves\Desire Paths\datapacks\gstools\data\minecraft\function\cursor\chunk\forceload\4\1\1\4\1\
	    New File  		     742	seek_depth_5.mcfunction
	  New Dir          1	C:\Users\joshp\curseforge\minecraft\Instances\Alive Dev\saves\Desire Paths\datapacks\gstools\data\minecraft\function\cursor\chunk\forceload\4\1\1\4\2\
	    New File  		     742	seek_depth_5.mcfunction
	  New Dir          1	C:\Users\joshp\curseforge\minecraft\Instances\Alive Dev\saves\Desire Paths\datapacks\gstools\data\minecraft\function\cursor\chunk\forceload\4\1\1\4\3\
	    New File  		    1468	seek_depth_5.mcfunction
	  New Dir          1	C:\Users\joshp\curseforge\minecraft\Instances\Alive Dev\saves\Desire Paths\datapacks\gstools\data\minecraft\function\cursor\chunk\forceload\4\1\1\4\4\
	    New File  		    1468	seek_depth_5.mcfunction
	  New Dir          1	C:\Users\joshp\curseforge\minecraft\Instances\Alive Dev\saves\Desire Paths\datapacks\gstools\data\minecraft\function\cursor\chunk\forceload\4\1\2\
	    New File  		     757	seek_depth_3.mcfunction
	  New Dir          1	C:\Users\joshp\curseforge\minecraft\Instances\Alive Dev\saves\Desire Paths\datapacks\gstools\data\minecraft\function\cursor\chunk\forceload\4\1\2\1\
	    New File  		     765	seek_depth_4.mcfunction
	  New Dir          1	C:\Users\joshp\curseforge\minecraft\Instances\Alive Dev\saves\Desire Paths\datapacks\gstools\data\minecraft\function\cursor\chunk\forceload\4\1\2\1\1\
	    New File  		     726	seek_depth_5.mcfunction
	  New Dir          1	C:\Users\joshp\curseforge\minecraft\Instances\Alive Dev\saves\Desire Paths\datapacks\gstools\data\minecraft\function\cursor\chunk\forceload\4\1\2\1\2\
	    New File  		     726	seek_depth_5.mcfunction
	  New Dir          1	C:\Users\joshp\curseforge\minecraft\Instances\Alive Dev\saves\Desire Paths\datapacks\gstools\data\minecraft\function\cursor\chunk\forceload\4\1\2\1\3\
	    New File  		    1468	seek_depth_5.mcfunction
	  New Dir          1	C:\Users\joshp\curseforge\minecraft\Instances\Alive Dev\saves\Desire Paths\datapacks\gstools\data\minecraft\function\cursor\chunk\forceload\4\1\2\1\4\
	    New File  		    1468	seek_depth_5.mcfunction
	  New Dir          1	C:\Users\joshp\curseforge\minecraft\Instances\Alive Dev\saves\Desire Paths\datapacks\gstools\data\minecraft\function\cursor\chunk\forceload\4\1\2\2\
	    New File  		     765	seek_depth_4.mcfunction
	  New Dir          1	C:\Users\joshp\curseforge\minecraft\Instances\Alive Dev\saves\Desire Paths\datapacks\gstools\data\minecraft\function\cursor\chunk\forceload\4\1\2\2\1\
	    New File  		     726	seek_depth_5.mcfunction
	  New Dir          1	C:\Users\joshp\curseforge\minecraft\Instances\Alive Dev\saves\Desire Paths\datapacks\gstools\data\minecraft\function\cursor\chunk\forceload\4\1\2\2\2\
	    New File  		     371	seek_depth_5.mcfunction
	  New Dir          1	C:\Users\joshp\curseforge\minecraft\Instances\Alive Dev\saves\Desire Paths\datapacks\gstools\data\minecraft\function\cursor\chunk\forceload\4\1\2\2\3\
	    New File  		     742	seek_depth_5.mcfunction
	  New Dir          1	C:\Users\joshp\curseforge\minecraft\Instances\Alive Dev\saves\Desire Paths\datapacks\gstools\data\minecraft\function\cursor\chunk\forceload\4\1\2\2\4\
	    New File  		    1468	seek_depth_5.mcfunction
	  New Dir          1	C:\Users\joshp\curseforge\minecraft\Instances\Alive Dev\saves\Desire Paths\datapacks\gstools\data\minecraft\function\cursor\chunk\forceload\4\1\2\3\
	    New File  		     765	seek_depth_4.mcfunction
	  New Dir          1	C:\Users\joshp\curseforge\minecraft\Instances\Alive Dev\saves\Desire Paths\datapacks\gstools\data\minecraft\function\cursor\chunk\forceload\4\1\2\3\1\
	    New File  		     742	seek_depth_5.mcfunction
	  New Dir          1	C:\Users\joshp\curseforge\minecraft\Instances\Alive Dev\saves\Desire Paths\datapacks\gstools\data\minecraft\function\cursor\chunk\forceload\4\1\2\3\2\
	    New File  		     379	seek_depth_5.mcfunction
	  New Dir          1	C:\Users\joshp\curseforge\minecraft\Instances\Alive Dev\saves\Desire Paths\datapacks\gstools\data\minecraft\function\cursor\chunk\forceload\4\1\2\3\3\
	    New File  		     742	seek_depth_5.mcfunction
	  New Dir          1	C:\Users\joshp\curseforge\minecraft\Instances\Alive Dev\saves\Desire Paths\datapacks\gstools\data\minecraft\function\cursor\chunk\forceload\4\1\2\3\4\
	    New File  		    1468	seek_depth_5.mcfunction
	  New Dir          1	C:\Users\joshp\curseforge\minecraft\Instances\Alive Dev\saves\Desire Paths\datapacks\gstools\data\minecraft\function\cursor\chunk\forceload\4\1\2\4\
	    New File  		     765	seek_depth_4.mcfunction
	  New Dir          1	C:\Users\joshp\curseforge\minecraft\Instances\Alive Dev\saves\Desire Paths\datapacks\gstools\data\minecraft\function\cursor\chunk\forceload\4\1\2\4\1\
	    New File  		     742	seek_depth_5.mcfunction
	  New Dir          1	C:\Users\joshp\curseforge\minecraft\Instances\Alive Dev\saves\Desire Paths\datapacks\gstools\data\minecraft\function\cursor\chunk\forceload\4\1\2\4\2\
	    New File  		     742	seek_depth_5.mcfunction
	  New Dir          1	C:\Users\joshp\curseforge\minecraft\Instances\Alive Dev\saves\Desire Paths\datapacks\gstools\data\minecraft\function\cursor\chunk\forceload\4\1\2\4\3\
	    New File  		    1468	seek_depth_5.mcfunction
	  New Dir          1	C:\Users\joshp\curseforge\minecraft\Instances\Alive Dev\saves\Desire Paths\datapacks\gstools\data\minecraft\function\cursor\chunk\forceload\4\1\2\4\4\
	    New File  		    1468	seek_depth_5.mcfunction
	  New Dir          1	C:\Users\joshp\curseforge\minecraft\Instances\Alive Dev\saves\Desire Paths\datapacks\gstools\data\minecraft\function\cursor\chunk\forceload\4\1\3\
	    New File  		     757	seek_depth_3.mcfunction
	  New Dir          1	C:\Users\joshp\curseforge\minecraft\Instances\Alive Dev\saves\Desire Paths\datapacks\gstools\data\minecraft\function\cursor\chunk\forceload\4\1\3\1\
	    New File  		     765	seek_depth_4.mcfunction
	  New Dir          1	C:\Users\joshp\curseforge\minecraft\Instances\Alive Dev\saves\Desire Paths\datapacks\gstools\data\minecraft\function\cursor\chunk\forceload\4\1\3\1\1\
	    New File  		     742	seek_depth_5.mcfunction
	  New Dir          1	C:\Users\joshp\curseforge\minecraft\Instances\Alive Dev\saves\Desire Paths\datapacks\gstools\data\minecraft\function\cursor\chunk\forceload\4\1\3\1\2\
	    New File  		     742	seek_depth_5.mcfunction
	  New Dir          1	C:\Users\joshp\curseforge\minecraft\Instances\Alive Dev\saves\Desire Paths\datapacks\gstools\data\minecraft\function\cursor\chunk\forceload\4\1\3\1\3\
	    New File  		    1484	seek_depth_5.mcfunction
	  New Dir          1	C:\Users\joshp\curseforge\minecraft\Instances\Alive Dev\saves\Desire Paths\datapacks\gstools\data\minecraft\function\cursor\chunk\forceload\4\1\3\1\4\
	    New File  		    1484	seek_depth_5.mcfunction
	  New Dir          1	C:\Users\joshp\curseforge\minecraft\Instances\Alive Dev\saves\Desire Paths\datapacks\gstools\data\minecraft\function\cursor\chunk\forceload\4\1\3\2\
	    New File  		     765	seek_depth_4.mcfunction
	  New Dir          1	C:\Users\joshp\curseforge\minecraft\Instances\Alive Dev\saves\Desire Paths\datapacks\gstools\data\minecraft\function\cursor\chunk\forceload\4\1\3\2\1\
	    New File  		     742	seek_depth_5.mcfunction
	  New Dir          1	C:\Users\joshp\curseforge\minecraft\Instances\Alive Dev\saves\Desire Paths\datapacks\gstools\data\minecraft\function\cursor\chunk\forceload\4\1\3\2\2\
	    New File  		     379	seek_depth_5.mcfunction
	  New Dir          1	C:\Users\joshp\curseforge\minecraft\Instances\Alive Dev\saves\Desire Paths\datapacks\gstools\data\minecraft\function\cursor\chunk\forceload\4\1\3\2\3\
	    New File  		     750	seek_depth_5.mcfunction
	  New Dir          1	C:\Users\joshp\curseforge\minecraft\Instances\Alive Dev\saves\Desire Paths\datapacks\gstools\data\minecraft\function\cursor\chunk\forceload\4\1\3\2\4\
	    New File  		    1484	seek_depth_5.mcfunction
	  New Dir          1	C:\Users\joshp\curseforge\minecraft\Instances\Alive Dev\saves\Desire Paths\datapacks\gstools\data\minecraft\function\cursor\chunk\forceload\4\1\3\3\
	    New File  		     765	seek_depth_4.mcfunction
	  New Dir          1	C:\Users\joshp\curseforge\minecraft\Instances\Alive Dev\saves\Desire Paths\datapacks\gstools\data\minecraft\function\cursor\chunk\forceload\4\1\3\3\1\
	    New File  		    1484	seek_depth_5.mcfunction
	  New Dir          1	C:\Users\joshp\curseforge\minecraft\Instances\Alive Dev\saves\Desire Paths\datapacks\gstools\data\minecraft\function\cursor\chunk\forceload\4\1\3\3\2\
	    New File  		     750	seek_depth_5.mcfunction
	  New Dir          1	C:\Users\joshp\curseforge\minecraft\Instances\Alive Dev\saves\Desire Paths\datapacks\gstools\data\minecraft\function\cursor\chunk\forceload\4\1\3\3\3\
	    New File  		     750	seek_depth_5.mcfunction
	  New Dir          1	C:\Users\joshp\curseforge\minecraft\Instances\Alive Dev\saves\Desire Paths\datapacks\gstools\data\minecraft\function\cursor\chunk\forceload\4\1\3\3\4\
	    New File  		    1484	seek_depth_5.mcfunction
	  New Dir          1	C:\Users\joshp\curseforge\minecraft\Instances\Alive Dev\saves\Desire Paths\datapacks\gstools\data\minecraft\function\cursor\chunk\forceload\4\1\3\4\
	    New File  		     765	seek_depth_4.mcfunction
	  New Dir          1	C:\Users\joshp\curseforge\minecraft\Instances\Alive Dev\saves\Desire Paths\datapacks\gstools\data\minecraft\function\cursor\chunk\forceload\4\1\3\4\1\
	    New File  		    1484	seek_depth_5.mcfunction
	  New Dir          1	C:\Users\joshp\curseforge\minecraft\Instances\Alive Dev\saves\Desire Paths\datapacks\gstools\data\minecraft\function\cursor\chunk\forceload\4\1\3\4\2\
	    New File  		    1484	seek_depth_5.mcfunction
	  New Dir          1	C:\Users\joshp\curseforge\minecraft\Instances\Alive Dev\saves\Desire Paths\datapacks\gstools\data\minecraft\function\cursor\chunk\forceload\4\1\3\4\3\
	    New File  		    1484	seek_depth_5.mcfunction
	  New Dir          1	C:\Users\joshp\curseforge\minecraft\Instances\Alive Dev\saves\Desire Paths\datapacks\gstools\data\minecraft\function\cursor\chunk\forceload\4\1\3\4\4\
	    New File  		    1484	seek_depth_5.mcfunction
	  New Dir          1	C:\Users\joshp\curseforge\minecraft\Instances\Alive Dev\saves\Desire Paths\datapacks\gstools\data\minecraft\function\cursor\chunk\forceload\4\1\4\
	    New File  		     757	seek_depth_3.mcfunction
	  New Dir          1	C:\Users\joshp\curseforge\minecraft\Instances\Alive Dev\saves\Desire Paths\datapacks\gstools\data\minecraft\function\cursor\chunk\forceload\4\1\4\1\
	    New File  		     765	seek_depth_4.mcfunction
	  New Dir          1	C:\Users\joshp\curseforge\minecraft\Instances\Alive Dev\saves\Desire Paths\datapacks\gstools\data\minecraft\function\cursor\chunk\forceload\4\1\4\1\1\
	    New File  		     742	seek_depth_5.mcfunction
	  New Dir          1	C:\Users\joshp\curseforge\minecraft\Instances\Alive Dev\saves\Desire Paths\datapacks\gstools\data\minecraft\function\cursor\chunk\forceload\4\1\4\1\2\
	    New File  		     742	seek_depth_5.mcfunction
	  New Dir          1	C:\Users\joshp\curseforge\minecraft\Instances\Alive Dev\saves\Desire Paths\datapacks\gstools\data\minecraft\function\cursor\chunk\forceload\4\1\4\1\3\
	    New File  		    1484	seek_depth_5.mcfunction
	  New Dir          1	C:\Users\joshp\curseforge\minecraft\Instances\Alive Dev\saves\Desire Paths\datapacks\gstools\data\minecraft\function\cursor\chunk\forceload\4\1\4\1\4\
	    New File  		    1484	seek_depth_5.mcfunction
	  New Dir          1	C:\Users\joshp\curseforge\minecraft\Instances\Alive Dev\saves\Desire Paths\datapacks\gstools\data\minecraft\function\cursor\chunk\forceload\4\1\4\2\
	    New File  		     765	seek_depth_4.mcfunction
	  New Dir          1	C:\Users\joshp\curseforge\minecraft\Instances\Alive Dev\saves\Desire Paths\datapacks\gstools\data\minecraft\function\cursor\chunk\forceload\4\1\4\2\1\
	    New File  		     742	seek_depth_5.mcfunction
	  New Dir          1	C:\Users\joshp\curseforge\minecraft\Instances\Alive Dev\saves\Desire Paths\datapacks\gstools\data\minecraft\function\cursor\chunk\forceload\4\1\4\2\2\
	    New File  		     379	seek_depth_5.mcfunction
	  New Dir          1	C:\Users\joshp\curseforge\minecraft\Instances\Alive Dev\saves\Desire Paths\datapacks\gstools\data\minecraft\function\cursor\chunk\forceload\4\1\4\2\3\
	    New File  		     750	seek_depth_5.mcfunction
	  New Dir          1	C:\Users\joshp\curseforge\minecraft\Instances\Alive Dev\saves\Desire Paths\datapacks\gstools\data\minecraft\function\cursor\chunk\forceload\4\1\4\2\4\
	    New File  		    1484	seek_depth_5.mcfunction
	  New Dir          1	C:\Users\joshp\curseforge\minecraft\Instances\Alive Dev\saves\Desire Paths\datapacks\gstools\data\minecraft\function\cursor\chunk\forceload\4\1\4\3\
	    New File  		     765	seek_depth_4.mcfunction
	  New Dir          1	C:\Users\joshp\curseforge\minecraft\Instances\Alive Dev\saves\Desire Paths\datapacks\gstools\data\minecraft\function\cursor\chunk\forceload\4\1\4\3\1\
	    New File  		    1484	seek_depth_5.mcfunction
	  New Dir          1	C:\Users\joshp\curseforge\minecraft\Instances\Alive Dev\saves\Desire Paths\datapacks\gstools\data\minecraft\function\cursor\chunk\forceload\4\1\4\3\2\
	    New File  		     750	seek_depth_5.mcfunction
	  New Dir          1	C:\Users\joshp\curseforge\minecraft\Instances\Alive Dev\saves\Desire Paths\datapacks\gstools\data\minecraft\function\cursor\chunk\forceload\4\1\4\3\3\
	    New File  		     750	seek_depth_5.mcfunction
	  New Dir          1	C:\Users\joshp\curseforge\minecraft\Instances\Alive Dev\saves\Desire Paths\datapacks\gstools\data\minecraft\function\cursor\chunk\forceload\4\1\4\3\4\
	    New File  		    1484	seek_depth_5.mcfunction
	  New Dir          1	C:\Users\joshp\curseforge\minecraft\Instances\Alive Dev\saves\Desire Paths\datapacks\gstools\data\minecraft\function\cursor\chunk\forceload\4\1\4\4\
	    New File  		     765	seek_depth_4.mcfunction
	  New Dir          1	C:\Users\joshp\curseforge\minecraft\Instances\Alive Dev\saves\Desire Paths\datapacks\gstools\data\minecraft\function\cursor\chunk\forceload\4\1\4\4\1\
	    New File  		    1484	seek_depth_5.mcfunction
	  New Dir          1	C:\Users\joshp\curseforge\minecraft\Instances\Alive Dev\saves\Desire Paths\datapacks\gstools\data\minecraft\function\cursor\chunk\forceload\4\1\4\4\2\
	    New File  		    1484	seek_depth_5.mcfunction
	  New Dir          1	C:\Users\joshp\curseforge\minecraft\Instances\Alive Dev\saves\Desire Paths\datapacks\gstools\data\minecraft\function\cursor\chunk\forceload\4\1\4\4\3\
	    New File  		    1484	seek_depth_5.mcfunction
	  New Dir          1	C:\Users\joshp\curseforge\minecraft\Instances\Alive Dev\saves\Desire Paths\datapacks\gstools\data\minecraft\function\cursor\chunk\forceload\4\1\4\4\4\
	    New File  		    1484	seek_depth_5.mcfunction
	  New Dir          1	C:\Users\joshp\curseforge\minecraft\Instances\Alive Dev\saves\Desire Paths\datapacks\gstools\data\minecraft\function\cursor\chunk\forceload\4\2\
	    New File  		     749	seek_depth_2.mcfunction
	  New Dir          1	C:\Users\joshp\curseforge\minecraft\Instances\Alive Dev\saves\Desire Paths\datapacks\gstools\data\minecraft\function\cursor\chunk\forceload\4\2\1\
	    New File  		     757	seek_depth_3.mcfunction
	  New Dir          1	C:\Users\joshp\curseforge\minecraft\Instances\Alive Dev\saves\Desire Paths\datapacks\gstools\data\minecraft\function\cursor\chunk\forceload\4\2\1\1\
	    New File  		     765	seek_depth_4.mcfunction
	  New Dir          1	C:\Users\joshp\curseforge\minecraft\Instances\Alive Dev\saves\Desire Paths\datapacks\gstools\data\minecraft\function\cursor\chunk\forceload\4\2\1\1\1\
	    New File  		     726	seek_depth_5.mcfunction
	  New Dir          1	C:\Users\joshp\curseforge\minecraft\Instances\Alive Dev\saves\Desire Paths\datapacks\gstools\data\minecraft\function\cursor\chunk\forceload\4\2\1\1\2\
	    New File  		     726	seek_depth_5.mcfunction
	  New Dir          1	C:\Users\joshp\curseforge\minecraft\Instances\Alive Dev\saves\Desire Paths\datapacks\gstools\data\minecraft\function\cursor\chunk\forceload\4\2\1\1\3\
	    New File  		    1468	seek_depth_5.mcfunction
	  New Dir          1	C:\Users\joshp\curseforge\minecraft\Instances\Alive Dev\saves\Desire Paths\datapacks\gstools\data\minecraft\function\cursor\chunk\forceload\4\2\1\1\4\
	    New File  		    1468	seek_depth_5.mcfunction
	  New Dir          1	C:\Users\joshp\curseforge\minecraft\Instances\Alive Dev\saves\Desire Paths\datapacks\gstools\data\minecraft\function\cursor\chunk\forceload\4\2\1\2\
	    New File  		     765	seek_depth_4.mcfunction
	  New Dir          1	C:\Users\joshp\curseforge\minecraft\Instances\Alive Dev\saves\Desire Paths\datapacks\gstools\data\minecraft\function\cursor\chunk\forceload\4\2\1\2\1\
	    New File  		     726	seek_depth_5.mcfunction
	  New Dir          1	C:\Users\joshp\curseforge\minecraft\Instances\Alive Dev\saves\Desire Paths\datapacks\gstools\data\minecraft\function\cursor\chunk\forceload\4\2\1\2\2\
	    New File  		     367	seek_depth_5.mcfunction
	  New Dir          1	C:\Users\joshp\curseforge\minecraft\Instances\Alive Dev\saves\Desire Paths\datapacks\gstools\data\minecraft\function\cursor\chunk\forceload\4\2\1\2\3\
	    New File  		     734	seek_depth_5.mcfunction
	  New Dir          1	C:\Users\joshp\curseforge\minecraft\Instances\Alive Dev\saves\Desire Paths\datapacks\gstools\data\minecraft\function\cursor\chunk\forceload\4\2\1\2\4\
	    New File  		    1468	seek_depth_5.mcfunction
	  New Dir          1	C:\Users\joshp\curseforge\minecraft\Instances\Alive Dev\saves\Desire Paths\datapacks\gstools\data\minecraft\function\cursor\chunk\forceload\4\2\1\3\
	    New File  		     765	seek_depth_4.mcfunction
	  New Dir          1	C:\Users\joshp\curseforge\minecraft\Instances\Alive Dev\saves\Desire Paths\datapacks\gstools\data\minecraft\function\cursor\chunk\forceload\4\2\1\3\1\
	    New File  		     742	seek_depth_5.mcfunction
	  New Dir          1	C:\Users\joshp\curseforge\minecraft\Instances\Alive Dev\saves\Desire Paths\datapacks\gstools\data\minecraft\function\cursor\chunk\forceload\4\2\1\3\2\
	    New File  		     375	seek_depth_5.mcfunction
	  New Dir          1	C:\Users\joshp\curseforge\minecraft\Instances\Alive Dev\saves\Desire Paths\datapacks\gstools\data\minecraft\function\cursor\chunk\forceload\4\2\1\3\3\
	    New File  		     734	seek_depth_5.mcfunction
	  New Dir          1	C:\Users\joshp\curseforge\minecraft\Instances\Alive Dev\saves\Desire Paths\datapacks\gstools\data\minecraft\function\cursor\chunk\forceload\4\2\1\3\4\
	    New File  		    1468	seek_depth_5.mcfunction
	  New Dir          1	C:\Users\joshp\curseforge\minecraft\Instances\Alive Dev\saves\Desire Paths\datapacks\gstools\data\minecraft\function\cursor\chunk\forceload\4\2\1\4\
	    New File  		     765	seek_depth_4.mcfunction
	  New Dir          1	C:\Users\joshp\curseforge\minecraft\Instances\Alive Dev\saves\Desire Paths\datapacks\gstools\data\minecraft\function\cursor\chunk\forceload\4\2\1\4\1\
	    New File  		     742	seek_depth_5.mcfunction
	  New Dir          1	C:\Users\joshp\curseforge\minecraft\Instances\Alive Dev\saves\Desire Paths\datapacks\gstools\data\minecraft\function\cursor\chunk\forceload\4\2\1\4\2\
	    New File  		     742	seek_depth_5.mcfunction
	  New Dir          1	C:\Users\joshp\curseforge\minecraft\Instances\Alive Dev\saves\Desire Paths\datapacks\gstools\data\minecraft\function\cursor\chunk\forceload\4\2\1\4\3\
	    New File  		    1468	seek_depth_5.mcfunction
	  New Dir          1	C:\Users\joshp\curseforge\minecraft\Instances\Alive Dev\saves\Desire Paths\datapacks\gstools\data\minecraft\function\cursor\chunk\forceload\4\2\1\4\4\
	    New File  		    1468	seek_depth_5.mcfunction
	  New Dir          1	C:\Users\joshp\curseforge\minecraft\Instances\Alive Dev\saves\Desire Paths\datapacks\gstools\data\minecraft\function\cursor\chunk\forceload\4\2\2\
	    New File  		     757	seek_depth_3.mcfunction
	  New Dir          1	C:\Users\joshp\curseforge\minecraft\Instances\Alive Dev\saves\Desire Paths\datapacks\gstools\data\minecraft\function\cursor\chunk\forceload\4\2\2\1\
	    New File  		     765	seek_depth_4.mcfunction
	  New Dir          1	C:\Users\joshp\curseforge\minecraft\Instances\Alive Dev\saves\Desire Paths\datapacks\gstools\data\minecraft\function\cursor\chunk\forceload\4\2\2\1\1\
	    New File  		     718	seek_depth_5.mcfunction
	  New Dir          1	C:\Users\joshp\curseforge\minecraft\Instances\Alive Dev\saves\Desire Paths\datapacks\gstools\data\minecraft\function\cursor\chunk\forceload\4\2\2\1\2\
	    New File  		     367	seek_depth_5.mcfunction
	  New Dir          1	C:\Users\joshp\curseforge\minecraft\Instances\Alive Dev\saves\Desire Paths\datapacks\gstools\data\minecraft\function\cursor\chunk\forceload\4\2\2\1\3\
	    New File  		     734	seek_depth_5.mcfunction
	  New Dir          1	C:\Users\joshp\curseforge\minecraft\Instances\Alive Dev\saves\Desire Paths\datapacks\gstools\data\minecraft\function\cursor\chunk\forceload\4\2\2\1\4\
	    New File  		    1452	seek_depth_5.mcfunction
	  New Dir          1	C:\Users\joshp\curseforge\minecraft\Instances\Alive Dev\saves\Desire Paths\datapacks\gstools\data\minecraft\function\cursor\chunk\forceload\4\2\2\2\
	    New File  		     765	seek_depth_4.mcfunction
	  New Dir          1	C:\Users\joshp\curseforge\minecraft\Instances\Alive Dev\saves\Desire Paths\datapacks\gstools\data\minecraft\function\cursor\chunk\forceload\4\2\2\2\1\
	    New File  		     718	seek_depth_5.mcfunction
	  New Dir          1	C:\Users\joshp\curseforge\minecraft\Instances\Alive Dev\saves\Desire Paths\datapacks\gstools\data\minecraft\function\cursor\chunk\forceload\4\2\2\2\2\
	    New File  		     359	seek_depth_5.mcfunction
	  New Dir          1	C:\Users\joshp\curseforge\minecraft\Instances\Alive Dev\saves\Desire Paths\datapacks\gstools\data\minecraft\function\cursor\chunk\forceload\4\2\2\2\3\
	    New File  		     718	seek_depth_5.mcfunction
	  New Dir          1	C:\Users\joshp\curseforge\minecraft\Instances\Alive Dev\saves\Desire Paths\datapacks\gstools\data\minecraft\function\cursor\chunk\forceload\4\2\2\2\4\
	    New File  		    1452	seek_depth_5.mcfunction
	  New Dir          1	C:\Users\joshp\curseforge\minecraft\Instances\Alive Dev\saves\Desire Paths\datapacks\gstools\data\minecraft\function\cursor\chunk\forceload\4\2\2\3\
	    New File  		     765	seek_depth_4.mcfunction
	  New Dir          1	C:\Users\joshp\curseforge\minecraft\Instances\Alive Dev\saves\Desire Paths\datapacks\gstools\data\minecraft\function\cursor\chunk\forceload\4\2\2\3\1\
	    New File  		     734	seek_depth_5.mcfunction
	  New Dir          1	C:\Users\joshp\curseforge\minecraft\Instances\Alive Dev\saves\Desire Paths\datapacks\gstools\data\minecraft\function\cursor\chunk\forceload\4\2\2\3\2\
	    New File  		     367	seek_depth_5.mcfunction
	  New Dir          1	C:\Users\joshp\curseforge\minecraft\Instances\Alive Dev\saves\Desire Paths\datapacks\gstools\data\minecraft\function\cursor\chunk\forceload\4\2\2\3\3\
	    New File  		     718	seek_depth_5.mcfunction
	  New Dir          1	C:\Users\joshp\curseforge\minecraft\Instances\Alive Dev\saves\Desire Paths\datapacks\gstools\data\minecraft\function\cursor\chunk\forceload\4\2\2\3\4\
	    New File  		    1452	seek_depth_5.mcfunction
	  New Dir          1	C:\Users\joshp\curseforge\minecraft\Instances\Alive Dev\saves\Desire Paths\datapacks\gstools\data\minecraft\function\cursor\chunk\forceload\4\2\2\4\
	    New File  		     765	seek_depth_4.mcfunction
	  New Dir          1	C:\Users\joshp\curseforge\minecraft\Instances\Alive Dev\saves\Desire Paths\datapacks\gstools\data\minecraft\function\cursor\chunk\forceload\4\2\2\4\1\
	    New File  		     734	seek_depth_5.mcfunction
	  New Dir          1	C:\Users\joshp\curseforge\minecraft\Instances\Alive Dev\saves\Desire Paths\datapacks\gstools\data\minecraft\function\cursor\chunk\forceload\4\2\2\4\2\
	    New File  		     375	seek_depth_5.mcfunction
	  New Dir          1	C:\Users\joshp\curseforge\minecraft\Instances\Alive Dev\saves\Desire Paths\datapacks\gstools\data\minecraft\function\cursor\chunk\forceload\4\2\2\4\3\
	    New File  		     734	seek_depth_5.mcfunction
	  New Dir          1	C:\Users\joshp\curseforge\minecraft\Instances\Alive Dev\saves\Desire Paths\datapacks\gstools\data\minecraft\function\cursor\chunk\forceload\4\2\2\4\4\
	    New File  		    1452	seek_depth_5.mcfunction
	  New Dir          1	C:\Users\joshp\curseforge\minecraft\Instances\Alive Dev\saves\Desire Paths\datapacks\gstools\data\minecraft\function\cursor\chunk\forceload\4\2\3\
	    New File  		     757	seek_depth_3.mcfunction
	  New Dir          1	C:\Users\joshp\curseforge\minecraft\Instances\Alive Dev\saves\Desire Paths\datapacks\gstools\data\minecraft\function\cursor\chunk\forceload\4\2\3\1\
	    New File  		     765	seek_depth_4.mcfunction
	  New Dir          1	C:\Users\joshp\curseforge\minecraft\Instances\Alive Dev\saves\Desire Paths\datapacks\gstools\data\minecraft\function\cursor\chunk\forceload\4\2\3\1\1\
	    New File  		     734	seek_depth_5.mcfunction
	  New Dir          1	C:\Users\joshp\curseforge\minecraft\Instances\Alive Dev\saves\Desire Paths\datapacks\gstools\data\minecraft\function\cursor\chunk\forceload\4\2\3\1\2\
	    New File  		     375	seek_depth_5.mcfunction
	  New Dir          1	C:\Users\joshp\curseforge\minecraft\Instances\Alive Dev\saves\Desire Paths\datapacks\gstools\data\minecraft\function\cursor\chunk\forceload\4\2\3\1\3\
	    New File  		     742	seek_depth_5.mcfunction
	  New Dir          1	C:\Users\joshp\curseforge\minecraft\Instances\Alive Dev\saves\Desire Paths\datapacks\gstools\data\minecraft\function\cursor\chunk\forceload\4\2\3\1\4\
	    New File  		    1468	seek_depth_5.mcfunction
	  New Dir          1	C:\Users\joshp\curseforge\minecraft\Instances\Alive Dev\saves\Desire Paths\datapacks\gstools\data\minecraft\function\cursor\chunk\forceload\4\2\3\2\
	    New File  		     765	seek_depth_4.mcfunction
	  New Dir          1	C:\Users\joshp\curseforge\minecraft\Instances\Alive Dev\saves\Desire Paths\datapacks\gstools\data\minecraft\function\cursor\chunk\forceload\4\2\3\2\1\
	    New File  		     734	seek_depth_5.mcfunction
	  New Dir          1	C:\Users\joshp\curseforge\minecraft\Instances\Alive Dev\saves\Desire Paths\datapacks\gstools\data\minecraft\function\cursor\chunk\forceload\4\2\3\2\2\
	    New File  		     367	seek_depth_5.mcfunction
	  New Dir          1	C:\Users\joshp\curseforge\minecraft\Instances\Alive Dev\saves\Desire Paths\datapacks\gstools\data\minecraft\function\cursor\chunk\forceload\4\2\3\2\3\
	    New File  		     726	seek_depth_5.mcfunction
	  New Dir          1	C:\Users\joshp\curseforge\minecraft\Instances\Alive Dev\saves\Desire Paths\datapacks\gstools\data\minecraft\function\cursor\chunk\forceload\4\2\3\2\4\
	    New File  		    1468	seek_depth_5.mcfunction
	  New Dir          1	C:\Users\joshp\curseforge\minecraft\Instances\Alive Dev\saves\Desire Paths\datapacks\gstools\data\minecraft\function\cursor\chunk\forceload\4\2\3\3\
	    New File  		     765	seek_depth_4.mcfunction
	  New Dir          1	C:\Users\joshp\curseforge\minecraft\Instances\Alive Dev\saves\Desire Paths\datapacks\gstools\data\minecraft\function\cursor\chunk\forceload\4\2\3\3\1\
	    New File  		    1468	seek_depth_5.mcfunction
	  New Dir          1	C:\Users\joshp\curseforge\minecraft\Instances\Alive Dev\saves\Desire Paths\datapacks\gstools\data\minecraft\function\cursor\chunk\forceload\4\2\3\3\2\
	    New File  		     726	seek_depth_5.mcfunction
	  New Dir          1	C:\Users\joshp\curseforge\minecraft\Instances\Alive Dev\saves\Desire Paths\datapacks\gstools\data\minecraft\function\cursor\chunk\forceload\4\2\3\3\3\
	    New File  		     726	seek_depth_5.mcfunction
	  New Dir          1	C:\Users\joshp\curseforge\minecraft\Instances\Alive Dev\saves\Desire Paths\datapacks\gstools\data\minecraft\function\cursor\chunk\forceload\4\2\3\3\4\
	    New File  		    1468	seek_depth_5.mcfunction
	  New Dir          1	C:\Users\joshp\curseforge\minecraft\Instances\Alive Dev\saves\Desire Paths\datapacks\gstools\data\minecraft\function\cursor\chunk\forceload\4\2\3\4\
	    New File  		     765	seek_depth_4.mcfunction
	  New Dir          1	C:\Users\joshp\curseforge\minecraft\Instances\Alive Dev\saves\Desire Paths\datapacks\gstools\data\minecraft\function\cursor\chunk\forceload\4\2\3\4\1\
	    New File  		    1468	seek_depth_5.mcfunction
	  New Dir          1	C:\Users\joshp\curseforge\minecraft\Instances\Alive Dev\saves\Desire Paths\datapacks\gstools\data\minecraft\function\cursor\chunk\forceload\4\2\3\4\2\
	    New File  		     742	seek_depth_5.mcfunction
	  New Dir          1	C:\Users\joshp\curseforge\minecraft\Instances\Alive Dev\saves\Desire Paths\datapacks\gstools\data\minecraft\function\cursor\chunk\forceload\4\2\3\4\3\
	    New File  		     742	seek_depth_5.mcfunction
	  New Dir          1	C:\Users\joshp\curseforge\minecraft\Instances\Alive Dev\saves\Desire Paths\datapacks\gstools\data\minecraft\function\cursor\chunk\forceload\4\2\3\4\4\
	    New File  		    1468	seek_depth_5.mcfunction
	  New Dir          1	C:\Users\joshp\curseforge\minecraft\Instances\Alive Dev\saves\Desire Paths\datapacks\gstools\data\minecraft\function\cursor\chunk\forceload\4\2\4\
	    New File  		     757	seek_depth_3.mcfunction
	  New Dir          1	C:\Users\joshp\curseforge\minecraft\Instances\Alive Dev\saves\Desire Paths\datapacks\gstools\data\minecraft\function\cursor\chunk\forceload\4\2\4\1\
	    New File  		     765	seek_depth_4.mcfunction
	  New Dir          1	C:\Users\joshp\curseforge\minecraft\Instances\Alive Dev\saves\Desire Paths\datapacks\gstools\data\minecraft\function\cursor\chunk\forceload\4\2\4\1\1\
	    New File  		     742	seek_depth_5.mcfunction
	  New Dir          1	C:\Users\joshp\curseforge\minecraft\Instances\Alive Dev\saves\Desire Paths\datapacks\gstools\data\minecraft\function\cursor\chunk\forceload\4\2\4\1\2\
	    New File  		     742	seek_depth_5.mcfunction
	  New Dir          1	C:\Users\joshp\curseforge\minecraft\Instances\Alive Dev\saves\Desire Paths\datapacks\gstools\data\minecraft\function\cursor\chunk\forceload\4\2\4\1\3\
	    New File  		    1484	seek_depth_5.mcfunction
	  New Dir          1	C:\Users\joshp\curseforge\minecraft\Instances\Alive Dev\saves\Desire Paths\datapacks\gstools\data\minecraft\function\cursor\chunk\forceload\4\2\4\1\4\
	    New File  		    1484	seek_depth_5.mcfunction
	  New Dir          1	C:\Users\joshp\curseforge\minecraft\Instances\Alive Dev\saves\Desire Paths\datapacks\gstools\data\minecraft\function\cursor\chunk\forceload\4\2\4\2\
	    New File  		     765	seek_depth_4.mcfunction
	  New Dir          1	C:\Users\joshp\curseforge\minecraft\Instances\Alive Dev\saves\Desire Paths\datapacks\gstools\data\minecraft\function\cursor\chunk\forceload\4\2\4\2\1\
	    New File  		     742	seek_depth_5.mcfunction
	  New Dir          1	C:\Users\joshp\curseforge\minecraft\Instances\Alive Dev\saves\Desire Paths\datapacks\gstools\data\minecraft\function\cursor\chunk\forceload\4\2\4\2\2\
	    New File  		     375	seek_depth_5.mcfunction
	  New Dir          1	C:\Users\joshp\curseforge\minecraft\Instances\Alive Dev\saves\Desire Paths\datapacks\gstools\data\minecraft\function\cursor\chunk\forceload\4\2\4\2\3\
	    New File  		     742	seek_depth_5.mcfunction
	  New Dir          1	C:\Users\joshp\curseforge\minecraft\Instances\Alive Dev\saves\Desire Paths\datapacks\gstools\data\minecraft\function\cursor\chunk\forceload\4\2\4\2\4\
	    New File  		    1484	seek_depth_5.mcfunction
	  New Dir          1	C:\Users\joshp\curseforge\minecraft\Instances\Alive Dev\saves\Desire Paths\datapacks\gstools\data\minecraft\function\cursor\chunk\forceload\4\2\4\3\
	    New File  		     765	seek_depth_4.mcfunction
	  New Dir          1	C:\Users\joshp\curseforge\minecraft\Instances\Alive Dev\saves\Desire Paths\datapacks\gstools\data\minecraft\function\cursor\chunk\forceload\4\2\4\3\1\
	    New File  		    1484	seek_depth_5.mcfunction
	  New Dir          1	C:\Users\joshp\curseforge\minecraft\Instances\Alive Dev\saves\Desire Paths\datapacks\gstools\data\minecraft\function\cursor\chunk\forceload\4\2\4\3\2\
	    New File  		     742	seek_depth_5.mcfunction
	  New Dir          1	C:\Users\joshp\curseforge\minecraft\Instances\Alive Dev\saves\Desire Paths\datapacks\gstools\data\minecraft\function\cursor\chunk\forceload\4\2\4\3\3\
	    New File  		     742	seek_depth_5.mcfunction
	  New Dir          1	C:\Users\joshp\curseforge\minecraft\Instances\Alive Dev\saves\Desire Paths\datapacks\gstools\data\minecraft\function\cursor\chunk\forceload\4\2\4\3\4\
	    New File  		    1484	seek_depth_5.mcfunction
	  New Dir          1	C:\Users\joshp\curseforge\minecraft\Instances\Alive Dev\saves\Desire Paths\datapacks\gstools\data\minecraft\function\cursor\chunk\forceload\4\2\4\4\
	    New File  		     765	seek_depth_4.mcfunction
	  New Dir          1	C:\Users\joshp\curseforge\minecraft\Instances\Alive Dev\saves\Desire Paths\datapacks\gstools\data\minecraft\function\cursor\chunk\forceload\4\2\4\4\1\
	    New File  		    1484	seek_depth_5.mcfunction
	  New Dir          1	C:\Users\joshp\curseforge\minecraft\Instances\Alive Dev\saves\Desire Paths\datapacks\gstools\data\minecraft\function\cursor\chunk\forceload\4\2\4\4\2\
	    New File  		    1484	seek_depth_5.mcfunction
	  New Dir          1	C:\Users\joshp\curseforge\minecraft\Instances\Alive Dev\saves\Desire Paths\datapacks\gstools\data\minecraft\function\cursor\chunk\forceload\4\2\4\4\3\
	    New File  		    1484	seek_depth_5.mcfunction
	  New Dir          1	C:\Users\joshp\curseforge\minecraft\Instances\Alive Dev\saves\Desire Paths\datapacks\gstools\data\minecraft\function\cursor\chunk\forceload\4\2\4\4\4\
	    New File  		    1484	seek_depth_5.mcfunction
	  New Dir          1	C:\Users\joshp\curseforge\minecraft\Instances\Alive Dev\saves\Desire Paths\datapacks\gstools\data\minecraft\function\cursor\chunk\forceload\4\3\
	    New File  		     749	seek_depth_2.mcfunction
	  New Dir          1	C:\Users\joshp\curseforge\minecraft\Instances\Alive Dev\saves\Desire Paths\datapacks\gstools\data\minecraft\function\cursor\chunk\forceload\4\3\1\
	    New File  		     757	seek_depth_3.mcfunction
	  New Dir          1	C:\Users\joshp\curseforge\minecraft\Instances\Alive Dev\saves\Desire Paths\datapacks\gstools\data\minecraft\function\cursor\chunk\forceload\4\3\1\1\
	    New File  		     765	seek_depth_4.mcfunction
	  New Dir          1	C:\Users\joshp\curseforge\minecraft\Instances\Alive Dev\saves\Desire Paths\datapacks\gstools\data\minecraft\function\cursor\chunk\forceload\4\3\1\1\1\
	    New File  		     750	seek_depth_5.mcfunction
	  New Dir          1	C:\Users\joshp\curseforge\minecraft\Instances\Alive Dev\saves\Desire Paths\datapacks\gstools\data\minecraft\function\cursor\chunk\forceload\4\3\1\1\2\
	    New File  		     750	seek_depth_5.mcfunction
	  New Dir          1	C:\Users\joshp\curseforge\minecraft\Instances\Alive Dev\saves\Desire Paths\datapacks\gstools\data\minecraft\function\cursor\chunk\forceload\4\3\1\1\3\
	    New File  		    1484	seek_depth_5.mcfunction
	  New Dir          1	C:\Users\joshp\curseforge\minecraft\Instances\Alive Dev\saves\Desire Paths\datapacks\gstools\data\minecraft\function\cursor\chunk\forceload\4\3\1\1\4\
	    New File  		    1484	seek_depth_5.mcfunction
	  New Dir          1	C:\Users\joshp\curseforge\minecraft\Instances\Alive Dev\saves\Desire Paths\datapacks\gstools\data\minecraft\function\cursor\chunk\forceload\4\3\1\2\
	    New File  		     765	seek_depth_4.mcfunction
	  New Dir          1	C:\Users\joshp\curseforge\minecraft\Instances\Alive Dev\saves\Desire Paths\datapacks\gstools\data\minecraft\function\cursor\chunk\forceload\4\3\1\2\1\
	    New File  		     750	seek_depth_5.mcfunction
	  New Dir          1	C:\Users\joshp\curseforge\minecraft\Instances\Alive Dev\saves\Desire Paths\datapacks\gstools\data\minecraft\function\cursor\chunk\forceload\4\3\1\2\2\
	    New File  		     379	seek_depth_5.mcfunction
	  New Dir          1	C:\Users\joshp\curseforge\minecraft\Instances\Alive Dev\saves\Desire Paths\datapacks\gstools\data\minecraft\function\cursor\chunk\forceload\4\3\1\2\3\
	    New File  		     742	seek_depth_5.mcfunction
	  New Dir          1	C:\Users\joshp\curseforge\minecraft\Instances\Alive Dev\saves\Desire Paths\datapacks\gstools\data\minecraft\function\cursor\chunk\forceload\4\3\1\2\4\
	    New File  		    1484	seek_depth_5.mcfunction
	  New Dir          1	C:\Users\joshp\curseforge\minecraft\Instances\Alive Dev\saves\Desire Paths\datapacks\gstools\data\minecraft\function\cursor\chunk\forceload\4\3\1\3\
	    New File  		     765	seek_depth_4.mcfunction
	  New Dir          1	C:\Users\joshp\curseforge\minecraft\Instances\Alive Dev\saves\Desire Paths\datapacks\gstools\data\minecraft\function\cursor\chunk\forceload\4\3\1\3\1\
	    New File  		    1484	seek_depth_5.mcfunction
	  New Dir          1	C:\Users\joshp\curseforge\minecraft\Instances\Alive Dev\saves\Desire Paths\datapacks\gstools\data\minecraft\function\cursor\chunk\forceload\4\3\1\3\2\
	    New File  		     742	seek_depth_5.mcfunction
	  New Dir          1	C:\Users\joshp\curseforge\minecraft\Instances\Alive Dev\saves\Desire Paths\datapacks\gstools\data\minecraft\function\cursor\chunk\forceload\4\3\1\3\3\
	    New File  		     742	seek_depth_5.mcfunction
	  New Dir          1	C:\Users\joshp\curseforge\minecraft\Instances\Alive Dev\saves\Desire Paths\datapacks\gstools\data\minecraft\function\cursor\chunk\forceload\4\3\1\3\4\
	    New File  		    1484	seek_depth_5.mcfunction
	  New Dir          1	C:\Users\joshp\curseforge\minecraft\Instances\Alive Dev\saves\Desire Paths\datapacks\gstools\data\minecraft\function\cursor\chunk\forceload\4\3\1\4\
	    New File  		     765	seek_depth_4.mcfunction
	  New Dir          1	C:\Users\joshp\curseforge\minecraft\Instances\Alive Dev\saves\Desire Paths\datapacks\gstools\data\minecraft\function\cursor\chunk\forceload\4\3\1\4\1\
	    New File  		    1484	seek_depth_5.mcfunction
	  New Dir          1	C:\Users\joshp\curseforge\minecraft\Instances\Alive Dev\saves\Desire Paths\datapacks\gstools\data\minecraft\function\cursor\chunk\forceload\4\3\1\4\2\
	    New File  		    1484	seek_depth_5.mcfunction
	  New Dir          1	C:\Users\joshp\curseforge\minecraft\Instances\Alive Dev\saves\Desire Paths\datapacks\gstools\data\minecraft\function\cursor\chunk\forceload\4\3\1\4\3\
	    New File  		    1484	seek_depth_5.mcfunction
	  New Dir          1	C:\Users\joshp\curseforge\minecraft\Instances\Alive Dev\saves\Desire Paths\datapacks\gstools\data\minecraft\function\cursor\chunk\forceload\4\3\1\4\4\
	    New File  		    1484	seek_depth_5.mcfunction
	  New Dir          1	C:\Users\joshp\curseforge\minecraft\Instances\Alive Dev\saves\Desire Paths\datapacks\gstools\data\minecraft\function\cursor\chunk\forceload\4\3\2\
	    New File  		     757	seek_depth_3.mcfunction
	  New Dir          1	C:\Users\joshp\curseforge\minecraft\Instances\Alive Dev\saves\Desire Paths\datapacks\gstools\data\minecraft\function\cursor\chunk\forceload\4\3\2\1\
	    New File  		     765	seek_depth_4.mcfunction
	  New Dir          1	C:\Users\joshp\curseforge\minecraft\Instances\Alive Dev\saves\Desire Paths\datapacks\gstools\data\minecraft\function\cursor\chunk\forceload\4\3\2\1\1\
	    New File  		     742	seek_depth_5.mcfunction
	  New Dir          1	C:\Users\joshp\curseforge\minecraft\Instances\Alive Dev\saves\Desire Paths\datapacks\gstools\data\minecraft\function\cursor\chunk\forceload\4\3\2\1\2\
	    New File  		     379	seek_depth_5.mcfunction
	  New Dir          1	C:\Users\joshp\curseforge\minecraft\Instances\Alive Dev\saves\Desire Paths\datapacks\gstools\data\minecraft\function\cursor\chunk\forceload\4\3\2\1\3\
	    New File  		     742	seek_depth_5.mcfunction
	  New Dir          1	C:\Users\joshp\curseforge\minecraft\Instances\Alive Dev\saves\Desire Paths\datapacks\gstools\data\minecraft\function\cursor\chunk\forceload\4\3\2\1\4\
	    New File  		    1468	seek_depth_5.mcfunction
	  New Dir          1	C:\Users\joshp\curseforge\minecraft\Instances\Alive Dev\saves\Desire Paths\datapacks\gstools\data\minecraft\function\cursor\chunk\forceload\4\3\2\2\
	    New File  		     765	seek_depth_4.mcfunction
	  New Dir          1	C:\Users\joshp\curseforge\minecraft\Instances\Alive Dev\saves\Desire Paths\datapacks\gstools\data\minecraft\function\cursor\chunk\forceload\4\3\2\2\1\
	    New File  		     742	seek_depth_5.mcfunction
	  New Dir          1	C:\Users\joshp\curseforge\minecraft\Instances\Alive Dev\saves\Desire Paths\datapacks\gstools\data\minecraft\function\cursor\chunk\forceload\4\3\2\2\2\
	    New File  		     371	seek_depth_5.mcfunction
	  New Dir          1	C:\Users\joshp\curseforge\minecraft\Instances\Alive Dev\saves\Desire Paths\datapacks\gstools\data\minecraft\function\cursor\chunk\forceload\4\3\2\2\3\
	    New File  		     726	seek_depth_5.mcfunction
	  New Dir          1	C:\Users\joshp\curseforge\minecraft\Instances\Alive Dev\saves\Desire Paths\datapacks\gstools\data\minecraft\function\cursor\chunk\forceload\4\3\2\2\4\
	    New File  		    1468	seek_depth_5.mcfunction
	  New Dir          1	C:\Users\joshp\curseforge\minecraft\Instances\Alive Dev\saves\Desire Paths\datapacks\gstools\data\minecraft\function\cursor\chunk\forceload\4\3\2\3\
	    New File  		     765	seek_depth_4.mcfunction
	  New Dir          1	C:\Users\joshp\curseforge\minecraft\Instances\Alive Dev\saves\Desire Paths\datapacks\gstools\data\minecraft\function\cursor\chunk\forceload\4\3\2\3\1\
	    New File  		    1468	seek_depth_5.mcfunction
	  New Dir          1	C:\Users\joshp\curseforge\minecraft\Instances\Alive Dev\saves\Desire Paths\datapacks\gstools\data\minecraft\function\cursor\chunk\forceload\4\3\2\3\2\
	    New File  		     726	seek_depth_5.mcfunction
	  New Dir          1	C:\Users\joshp\curseforge\minecraft\Instances\Alive Dev\saves\Desire Paths\datapacks\gstools\data\minecraft\function\cursor\chunk\forceload\4\3\2\3\3\
	    New File  		     726	seek_depth_5.mcfunction
	  New Dir          1	C:\Users\joshp\curseforge\minecraft\Instances\Alive Dev\saves\Desire Paths\datapacks\gstools\data\minecraft\function\cursor\chunk\forceload\4\3\2\3\4\
	    New File  		    1468	seek_depth_5.mcfunction
	  New Dir          1	C:\Users\joshp\curseforge\minecraft\Instances\Alive Dev\saves\Desire Paths\datapacks\gstools\data\minecraft\function\cursor\chunk\forceload\4\3\2\4\
	    New File  		     765	seek_depth_4.mcfunction
	  New Dir          1	C:\Users\joshp\curseforge\minecraft\Instances\Alive Dev\saves\Desire Paths\datapacks\gstools\data\minecraft\function\cursor\chunk\forceload\4\3\2\4\1\
	    New File  		    1468	seek_depth_5.mcfunction
	  New Dir          1	C:\Users\joshp\curseforge\minecraft\Instances\Alive Dev\saves\Desire Paths\datapacks\gstools\data\minecraft\function\cursor\chunk\forceload\4\3\2\4\2\
	    New File  		     742	seek_depth_5.mcfunction
	  New Dir          1	C:\Users\joshp\curseforge\minecraft\Instances\Alive Dev\saves\Desire Paths\datapacks\gstools\data\minecraft\function\cursor\chunk\forceload\4\3\2\4\3\
	    New File  		     742	seek_depth_5.mcfunction
	  New Dir          1	C:\Users\joshp\curseforge\minecraft\Instances\Alive Dev\saves\Desire Paths\datapacks\gstools\data\minecraft\function\cursor\chunk\forceload\4\3\2\4\4\
	    New File  		    1468	seek_depth_5.mcfunction
	  New Dir          1	C:\Users\joshp\curseforge\minecraft\Instances\Alive Dev\saves\Desire Paths\datapacks\gstools\data\minecraft\function\cursor\chunk\forceload\4\3\3\
	    New File  		     757	seek_depth_3.mcfunction
	  New Dir          1	C:\Users\joshp\curseforge\minecraft\Instances\Alive Dev\saves\Desire Paths\datapacks\gstools\data\minecraft\function\cursor\chunk\forceload\4\3\3\1\
	    New File  		     765	seek_depth_4.mcfunction
	  New Dir          1	C:\Users\joshp\curseforge\minecraft\Instances\Alive Dev\saves\Desire Paths\datapacks\gstools\data\minecraft\function\cursor\chunk\forceload\4\3\3\1\1\
	    New File  		     742	seek_depth_5.mcfunction
	  New Dir          1	C:\Users\joshp\curseforge\minecraft\Instances\Alive Dev\saves\Desire Paths\datapacks\gstools\data\minecraft\function\cursor\chunk\forceload\4\3\3\1\2\
	    New File  		     379	seek_depth_5.mcfunction
	  New Dir          1	C:\Users\joshp\curseforge\minecraft\Instances\Alive Dev\saves\Desire Paths\datapacks\gstools\data\minecraft\function\cursor\chunk\forceload\4\3\3\1\3\
	    New File  		     742	seek_depth_5.mcfunction
	  New Dir          1	C:\Users\joshp\curseforge\minecraft\Instances\Alive Dev\saves\Desire Paths\datapacks\gstools\data\minecraft\function\cursor\chunk\forceload\4\3\3\1\4\
	    New File  		    1468	seek_depth_5.mcfunction
	  New Dir          1	C:\Users\joshp\curseforge\minecraft\Instances\Alive Dev\saves\Desire Paths\datapacks\gstools\data\minecraft\function\cursor\chunk\forceload\4\3\3\2\
	    New File  		     765	seek_depth_4.mcfunction
	  New Dir          1	C:\Users\joshp\curseforge\minecraft\Instances\Alive Dev\saves\Desire Paths\datapacks\gstools\data\minecraft\function\cursor\chunk\forceload\4\3\3\2\1\
	    New File  		     742	seek_depth_5.mcfunction
	  New Dir          1	C:\Users\joshp\curseforge\minecraft\Instances\Alive Dev\saves\Desire Paths\datapacks\gstools\data\minecraft\function\cursor\chunk\forceload\4\3\3\2\2\
	    New File  		     371	seek_depth_5.mcfunction
	  New Dir          1	C:\Users\joshp\curseforge\minecraft\Instances\Alive Dev\saves\Desire Paths\datapacks\gstools\data\minecraft\function\cursor\chunk\forceload\4\3\3\2\3\
	    New File  		     726	seek_depth_5.mcfunction
	  New Dir          1	C:\Users\joshp\curseforge\minecraft\Instances\Alive Dev\saves\Desire Paths\datapacks\gstools\data\minecraft\function\cursor\chunk\forceload\4\3\3\2\4\
	    New File  		    1468	seek_depth_5.mcfunction
	  New Dir          1	C:\Users\joshp\curseforge\minecraft\Instances\Alive Dev\saves\Desire Paths\datapacks\gstools\data\minecraft\function\cursor\chunk\forceload\4\3\3\3\
	    New File  		     765	seek_depth_4.mcfunction
	  New Dir          1	C:\Users\joshp\curseforge\minecraft\Instances\Alive Dev\saves\Desire Paths\datapacks\gstools\data\minecraft\function\cursor\chunk\forceload\4\3\3\3\1\
	    New File  		    1468	seek_depth_5.mcfunction
	  New Dir          1	C:\Users\joshp\curseforge\minecraft\Instances\Alive Dev\saves\Desire Paths\datapacks\gstools\data\minecraft\function\cursor\chunk\forceload\4\3\3\3\2\
	    New File  		     726	seek_depth_5.mcfunction
	  New Dir          1	C:\Users\joshp\curseforge\minecraft\Instances\Alive Dev\saves\Desire Paths\datapacks\gstools\data\minecraft\function\cursor\chunk\forceload\4\3\3\3\3\
	    New File  		     726	seek_depth_5.mcfunction
	  New Dir          1	C:\Users\joshp\curseforge\minecraft\Instances\Alive Dev\saves\Desire Paths\datapacks\gstools\data\minecraft\function\cursor\chunk\forceload\4\3\3\3\4\
	    New File  		    1468	seek_depth_5.mcfunction
	  New Dir          1	C:\Users\joshp\curseforge\minecraft\Instances\Alive Dev\saves\Desire Paths\datapacks\gstools\data\minecraft\function\cursor\chunk\forceload\4\3\3\4\
	    New File  		     765	seek_depth_4.mcfunction
	  New Dir          1	C:\Users\joshp\curseforge\minecraft\Instances\Alive Dev\saves\Desire Paths\datapacks\gstools\data\minecraft\function\cursor\chunk\forceload\4\3\3\4\1\
	    New File  		    1468	seek_depth_5.mcfunction
	  New Dir          1	C:\Users\joshp\curseforge\minecraft\Instances\Alive Dev\saves\Desire Paths\datapacks\gstools\data\minecraft\function\cursor\chunk\forceload\4\3\3\4\2\
	    New File  		     742	seek_depth_5.mcfunction
	  New Dir          1	C:\Users\joshp\curseforge\minecraft\Instances\Alive Dev\saves\Desire Paths\datapacks\gstools\data\minecraft\function\cursor\chunk\forceload\4\3\3\4\3\
	    New File  		     742	seek_depth_5.mcfunction
	  New Dir          1	C:\Users\joshp\curseforge\minecraft\Instances\Alive Dev\saves\Desire Paths\datapacks\gstools\data\minecraft\function\cursor\chunk\forceload\4\3\3\4\4\
	    New File  		    1468	seek_depth_5.mcfunction
	  New Dir          1	C:\Users\joshp\curseforge\minecraft\Instances\Alive Dev\saves\Desire Paths\datapacks\gstools\data\minecraft\function\cursor\chunk\forceload\4\3\4\
	    New File  		     757	seek_depth_3.mcfunction
	  New Dir          1	C:\Users\joshp\curseforge\minecraft\Instances\Alive Dev\saves\Desire Paths\datapacks\gstools\data\minecraft\function\cursor\chunk\forceload\4\3\4\1\
	    New File  		     765	seek_depth_4.mcfunction
	  New Dir          1	C:\Users\joshp\curseforge\minecraft\Instances\Alive Dev\saves\Desire Paths\datapacks\gstools\data\minecraft\function\cursor\chunk\forceload\4\3\4\1\1\
	    New File  		     750	seek_depth_5.mcfunction
	  New Dir          1	C:\Users\joshp\curseforge\minecraft\Instances\Alive Dev\saves\Desire Paths\datapacks\gstools\data\minecraft\function\cursor\chunk\forceload\4\3\4\1\2\
	    New File  		     750	seek_depth_5.mcfunction
	  New Dir          1	C:\Users\joshp\curseforge\minecraft\Instances\Alive Dev\saves\Desire Paths\datapacks\gstools\data\minecraft\function\cursor\chunk\forceload\4\3\4\1\3\
	    New File  		    1484	seek_depth_5.mcfunction
	  New Dir          1	C:\Users\joshp\curseforge\minecraft\Instances\Alive Dev\saves\Desire Paths\datapacks\gstools\data\minecraft\function\cursor\chunk\forceload\4\3\4\1\4\
	    New File  		    1484	seek_depth_5.mcfunction
	  New Dir          1	C:\Users\joshp\curseforge\minecraft\Instances\Alive Dev\saves\Desire Paths\datapacks\gstools\data\minecraft\function\cursor\chunk\forceload\4\3\4\2\
	    New File  		     765	seek_depth_4.mcfunction
	  New Dir          1	C:\Users\joshp\curseforge\minecraft\Instances\Alive Dev\saves\Desire Paths\datapacks\gstools\data\minecraft\function\cursor\chunk\forceload\4\3\4\2\1\
	    New File  		     750	seek_depth_5.mcfunction
	  New Dir          1	C:\Users\joshp\curseforge\minecraft\Instances\Alive Dev\saves\Desire Paths\datapacks\gstools\data\minecraft\function\cursor\chunk\forceload\4\3\4\2\2\
	    New File  		     379	seek_depth_5.mcfunction
	  New Dir          1	C:\Users\joshp\curseforge\minecraft\Instances\Alive Dev\saves\Desire Paths\datapacks\gstools\data\minecraft\function\cursor\chunk\forceload\4\3\4\2\3\
	    New File  		     742	seek_depth_5.mcfunction
	  New Dir          1	C:\Users\joshp\curseforge\minecraft\Instances\Alive Dev\saves\Desire Paths\datapacks\gstools\data\minecraft\function\cursor\chunk\forceload\4\3\4\2\4\
	    New File  		    1484	seek_depth_5.mcfunction
	  New Dir          1	C:\Users\joshp\curseforge\minecraft\Instances\Alive Dev\saves\Desire Paths\datapacks\gstools\data\minecraft\function\cursor\chunk\forceload\4\3\4\3\
	    New File  		     765	seek_depth_4.mcfunction
	  New Dir          1	C:\Users\joshp\curseforge\minecraft\Instances\Alive Dev\saves\Desire Paths\datapacks\gstools\data\minecraft\function\cursor\chunk\forceload\4\3\4\3\1\
	    New File  		    1484	seek_depth_5.mcfunction
	  New Dir          1	C:\Users\joshp\curseforge\minecraft\Instances\Alive Dev\saves\Desire Paths\datapacks\gstools\data\minecraft\function\cursor\chunk\forceload\4\3\4\3\2\
	    New File  		     742	seek_depth_5.mcfunction
	  New Dir          1	C:\Users\joshp\curseforge\minecraft\Instances\Alive Dev\saves\Desire Paths\datapacks\gstools\data\minecraft\function\cursor\chunk\forceload\4\3\4\3\3\
	    New File  		     742	seek_depth_5.mcfunction
	  New Dir          1	C:\Users\joshp\curseforge\minecraft\Instances\Alive Dev\saves\Desire Paths\datapacks\gstools\data\minecraft\function\cursor\chunk\forceload\4\3\4\3\4\
	    New File  		    1484	seek_depth_5.mcfunction
	  New Dir          1	C:\Users\joshp\curseforge\minecraft\Instances\Alive Dev\saves\Desire Paths\datapacks\gstools\data\minecraft\function\cursor\chunk\forceload\4\3\4\4\
	    New File  		     765	seek_depth_4.mcfunction
	  New Dir          1	C:\Users\joshp\curseforge\minecraft\Instances\Alive Dev\saves\Desire Paths\datapacks\gstools\data\minecraft\function\cursor\chunk\forceload\4\3\4\4\1\
	    New File  		    1484	seek_depth_5.mcfunction
	  New Dir          1	C:\Users\joshp\curseforge\minecraft\Instances\Alive Dev\saves\Desire Paths\datapacks\gstools\data\minecraft\function\cursor\chunk\forceload\4\3\4\4\2\
	    New File  		    1484	seek_depth_5.mcfunction
	  New Dir          1	C:\Users\joshp\curseforge\minecraft\Instances\Alive Dev\saves\Desire Paths\datapacks\gstools\data\minecraft\function\cursor\chunk\forceload\4\3\4\4\3\
	    New File  		    1484	seek_depth_5.mcfunction
	  New Dir          1	C:\Users\joshp\curseforge\minecraft\Instances\Alive Dev\saves\Desire Paths\datapacks\gstools\data\minecraft\function\cursor\chunk\forceload\4\3\4\4\4\
	    New File  		    1484	seek_depth_5.mcfunction
	  New Dir          1	C:\Users\joshp\curseforge\minecraft\Instances\Alive Dev\saves\Desire Paths\datapacks\gstools\data\minecraft\function\cursor\chunk\forceload\4\4\
	    New File  		     749	seek_depth_2.mcfunction
	  New Dir          1	C:\Users\joshp\curseforge\minecraft\Instances\Alive Dev\saves\Desire Paths\datapacks\gstools\data\minecraft\function\cursor\chunk\forceload\4\4\1\
	    New File  		     757	seek_depth_3.mcfunction
	  New Dir          1	C:\Users\joshp\curseforge\minecraft\Instances\Alive Dev\saves\Desire Paths\datapacks\gstools\data\minecraft\function\cursor\chunk\forceload\4\4\1\1\
	    New File  		     765	seek_depth_4.mcfunction
	  New Dir          1	C:\Users\joshp\curseforge\minecraft\Instances\Alive Dev\saves\Desire Paths\datapacks\gstools\data\minecraft\function\cursor\chunk\forceload\4\4\1\1\1\
	    New File  		     750	seek_depth_5.mcfunction
	  New Dir          1	C:\Users\joshp\curseforge\minecraft\Instances\Alive Dev\saves\Desire Paths\datapacks\gstools\data\minecraft\function\cursor\chunk\forceload\4\4\1\1\2\
	    New File  		     750	seek_depth_5.mcfunction
	  New Dir          1	C:\Users\joshp\curseforge\minecraft\Instances\Alive Dev\saves\Desire Paths\datapacks\gstools\data\minecraft\function\cursor\chunk\forceload\4\4\1\1\3\
	    New File  		    1484	seek_depth_5.mcfunction
	  New Dir          1	C:\Users\joshp\curseforge\minecraft\Instances\Alive Dev\saves\Desire Paths\datapacks\gstools\data\minecraft\function\cursor\chunk\forceload\4\4\1\1\4\
	    New File  		    1484	seek_depth_5.mcfunction
	  New Dir          1	C:\Users\joshp\curseforge\minecraft\Instances\Alive Dev\saves\Desire Paths\datapacks\gstools\data\minecraft\function\cursor\chunk\forceload\4\4\1\2\
	    New File  		     765	seek_depth_4.mcfunction
	  New Dir          1	C:\Users\joshp\curseforge\minecraft\Instances\Alive Dev\saves\Desire Paths\datapacks\gstools\data\minecraft\function\cursor\chunk\forceload\4\4\1\2\1\
	    New File  		     750	seek_depth_5.mcfunction
	  New Dir          1	C:\Users\joshp\curseforge\minecraft\Instances\Alive Dev\saves\Desire Paths\datapacks\gstools\data\minecraft\function\cursor\chunk\forceload\4\4\1\2\2\
	    New File  		     383	seek_depth_5.mcfunction
	  New Dir          1	C:\Users\joshp\curseforge\minecraft\Instances\Alive Dev\saves\Desire Paths\datapacks\gstools\data\minecraft\function\cursor\chunk\forceload\4\4\1\2\3\
	    New File  		     750	seek_depth_5.mcfunction
	  New Dir          1	C:\Users\joshp\curseforge\minecraft\Instances\Alive Dev\saves\Desire Paths\datapacks\gstools\data\minecraft\function\cursor\chunk\forceload\4\4\1\2\4\
	    New File  		    1484	seek_depth_5.mcfunction
	  New Dir          1	C:\Users\joshp\curseforge\minecraft\Instances\Alive Dev\saves\Desire Paths\datapacks\gstools\data\minecraft\function\cursor\chunk\forceload\4\4\1\3\
	    New File  		     765	seek_depth_4.mcfunction
	  New Dir          1	C:\Users\joshp\curseforge\minecraft\Instances\Alive Dev\saves\Desire Paths\datapacks\gstools\data\minecraft\function\cursor\chunk\forceload\4\4\1\3\1\
	    New File  		    1484	seek_depth_5.mcfunction
	  New Dir          1	C:\Users\joshp\curseforge\minecraft\Instances\Alive Dev\saves\Desire Paths\datapacks\gstools\data\minecraft\function\cursor\chunk\forceload\4\4\1\3\2\
	    New File  		     750	seek_depth_5.mcfunction
	  New Dir          1	C:\Users\joshp\curseforge\minecraft\Instances\Alive Dev\saves\Desire Paths\datapacks\gstools\data\minecraft\function\cursor\chunk\forceload\4\4\1\3\3\
	    New File  		     750	seek_depth_5.mcfunction
	  New Dir          1	C:\Users\joshp\curseforge\minecraft\Instances\Alive Dev\saves\Desire Paths\datapacks\gstools\data\minecraft\function\cursor\chunk\forceload\4\4\1\3\4\
	    New File  		    1484	seek_depth_5.mcfunction
	  New Dir          1	C:\Users\joshp\curseforge\minecraft\Instances\Alive Dev\saves\Desire Paths\datapacks\gstools\data\minecraft\function\cursor\chunk\forceload\4\4\1\4\
	    New File  		     765	seek_depth_4.mcfunction
	  New Dir          1	C:\Users\joshp\curseforge\minecraft\Instances\Alive Dev\saves\Desire Paths\datapacks\gstools\data\minecraft\function\cursor\chunk\forceload\4\4\1\4\1\
	    New File  		    1484	seek_depth_5.mcfunction
	  New Dir          1	C:\Users\joshp\curseforge\minecraft\Instances\Alive Dev\saves\Desire Paths\datapacks\gstools\data\minecraft\function\cursor\chunk\forceload\4\4\1\4\2\
	    New File  		    1484	seek_depth_5.mcfunction
	  New Dir          1	C:\Users\joshp\curseforge\minecraft\Instances\Alive Dev\saves\Desire Paths\datapacks\gstools\data\minecraft\function\cursor\chunk\forceload\4\4\1\4\3\
	    New File  		    1484	seek_depth_5.mcfunction
	  New Dir          1	C:\Users\joshp\curseforge\minecraft\Instances\Alive Dev\saves\Desire Paths\datapacks\gstools\data\minecraft\function\cursor\chunk\forceload\4\4\1\4\4\
	    New File  		    1484	seek_depth_5.mcfunction
	  New Dir          1	C:\Users\joshp\curseforge\minecraft\Instances\Alive Dev\saves\Desire Paths\datapacks\gstools\data\minecraft\function\cursor\chunk\forceload\4\4\2\
	    New File  		     757	seek_depth_3.mcfunction
	  New Dir          1	C:\Users\joshp\curseforge\minecraft\Instances\Alive Dev\saves\Desire Paths\datapacks\gstools\data\minecraft\function\cursor\chunk\forceload\4\4\2\1\
	    New File  		     765	seek_depth_4.mcfunction
	  New Dir          1	C:\Users\joshp\curseforge\minecraft\Instances\Alive Dev\saves\Desire Paths\datapacks\gstools\data\minecraft\function\cursor\chunk\forceload\4\4\2\1\1\
	    New File  		     750	seek_depth_5.mcfunction
	  New Dir          1	C:\Users\joshp\curseforge\minecraft\Instances\Alive Dev\saves\Desire Paths\datapacks\gstools\data\minecraft\function\cursor\chunk\forceload\4\4\2\1\2\
	    New File  		     750	seek_depth_5.mcfunction
	  New Dir          1	C:\Users\joshp\curseforge\minecraft\Instances\Alive Dev\saves\Desire Paths\datapacks\gstools\data\minecraft\function\cursor\chunk\forceload\4\4\2\1\3\
	    New File  		    1484	seek_depth_5.mcfunction
	  New Dir          1	C:\Users\joshp\curseforge\minecraft\Instances\Alive Dev\saves\Desire Paths\datapacks\gstools\data\minecraft\function\cursor\chunk\forceload\4\4\2\1\4\
	    New File  		    1484	seek_depth_5.mcfunction
	  New Dir          1	C:\Users\joshp\curseforge\minecraft\Instances\Alive Dev\saves\Desire Paths\datapacks\gstools\data\minecraft\function\cursor\chunk\forceload\4\4\2\2\
	    New File  		     765	seek_depth_4.mcfunction
	  New Dir          1	C:\Users\joshp\curseforge\minecraft\Instances\Alive Dev\saves\Desire Paths\datapacks\gstools\data\minecraft\function\cursor\chunk\forceload\4\4\2\2\1\
	    New File  		     750	seek_depth_5.mcfunction
	  New Dir          1	C:\Users\joshp\curseforge\minecraft\Instances\Alive Dev\saves\Desire Paths\datapacks\gstools\data\minecraft\function\cursor\chunk\forceload\4\4\2\2\2\
	    New File  		     383	seek_depth_5.mcfunction
	  New Dir          1	C:\Users\joshp\curseforge\minecraft\Instances\Alive Dev\saves\Desire Paths\datapacks\gstools\data\minecraft\function\cursor\chunk\forceload\4\4\2\2\3\
	    New File  		     750	seek_depth_5.mcfunction
	  New Dir          1	C:\Users\joshp\curseforge\minecraft\Instances\Alive Dev\saves\Desire Paths\datapacks\gstools\data\minecraft\function\cursor\chunk\forceload\4\4\2\2\4\
	    New File  		    1484	seek_depth_5.mcfunction
	  New Dir          1	C:\Users\joshp\curseforge\minecraft\Instances\Alive Dev\saves\Desire Paths\datapacks\gstools\data\minecraft\function\cursor\chunk\forceload\4\4\2\3\
	    New File  		     765	seek_depth_4.mcfunction
	  New Dir          1	C:\Users\joshp\curseforge\minecraft\Instances\Alive Dev\saves\Desire Paths\datapacks\gstools\data\minecraft\function\cursor\chunk\forceload\4\4\2\3\1\
	    New File  		    1484	seek_depth_5.mcfunction
	  New Dir          1	C:\Users\joshp\curseforge\minecraft\Instances\Alive Dev\saves\Desire Paths\datapacks\gstools\data\minecraft\function\cursor\chunk\forceload\4\4\2\3\2\
	    New File  		     750	seek_depth_5.mcfunction
	  New Dir          1	C:\Users\joshp\curseforge\minecraft\Instances\Alive Dev\saves\Desire Paths\datapacks\gstools\data\minecraft\function\cursor\chunk\forceload\4\4\2\3\3\
	    New File  		     750	seek_depth_5.mcfunction
	  New Dir          1	C:\Users\joshp\curseforge\minecraft\Instances\Alive Dev\saves\Desire Paths\datapacks\gstools\data\minecraft\function\cursor\chunk\forceload\4\4\2\3\4\
	    New File  		    1484	seek_depth_5.mcfunction
	  New Dir          1	C:\Users\joshp\curseforge\minecraft\Instances\Alive Dev\saves\Desire Paths\datapacks\gstools\data\minecraft\function\cursor\chunk\forceload\4\4\2\4\
	    New File  		     765	seek_depth_4.mcfunction
	  New Dir          1	C:\Users\joshp\curseforge\minecraft\Instances\Alive Dev\saves\Desire Paths\datapacks\gstools\data\minecraft\function\cursor\chunk\forceload\4\4\2\4\1\
	    New File  		    1484	seek_depth_5.mcfunction
	  New Dir          1	C:\Users\joshp\curseforge\minecraft\Instances\Alive Dev\saves\Desire Paths\datapacks\gstools\data\minecraft\function\cursor\chunk\forceload\4\4\2\4\2\
	    New File  		    1484	seek_depth_5.mcfunction
	  New Dir          1	C:\Users\joshp\curseforge\minecraft\Instances\Alive Dev\saves\Desire Paths\datapacks\gstools\data\minecraft\function\cursor\chunk\forceload\4\4\2\4\3\
	    New File  		    1484	seek_depth_5.mcfunction
	  New Dir          1	C:\Users\joshp\curseforge\minecraft\Instances\Alive Dev\saves\Desire Paths\datapacks\gstools\data\minecraft\function\cursor\chunk\forceload\4\4\2\4\4\
	    New File  		    1484	seek_depth_5.mcfunction
	  New Dir          1	C:\Users\joshp\curseforge\minecraft\Instances\Alive Dev\saves\Desire Paths\datapacks\gstools\data\minecraft\function\cursor\chunk\forceload\4\4\3\
	    New File  		     757	seek_depth_3.mcfunction
	  New Dir          1	C:\Users\joshp\curseforge\minecraft\Instances\Alive Dev\saves\Desire Paths\datapacks\gstools\data\minecraft\function\cursor\chunk\forceload\4\4\3\1\
	    New File  		     765	seek_depth_4.mcfunction
	  New Dir          1	C:\Users\joshp\curseforge\minecraft\Instances\Alive Dev\saves\Desire Paths\datapacks\gstools\data\minecraft\function\cursor\chunk\forceload\4\4\3\1\1\
	    New File  		     750	seek_depth_5.mcfunction
	  New Dir          1	C:\Users\joshp\curseforge\minecraft\Instances\Alive Dev\saves\Desire Paths\datapacks\gstools\data\minecraft\function\cursor\chunk\forceload\4\4\3\1\2\
	    New File  		     750	seek_depth_5.mcfunction
	  New Dir          1	C:\Users\joshp\curseforge\minecraft\Instances\Alive Dev\saves\Desire Paths\datapacks\gstools\data\minecraft\function\cursor\chunk\forceload\4\4\3\1\3\
	    New File  		    1484	seek_depth_5.mcfunction
	  New Dir          1	C:\Users\joshp\curseforge\minecraft\Instances\Alive Dev\saves\Desire Paths\datapacks\gstools\data\minecraft\function\cursor\chunk\forceload\4\4\3\1\4\
	    New File  		    1484	seek_depth_5.mcfunction
	  New Dir          1	C:\Users\joshp\curseforge\minecraft\Instances\Alive Dev\saves\Desire Paths\datapacks\gstools\data\minecraft\function\cursor\chunk\forceload\4\4\3\2\
	    New File  		     765	seek_depth_4.mcfunction
	  New Dir          1	C:\Users\joshp\curseforge\minecraft\Instances\Alive Dev\saves\Desire Paths\datapacks\gstools\data\minecraft\function\cursor\chunk\forceload\4\4\3\2\1\
	    New File  		     750	seek_depth_5.mcfunction
	  New Dir          1	C:\Users\joshp\curseforge\minecraft\Instances\Alive Dev\saves\Desire Paths\datapacks\gstools\data\minecraft\function\cursor\chunk\forceload\4\4\3\2\2\
	    New File  		     383	seek_depth_5.mcfunction
	  New Dir          1	C:\Users\joshp\curseforge\minecraft\Instances\Alive Dev\saves\Desire Paths\datapacks\gstools\data\minecraft\function\cursor\chunk\forceload\4\4\3\2\3\
	    New File  		     750	seek_depth_5.mcfunction
	  New Dir          1	C:\Users\joshp\curseforge\minecraft\Instances\Alive Dev\saves\Desire Paths\datapacks\gstools\data\minecraft\function\cursor\chunk\forceload\4\4\3\2\4\
	    New File  		    1484	seek_depth_5.mcfunction
	  New Dir          1	C:\Users\joshp\curseforge\minecraft\Instances\Alive Dev\saves\Desire Paths\datapacks\gstools\data\minecraft\function\cursor\chunk\forceload\4\4\3\3\
	    New File  		     765	seek_depth_4.mcfunction
	  New Dir          1	C:\Users\joshp\curseforge\minecraft\Instances\Alive Dev\saves\Desire Paths\datapacks\gstools\data\minecraft\function\cursor\chunk\forceload\4\4\3\3\1\
	    New File  		    1484	seek_depth_5.mcfunction
	  New Dir          1	C:\Users\joshp\curseforge\minecraft\Instances\Alive Dev\saves\Desire Paths\datapacks\gstools\data\minecraft\function\cursor\chunk\forceload\4\4\3\3\2\
	    New File  		     750	seek_depth_5.mcfunction
	  New Dir          1	C:\Users\joshp\curseforge\minecraft\Instances\Alive Dev\saves\Desire Paths\datapacks\gstools\data\minecraft\function\cursor\chunk\forceload\4\4\3\3\3\
	    New File  		     750	seek_depth_5.mcfunction
	  New Dir          1	C:\Users\joshp\curseforge\minecraft\Instances\Alive Dev\saves\Desire Paths\datapacks\gstools\data\minecraft\function\cursor\chunk\forceload\4\4\3\3\4\
	    New File  		    1484	seek_depth_5.mcfunction
	  New Dir          1	C:\Users\joshp\curseforge\minecraft\Instances\Alive Dev\saves\Desire Paths\datapacks\gstools\data\minecraft\function\cursor\chunk\forceload\4\4\3\4\
	    New File  		     765	seek_depth_4.mcfunction
	  New Dir          1	C:\Users\joshp\curseforge\minecraft\Instances\Alive Dev\saves\Desire Paths\datapacks\gstools\data\minecraft\function\cursor\chunk\forceload\4\4\3\4\1\
	    New File  		    1484	seek_depth_5.mcfunction
	  New Dir          1	C:\Users\joshp\curseforge\minecraft\Instances\Alive Dev\saves\Desire Paths\datapacks\gstools\data\minecraft\function\cursor\chunk\forceload\4\4\3\4\2\
	    New File  		    1484	seek_depth_5.mcfunction
	  New Dir          1	C:\Users\joshp\curseforge\minecraft\Instances\Alive Dev\saves\Desire Paths\datapacks\gstools\data\minecraft\function\cursor\chunk\forceload\4\4\3\4\3\
	    New File  		    1484	seek_depth_5.mcfunction
	  New Dir          1	C:\Users\joshp\curseforge\minecraft\Instances\Alive Dev\saves\Desire Paths\datapacks\gstools\data\minecraft\function\cursor\chunk\forceload\4\4\3\4\4\
	    New File  		    1484	seek_depth_5.mcfunction
	  New Dir          1	C:\Users\joshp\curseforge\minecraft\Instances\Alive Dev\saves\Desire Paths\datapacks\gstools\data\minecraft\function\cursor\chunk\forceload\4\4\4\
	    New File  		     757	seek_depth_3.mcfunction
	  New Dir          1	C:\Users\joshp\curseforge\minecraft\Instances\Alive Dev\saves\Desire Paths\datapacks\gstools\data\minecraft\function\cursor\chunk\forceload\4\4\4\1\
	    New File  		     765	seek_depth_4.mcfunction
	  New Dir          1	C:\Users\joshp\curseforge\minecraft\Instances\Alive Dev\saves\Desire Paths\datapacks\gstools\data\minecraft\function\cursor\chunk\forceload\4\4\4\1\1\
	    New File  		     750	seek_depth_5.mcfunction
	  New Dir          1	C:\Users\joshp\curseforge\minecraft\Instances\Alive Dev\saves\Desire Paths\datapacks\gstools\data\minecraft\function\cursor\chunk\forceload\4\4\4\1\2\
	    New File  		     750	seek_depth_5.mcfunction
	  New Dir          1	C:\Users\joshp\curseforge\minecraft\Instances\Alive Dev\saves\Desire Paths\datapacks\gstools\data\minecraft\function\cursor\chunk\forceload\4\4\4\1\3\
	    New File  		    1484	seek_depth_5.mcfunction
	  New Dir          1	C:\Users\joshp\curseforge\minecraft\Instances\Alive Dev\saves\Desire Paths\datapacks\gstools\data\minecraft\function\cursor\chunk\forceload\4\4\4\1\4\
	    New File  		    1484	seek_depth_5.mcfunction
	  New Dir          1	C:\Users\joshp\curseforge\minecraft\Instances\Alive Dev\saves\Desire Paths\datapacks\gstools\data\minecraft\function\cursor\chunk\forceload\4\4\4\2\
	    New File  		     765	seek_depth_4.mcfunction
	  New Dir          1	C:\Users\joshp\curseforge\minecraft\Instances\Alive Dev\saves\Desire Paths\datapacks\gstools\data\minecraft\function\cursor\chunk\forceload\4\4\4\2\1\
	    New File  		     750	seek_depth_5.mcfunction
	  New Dir          1	C:\Users\joshp\curseforge\minecraft\Instances\Alive Dev\saves\Desire Paths\datapacks\gstools\data\minecraft\function\cursor\chunk\forceload\4\4\4\2\2\
	    New File  		     383	seek_depth_5.mcfunction
	  New Dir          1	C:\Users\joshp\curseforge\minecraft\Instances\Alive Dev\saves\Desire Paths\datapacks\gstools\data\minecraft\function\cursor\chunk\forceload\4\4\4\2\3\
	    New File  		     750	seek_depth_5.mcfunction
	  New Dir          1	C:\Users\joshp\curseforge\minecraft\Instances\Alive Dev\saves\Desire Paths\datapacks\gstools\data\minecraft\function\cursor\chunk\forceload\4\4\4\2\4\
	    New File  		    1484	seek_depth_5.mcfunction
	  New Dir          1	C:\Users\joshp\curseforge\minecraft\Instances\Alive Dev\saves\Desire Paths\datapacks\gstools\data\minecraft\function\cursor\chunk\forceload\4\4\4\3\
	    New File  		     765	seek_depth_4.mcfunction
	  New Dir          1	C:\Users\joshp\curseforge\minecraft\Instances\Alive Dev\saves\Desire Paths\datapacks\gstools\data\minecraft\function\cursor\chunk\forceload\4\4\4\3\1\
	    New File  		    1484	seek_depth_5.mcfunction
	  New Dir          1	C:\Users\joshp\curseforge\minecraft\Instances\Alive Dev\saves\Desire Paths\datapacks\gstools\data\minecraft\function\cursor\chunk\forceload\4\4\4\3\2\
	    New File  		     750	seek_depth_5.mcfunction
	  New Dir          1	C:\Users\joshp\curseforge\minecraft\Instances\Alive Dev\saves\Desire Paths\datapacks\gstools\data\minecraft\function\cursor\chunk\forceload\4\4\4\3\3\
	    New File  		     750	seek_depth_5.mcfunction
	  New Dir          1	C:\Users\joshp\curseforge\minecraft\Instances\Alive Dev\saves\Desire Paths\datapacks\gstools\data\minecraft\function\cursor\chunk\forceload\4\4\4\3\4\
	    New File  		    1484	seek_depth_5.mcfunction
	  New Dir          1	C:\Users\joshp\curseforge\minecraft\Instances\Alive Dev\saves\Desire Paths\datapacks\gstools\data\minecraft\function\cursor\chunk\forceload\4\4\4\4\
	    New File  		     765	seek_depth_4.mcfunction
	  New Dir          1	C:\Users\joshp\curseforge\minecraft\Instances\Alive Dev\saves\Desire Paths\datapacks\gstools\data\minecraft\function\cursor\chunk\forceload\4\4\4\4\1\
	    New File  		    1484	seek_depth_5.mcfunction
	  New Dir          1	C:\Users\joshp\curseforge\minecraft\Instances\Alive Dev\saves\Desire Paths\datapacks\gstools\data\minecraft\function\cursor\chunk\forceload\4\4\4\4\2\
	    New File  		    1484	seek_depth_5.mcfunction
	  New Dir          1	C:\Users\joshp\curseforge\minecraft\Instances\Alive Dev\saves\Desire Paths\datapacks\gstools\data\minecraft\function\cursor\chunk\forceload\4\4\4\4\3\
	    New File  		    1484	seek_depth_5.mcfunction
	  New Dir          1	C:\Users\joshp\curseforge\minecraft\Instances\Alive Dev\saves\Desire Paths\datapacks\gstools\data\minecraft\function\cursor\chunk\forceload\4\4\4\4\4\
	    New File  		    1484	seek_depth_5.mcfunction
	  New Dir          2	C:\Users\joshp\curseforge\minecraft\Instances\Alive Dev\saves\Desire Paths\datapacks\gstools\data\minecraft\function\cursor\chunk\loadrandom_sub\
	    New File  		     174	11.mcfunction
	    New File  		     174	34.mcfunction
	  New Dir          1	C:\Users\joshp\curseforge\minecraft\Instances\Alive Dev\saves\Desire Paths\datapacks\gstools\data\minecraft\function\cursor\chunk\loadrandom_sub\11_sub\
	    New File  		     550	0.mcfunction
	  New Dir          1	C:\Users\joshp\curseforge\minecraft\Instances\Alive Dev\saves\Desire Paths\datapacks\gstools\data\minecraft\function\cursor\chunk\loadrandom_sub\11_sub\0_sub\
	    New File  		    1221	1.mcfunction
	  New Dir          1	C:\Users\joshp\curseforge\minecraft\Instances\Alive Dev\saves\Desire Paths\datapacks\gstools\data\minecraft\function\cursor\chunk\loadrandom_sub\34_sub\
	    New File  		     459	0.mcfunction
	  New Dir          2	C:\Users\joshp\curseforge\minecraft\Instances\Alive Dev\saves\Desire Paths\datapacks\gstools\data\minecraft\function\cursor\chunk\loadrandom_sub\34_sub\0_sub\
	    New File  		     268	0.mcfunction
	    New File  		     132	6.mcfunction
	  New Dir          1	C:\Users\joshp\curseforge\minecraft\Instances\Alive Dev\saves\Desire Paths\datapacks\gstools\data\minecraft\function\cursor\chunk\summon_sub\
	    New File  		     169	6.mcfunction
	  New Dir          1	C:\Users\joshp\curseforge\minecraft\Instances\Alive Dev\saves\Desire Paths\datapacks\gstools\data\minecraft\function\cursor\chunk\summon_sub\6_sub\
	    New File  		    1011	0.mcfunction
	  New Dir          1	C:\Users\joshp\curseforge\minecraft\Instances\Alive Dev\saves\Desire Paths\datapacks\gstools\data\minecraft\function\cursor\chunk\summon_sub\6_sub\0_sub\
	    New File  		     719	2.mcfunction
	  New Dir          3	C:\Users\joshp\curseforge\minecraft\Instances\Alive Dev\saves\Desire Paths\datapacks\gstools\data\minecraft\function\cursor\chunk\summon_sub\6_sub\0_sub\2_sub\
	    New File  		     169	0.mcfunction
	    New File  		     169	5.mcfunction
	    New File  		    1478	8.mcfunction
	  New Dir          1	C:\Users\joshp\curseforge\minecraft\Instances\Alive Dev\saves\Desire Paths\datapacks\gstools\data\minecraft\function\cursor\chunk\summon_sub\6_sub\0_sub\2_sub\0_sub\
	    New File  		      90	0.mcfunction
	  New Dir          1	C:\Users\joshp\curseforge\minecraft\Instances\Alive Dev\saves\Desire Paths\datapacks\gstools\data\minecraft\function\cursor\chunk\summon_sub\6_sub\0_sub\2_sub\0_sub\0_sub\
	    New File  		     124	0.mcfunction
	  New Dir          1	C:\Users\joshp\curseforge\minecraft\Instances\Alive Dev\saves\Desire Paths\datapacks\gstools\data\minecraft\function\cursor\chunk\summon_sub\6_sub\0_sub\2_sub\0_sub\0_sub\0_sub\
	    New File  		     358	0.mcfunction
	  New Dir          1	C:\Users\joshp\curseforge\minecraft\Instances\Alive Dev\saves\Desire Paths\datapacks\gstools\data\minecraft\function\cursor\chunk\summon_sub\6_sub\0_sub\2_sub\5_sub\
	    New File  		     141	0.mcfunction
	  New Dir          2	C:\Users\joshp\curseforge\minecraft\Instances\Alive Dev\saves\Desire Paths\datapacks\gstools\data\minecraft\function\cursor\dovertical_sub\
	    New File  		      86	15.mcfunction
	    New File  		      85	8.mcfunction
	  New Dir          1	C:\Users\joshp\curseforge\minecraft\Instances\Alive Dev\saves\Desire Paths\datapacks\gstools\data\minecraft\function\cursor\dovertical_sub\15_sub\
	    New File  		     174	0.mcfunction
	  New Dir          1	C:\Users\joshp\curseforge\minecraft\Instances\Alive Dev\saves\Desire Paths\datapacks\gstools\data\minecraft\function\cursor\dovertical_sub\8_sub\
	    New File  		     174	0.mcfunction
	  New Dir          6	C:\Users\joshp\curseforge\minecraft\Instances\Alive Dev\saves\Desire Paths\datapacks\gstools\data\minecraft\function\cursor\main_sub\
	    New File  		      59	11.mcfunction
	    New File  		     175	23.mcfunction
	    New File  		      59	26.mcfunction
	    New File  		     162	33.mcfunction
	    New File  		     162	41.mcfunction
	    New File  		     117	9.mcfunction
	  New Dir          1	C:\Users\joshp\curseforge\minecraft\Instances\Alive Dev\saves\Desire Paths\datapacks\gstools\data\minecraft\function\cursor\main_sub\11_sub\
	    New File  		     493	0.mcfunction
	  New Dir          1	C:\Users\joshp\curseforge\minecraft\Instances\Alive Dev\saves\Desire Paths\datapacks\gstools\data\minecraft\function\cursor\main_sub\26_sub\
	    New File  		     132	0.mcfunction
	  New Dir          1	C:\Users\joshp\curseforge\minecraft\Instances\Alive Dev\saves\Desire Paths\datapacks\gstools\data\minecraft\function\cursor\main_sub\26_sub\0_sub\
	    New File  		     151	0.mcfunction
	  New Dir          1	C:\Users\joshp\curseforge\minecraft\Instances\Alive Dev\saves\Desire Paths\datapacks\gstools\data\minecraft\function\cursor\main_sub\33_sub\
	    New File  		     497	0.mcfunction
	  New Dir          1	C:\Users\joshp\curseforge\minecraft\Instances\Alive Dev\saves\Desire Paths\datapacks\gstools\data\minecraft\function\cursor\main_sub\33_sub\0_sub\
	    New File  		     156	1.mcfunction
	  New Dir          1	C:\Users\joshp\curseforge\minecraft\Instances\Alive Dev\saves\Desire Paths\datapacks\gstools\data\minecraft\function\cursor\main_sub\33_sub\0_sub\1_sub\
	    New File  		     266	0.mcfunction
	  New Dir          1	C:\Users\joshp\curseforge\minecraft\Instances\Alive Dev\saves\Desire Paths\datapacks\gstools\data\minecraft\function\cursor\main_sub\41_sub\
	    New File  		     320	0.mcfunction
	  New Dir          0	C:\Users\joshp\curseforge\minecraft\Instances\Alive Dev\saves\Desire Paths\datapacks\gstools\data\minecraft\function\cursor\version_conflict\
	  New Dir          4	C:\Users\joshp\curseforge\minecraft\Instances\Alive Dev\saves\Desire Paths\datapacks\gstools\data\minecraft\function\extension\
	    New File  		    5907	calculateruntrigger.mcfunction
	    New File  		    1504	dorunmath.mcfunction
	    New File  		      71	ondeath.mcfunction
	    New File  		    1735	randomize.mcfunction
	  New Dir          2	C:\Users\joshp\curseforge\minecraft\Instances\Alive Dev\saves\Desire Paths\datapacks\gstools\data\minecraft\function\extension\blockdecay\
	    New File  		    2830	lagcheck.mcfunction
	    New File  		    1389	run.mcfunction
	  New Dir          1	C:\Users\joshp\curseforge\minecraft\Instances\Alive Dev\saves\Desire Paths\datapacks\gstools\data\minecraft\function\extension\blockdecay\run_sub\
	    New File  		     196	8.mcfunction
	  New Dir          2	C:\Users\joshp\curseforge\minecraft\Instances\Alive Dev\saves\Desire Paths\datapacks\gstools\data\minecraft\function\extension\bossprogression\
	    New File  		    2935	lagcheck.mcfunction
	    New File  		    1502	run.mcfunction
	  New Dir          1	C:\Users\joshp\curseforge\minecraft\Instances\Alive Dev\saves\Desire Paths\datapacks\gstools\data\minecraft\function\extension\bossprogression\run_sub\
	    New File  		     196	9.mcfunction
	  New Dir         11	C:\Users\joshp\curseforge\minecraft\Instances\Alive Dev\saves\Desire Paths\datapacks\gstools\data\minecraft\function\extension\calculateruntrigger_sub\
	    New File  		      94	13.mcfunction
	    New File  		     106	18.mcfunction
	    New File  		     104	23.mcfunction
	    New File  		      96	28.mcfunction
	    New File  		      94	3.mcfunction
	    New File  		     102	33.mcfunction
	    New File  		     102	38.mcfunction
	    New File  		      96	43.mcfunction
	    New File  		     100	48.mcfunction
	    New File  		     102	53.mcfunction
	    New File  		      92	8.mcfunction
	  New Dir          2	C:\Users\joshp\curseforge\minecraft\Instances\Alive Dev\saves\Desire Paths\datapacks\gstools\data\minecraft\function\extension\desirepaths\
	    New File  		    2851	lagcheck.mcfunction
	    New File  		    1401	run.mcfunction
	  New Dir          1	C:\Users\joshp\curseforge\minecraft\Instances\Alive Dev\saves\Desire Paths\datapacks\gstools\data\minecraft\function\extension\desirepaths\run_sub\
	    New File  		     196	8.mcfunction
	  New Dir          2	C:\Users\joshp\curseforge\minecraft\Instances\Alive Dev\saves\Desire Paths\datapacks\gstools\data\minecraft\function\extension\dynamicdirt\
	    New File  		    2851	lagcheck.mcfunction
	    New File  		    1401	run.mcfunction
	  New Dir          1	C:\Users\joshp\curseforge\minecraft\Instances\Alive Dev\saves\Desire Paths\datapacks\gstools\data\minecraft\function\extension\dynamicdirt\run_sub\
	    New File  		     196	8.mcfunction
	  New Dir          2	C:\Users\joshp\curseforge\minecraft\Instances\Alive Dev\saves\Desire Paths\datapacks\gstools\data\minecraft\function\extension\dynamicecosystems\
	    New File  		    2977	lagcheck.mcfunction
	    New File  		    1473	run.mcfunction
	  New Dir          1	C:\Users\joshp\curseforge\minecraft\Instances\Alive Dev\saves\Desire Paths\datapacks\gstools\data\minecraft\function\extension\dynamicecosystems\run_sub\
	    New File  		     196	8.mcfunction
	  New Dir          2	C:\Users\joshp\curseforge\minecraft\Instances\Alive Dev\saves\Desire Paths\datapacks\gstools\data\minecraft\function\extension\dynamicmonsters\
	    New File  		    2935	lagcheck.mcfunction
	    New File  		    1449	run.mcfunction
	  New Dir          1	C:\Users\joshp\curseforge\minecraft\Instances\Alive Dev\saves\Desire Paths\datapacks\gstools\data\minecraft\function\extension\dynamicmonsters\run_sub\
	    New File  		     196	8.mcfunction
	  New Dir          2	C:\Users\joshp\curseforge\minecraft\Instances\Alive Dev\saves\Desire Paths\datapacks\gstools\data\minecraft\function\extension\enhancedsurvival\
	    New File  		    2956	lagcheck.mcfunction
	    New File  		    1111	run.mcfunction
	  New Dir          2	C:\Users\joshp\curseforge\minecraft\Instances\Alive Dev\saves\Desire Paths\datapacks\gstools\data\minecraft\function\extension\ghostsandghouls\
	    New File  		    2935	lagcheck.mcfunction
	    New File  		    1449	run.mcfunction
	  New Dir          1	C:\Users\joshp\curseforge\minecraft\Instances\Alive Dev\saves\Desire Paths\datapacks\gstools\data\minecraft\function\extension\ghostsandghouls\run_sub\
	    New File  		     196	8.mcfunction
	  New Dir          2	C:\Users\joshp\curseforge\minecraft\Instances\Alive Dev\saves\Desire Paths\datapacks\gstools\data\minecraft\function\extension\gothichorror\
	    New File  		    2872	lagcheck.mcfunction
	    New File  		    1413	run.mcfunction
	  New Dir          1	C:\Users\joshp\curseforge\minecraft\Instances\Alive Dev\saves\Desire Paths\datapacks\gstools\data\minecraft\function\extension\gothichorror\run_sub\
	    New File  		     196	8.mcfunction
	  New Dir          2	C:\Users\joshp\curseforge\minecraft\Instances\Alive Dev\saves\Desire Paths\datapacks\gstools\data\minecraft\function\extension\lifeanddeath\
	    New File  		    2872	lagcheck.mcfunction
	    New File  		    1466	run.mcfunction
	  New Dir          1	C:\Users\joshp\curseforge\minecraft\Instances\Alive Dev\saves\Desire Paths\datapacks\gstools\data\minecraft\function\extension\lifeanddeath\run_sub\
	    New File  		     196	9.mcfunction
	  New Dir         12	C:\Users\joshp\curseforge\minecraft\Instances\Alive Dev\saves\Desire Paths\datapacks\gstools\data\minecraft\function\extension\randomize_sub\
	    New File  		    1422	2.mcfunction
	    New File  		     116	24.mcfunction
	    New File  		     124	26.mcfunction
	    New File  		     116	28.mcfunction
	    New File  		     114	30.mcfunction
	    New File  		     128	32.mcfunction
	    New File  		     126	34.mcfunction
	    New File  		     118	36.mcfunction
	    New File  		     124	38.mcfunction
	    New File  		     118	40.mcfunction
	    New File  		     122	42.mcfunction
	    New File  		     124	44.mcfunction
	  New Dir          2	C:\Users\joshp\curseforge\minecraft\Instances\Alive Dev\saves\Desire Paths\datapacks\gstools\data\minecraft\function\extension\undeadexpanded\
	    New File  		    2914	lagcheck.mcfunction
	    New File  		    1437	run.mcfunction
	  New Dir          1	C:\Users\joshp\curseforge\minecraft\Instances\Alive Dev\saves\Desire Paths\datapacks\gstools\data\minecraft\function\extension\undeadexpanded\run_sub\
	    New File  		     196	8.mcfunction
	  New Dir          5	C:\Users\joshp\curseforge\minecraft\Instances\Alive Dev\saves\Desire Paths\datapacks\gstools\data\minecraft\function\horror\
	    New File  		   12831	getindex.mcfunction
	    New File  		     904	getlunarindex.mcfunction
	    New File  		    2152	gettemperatureindex.mcfunction
	    New File  		   12542	getthirteenthindex.mcfunction
	    New File  		    1003	getweekindex.mcfunction
	  New Dir        101	C:\Users\joshp\curseforge\minecraft\Instances\Alive Dev\saves\Desire Paths\datapacks\gstools\data\minecraft\function\horror\getindex_sub\
	    New File  		   10539	2.mcfunction
	    New File  		     283	215.mcfunction
	    New File  		     284	219.mcfunction
	    New File  		     285	223.mcfunction
	    New File  		     285	227.mcfunction
	    New File  		     285	231.mcfunction
	    New File  		     285	235.mcfunction
	    New File  		     285	239.mcfunction
	    New File  		     285	243.mcfunction
	    New File  		     285	247.mcfunction
	    New File  		     285	251.mcfunction
	    New File  		     285	255.mcfunction
	    New File  		     285	259.mcfunction
	    New File  		     285	263.mcfunction
	    New File  		     285	267.mcfunction
	    New File  		     285	271.mcfunction
	    New File  		     285	275.mcfunction
	    New File  		     285	279.mcfunction
	    New File  		     286	283.mcfunction
	    New File  		     285	287.mcfunction
	    New File  		     285	291.mcfunction
	    New File  		     282	295.mcfunction
	    New File  		     283	299.mcfunction
	    New File  		     283	303.mcfunction
	    New File  		     283	307.mcfunction
	    New File  		     283	311.mcfunction
	    New File  		     283	315.mcfunction
	    New File  		     283	319.mcfunction
	    New File  		     283	323.mcfunction
	    New File  		     284	327.mcfunction
	    New File  		     284	331.mcfunction
	    New File  		     284	335.mcfunction
	    New File  		     284	339.mcfunction
	    New File  		     284	343.mcfunction
	    New File  		     284	347.mcfunction
	    New File  		     284	351.mcfunction
	    New File  		     284	355.mcfunction
	    New File  		     284	359.mcfunction
	    New File  		     284	363.mcfunction
	    New File  		     284	367.mcfunction
	    New File  		     284	371.mcfunction
	    New File  		     284	375.mcfunction
	    New File  		     284	379.mcfunction
	    New File  		     285	383.mcfunction
	    New File  		     285	387.mcfunction
	    New File  		     285	391.mcfunction
	    New File  		     285	395.mcfunction
	    New File  		     285	399.mcfunction
	    New File  		     285	403.mcfunction
	    New File  		     285	407.mcfunction
	    New File  		     285	411.mcfunction
	    New File  		     285	415.mcfunction
	    New File  		     285	419.mcfunction
	    New File  		     285	423.mcfunction
	    New File  		     285	427.mcfunction
	    New File  		     285	431.mcfunction
	    New File  		     285	435.mcfunction
	    New File  		     285	439.mcfunction
	    New File  		     285	443.mcfunction
	    New File  		     285	447.mcfunction
	    New File  		     285	451.mcfunction
	    New File  		     286	455.mcfunction
	    New File  		     286	459.mcfunction
	    New File  		     286	463.mcfunction
	    New File  		     286	467.mcfunction
	    New File  		     286	471.mcfunction
	    New File  		     286	475.mcfunction
	    New File  		     286	479.mcfunction
	    New File  		     286	483.mcfunction
	    New File  		     286	487.mcfunction
	    New File  		     286	491.mcfunction
	    New File  		     286	495.mcfunction
	    New File  		     286	499.mcfunction
	    New File  		     286	503.mcfunction
	    New File  		     286	507.mcfunction
	    New File  		     286	511.mcfunction
	    New File  		     286	515.mcfunction
	    New File  		     286	519.mcfunction
	    New File  		     286	523.mcfunction
	    New File  		     286	527.mcfunction
	    New File  		     286	531.mcfunction
	    New File  		     287	535.mcfunction
	    New File  		     287	539.mcfunction
	    New File  		     287	543.mcfunction
	    New File  		     287	547.mcfunction
	    New File  		     287	551.mcfunction
	    New File  		     287	555.mcfunction
	    New File  		     287	559.mcfunction
	    New File  		     287	563.mcfunction
	    New File  		     287	567.mcfunction
	    New File  		     287	571.mcfunction
	    New File  		     287	575.mcfunction
	    New File  		     287	579.mcfunction
	    New File  		     287	583.mcfunction
	    New File  		     287	587.mcfunction
	    New File  		     287	591.mcfunction
	    New File  		     287	595.mcfunction
	    New File  		     287	599.mcfunction
	    New File  		     288	603.mcfunction
	    New File  		     288	607.mcfunction
	    New File  		     289	611.mcfunction
	  New Dir        101	C:\Users\joshp\curseforge\minecraft\Instances\Alive Dev\saves\Desire Paths\datapacks\gstools\data\minecraft\function\horror\getthirteenthindex_sub\
	    New File  		   13820	2.mcfunction
	    New File  		     367	210.mcfunction
	    New File  		     367	214.mcfunction
	    New File  		     368	218.mcfunction
	    New File  		     367	222.mcfunction
	    New File  		     366	226.mcfunction
	    New File  		     365	230.mcfunction
	    New File  		     367	234.mcfunction
	    New File  		     367	238.mcfunction
	    New File  		     367	242.mcfunction
	    New File  		     367	246.mcfunction
	    New File  		     367	250.mcfunction
	    New File  		     367	254.mcfunction
	    New File  		     367	258.mcfunction
	    New File  		     367	262.mcfunction
	    New File  		     367	266.mcfunction
	    New File  		     367	270.mcfunction
	    New File  		     369	274.mcfunction
	    New File  		     371	278.mcfunction
	    New File  		     372	282.mcfunction
	    New File  		     373	286.mcfunction
	    New File  		     373	290.mcfunction
	    New File  		     372	294.mcfunction
	    New File  		     370	298.mcfunction
	    New File  		     370	302.mcfunction
	    New File  		     370	306.mcfunction
	    New File  		     369	310.mcfunction
	    New File  		     368	314.mcfunction
	    New File  		     366	318.mcfunction
	    New File  		     368	322.mcfunction
	    New File  		     368	326.mcfunction
	    New File  		     368	330.mcfunction
	    New File  		     368	334.mcfunction
	    New File  		     368	338.mcfunction
	    New File  		     368	342.mcfunction
	    New File  		     368	346.mcfunction
	    New File  		     368	350.mcfunction
	    New File  		     368	354.mcfunction
	    New File  		     369	358.mcfunction
	    New File  		     371	362.mcfunction
	    New File  		     372	366.mcfunction
	    New File  		     373	370.mcfunction
	    New File  		     373	374.mcfunction
	    New File  		     373	378.mcfunction
	    New File  		     370	382.mcfunction
	    New File  		     371	386.mcfunction
	    New File  		     370	390.mcfunction
	    New File  		     370	394.mcfunction
	    New File  		     369	398.mcfunction
	    New File  		     368	402.mcfunction
	    New File  		     366	406.mcfunction
	    New File  		     368	410.mcfunction
	    New File  		     368	414.mcfunction
	    New File  		     368	418.mcfunction
	    New File  		     368	422.mcfunction
	    New File  		     368	426.mcfunction
	    New File  		     368	430.mcfunction
	    New File  		     368	434.mcfunction
	    New File  		     368	438.mcfunction
	    New File  		     368	442.mcfunction
	    New File  		     370	446.mcfunction
	    New File  		     371	450.mcfunction
	    New File  		     373	454.mcfunction
	    New File  		     373	458.mcfunction
	    New File  		     374	462.mcfunction
	    New File  		     373	466.mcfunction
	    New File  		     371	470.mcfunction
	    New File  		     371	474.mcfunction
	    New File  		     370	478.mcfunction
	    New File  		     370	482.mcfunction
	    New File  		     369	486.mcfunction
	    New File  		     367	490.mcfunction
	    New File  		     365	494.mcfunction
	    New File  		     368	498.mcfunction
	    New File  		     368	502.mcfunction
	    New File  		     368	506.mcfunction
	    New File  		     368	510.mcfunction
	    New File  		     368	514.mcfunction
	    New File  		     368	518.mcfunction
	    New File  		     368	522.mcfunction
	    New File  		     368	526.mcfunction
	    New File  		     369	530.mcfunction
	    New File  		     371	534.mcfunction
	    New File  		     372	538.mcfunction
	    New File  		     373	542.mcfunction
	    New File  		     374	546.mcfunction
	    New File  		     374	550.mcfunction
	    New File  		     373	554.mcfunction
	    New File  		     371	558.mcfunction
	    New File  		     371	562.mcfunction
	    New File  		     370	566.mcfunction
	    New File  		     369	570.mcfunction
	    New File  		     368	574.mcfunction
	    New File  		     367	578.mcfunction
	    New File  		     365	582.mcfunction
	    New File  		     368	586.mcfunction
	    New File  		     368	590.mcfunction
	    New File  		     368	594.mcfunction
	    New File  		     369	598.mcfunction
	    New File  		     369	602.mcfunction
	    New File  		     369	606.mcfunction
	  New Dir          5	C:\Users\joshp\curseforge\minecraft\Instances\Alive Dev\saves\Desire Paths\datapacks\gstools\data\minecraft\function\hud\
	    New File  		   97713	enhancedhud.mcfunction
	    New File  		    5075	gen.py
	    New File  		    1136	main.mcfunction
	    New File  		   51987	pytools.py
	    New File  		   3.6 m	text.txt
	  New Dir       1071	C:\Users\joshp\curseforge\minecraft\Instances\Alive Dev\saves\Desire Paths\datapacks\gstools\data\minecraft\function\hud\enhancedhud_sub\
	    New File  		      91	0.mcfunction
	    New File  		      97	10013.mcfunction
	    New File  		      96	1003.mcfunction
	    New File  		      97	10030.mcfunction
	    New File  		      97	10047.mcfunction
	    New File  		      97	10064.mcfunction
	    New File  		      97	10081.mcfunction
	    New File  		      97	10098.mcfunction
	    New File  		      97	10115.mcfunction
	    New File  		      97	10132.mcfunction
	    New File  		      97	10149.mcfunction
	    New File  		      97	10166.mcfunction
	    New File  		      97	10183.mcfunction
	    New File  		      95	102.mcfunction
	    New File  		      95	1020.mcfunction
	    New File  		      97	10200.mcfunction
	    New File  		      97	10217.mcfunction
	    New File  		      97	10234.mcfunction
	    New File  		      97	10251.mcfunction
	    New File  		      97	10268.mcfunction
	    New File  		      97	10285.mcfunction
	    New File  		      96	10302.mcfunction
	    New File  		      95	10319.mcfunction
	    New File  		      94	10336.mcfunction
	    New File  		      95	10353.mcfunction
	    New File  		      94	1037.mcfunction
	    New File  		      97	10370.mcfunction
	    New File  		      97	10387.mcfunction
	    New File  		      97	10404.mcfunction
	    New File  		      97	10421.mcfunction
	    New File  		      97	10438.mcfunction
	    New File  		      97	10455.mcfunction
	    New File  		      97	10472.mcfunction
	    New File  		      97	10489.mcfunction
	    New File  		      97	10506.mcfunction
	    New File  		      97	10523.mcfunction
	    New File  		      93	1054.mcfunction
	    New File  		      97	10540.mcfunction
	    New File  		      97	10557.mcfunction
	    New File  		      97	10574.mcfunction
	    New File  		      97	10591.mcfunction
	    New File  		      97	10608.mcfunction
	    New File  		      97	10625.mcfunction
	    New File  		      97	10642.mcfunction
	    New File  		      96	10659.mcfunction
	    New File  		      95	10676.mcfunction
	    New File  		      94	10693.mcfunction
	    New File  		      94	1071.mcfunction
	    New File  		      95	10710.mcfunction
	    New File  		      97	10727.mcfunction
	    New File  		      97	10744.mcfunction
	    New File  		      97	10761.mcfunction
	    New File  		      97	10778.mcfunction
	    New File  		      97	10795.mcfunction
	    New File  		      97	10812.mcfunction
	    New File  		      97	10829.mcfunction
	    New File  		      97	10846.mcfunction
	    New File  		      97	10863.mcfunction
	    New File  		      96	1088.mcfunction
	    New File  		      97	10880.mcfunction
	    New File  		      97	10897.mcfunction
	    New File  		      97	10914.mcfunction
	    New File  		      97	10931.mcfunction
	    New File  		      97	10948.mcfunction
	    New File  		      97	10965.mcfunction
	    New File  		      97	10982.mcfunction
	    New File  		      97	10999.mcfunction
	    New File  		      96	11016.mcfunction
	    New File  		      95	11033.mcfunction
	    New File  		      96	1105.mcfunction
	    New File  		      94	11050.mcfunction
	    New File  		      95	11067.mcfunction
	    New File  		      97	11084.mcfunction
	    New File  		      97	11101.mcfunction
	    New File  		      97	11118.mcfunction
	    New File  		      97	11135.mcfunction
	    New File  		      97	11152.mcfunction
	    New File  		      97	11169.mcfunction
	    New File  		      97	11186.mcfunction
	    New File  		      97	11203.mcfunction
	    New File  		      96	1122.mcfunction
	    New File  		      97	11220.mcfunction
	    New File  		      97	11237.mcfunction
	    New File  		      97	11254.mcfunction
	    New File  		      97	11271.mcfunction
	    New File  		      97	11288.mcfunction
	    New File  		      97	11305.mcfunction
	    New File  		      97	11322.mcfunction
	    New File  		      97	11339.mcfunction
	    New File  		      97	11356.mcfunction
	    New File  		      96	11373.mcfunction
	    New File  		      96	1139.mcfunction
	    New File  		      95	11390.mcfunction
	    New File  		      94	11407.mcfunction
	    New File  		      95	11424.mcfunction
	    New File  		      97	11441.mcfunction
	    New File  		      97	11458.mcfunction
	    New File  		      97	11475.mcfunction
	    New File  		      97	11492.mcfunction
	    New File  		      97	11509.mcfunction
	    New File  		      97	11526.mcfunction
	    New File  		      97	11543.mcfunction
	    New File  		      96	1156.mcfunction
	    New File  		      97	11560.mcfunction
	    New File  		      97	11577.mcfunction
	    New File  		      97	11594.mcfunction
	    New File  		      97	11611.mcfunction
	    New File  		      97	11628.mcfunction
	    New File  		      97	11645.mcfunction
	    New File  		      97	11662.mcfunction
	    New File  		      97	11679.mcfunction
	    New File  		      97	11696.mcfunction
	    New File  		      97	11713.mcfunction
	    New File  		      96	1173.mcfunction
	    New File  		      96	11730.mcfunction
	    New File  		      95	11747.mcfunction
	    New File  		      94	11764.mcfunction
	    New File  		      95	11781.mcfunction
	    New File  		      97	11798.mcfunction
	    New File  		      97	11815.mcfunction
	    New File  		      97	11832.mcfunction
	    New File  		      97	11849.mcfunction
	    New File  		      97	11866.mcfunction
	    New File  		      97	11883.mcfunction
	    New File  		      95	119.mcfunction
	    New File  		      96	1190.mcfunction
	    New File  		      97	11900.mcfunction
	    New File  		      97	11917.mcfunction
	    New File  		      97	11934.mcfunction
	    New File  		      97	11951.mcfunction
	    New File  		      97	11968.mcfunction
	    New File  		      97	11985.mcfunction
	    New File  		      97	12002.mcfunction
	    New File  		      97	12019.mcfunction
	    New File  		      97	12036.mcfunction
	    New File  		      97	12053.mcfunction
	    New File  		      96	1207.mcfunction
	    New File  		      97	12070.mcfunction
	    New File  		      96	12087.mcfunction
	    New File  		      95	12104.mcfunction
	    New File  		      94	12121.mcfunction
	    New File  		      95	12138.mcfunction
	    New File  		      97	12155.mcfunction
	    New File  		      97	12172.mcfunction
	    New File  		      97	12189.mcfunction
	    New File  		      97	12206.mcfunction
	    New File  		      97	12223.mcfunction
	    New File  		      96	1224.mcfunction
	    New File  		      97	12240.mcfunction
	    New File  		      97	12257.mcfunction
	    New File  		      97	12274.mcfunction
	    New File  		      97	12291.mcfunction
	    New File  		      97	12308.mcfunction
	    New File  		      97	12325.mcfunction
	    New File  		      97	12342.mcfunction
	    New File  		      97	12359.mcfunction
	    New File  		      97	12376.mcfunction
	    New File  		      97	12393.mcfunction
	    New File  		      96	1241.mcfunction
	    New File  		      97	12410.mcfunction
	    New File  		      97	12427.mcfunction
	    New File  		      96	12444.mcfunction
	    New File  		      95	12461.mcfunction
	    New File  		      94	12478.mcfunction
	    New File  		      95	12495.mcfunction
	    New File  		      97	12512.mcfunction
	    New File  		      97	12529.mcfunction
	    New File  		      97	12546.mcfunction
	    New File  		      97	12563.mcfunction
	    New File  		      96	1258.mcfunction
	    New File  		      97	12580.mcfunction
	    New File  		      97	12597.mcfunction
	    New File  		      97	12614.mcfunction
	    New File  		      97	12631.mcfunction
	    New File  		      97	12648.mcfunction
	    New File  		      97	12665.mcfunction
	    New File  		      97	12682.mcfunction
	    New File  		      97	12699.mcfunction
	    New File  		      97	12716.mcfunction
	    New File  		      97	12733.mcfunction
	    New File  		      96	1275.mcfunction
	    New File  		      97	12750.mcfunction
	    New File  		      97	12767.mcfunction
	    New File  		      97	12784.mcfunction
	    New File  		      96	12801.mcfunction
	    New File  		      95	12818.mcfunction
	    New File  		      94	12835.mcfunction
	    New File  		      95	12852.mcfunction
	    New File  		      97	12869.mcfunction
	    New File  		      97	12886.mcfunction
	    New File  		      97	12903.mcfunction
	    New File  		      96	1292.mcfunction
	    New File  		      97	12920.mcfunction
	    New File  		      97	12937.mcfunction
	    New File  		      97	12954.mcfunction
	    New File  		      97	12971.mcfunction
	    New File  		      97	12988.mcfunction
	    New File  		      97	13005.mcfunction
	    New File  		      97	13022.mcfunction
	    New File  		      97	13039.mcfunction
	    New File  		      97	13056.mcfunction
	    New File  		      97	13073.mcfunction
	    New File  		      96	1309.mcfunction
	    New File  		      97	13090.mcfunction
	    New File  		      97	13107.mcfunction
	    New File  		      97	13124.mcfunction
	    New File  		      97	13141.mcfunction
	    New File  		      96	13158.mcfunction
	    New File  		      95	13175.mcfunction
	    New File  		      94	13192.mcfunction
	    New File  		      95	13209.mcfunction
	    New File  		      97	13226.mcfunction
	    New File  		      97	13243.mcfunction
	    New File  		      96	1326.mcfunction
	    New File  		      97	13260.mcfunction
	    New File  		      97	13277.mcfunction
	    New File  		      97	13294.mcfunction
	    New File  		      97	13311.mcfunction
	    New File  		      97	13328.mcfunction
	    New File  		      97	13345.mcfunction
	    New File  		      97	13362.mcfunction
	    New File  		      97	13379.mcfunction
	    New File  		      97	13396.mcfunction
	    New File  		      97	13413.mcfunction
	    New File  		      96	1343.mcfunction
	    New File  		      97	13430.mcfunction
	    New File  		      97	13447.mcfunction
	    New File  		      97	13464.mcfunction
	    New File  		      97	13481.mcfunction
	    New File  		      97	13498.mcfunction
	    New File  		      96	13515.mcfunction
	    New File  		      95	13532.mcfunction
	    New File  		      94	13549.mcfunction
	    New File  		      95	13566.mcfunction
	    New File  		      97	13583.mcfunction
	    New File  		      95	136.mcfunction
	    New File  		      96	1360.mcfunction
	    New File  		      97	13600.mcfunction
	    New File  		      97	13617.mcfunction
	    New File  		      97	13634.mcfunction
	    New File  		      97	13651.mcfunction
	    New File  		      97	13668.mcfunction
	    New File  		      97	13685.mcfunction
	    New File  		      97	13702.mcfunction
	    New File  		      97	13719.mcfunction
	    New File  		      97	13736.mcfunction
	    New File  		      97	13753.mcfunction
	    New File  		      95	1377.mcfunction
	    New File  		      97	13770.mcfunction
	    New File  		      97	13787.mcfunction
	    New File  		      97	13804.mcfunction
	    New File  		      97	13821.mcfunction
	    New File  		      97	13838.mcfunction
	    New File  		      97	13855.mcfunction
	    New File  		      96	13872.mcfunction
	    New File  		      95	13889.mcfunction
	    New File  		      94	13906.mcfunction
	    New File  		      95	13923.mcfunction
	    New File  		      94	1394.mcfunction
	    New File  		      97	13940.mcfunction
	    New File  		      97	13957.mcfunction
	    New File  		      97	13974.mcfunction
	    New File  		      97	13991.mcfunction
	    New File  		      97	14008.mcfunction
	    New File  		      97	14025.mcfunction
	    New File  		      97	14042.mcfunction
	    New File  		      97	14059.mcfunction
	    New File  		      97	14076.mcfunction
	    New File  		      97	14093.mcfunction
	    New File  		      93	1411.mcfunction
	    New File  		      97	14110.mcfunction
	    New File  		      97	14127.mcfunction
	    New File  		      97	14144.mcfunction
	    New File  		      97	14161.mcfunction
	    New File  		      97	14178.mcfunction
	    New File  		      97	14195.mcfunction
	    New File  		      97	14212.mcfunction
	    New File  		      96	14229.mcfunction
	    New File  		      95	14246.mcfunction
	    New File  		      94	14263.mcfunction
	    New File  		      94	1428.mcfunction
	    New File  		      95	14280.mcfunction
	    New File  		      97	14297.mcfunction
	    New File  		      97	14314.mcfunction
	    New File  		      97	14331.mcfunction
	    New File  		      97	14348.mcfunction
	    New File  		      97	14365.mcfunction
	    New File  		      97	14382.mcfunction
	    New File  		      97	14399.mcfunction
	    New File  		      97	14416.mcfunction
	    New File  		      97	14433.mcfunction
	    New File  		      96	1445.mcfunction
	    New File  		      97	14450.mcfunction
	    New File  		      97	14467.mcfunction
	    New File  		      97	14484.mcfunction
	    New File  		      97	14501.mcfunction
	    New File  		      97	14518.mcfunction
	    New File  		      97	14535.mcfunction
	    New File  		      97	14552.mcfunction
	    New File  		      97	14569.mcfunction
	    New File  		      96	14586.mcfunction
	    New File  		      95	14603.mcfunction
	    New File  		      96	1462.mcfunction
	    New File  		      94	14620.mcfunction
	    New File  		      95	14637.mcfunction
	    New File  		      97	14654.mcfunction
	    New File  		      97	14671.mcfunction
	    New File  		      97	14688.mcfunction
	    New File  		      97	14705.mcfunction
	    New File  		      97	14722.mcfunction
	    New File  		      97	14739.mcfunction
	    New File  		      97	14756.mcfunction
	    New File  		      97	14773.mcfunction
	    New File  		      96	1479.mcfunction
	    New File  		      97	14790.mcfunction
	    New File  		      97	14807.mcfunction
	    New File  		      97	14824.mcfunction
	    New File  		      97	14841.mcfunction
	    New File  		      97	14858.mcfunction
	    New File  		      97	14875.mcfunction
	    New File  		      97	14892.mcfunction
	    New File  		      97	14909.mcfunction
	    New File  		      97	14926.mcfunction
	    New File  		      96	14943.mcfunction
	    New File  		      96	1496.mcfunction
	    New File  		      95	14960.mcfunction
	    New File  		      94	14977.mcfunction
	    New File  		      95	14994.mcfunction
	    New File  		      97	15011.mcfunction
	    New File  		      97	15028.mcfunction
	    New File  		      97	15045.mcfunction
	    New File  		      97	15062.mcfunction
	    New File  		      97	15079.mcfunction
	    New File  		      97	15096.mcfunction
	    New File  		      97	15113.mcfunction
	    New File  		      96	1513.mcfunction
	    New File  		      97	15130.mcfunction
	    New File  		      97	15147.mcfunction
	    New File  		      97	15164.mcfunction
	    New File  		      97	15181.mcfunction
	    New File  		      97	15198.mcfunction
	    New File  		      97	15215.mcfunction
	    New File  		      97	15232.mcfunction
	    New File  		      97	15249.mcfunction
	    New File  		      97	15266.mcfunction
	    New File  		      97	15283.mcfunction
	    New File  		      95	153.mcfunction
	    New File  		      96	1530.mcfunction
	    New File  		      96	15300.mcfunction
	    New File  		      95	15317.mcfunction
	    New File  		      94	15334.mcfunction
	    New File  		      95	15351.mcfunction
	    New File  		      97	15368.mcfunction
	    New File  		      97	15385.mcfunction
	    New File  		      97	15402.mcfunction
	    New File  		      97	15419.mcfunction
	    New File  		      97	15436.mcfunction
	    New File  		      97	15453.mcfunction
	    New File  		      96	1547.mcfunction
	    New File  		      97	15470.mcfunction
	    New File  		      97	15487.mcfunction
	    New File  		      97	15504.mcfunction
	    New File  		      97	15521.mcfunction
	    New File  		      97	15538.mcfunction
	    New File  		      97	15555.mcfunction
	    New File  		      97	15572.mcfunction
	    New File  		      97	15589.mcfunction
	    New File  		      97	15606.mcfunction
	    New File  		      97	15623.mcfunction
	    New File  		      96	1564.mcfunction
	    New File  		      97	15640.mcfunction
	    New File  		      96	15657.mcfunction
	    New File  		      95	15674.mcfunction
	    New File  		      94	15691.mcfunction
	    New File  		      95	15708.mcfunction
	    New File  		      97	15725.mcfunction
	    New File  		      97	15742.mcfunction
	    New File  		      97	15759.mcfunction
	    New File  		      97	15776.mcfunction
	    New File  		      97	15793.mcfunction
	    New File  		      96	1581.mcfunction
	    New File  		      97	15810.mcfunction
	    New File  		      97	15827.mcfunction
	    New File  		      97	15844.mcfunction
	    New File  		      97	15861.mcfunction
	    New File  		      97	15878.mcfunction
	    New File  		      97	15895.mcfunction
	    New File  		      97	15912.mcfunction
	    New File  		      97	15929.mcfunction
	    New File  		      97	15946.mcfunction
	    New File  		      97	15963.mcfunction
	    New File  		      96	1598.mcfunction
	    New File  		      97	15980.mcfunction
	    New File  		      97	15997.mcfunction
	    New File  		      96	16014.mcfunction
	    New File  		      95	16031.mcfunction
	    New File  		      94	16048.mcfunction
	    New File  		      95	16065.mcfunction
	    New File  		      97	16082.mcfunction
	    New File  		      97	16099.mcfunction
	    New File  		      97	16116.mcfunction
	    New File  		      97	16133.mcfunction
	    New File  		      96	1615.mcfunction
	    New File  		      97	16150.mcfunction
	    New File  		      97	16167.mcfunction
	    New File  		      97	16184.mcfunction
	    New File  		      97	16201.mcfunction
	    New File  		      97	16218.mcfunction
	    New File  		      97	16235.mcfunction
	    New File  		      97	16252.mcfunction
	    New File  		      97	16269.mcfunction
	    New File  		      97	16286.mcfunction
	    New File  		      97	16303.mcfunction
	    New File  		      96	1632.mcfunction
	    New File  		      97	16320.mcfunction
	    New File  		      97	16337.mcfunction
	    New File  		      97	16354.mcfunction
	    New File  		      96	16371.mcfunction
	    New File  		      95	16388.mcfunction
	    New File  		      94	16405.mcfunction
	    New File  		      95	16422.mcfunction
	    New File  		      97	16439.mcfunction
	    New File  		      97	16456.mcfunction
	    New File  		      97	16473.mcfunction
	    New File  		      96	1649.mcfunction
	    New File  		      97	16490.mcfunction
	    New File  		      97	16507.mcfunction
	    New File  		      97	16524.mcfunction
	    New File  		      97	16541.mcfunction
	    New File  		      97	16558.mcfunction
	    New File  		      97	16575.mcfunction
	    New File  		      97	16592.mcfunction
	    New File  		      97	16609.mcfunction
	    New File  		      97	16626.mcfunction
	    New File  		      97	16643.mcfunction
	    New File  		      96	1666.mcfunction
	    New File  		      97	16660.mcfunction
	    New File  		      97	16677.mcfunction
	    New File  		      97	16694.mcfunction
	    New File  		      97	16711.mcfunction
	    New File  		      96	16728.mcfunction
	    New File  		      95	16745.mcfunction
	    New File  		      94	16762.mcfunction
	    New File  		      95	16779.mcfunction
	    New File  		      97	16796.mcfunction
	    New File  		      97	16813.mcfunction
	    New File  		      96	1683.mcfunction
	    New File  		      97	16830.mcfunction
	    New File  		      97	16847.mcfunction
	    New File  		      97	16864.mcfunction
	    New File  		      97	16881.mcfunction
	    New File  		      97	16898.mcfunction
	    New File  		      97	16915.mcfunction
	    New File  		      97	16932.mcfunction
	    New File  		      97	16949.mcfunction
	    New File  		      97	16966.mcfunction
	    New File  		      97	16983.mcfunction
	    New File  		      94	17.mcfunction
	    New File  		      95	170.mcfunction
	    New File  		      96	1700.mcfunction
	    New File  		      97	17000.mcfunction
	    New File  		      97	17017.mcfunction
	    New File  		      97	17034.mcfunction
	    New File  		      97	17051.mcfunction
	    New File  		      97	17068.mcfunction
	    New File  		      96	17085.mcfunction
	    New File  		      95	17102.mcfunction
	    New File  		      94	17119.mcfunction
	    New File  		      95	17136.mcfunction
	    New File  		      97	17153.mcfunction
	    New File  		      96	1717.mcfunction
	    New File  		      97	17170.mcfunction
	    New File  		      97	17187.mcfunction
	    New File  		      97	17204.mcfunction
	    New File  		      97	17221.mcfunction
	    New File  		      97	17238.mcfunction
	    New File  		      97	17255.mcfunction
	    New File  		      97	17272.mcfunction
	    New File  		      97	17289.mcfunction
	    New File  		      97	17306.mcfunction
	    New File  		      97	17323.mcfunction
	    New File  		      95	1734.mcfunction
	    New File  		      97	17340.mcfunction
	    New File  		      97	17357.mcfunction
	    New File  		      97	17374.mcfunction
	    New File  		      97	17391.mcfunction
	    New File  		      97	17408.mcfunction
	    New File  		      97	17425.mcfunction
	    New File  		      96	17442.mcfunction
	    New File  		      95	17459.mcfunction
	    New File  		      94	17476.mcfunction
	    New File  		      95	17493.mcfunction
	    New File  		      94	1751.mcfunction
	    New File  		      97	17510.mcfunction
	    New File  		      97	17527.mcfunction
	    New File  		      97	17544.mcfunction
	    New File  		      97	17561.mcfunction
	    New File  		      97	17578.mcfunction
	    New File  		      97	17595.mcfunction
	    New File  		      97	17612.mcfunction
	    New File  		      97	17629.mcfunction
	    New File  		      97	17646.mcfunction
	    New File  		      97	17663.mcfunction
	    New File  		      93	1768.mcfunction
	    New File  		      97	17680.mcfunction
	    New File  		      97	17697.mcfunction
	    New File  		      97	17714.mcfunction
	    New File  		      97	17731.mcfunction
	    New File  		      97	17748.mcfunction
	    New File  		      97	17765.mcfunction
	    New File  		      97	17782.mcfunction
	    New File  		      96	17799.mcfunction
	    New File  		      95	17816.mcfunction
	    New File  		      94	17833.mcfunction
	    New File  		      94	1785.mcfunction
	    New File  		      95	17850.mcfunction
	    New File  		      97	17867.mcfunction
	    New File  		      97	17884.mcfunction
	    New File  		      97	17901.mcfunction
	    New File  		      97	17918.mcfunction
	    New File  		      97	17935.mcfunction
	    New File  		      97	17952.mcfunction
	    New File  		      97	17969.mcfunction
	    New File  		      97	17986.mcfunction
	    New File  		      97	18003.mcfunction
	    New File  		      96	1802.mcfunction
	    New File  		      97	18020.mcfunction
	    New File  		      97	18037.mcfunction
	    New File  		      97	18054.mcfunction
	    New File  		      97	18071.mcfunction
	    New File  		      97	18088.mcfunction
	    New File  		      97	18105.mcfunction
	    New File  		      97	18122.mcfunction
	    New File  		      97	18139.mcfunction
	    New File  		      96	18156.mcfunction
	    New File  		      95	18173.mcfunction
	    New File  		      96	1819.mcfunction
	    New File  		      94	18190.mcfunction
	    New File  		      96	1836.mcfunction
	    New File  		      96	1853.mcfunction
	    New File  		      95	187.mcfunction
	    New File  		      96	1870.mcfunction
	    New File  		      96	1887.mcfunction
	    New File  		      96	1904.mcfunction
	    New File  		      96	1921.mcfunction
	    New File  		      96	1938.mcfunction
	    New File  		      96	1955.mcfunction
	    New File  		      96	1972.mcfunction
	    New File  		      96	1989.mcfunction
	    New File  		      96	2006.mcfunction
	    New File  		      96	2023.mcfunction
	    New File  		      95	204.mcfunction
	    New File  		      96	2040.mcfunction
	    New File  		      96	2057.mcfunction
	    New File  		      96	2074.mcfunction
	    New File  		      95	2091.mcfunction
	    New File  		      94	2108.mcfunction
	    New File  		      93	2125.mcfunction
	    New File  		      94	2142.mcfunction
	    New File  		      96	2159.mcfunction
	    New File  		      96	2176.mcfunction
	    New File  		      96	2193.mcfunction
	    New File  		      95	221.mcfunction
	    New File  		      96	2210.mcfunction
	    New File  		      96	2227.mcfunction
	    New File  		      96	2244.mcfunction
	    New File  		      96	2261.mcfunction
	    New File  		      96	2278.mcfunction
	    New File  		      96	2295.mcfunction
	    New File  		      96	2312.mcfunction
	    New File  		      96	2329.mcfunction
	    New File  		      96	2346.mcfunction
	    New File  		      96	2363.mcfunction
	    New File  		      95	238.mcfunction
	    New File  		      96	2380.mcfunction
	    New File  		      96	2397.mcfunction
	    New File  		      96	2414.mcfunction
	    New File  		      96	2431.mcfunction
	    New File  		      95	2448.mcfunction
	    New File  		      94	2465.mcfunction
	    New File  		      93	2482.mcfunction
	    New File  		      94	2499.mcfunction
	    New File  		      96	2516.mcfunction
	    New File  		      96	2533.mcfunction
	    New File  		      95	255.mcfunction
	    New File  		      96	2550.mcfunction
	    New File  		      96	2567.mcfunction
	    New File  		      96	2584.mcfunction
	    New File  		      96	2601.mcfunction
	    New File  		      96	2618.mcfunction
	    New File  		      96	2635.mcfunction
	    New File  		      96	2652.mcfunction
	    New File  		      96	2669.mcfunction
	    New File  		      96	2686.mcfunction
	    New File  		      96	2703.mcfunction
	    New File  		      95	272.mcfunction
	    New File  		      96	2720.mcfunction
	    New File  		      96	2737.mcfunction
	    New File  		      96	2754.mcfunction
	    New File  		      96	2771.mcfunction
	    New File  		      96	2788.mcfunction
	    New File  		      95	2805.mcfunction
	    New File  		      94	2822.mcfunction
	    New File  		      93	2839.mcfunction
	    New File  		      94	2856.mcfunction
	    New File  		      96	2873.mcfunction
	    New File  		      95	289.mcfunction
	    New File  		      96	2890.mcfunction
	    New File  		      96	2907.mcfunction
	    New File  		      96	2924.mcfunction
	    New File  		      96	2941.mcfunction
	    New File  		      96	2958.mcfunction
	    New File  		      96	2975.mcfunction
	    New File  		      96	2992.mcfunction
	    New File  		      96	3009.mcfunction
	    New File  		      96	3026.mcfunction
	    New File  		      96	3043.mcfunction
	    New File  		      94	306.mcfunction
	    New File  		      96	3060.mcfunction
	    New File  		      96	3077.mcfunction
	    New File  		      96	3094.mcfunction
	    New File  		      96	3111.mcfunction
	    New File  		      96	3128.mcfunction
	    New File  		      96	3145.mcfunction
	    New File  		      95	3162.mcfunction
	    New File  		      94	3179.mcfunction
	    New File  		      93	3196.mcfunction
	    New File  		      94	3213.mcfunction
	    New File  		      93	323.mcfunction
	    New File  		      96	3230.mcfunction
	    New File  		      96	3247.mcfunction
	    New File  		      96	3264.mcfunction
	    New File  		      96	3281.mcfunction
	    New File  		      96	3298.mcfunction
	    New File  		      96	3315.mcfunction
	    New File  		      96	3332.mcfunction
	    New File  		      96	3349.mcfunction
	    New File  		      96	3366.mcfunction
	    New File  		      96	3383.mcfunction
	    New File  		      94	34.mcfunction
	    New File  		      92	340.mcfunction
	    New File  		      96	3400.mcfunction
	    New File  		      96	3417.mcfunction
	    New File  		      96	3434.mcfunction
	    New File  		      96	3451.mcfunction
	    New File  		      96	3468.mcfunction
	    New File  		      96	3485.mcfunction
	    New File  		      96	3502.mcfunction
	    New File  		      95	3519.mcfunction
	    New File  		      94	3536.mcfunction
	    New File  		      93	3553.mcfunction
	    New File  		      93	357.mcfunction
	    New File  		      94	3570.mcfunction
	    New File  		      96	3587.mcfunction
	    New File  		      96	3604.mcfunction
	    New File  		      96	3621.mcfunction
	    New File  		      96	3638.mcfunction
	    New File  		      96	3655.mcfunction
	    New File  		      96	3672.mcfunction
	    New File  		      96	3689.mcfunction
	    New File  		      96	3706.mcfunction
	    New File  		      96	3723.mcfunction
	    New File  		      95	374.mcfunction
	    New File  		      96	3740.mcfunction
	    New File  		      96	3757.mcfunction
	    New File  		      96	3774.mcfunction
	    New File  		      96	3791.mcfunction
	    New File  		      96	3808.mcfunction
	    New File  		      96	3825.mcfunction
	    New File  		      96	3842.mcfunction
	    New File  		      96	3859.mcfunction
	    New File  		      95	3876.mcfunction
	    New File  		      94	3893.mcfunction
	    New File  		      95	391.mcfunction
	    New File  		      93	3910.mcfunction
	    New File  		      94	3927.mcfunction
	    New File  		      96	3944.mcfunction
	    New File  		      96	3961.mcfunction
	    New File  		      96	3978.mcfunction
	    New File  		      96	3995.mcfunction
	    New File  		      96	4012.mcfunction
	    New File  		      96	4029.mcfunction
	    New File  		      96	4046.mcfunction
	    New File  		      96	4063.mcfunction
	    New File  		      95	408.mcfunction
	    New File  		      96	4080.mcfunction
	    New File  		      96	4097.mcfunction
	    New File  		      96	4114.mcfunction
	    New File  		      96	4131.mcfunction
	    New File  		      96	4148.mcfunction
	    New File  		      96	4165.mcfunction
	    New File  		      96	4182.mcfunction
	    New File  		      96	4199.mcfunction
	    New File  		      96	4216.mcfunction
	    New File  		      95	4233.mcfunction
	    New File  		      95	425.mcfunction
	    New File  		      94	4250.mcfunction
	    New File  		      93	4267.mcfunction
	    New File  		      94	4284.mcfunction
	    New File  		      96	4301.mcfunction
	    New File  		      96	4318.mcfunction
	    New File  		      96	4335.mcfunction
	    New File  		      96	4352.mcfunction
	    New File  		      96	4369.mcfunction
	    New File  		      96	4386.mcfunction
	    New File  		      96	4403.mcfunction
	    New File  		      95	442.mcfunction
	    New File  		      96	4420.mcfunction
	    New File  		      96	4437.mcfunction
	    New File  		      96	4454.mcfunction
	    New File  		      96	4471.mcfunction
	    New File  		      96	4488.mcfunction
	    New File  		      96	4505.mcfunction
	    New File  		      96	4522.mcfunction
	    New File  		      96	4539.mcfunction
	    New File  		      96	4556.mcfunction
	    New File  		      96	4573.mcfunction
	    New File  		      95	459.mcfunction
	    New File  		      95	4590.mcfunction
	    New File  		      94	4607.mcfunction
	    New File  		      93	4624.mcfunction
	    New File  		      94	4641.mcfunction
	    New File  		      96	4658.mcfunction
	    New File  		      96	4675.mcfunction
	    New File  		      96	4692.mcfunction
	    New File  		      96	4709.mcfunction
	    New File  		      96	4726.mcfunction
	    New File  		      96	4743.mcfunction
	    New File  		      95	476.mcfunction
	    New File  		      96	4760.mcfunction
	    New File  		      96	4777.mcfunction
	    New File  		      96	4794.mcfunction
	    New File  		      96	4811.mcfunction
	    New File  		      96	4828.mcfunction
	    New File  		      96	4845.mcfunction
	    New File  		      96	4862.mcfunction
	    New File  		      96	4879.mcfunction
	    New File  		      96	4896.mcfunction
	    New File  		      96	4913.mcfunction
	    New File  		      95	493.mcfunction
	    New File  		      96	4930.mcfunction
	    New File  		      95	4947.mcfunction
	    New File  		      94	4964.mcfunction
	    New File  		      93	4981.mcfunction
	    New File  		      94	4998.mcfunction
	    New File  		      96	5015.mcfunction
	    New File  		      96	5032.mcfunction
	    New File  		      96	5049.mcfunction
	    New File  		      96	5066.mcfunction
	    New File  		      96	5083.mcfunction
	    New File  		      94	51.mcfunction
	    New File  		      95	510.mcfunction
	    New File  		      96	5100.mcfunction
	    New File  		      96	5117.mcfunction
	    New File  		      96	5134.mcfunction
	    New File  		      96	5151.mcfunction
	    New File  		      96	5168.mcfunction
	    New File  		      96	5185.mcfunction
	    New File  		      96	5202.mcfunction
	    New File  		      96	5219.mcfunction
	    New File  		      96	5236.mcfunction
	    New File  		      96	5253.mcfunction
	    New File  		      95	527.mcfunction
	    New File  		      96	5270.mcfunction
	    New File  		      96	5287.mcfunction
	    New File  		      95	5304.mcfunction
	    New File  		      94	5321.mcfunction
	    New File  		      93	5338.mcfunction
	    New File  		      94	5355.mcfunction
	    New File  		      96	5372.mcfunction
	    New File  		      96	5389.mcfunction
	    New File  		      96	5406.mcfunction
	    New File  		      96	5423.mcfunction
	    New File  		      95	544.mcfunction
	    New File  		      96	5440.mcfunction
	    New File  		      96	5457.mcfunction
	    New File  		      96	5474.mcfunction
	    New File  		      96	5491.mcfunction
	    New File  		      96	5508.mcfunction
	    New File  		      96	5525.mcfunction
	    New File  		      96	5542.mcfunction
	    New File  		      96	5559.mcfunction
	    New File  		      96	5576.mcfunction
	    New File  		      96	5593.mcfunction
	    New File  		      95	561.mcfunction
	    New File  		      96	5610.mcfunction
	    New File  		      96	5627.mcfunction
	    New File  		      96	5644.mcfunction
	    New File  		      95	5661.mcfunction
	    New File  		      94	5678.mcfunction
	    New File  		      93	5695.mcfunction
	    New File  		      94	5712.mcfunction
	    New File  		      96	5729.mcfunction
	    New File  		      96	5746.mcfunction
	    New File  		      96	5763.mcfunction
	    New File  		      95	578.mcfunction
	    New File  		      96	5780.mcfunction
	    New File  		      96	5797.mcfunction
	    New File  		      96	5814.mcfunction
	    New File  		      96	5831.mcfunction
	    New File  		      96	5848.mcfunction
	    New File  		      96	5865.mcfunction
	    New File  		      96	5882.mcfunction
	    New File  		      96	5899.mcfunction
	    New File  		      96	5916.mcfunction
	    New File  		      96	5933.mcfunction
	    New File  		      95	595.mcfunction
	    New File  		      96	5950.mcfunction
	    New File  		      96	5967.mcfunction
	    New File  		      96	5984.mcfunction
	    New File  		      96	6001.mcfunction
	    New File  		      95	6018.mcfunction
	    New File  		      94	6035.mcfunction
	    New File  		      93	6052.mcfunction
	    New File  		      94	6069.mcfunction
	    New File  		      96	6086.mcfunction
	    New File  		      96	6103.mcfunction
	    New File  		      95	612.mcfunction
	    New File  		      96	6120.mcfunction
	    New File  		      96	6137.mcfunction
	    New File  		      96	6154.mcfunction
	    New File  		      96	6171.mcfunction
	    New File  		      96	6188.mcfunction
	    New File  		      96	6205.mcfunction
	    New File  		      96	6222.mcfunction
	    New File  		      96	6239.mcfunction
	    New File  		      96	6256.mcfunction
	    New File  		      96	6273.mcfunction
	    New File  		      95	629.mcfunction
	    New File  		      96	6290.mcfunction
	    New File  		      96	6307.mcfunction
	    New File  		      96	6324.mcfunction
	    New File  		      96	6341.mcfunction
	    New File  		      96	6358.mcfunction
	    New File  		      95	6375.mcfunction
	    New File  		      94	6392.mcfunction
	    New File  		      93	6409.mcfunction
	    New File  		      94	6426.mcfunction
	    New File  		      96	6443.mcfunction
	    New File  		      95	646.mcfunction
	    New File  		      96	6460.mcfunction
	    New File  		      96	6477.mcfunction
	    New File  		      96	6494.mcfunction
	    New File  		      96	6511.mcfunction
	    New File  		      96	6528.mcfunction
	    New File  		      96	6545.mcfunction
	    New File  		      96	6562.mcfunction
	    New File  		      96	6579.mcfunction
	    New File  		      96	6596.mcfunction
	    New File  		      96	6613.mcfunction
	    New File  		      94	663.mcfunction
	    New File  		      96	6630.mcfunction
	    New File  		      96	6647.mcfunction
	    New File  		      96	6664.mcfunction
	    New File  		      96	6681.mcfunction
	    New File  		      96	6698.mcfunction
	    New File  		      96	6715.mcfunction
	    New File  		      95	6732.mcfunction
	    New File  		      94	6749.mcfunction
	    New File  		      93	6766.mcfunction
	    New File  		      94	6783.mcfunction
	    New File  		      94	68.mcfunction
	    New File  		      93	680.mcfunction
	    New File  		      96	6800.mcfunction
	    New File  		      96	6817.mcfunction
	    New File  		      96	6834.mcfunction
	    New File  		      96	6851.mcfunction
	    New File  		      96	6868.mcfunction
	    New File  		      96	6885.mcfunction
	    New File  		      96	6902.mcfunction
	    New File  		      96	6919.mcfunction
	    New File  		      96	6936.mcfunction
	    New File  		      96	6953.mcfunction
	    New File  		      92	697.mcfunction
	    New File  		      96	6970.mcfunction
	    New File  		      96	6987.mcfunction
	    New File  		      96	7004.mcfunction
	    New File  		      96	7021.mcfunction
	    New File  		      96	7038.mcfunction
	    New File  		      96	7055.mcfunction
	    New File  		      96	7072.mcfunction
	    New File  		      95	7089.mcfunction
	    New File  		      94	7106.mcfunction
	    New File  		      93	7123.mcfunction
	    New File  		      93	714.mcfunction
	    New File  		      94	7140.mcfunction
	    New File  		      96	7157.mcfunction
	    New File  		      96	7174.mcfunction
	    New File  		      96	7191.mcfunction
	    New File  		      96	7208.mcfunction
	    New File  		      96	7225.mcfunction
	    New File  		      96	7242.mcfunction
	    New File  		      96	7259.mcfunction
	    New File  		      96	7276.mcfunction
	    New File  		      96	7293.mcfunction
	    New File  		      95	731.mcfunction
	    New File  		      96	7310.mcfunction
	    New File  		      96	7327.mcfunction
	    New File  		      96	7344.mcfunction
	    New File  		      96	7361.mcfunction
	    New File  		      96	7378.mcfunction
	    New File  		      96	7395.mcfunction
	    New File  		      96	7412.mcfunction
	    New File  		      96	7429.mcfunction
	    New File  		      95	7446.mcfunction
	    New File  		      94	7463.mcfunction
	    New File  		      95	748.mcfunction
	    New File  		      93	7480.mcfunction
	    New File  		      94	7497.mcfunction
	    New File  		      96	7514.mcfunction
	    New File  		      96	7531.mcfunction
	    New File  		      96	7548.mcfunction
	    New File  		      96	7565.mcfunction
	    New File  		      96	7582.mcfunction
	    New File  		      96	7599.mcfunction
	    New File  		      96	7616.mcfunction
	    New File  		      96	7633.mcfunction
	    New File  		      95	765.mcfunction
	    New File  		      96	7650.mcfunction
	    New File  		      96	7667.mcfunction
	    New File  		      96	7684.mcfunction
	    New File  		      96	7701.mcfunction
	    New File  		      96	7718.mcfunction
	    New File  		      96	7735.mcfunction
	    New File  		      96	7752.mcfunction
	    New File  		      96	7769.mcfunction
	    New File  		      96	7786.mcfunction
	    New File  		      95	7803.mcfunction
	    New File  		      95	782.mcfunction
	    New File  		      94	7820.mcfunction
	    New File  		      93	7837.mcfunction
	    New File  		      94	7854.mcfunction
	    New File  		      96	7871.mcfunction
	    New File  		      96	7888.mcfunction
	    New File  		      96	7905.mcfunction
	    New File  		      96	7922.mcfunction
	    New File  		      96	7939.mcfunction
	    New File  		      96	7956.mcfunction
	    New File  		      96	7973.mcfunction
	    New File  		      95	799.mcfunction
	    New File  		      96	7990.mcfunction
	    New File  		      96	8007.mcfunction
	    New File  		      96	8024.mcfunction
	    New File  		      96	8041.mcfunction
	    New File  		      96	8058.mcfunction
	    New File  		      96	8075.mcfunction
	    New File  		      96	8092.mcfunction
	    New File  		      96	8109.mcfunction
	    New File  		      96	8126.mcfunction
	    New File  		      96	8143.mcfunction
	    New File  		      95	816.mcfunction
	    New File  		      95	8160.mcfunction
	    New File  		      94	8177.mcfunction
	    New File  		      93	8194.mcfunction
	    New File  		      94	8211.mcfunction
	    New File  		      96	8228.mcfunction
	    New File  		      96	8245.mcfunction
	    New File  		      96	8262.mcfunction
	    New File  		      96	8279.mcfunction
	    New File  		      96	8296.mcfunction
	    New File  		      96	8313.mcfunction
	    New File  		      95	833.mcfunction
	    New File  		      96	8330.mcfunction
	    New File  		      96	8347.mcfunction
	    New File  		      96	8364.mcfunction
	    New File  		      96	8381.mcfunction
	    New File  		      96	8398.mcfunction
	    New File  		      96	8415.mcfunction
	    New File  		      96	8432.mcfunction
	    New File  		      96	8449.mcfunction
	    New File  		      96	8466.mcfunction
	    New File  		      96	8483.mcfunction
	    New File  		      94	85.mcfunction
	    New File  		      95	850.mcfunction
	    New File  		      96	8500.mcfunction
	    New File  		      95	8517.mcfunction
	    New File  		      94	8534.mcfunction
	    New File  		      93	8551.mcfunction
	    New File  		      94	8568.mcfunction
	    New File  		      96	8585.mcfunction
	    New File  		      96	8602.mcfunction
	    New File  		      96	8619.mcfunction
	    New File  		      96	8636.mcfunction
	    New File  		      96	8653.mcfunction
	    New File  		      95	867.mcfunction
	    New File  		      96	8670.mcfunction
	    New File  		      96	8687.mcfunction
	    New File  		      96	8704.mcfunction
	    New File  		      96	8721.mcfunction
	    New File  		      96	8738.mcfunction
	    New File  		      96	8755.mcfunction
	    New File  		      96	8772.mcfunction
	    New File  		      96	8789.mcfunction
	    New File  		      96	8806.mcfunction
	    New File  		      96	8823.mcfunction
	    New File  		      95	884.mcfunction
	    New File  		      96	8840.mcfunction
	    New File  		      96	8857.mcfunction
	    New File  		      95	8874.mcfunction
	    New File  		      94	8891.mcfunction
	    New File  		      93	8908.mcfunction
	    New File  		      94	8925.mcfunction
	    New File  		      96	8942.mcfunction
	    New File  		      96	8959.mcfunction
	    New File  		      96	8976.mcfunction
	    New File  		      96	8993.mcfunction
	    New File  		      95	901.mcfunction
	    New File  		      96	9010.mcfunction
	    New File  		      96	9027.mcfunction
	    New File  		      96	9044.mcfunction
	    New File  		      96	9061.mcfunction
	    New File  		      96	9078.mcfunction
	    New File  		      96	9095.mcfunction
	    New File  		      96	9112.mcfunction
	    New File  		      96	9129.mcfunction
	    New File  		      96	9146.mcfunction
	    New File  		      96	9163.mcfunction
	    New File  		      95	918.mcfunction
	    New File  		      96	9180.mcfunction
	    New File  		      96	9197.mcfunction
	    New File  		      96	9214.mcfunction
	    New File  		      95	9231.mcfunction
	    New File  		      94	9248.mcfunction
	    New File  		      93	9265.mcfunction
	    New File  		      94	9282.mcfunction
	    New File  		      96	9299.mcfunction
	    New File  		      96	9316.mcfunction
	    New File  		      96	9333.mcfunction
	    New File  		      95	935.mcfunction
	    New File  		      96	9350.mcfunction
	    New File  		      96	9367.mcfunction
	    New File  		      96	9384.mcfunction
	    New File  		      96	9401.mcfunction
	    New File  		      96	9418.mcfunction
	    New File  		      96	9435.mcfunction
	    New File  		      96	9452.mcfunction
	    New File  		      96	9469.mcfunction
	    New File  		      96	9486.mcfunction
	    New File  		      96	9503.mcfunction
	    New File  		      95	952.mcfunction
	    New File  		      96	9520.mcfunction
	    New File  		      96	9537.mcfunction
	    New File  		      96	9554.mcfunction
	    New File  		      96	9571.mcfunction
	    New File  		      95	9588.mcfunction
	    New File  		      94	9605.mcfunction
	    New File  		      93	9622.mcfunction
	    New File  		      94	9639.mcfunction
	    New File  		      96	9656.mcfunction
	    New File  		      96	9673.mcfunction
	    New File  		      95	969.mcfunction
	    New File  		      96	9690.mcfunction
	    New File  		      96	9707.mcfunction
	    New File  		      96	9724.mcfunction
	    New File  		      96	9741.mcfunction
	    New File  		      96	9758.mcfunction
	    New File  		      96	9775.mcfunction
	    New File  		      96	9792.mcfunction
	    New File  		      96	9809.mcfunction
	    New File  		      96	9826.mcfunction
	    New File  		      96	9843.mcfunction
	    New File  		      95	986.mcfunction
	    New File  		      96	9860.mcfunction
	    New File  		      96	9877.mcfunction
	    New File  		      96	9894.mcfunction
	    New File  		      96	9911.mcfunction
	    New File  		      96	9928.mcfunction
	    New File  		      95	9945.mcfunction
	    New File  		      94	9962.mcfunction
	    New File  		      93	9979.mcfunction
	    New File  		      94	9996.mcfunction
	  New Dir          1	C:\Users\joshp\curseforge\minecraft\Instances\Alive Dev\saves\Desire Paths\datapacks\gstools\data\minecraft\function\hud\enhancedhud_sub\0_sub\
	    New File  		    2207	0.mcfunction
	  New Dir          1	C:\Users\joshp\curseforge\minecraft\Instances\Alive Dev\saves\Desire Paths\datapacks\gstools\data\minecraft\function\hud\enhancedhud_sub\10013_sub\
	    New File  		    2207	0.mcfunction
	  New Dir          1	C:\Users\joshp\curseforge\minecraft\Instances\Alive Dev\saves\Desire Paths\datapacks\gstools\data\minecraft\function\hud\enhancedhud_sub\10030_sub\
	    New File  		    2207	0.mcfunction
	  New Dir          1	C:\Users\joshp\curseforge\minecraft\Instances\Alive Dev\saves\Desire Paths\datapacks\gstools\data\minecraft\function\hud\enhancedhud_sub\1003_sub\
	    New File  		    2207	0.mcfunction
	  New Dir          1	C:\Users\joshp\curseforge\minecraft\Instances\Alive Dev\saves\Desire Paths\datapacks\gstools\data\minecraft\function\hud\enhancedhud_sub\10047_sub\
	    New File  		    2207	0.mcfunction
	  New Dir          1	C:\Users\joshp\curseforge\minecraft\Instances\Alive Dev\saves\Desire Paths\datapacks\gstools\data\minecraft\function\hud\enhancedhud_sub\10064_sub\
	    New File  		    2207	0.mcfunction
	  New Dir          1	C:\Users\joshp\curseforge\minecraft\Instances\Alive Dev\saves\Desire Paths\datapacks\gstools\data\minecraft\function\hud\enhancedhud_sub\10081_sub\
	    New File  		    2207	0.mcfunction
	  New Dir          1	C:\Users\joshp\curseforge\minecraft\Instances\Alive Dev\saves\Desire Paths\datapacks\gstools\data\minecraft\function\hud\enhancedhud_sub\10098_sub\
	    New File  		    2207	0.mcfunction
	  New Dir          1	C:\Users\joshp\curseforge\minecraft\Instances\Alive Dev\saves\Desire Paths\datapacks\gstools\data\minecraft\function\hud\enhancedhud_sub\10115_sub\
	    New File  		    2207	0.mcfunction
	  New Dir          1	C:\Users\joshp\curseforge\minecraft\Instances\Alive Dev\saves\Desire Paths\datapacks\gstools\data\minecraft\function\hud\enhancedhud_sub\10132_sub\
	    New File  		    2207	0.mcfunction
	  New Dir          1	C:\Users\joshp\curseforge\minecraft\Instances\Alive Dev\saves\Desire Paths\datapacks\gstools\data\minecraft\function\hud\enhancedhud_sub\10149_sub\
	    New File  		    2207	0.mcfunction
	  New Dir          1	C:\Users\joshp\curseforge\minecraft\Instances\Alive Dev\saves\Desire Paths\datapacks\gstools\data\minecraft\function\hud\enhancedhud_sub\10166_sub\
	    New File  		    2207	0.mcfunction
	  New Dir          1	C:\Users\joshp\curseforge\minecraft\Instances\Alive Dev\saves\Desire Paths\datapacks\gstools\data\minecraft\function\hud\enhancedhud_sub\10183_sub\
	    New File  		    2207	0.mcfunction
	  New Dir          1	C:\Users\joshp\curseforge\minecraft\Instances\Alive Dev\saves\Desire Paths\datapacks\gstools\data\minecraft\function\hud\enhancedhud_sub\10200_sub\
	    New File  		    2207	0.mcfunction
	  New Dir          1	C:\Users\joshp\curseforge\minecraft\Instances\Alive Dev\saves\Desire Paths\datapacks\gstools\data\minecraft\function\hud\enhancedhud_sub\1020_sub\
	    New File  		    2207	0.mcfunction
	  New Dir          1	C:\Users\joshp\curseforge\minecraft\Instances\Alive Dev\saves\Desire Paths\datapacks\gstools\data\minecraft\function\hud\enhancedhud_sub\10217_sub\
	    New File  		    2207	0.mcfunction
	  New Dir          1	C:\Users\joshp\curseforge\minecraft\Instances\Alive Dev\saves\Desire Paths\datapacks\gstools\data\minecraft\function\hud\enhancedhud_sub\10234_sub\
	    New File  		    2207	0.mcfunction
	  New Dir          1	C:\Users\joshp\curseforge\minecraft\Instances\Alive Dev\saves\Desire Paths\datapacks\gstools\data\minecraft\function\hud\enhancedhud_sub\10251_sub\
	    New File  		    2207	0.mcfunction
	  New Dir          1	C:\Users\joshp\curseforge\minecraft\Instances\Alive Dev\saves\Desire Paths\datapacks\gstools\data\minecraft\function\hud\enhancedhud_sub\10268_sub\
	    New File  		    2207	0.mcfunction
	  New Dir          1	C:\Users\joshp\curseforge\minecraft\Instances\Alive Dev\saves\Desire Paths\datapacks\gstools\data\minecraft\function\hud\enhancedhud_sub\10285_sub\
	    New File  		    2207	0.mcfunction
	  New Dir          1	C:\Users\joshp\curseforge\minecraft\Instances\Alive Dev\saves\Desire Paths\datapacks\gstools\data\minecraft\function\hud\enhancedhud_sub\102_sub\
	    New File  		    2207	0.mcfunction
	  New Dir          1	C:\Users\joshp\curseforge\minecraft\Instances\Alive Dev\saves\Desire Paths\datapacks\gstools\data\minecraft\function\hud\enhancedhud_sub\10302_sub\
	    New File  		    2207	0.mcfunction
	  New Dir          1	C:\Users\joshp\curseforge\minecraft\Instances\Alive Dev\saves\Desire Paths\datapacks\gstools\data\minecraft\function\hud\enhancedhud_sub\10319_sub\
	    New File  		    2207	0.mcfunction
	  New Dir          1	C:\Users\joshp\curseforge\minecraft\Instances\Alive Dev\saves\Desire Paths\datapacks\gstools\data\minecraft\function\hud\enhancedhud_sub\10336_sub\
	    New File  		    2207	0.mcfunction
	  New Dir          1	C:\Users\joshp\curseforge\minecraft\Instances\Alive Dev\saves\Desire Paths\datapacks\gstools\data\minecraft\function\hud\enhancedhud_sub\10353_sub\
	    New File  		    2207	0.mcfunction
	  New Dir          1	C:\Users\joshp\curseforge\minecraft\Instances\Alive Dev\saves\Desire Paths\datapacks\gstools\data\minecraft\function\hud\enhancedhud_sub\10370_sub\
	    New File  		    2207	0.mcfunction
	  New Dir          1	C:\Users\joshp\curseforge\minecraft\Instances\Alive Dev\saves\Desire Paths\datapacks\gstools\data\minecraft\function\hud\enhancedhud_sub\1037_sub\
	    New File  		    2207	0.mcfunction
	  New Dir          1	C:\Users\joshp\curseforge\minecraft\Instances\Alive Dev\saves\Desire Paths\datapacks\gstools\data\minecraft\function\hud\enhancedhud_sub\10387_sub\
	    New File  		    2207	0.mcfunction
	  New Dir          1	C:\Users\joshp\curseforge\minecraft\Instances\Alive Dev\saves\Desire Paths\datapacks\gstools\data\minecraft\function\hud\enhancedhud_sub\10404_sub\
	    New File  		    2207	0.mcfunction
	  New Dir          1	C:\Users\joshp\curseforge\minecraft\Instances\Alive Dev\saves\Desire Paths\datapacks\gstools\data\minecraft\function\hud\enhancedhud_sub\10421_sub\
	    New File  		    2207	0.mcfunction
	  New Dir          1	C:\Users\joshp\curseforge\minecraft\Instances\Alive Dev\saves\Desire Paths\datapacks\gstools\data\minecraft\function\hud\enhancedhud_sub\10438_sub\
	    New File  		    2207	0.mcfunction
	  New Dir          1	C:\Users\joshp\curseforge\minecraft\Instances\Alive Dev\saves\Desire Paths\datapacks\gstools\data\minecraft\function\hud\enhancedhud_sub\10455_sub\
	    New File  		    2207	0.mcfunction
	  New Dir          1	C:\Users\joshp\curseforge\minecraft\Instances\Alive Dev\saves\Desire Paths\datapacks\gstools\data\minecraft\function\hud\enhancedhud_sub\10472_sub\
	    New File  		    2207	0.mcfunction
	  New Dir          1	C:\Users\joshp\curseforge\minecraft\Instances\Alive Dev\saves\Desire Paths\datapacks\gstools\data\minecraft\function\hud\enhancedhud_sub\10489_sub\
	    New File  		    2207	0.mcfunction
	  New Dir          1	C:\Users\joshp\curseforge\minecraft\Instances\Alive Dev\saves\Desire Paths\datapacks\gstools\data\minecraft\function\hud\enhancedhud_sub\10506_sub\
	    New File  		    2207	0.mcfunction
	  New Dir          1	C:\Users\joshp\curseforge\minecraft\Instances\Alive Dev\saves\Desire Paths\datapacks\gstools\data\minecraft\function\hud\enhancedhud_sub\10523_sub\
	    New File  		    2207	0.mcfunction
	  New Dir          1	C:\Users\joshp\curseforge\minecraft\Instances\Alive Dev\saves\Desire Paths\datapacks\gstools\data\minecraft\function\hud\enhancedhud_sub\10540_sub\
	    New File  		    2207	0.mcfunction
	  New Dir          1	C:\Users\joshp\curseforge\minecraft\Instances\Alive Dev\saves\Desire Paths\datapacks\gstools\data\minecraft\function\hud\enhancedhud_sub\1054_sub\
	    New File  		    2207	0.mcfunction
	  New Dir          1	C:\Users\joshp\curseforge\minecraft\Instances\Alive Dev\saves\Desire Paths\datapacks\gstools\data\minecraft\function\hud\enhancedhud_sub\10557_sub\
	    New File  		    2207	0.mcfunction
	  New Dir          1	C:\Users\joshp\curseforge\minecraft\Instances\Alive Dev\saves\Desire Paths\datapacks\gstools\data\minecraft\function\hud\enhancedhud_sub\10574_sub\
	    New File  		    2207	0.mcfunction
	  New Dir          1	C:\Users\joshp\curseforge\minecraft\Instances\Alive Dev\saves\Desire Paths\datapacks\gstools\data\minecraft\function\hud\enhancedhud_sub\10591_sub\
	    New File  		    2207	0.mcfunction
	  New Dir          1	C:\Users\joshp\curseforge\minecraft\Instances\Alive Dev\saves\Desire Paths\datapacks\gstools\data\minecraft\function\hud\enhancedhud_sub\10608_sub\
	    New File  		    2207	0.mcfunction
	  New Dir          1	C:\Users\joshp\curseforge\minecraft\Instances\Alive Dev\saves\Desire Paths\datapacks\gstools\data\minecraft\function\hud\enhancedhud_sub\10625_sub\
	    New File  		    2207	0.mcfunction
	  New Dir          1	C:\Users\joshp\curseforge\minecraft\Instances\Alive Dev\saves\Desire Paths\datapacks\gstools\data\minecraft\function\hud\enhancedhud_sub\10642_sub\
	    New File  		    2207	0.mcfunction
	  New Dir          1	C:\Users\joshp\curseforge\minecraft\Instances\Alive Dev\saves\Desire Paths\datapacks\gstools\data\minecraft\function\hud\enhancedhud_sub\10659_sub\
	    New File  		    2207	0.mcfunction
	  New Dir          1	C:\Users\joshp\curseforge\minecraft\Instances\Alive Dev\saves\Desire Paths\datapacks\gstools\data\minecraft\function\hud\enhancedhud_sub\10676_sub\
	    New File  		    2207	0.mcfunction
	  New Dir          1	C:\Users\joshp\curseforge\minecraft\Instances\Alive Dev\saves\Desire Paths\datapacks\gstools\data\minecraft\function\hud\enhancedhud_sub\10693_sub\
	    New File  		    2207	0.mcfunction
	  New Dir          1	C:\Users\joshp\curseforge\minecraft\Instances\Alive Dev\saves\Desire Paths\datapacks\gstools\data\minecraft\function\hud\enhancedhud_sub\10710_sub\
	    New File  		    2207	0.mcfunction
	  New Dir          1	C:\Users\joshp\curseforge\minecraft\Instances\Alive Dev\saves\Desire Paths\datapacks\gstools\data\minecraft\function\hud\enhancedhud_sub\1071_sub\
	    New File  		    2207	0.mcfunction
	  New Dir          1	C:\Users\joshp\curseforge\minecraft\Instances\Alive Dev\saves\Desire Paths\datapacks\gstools\data\minecraft\function\hud\enhancedhud_sub\10727_sub\
	    New File  		    2207	0.mcfunction
	  New Dir          1	C:\Users\joshp\curseforge\minecraft\Instances\Alive Dev\saves\Desire Paths\datapacks\gstools\data\minecraft\function\hud\enhancedhud_sub\10744_sub\
	    New File  		    2207	0.mcfunction
	  New Dir          1	C:\Users\joshp\curseforge\minecraft\Instances\Alive Dev\saves\Desire Paths\datapacks\gstools\data\minecraft\function\hud\enhancedhud_sub\10761_sub\
	    New File  		    2207	0.mcfunction
	  New Dir          1	C:\Users\joshp\curseforge\minecraft\Instances\Alive Dev\saves\Desire Paths\datapacks\gstools\data\minecraft\function\hud\enhancedhud_sub\10778_sub\
	    New File  		    2207	0.mcfunction
	  New Dir          1	C:\Users\joshp\curseforge\minecraft\Instances\Alive Dev\saves\Desire Paths\datapacks\gstools\data\minecraft\function\hud\enhancedhud_sub\10795_sub\
	    New File  		    2207	0.mcfunction
	  New Dir          1	C:\Users\joshp\curseforge\minecraft\Instances\Alive Dev\saves\Desire Paths\datapacks\gstools\data\minecraft\function\hud\enhancedhud_sub\10812_sub\
	    New File  		    2207	0.mcfunction
	  New Dir          1	C:\Users\joshp\curseforge\minecraft\Instances\Alive Dev\saves\Desire Paths\datapacks\gstools\data\minecraft\function\hud\enhancedhud_sub\10829_sub\
	    New File  		    2207	0.mcfunction
	  New Dir          1	C:\Users\joshp\curseforge\minecraft\Instances\Alive Dev\saves\Desire Paths\datapacks\gstools\data\minecraft\function\hud\enhancedhud_sub\10846_sub\
	    New File  		    2207	0.mcfunction
	  New Dir          1	C:\Users\joshp\curseforge\minecraft\Instances\Alive Dev\saves\Desire Paths\datapacks\gstools\data\minecraft\function\hud\enhancedhud_sub\10863_sub\
	    New File  		    2207	0.mcfunction
	  New Dir          1	C:\Users\joshp\curseforge\minecraft\Instances\Alive Dev\saves\Desire Paths\datapacks\gstools\data\minecraft\function\hud\enhancedhud_sub\10880_sub\
	    New File  		    2207	0.mcfunction
	  New Dir          1	C:\Users\joshp\curseforge\minecraft\Instances\Alive Dev\saves\Desire Paths\datapacks\gstools\data\minecraft\function\hud\enhancedhud_sub\1088_sub\
	    New File  		    2207	0.mcfunction
	  New Dir          1	C:\Users\joshp\curseforge\minecraft\Instances\Alive Dev\saves\Desire Paths\datapacks\gstools\data\minecraft\function\hud\enhancedhud_sub\10897_sub\
	    New File  		    2207	0.mcfunction
	  New Dir          1	C:\Users\joshp\curseforge\minecraft\Instances\Alive Dev\saves\Desire Paths\datapacks\gstools\data\minecraft\function\hud\enhancedhud_sub\10914_sub\
	    New File  		    2207	0.mcfunction
	  New Dir          1	C:\Users\joshp\curseforge\minecraft\Instances\Alive Dev\saves\Desire Paths\datapacks\gstools\data\minecraft\function\hud\enhancedhud_sub\10931_sub\
	    New File  		    2207	0.mcfunction
	  New Dir          1	C:\Users\joshp\curseforge\minecraft\Instances\Alive Dev\saves\Desire Paths\datapacks\gstools\data\minecraft\function\hud\enhancedhud_sub\10948_sub\
	    New File  		    2207	0.mcfunction
	  New Dir          1	C:\Users\joshp\curseforge\minecraft\Instances\Alive Dev\saves\Desire Paths\datapacks\gstools\data\minecraft\function\hud\enhancedhud_sub\10965_sub\
	    New File  		    2207	0.mcfunction
	  New Dir          1	C:\Users\joshp\curseforge\minecraft\Instances\Alive Dev\saves\Desire Paths\datapacks\gstools\data\minecraft\function\hud\enhancedhud_sub\10982_sub\
	    New File  		    2207	0.mcfunction
	  New Dir          1	C:\Users\joshp\curseforge\minecraft\Instances\Alive Dev\saves\Desire Paths\datapacks\gstools\data\minecraft\function\hud\enhancedhud_sub\10999_sub\
	    New File  		    2207	0.mcfunction
	  New Dir          1	C:\Users\joshp\curseforge\minecraft\Instances\Alive Dev\saves\Desire Paths\datapacks\gstools\data\minecraft\function\hud\enhancedhud_sub\11016_sub\
	    New File  		    2207	0.mcfunction
	  New Dir          1	C:\Users\joshp\curseforge\minecraft\Instances\Alive Dev\saves\Desire Paths\datapacks\gstools\data\minecraft\function\hud\enhancedhud_sub\11033_sub\
	    New File  		    2207	0.mcfunction
	  New Dir          1	C:\Users\joshp\curseforge\minecraft\Instances\Alive Dev\saves\Desire Paths\datapacks\gstools\data\minecraft\function\hud\enhancedhud_sub\11050_sub\
	    New File  		    2207	0.mcfunction
	  New Dir          1	C:\Users\joshp\curseforge\minecraft\Instances\Alive Dev\saves\Desire Paths\datapacks\gstools\data\minecraft\function\hud\enhancedhud_sub\1105_sub\
	    New File  		    2207	0.mcfunction
	  New Dir          1	C:\Users\joshp\curseforge\minecraft\Instances\Alive Dev\saves\Desire Paths\datapacks\gstools\data\minecraft\function\hud\enhancedhud_sub\11067_sub\
	    New File  		    2207	0.mcfunction
	  New Dir          1	C:\Users\joshp\curseforge\minecraft\Instances\Alive Dev\saves\Desire Paths\datapacks\gstools\data\minecraft\function\hud\enhancedhud_sub\11084_sub\
	    New File  		    2207	0.mcfunction
	  New Dir          1	C:\Users\joshp\curseforge\minecraft\Instances\Alive Dev\saves\Desire Paths\datapacks\gstools\data\minecraft\function\hud\enhancedhud_sub\11101_sub\
	    New File  		    2207	0.mcfunction
	  New Dir          1	C:\Users\joshp\curseforge\minecraft\Instances\Alive Dev\saves\Desire Paths\datapacks\gstools\data\minecraft\function\hud\enhancedhud_sub\11118_sub\
	    New File  		    2207	0.mcfunction
	  New Dir          1	C:\Users\joshp\curseforge\minecraft\Instances\Alive Dev\saves\Desire Paths\datapacks\gstools\data\minecraft\function\hud\enhancedhud_sub\11135_sub\
	    New File  		    2207	0.mcfunction
	  New Dir          1	C:\Users\joshp\curseforge\minecraft\Instances\Alive Dev\saves\Desire Paths\datapacks\gstools\data\minecraft\function\hud\enhancedhud_sub\11152_sub\
	    New File  		    2207	0.mcfunction
	  New Dir          1	C:\Users\joshp\curseforge\minecraft\Instances\Alive Dev\saves\Desire Paths\datapacks\gstools\data\minecraft\function\hud\enhancedhud_sub\11169_sub\
	    New File  		    2207	0.mcfunction
	  New Dir          1	C:\Users\joshp\curseforge\minecraft\Instances\Alive Dev\saves\Desire Paths\datapacks\gstools\data\minecraft\function\hud\enhancedhud_sub\11186_sub\
	    New File  		    2207	0.mcfunction
	  New Dir          1	C:\Users\joshp\curseforge\minecraft\Instances\Alive Dev\saves\Desire Paths\datapacks\gstools\data\minecraft\function\hud\enhancedhud_sub\11203_sub\
	    New File  		    2207	0.mcfunction
	  New Dir          1	C:\Users\joshp\curseforge\minecraft\Instances\Alive Dev\saves\Desire Paths\datapacks\gstools\data\minecraft\function\hud\enhancedhud_sub\11220_sub\
	    New File  		    2207	0.mcfunction
	  New Dir          1	C:\Users\joshp\curseforge\minecraft\Instances\Alive Dev\saves\Desire Paths\datapacks\gstools\data\minecraft\function\hud\enhancedhud_sub\1122_sub\
	    New File  		    2207	0.mcfunction
	  New Dir          1	C:\Users\joshp\curseforge\minecraft\Instances\Alive Dev\saves\Desire Paths\datapacks\gstools\data\minecraft\function\hud\enhancedhud_sub\11237_sub\
	    New File  		    2207	0.mcfunction
	  New Dir          1	C:\Users\joshp\curseforge\minecraft\Instances\Alive Dev\saves\Desire Paths\datapacks\gstools\data\minecraft\function\hud\enhancedhud_sub\11254_sub\
	    New File  		    2207	0.mcfunction
	  New Dir          1	C:\Users\joshp\curseforge\minecraft\Instances\Alive Dev\saves\Desire Paths\datapacks\gstools\data\minecraft\function\hud\enhancedhud_sub\11271_sub\
	    New File  		    2207	0.mcfunction
	  New Dir          1	C:\Users\joshp\curseforge\minecraft\Instances\Alive Dev\saves\Desire Paths\datapacks\gstools\data\minecraft\function\hud\enhancedhud_sub\11288_sub\
	    New File  		    2207	0.mcfunction
	  New Dir          1	C:\Users\joshp\curseforge\minecraft\Instances\Alive Dev\saves\Desire Paths\datapacks\gstools\data\minecraft\function\hud\enhancedhud_sub\11305_sub\
	    New File  		    2207	0.mcfunction
	  New Dir          1	C:\Users\joshp\curseforge\minecraft\Instances\Alive Dev\saves\Desire Paths\datapacks\gstools\data\minecraft\function\hud\enhancedhud_sub\11322_sub\
	    New File  		    2207	0.mcfunction
	  New Dir          1	C:\Users\joshp\curseforge\minecraft\Instances\Alive Dev\saves\Desire Paths\datapacks\gstools\data\minecraft\function\hud\enhancedhud_sub\11339_sub\
	    New File  		    2207	0.mcfunction
	  New Dir          1	C:\Users\joshp\curseforge\minecraft\Instances\Alive Dev\saves\Desire Paths\datapacks\gstools\data\minecraft\function\hud\enhancedhud_sub\11356_sub\
	    New File  		    2207	0.mcfunction
	  New Dir          1	C:\Users\joshp\curseforge\minecraft\Instances\Alive Dev\saves\Desire Paths\datapacks\gstools\data\minecraft\function\hud\enhancedhud_sub\11373_sub\
	    New File  		    2207	0.mcfunction
	  New Dir          1	C:\Users\joshp\curseforge\minecraft\Instances\Alive Dev\saves\Desire Paths\datapacks\gstools\data\minecraft\function\hud\enhancedhud_sub\11390_sub\
	    New File  		    2207	0.mcfunction
	  New Dir          1	C:\Users\joshp\curseforge\minecraft\Instances\Alive Dev\saves\Desire Paths\datapacks\gstools\data\minecraft\function\hud\enhancedhud_sub\1139_sub\
	    New File  		    2207	0.mcfunction
	  New Dir          1	C:\Users\joshp\curseforge\minecraft\Instances\Alive Dev\saves\Desire Paths\datapacks\gstools\data\minecraft\function\hud\enhancedhud_sub\11407_sub\
	    New File  		    2207	0.mcfunction
	  New Dir          1	C:\Users\joshp\curseforge\minecraft\Instances\Alive Dev\saves\Desire Paths\datapacks\gstools\data\minecraft\function\hud\enhancedhud_sub\11424_sub\
	    New File  		    2207	0.mcfunction
	  New Dir          1	C:\Users\joshp\curseforge\minecraft\Instances\Alive Dev\saves\Desire Paths\datapacks\gstools\data\minecraft\function\hud\enhancedhud_sub\11441_sub\
	    New File  		    2207	0.mcfunction
	  New Dir          1	C:\Users\joshp\curseforge\minecraft\Instances\Alive Dev\saves\Desire Paths\datapacks\gstools\data\minecraft\function\hud\enhancedhud_sub\11458_sub\
	    New File  		    2207	0.mcfunction
	  New Dir          1	C:\Users\joshp\curseforge\minecraft\Instances\Alive Dev\saves\Desire Paths\datapacks\gstools\data\minecraft\function\hud\enhancedhud_sub\11475_sub\
	    New File  		    2207	0.mcfunction
	  New Dir          1	C:\Users\joshp\curseforge\minecraft\Instances\Alive Dev\saves\Desire Paths\datapacks\gstools\data\minecraft\function\hud\enhancedhud_sub\11492_sub\
	    New File  		    2207	0.mcfunction
	  New Dir          1	C:\Users\joshp\curseforge\minecraft\Instances\Alive Dev\saves\Desire Paths\datapacks\gstools\data\minecraft\function\hud\enhancedhud_sub\11509_sub\
	    New File  		    2207	0.mcfunction
	  New Dir          1	C:\Users\joshp\curseforge\minecraft\Instances\Alive Dev\saves\Desire Paths\datapacks\gstools\data\minecraft\function\hud\enhancedhud_sub\11526_sub\
	    New File  		    2207	0.mcfunction
	  New Dir          1	C:\Users\joshp\curseforge\minecraft\Instances\Alive Dev\saves\Desire Paths\datapacks\gstools\data\minecraft\function\hud\enhancedhud_sub\11543_sub\
	    New File  		    2207	0.mcfunction
	  New Dir          1	C:\Users\joshp\curseforge\minecraft\Instances\Alive Dev\saves\Desire Paths\datapacks\gstools\data\minecraft\function\hud\enhancedhud_sub\11560_sub\
	    New File  		    2207	0.mcfunction
	  New Dir          1	C:\Users\joshp\curseforge\minecraft\Instances\Alive Dev\saves\Desire Paths\datapacks\gstools\data\minecraft\function\hud\enhancedhud_sub\1156_sub\
	    New File  		    2207	0.mcfunction
	  New Dir          1	C:\Users\joshp\curseforge\minecraft\Instances\Alive Dev\saves\Desire Paths\datapacks\gstools\data\minecraft\function\hud\enhancedhud_sub\11577_sub\
	    New File  		    2207	0.mcfunction
	  New Dir          1	C:\Users\joshp\curseforge\minecraft\Instances\Alive Dev\saves\Desire Paths\datapacks\gstools\data\minecraft\function\hud\enhancedhud_sub\11594_sub\
	    New File  		    2207	0.mcfunction
	  New Dir          1	C:\Users\joshp\curseforge\minecraft\Instances\Alive Dev\saves\Desire Paths\datapacks\gstools\data\minecraft\function\hud\enhancedhud_sub\11611_sub\
	    New File  		    2207	0.mcfunction
	  New Dir          1	C:\Users\joshp\curseforge\minecraft\Instances\Alive Dev\saves\Desire Paths\datapacks\gstools\data\minecraft\function\hud\enhancedhud_sub\11628_sub\
	    New File  		    2207	0.mcfunction
	  New Dir          1	C:\Users\joshp\curseforge\minecraft\Instances\Alive Dev\saves\Desire Paths\datapacks\gstools\data\minecraft\function\hud\enhancedhud_sub\11645_sub\
	    New File  		    2207	0.mcfunction
	  New Dir          1	C:\Users\joshp\curseforge\minecraft\Instances\Alive Dev\saves\Desire Paths\datapacks\gstools\data\minecraft\function\hud\enhancedhud_sub\11662_sub\
	    New File  		    2207	0.mcfunction
	  New Dir          1	C:\Users\joshp\curseforge\minecraft\Instances\Alive Dev\saves\Desire Paths\datapacks\gstools\data\minecraft\function\hud\enhancedhud_sub\11679_sub\
	    New File  		    2207	0.mcfunction
	  New Dir          1	C:\Users\joshp\curseforge\minecraft\Instances\Alive Dev\saves\Desire Paths\datapacks\gstools\data\minecraft\function\hud\enhancedhud_sub\11696_sub\
	    New File  		    2207	0.mcfunction
	  New Dir          1	C:\Users\joshp\curseforge\minecraft\Instances\Alive Dev\saves\Desire Paths\datapacks\gstools\data\minecraft\function\hud\enhancedhud_sub\11713_sub\
	    New File  		    2207	0.mcfunction
	  New Dir          1	C:\Users\joshp\curseforge\minecraft\Instances\Alive Dev\saves\Desire Paths\datapacks\gstools\data\minecraft\function\hud\enhancedhud_sub\11730_sub\
	    New File  		    2207	0.mcfunction
	  New Dir          1	C:\Users\joshp\curseforge\minecraft\Instances\Alive Dev\saves\Desire Paths\datapacks\gstools\data\minecraft\function\hud\enhancedhud_sub\1173_sub\
	    New File  		    2207	0.mcfunction
	  New Dir          1	C:\Users\joshp\curseforge\minecraft\Instances\Alive Dev\saves\Desire Paths\datapacks\gstools\data\minecraft\function\hud\enhancedhud_sub\11747_sub\
	    New File  		    2207	0.mcfunction
	  New Dir          1	C:\Users\joshp\curseforge\minecraft\Instances\Alive Dev\saves\Desire Paths\datapacks\gstools\data\minecraft\function\hud\enhancedhud_sub\11764_sub\
	    New File  		    2207	0.mcfunction
	  New Dir          1	C:\Users\joshp\curseforge\minecraft\Instances\Alive Dev\saves\Desire Paths\datapacks\gstools\data\minecraft\function\hud\enhancedhud_sub\11781_sub\
	    New File  		    2207	0.mcfunction
	  New Dir          1	C:\Users\joshp\curseforge\minecraft\Instances\Alive Dev\saves\Desire Paths\datapacks\gstools\data\minecraft\function\hud\enhancedhud_sub\11798_sub\
	    New File  		    2207	0.mcfunction
	  New Dir          1	C:\Users\joshp\curseforge\minecraft\Instances\Alive Dev\saves\Desire Paths\datapacks\gstools\data\minecraft\function\hud\enhancedhud_sub\11815_sub\
	    New File  		    2207	0.mcfunction
	  New Dir          1	C:\Users\joshp\curseforge\minecraft\Instances\Alive Dev\saves\Desire Paths\datapacks\gstools\data\minecraft\function\hud\enhancedhud_sub\11832_sub\
	    New File  		    2207	0.mcfunction
	  New Dir          1	C:\Users\joshp\curseforge\minecraft\Instances\Alive Dev\saves\Desire Paths\datapacks\gstools\data\minecraft\function\hud\enhancedhud_sub\11849_sub\
	    New File  		    2207	0.mcfunction
	  New Dir          1	C:\Users\joshp\curseforge\minecraft\Instances\Alive Dev\saves\Desire Paths\datapacks\gstools\data\minecraft\function\hud\enhancedhud_sub\11866_sub\
	    New File  		    2207	0.mcfunction
	  New Dir          1	C:\Users\joshp\curseforge\minecraft\Instances\Alive Dev\saves\Desire Paths\datapacks\gstools\data\minecraft\function\hud\enhancedhud_sub\11883_sub\
	    New File  		    2207	0.mcfunction
	  New Dir          1	C:\Users\joshp\curseforge\minecraft\Instances\Alive Dev\saves\Desire Paths\datapacks\gstools\data\minecraft\function\hud\enhancedhud_sub\11900_sub\
	    New File  		    2207	0.mcfunction
	  New Dir          1	C:\Users\joshp\curseforge\minecraft\Instances\Alive Dev\saves\Desire Paths\datapacks\gstools\data\minecraft\function\hud\enhancedhud_sub\1190_sub\
	    New File  		    2207	0.mcfunction
	  New Dir          1	C:\Users\joshp\curseforge\minecraft\Instances\Alive Dev\saves\Desire Paths\datapacks\gstools\data\minecraft\function\hud\enhancedhud_sub\11917_sub\
	    New File  		    2207	0.mcfunction
	  New Dir          1	C:\Users\joshp\curseforge\minecraft\Instances\Alive Dev\saves\Desire Paths\datapacks\gstools\data\minecraft\function\hud\enhancedhud_sub\11934_sub\
	    New File  		    2207	0.mcfunction
	  New Dir          1	C:\Users\joshp\curseforge\minecraft\Instances\Alive Dev\saves\Desire Paths\datapacks\gstools\data\minecraft\function\hud\enhancedhud_sub\11951_sub\
	    New File  		    2207	0.mcfunction
	  New Dir          1	C:\Users\joshp\curseforge\minecraft\Instances\Alive Dev\saves\Desire Paths\datapacks\gstools\data\minecraft\function\hud\enhancedhud_sub\11968_sub\
	    New File  		    2207	0.mcfunction
	  New Dir          1	C:\Users\joshp\curseforge\minecraft\Instances\Alive Dev\saves\Desire Paths\datapacks\gstools\data\minecraft\function\hud\enhancedhud_sub\11985_sub\
	    New File  		    2207	0.mcfunction
	  New Dir          1	C:\Users\joshp\curseforge\minecraft\Instances\Alive Dev\saves\Desire Paths\datapacks\gstools\data\minecraft\function\hud\enhancedhud_sub\119_sub\
	    New File  		    2207	0.mcfunction
	  New Dir          1	C:\Users\joshp\curseforge\minecraft\Instances\Alive Dev\saves\Desire Paths\datapacks\gstools\data\minecraft\function\hud\enhancedhud_sub\12002_sub\
	    New File  		    2207	0.mcfunction
	  New Dir          1	C:\Users\joshp\curseforge\minecraft\Instances\Alive Dev\saves\Desire Paths\datapacks\gstools\data\minecraft\function\hud\enhancedhud_sub\12019_sub\
	    New File  		    2207	0.mcfunction
	  New Dir          1	C:\Users\joshp\curseforge\minecraft\Instances\Alive Dev\saves\Desire Paths\datapacks\gstools\data\minecraft\function\hud\enhancedhud_sub\12036_sub\
	    New File  		    2207	0.mcfunction
	  New Dir          1	C:\Users\joshp\curseforge\minecraft\Instances\Alive Dev\saves\Desire Paths\datapacks\gstools\data\minecraft\function\hud\enhancedhud_sub\12053_sub\
	    New File  		    2207	0.mcfunction
	  New Dir          1	C:\Users\joshp\curseforge\minecraft\Instances\Alive Dev\saves\Desire Paths\datapacks\gstools\data\minecraft\function\hud\enhancedhud_sub\12070_sub\
	    New File  		    2207	0.mcfunction
	  New Dir          1	C:\Users\joshp\curseforge\minecraft\Instances\Alive Dev\saves\Desire Paths\datapacks\gstools\data\minecraft\function\hud\enhancedhud_sub\1207_sub\
	    New File  		    2207	0.mcfunction
	  New Dir          1	C:\Users\joshp\curseforge\minecraft\Instances\Alive Dev\saves\Desire Paths\datapacks\gstools\data\minecraft\function\hud\enhancedhud_sub\12087_sub\
	    New File  		    2207	0.mcfunction
	  New Dir          1	C:\Users\joshp\curseforge\minecraft\Instances\Alive Dev\saves\Desire Paths\datapacks\gstools\data\minecraft\function\hud\enhancedhud_sub\12104_sub\
	    New File  		    2207	0.mcfunction
	  New Dir          1	C:\Users\joshp\curseforge\minecraft\Instances\Alive Dev\saves\Desire Paths\datapacks\gstools\data\minecraft\function\hud\enhancedhud_sub\12121_sub\
	    New File  		    2207	0.mcfunction
	  New Dir          1	C:\Users\joshp\curseforge\minecraft\Instances\Alive Dev\saves\Desire Paths\datapacks\gstools\data\minecraft\function\hud\enhancedhud_sub\12138_sub\
	    New File  		    2207	0.mcfunction
	  New Dir          1	C:\Users\joshp\curseforge\minecraft\Instances\Alive Dev\saves\Desire Paths\datapacks\gstools\data\minecraft\function\hud\enhancedhud_sub\12155_sub\
	    New File  		    2207	0.mcfunction
	  New Dir          1	C:\Users\joshp\curseforge\minecraft\Instances\Alive Dev\saves\Desire Paths\datapacks\gstools\data\minecraft\function\hud\enhancedhud_sub\12172_sub\
	    New File  		    2207	0.mcfunction
	  New Dir          1	C:\Users\joshp\curseforge\minecraft\Instances\Alive Dev\saves\Desire Paths\datapacks\gstools\data\minecraft\function\hud\enhancedhud_sub\12189_sub\
	    New File  		    2207	0.mcfunction
	  New Dir          1	C:\Users\joshp\curseforge\minecraft\Instances\Alive Dev\saves\Desire Paths\datapacks\gstools\data\minecraft\function\hud\enhancedhud_sub\12206_sub\
	    New File  		    2207	0.mcfunction
	  New Dir          1	C:\Users\joshp\curseforge\minecraft\Instances\Alive Dev\saves\Desire Paths\datapacks\gstools\data\minecraft\function\hud\enhancedhud_sub\12223_sub\
	    New File  		    2207	0.mcfunction
	  New Dir          1	C:\Users\joshp\curseforge\minecraft\Instances\Alive Dev\saves\Desire Paths\datapacks\gstools\data\minecraft\function\hud\enhancedhud_sub\12240_sub\
	    New File  		    2207	0.mcfunction
	  New Dir          1	C:\Users\joshp\curseforge\minecraft\Instances\Alive Dev\saves\Desire Paths\datapacks\gstools\data\minecraft\function\hud\enhancedhud_sub\1224_sub\
	    New File  		    2207	0.mcfunction
	  New Dir          1	C:\Users\joshp\curseforge\minecraft\Instances\Alive Dev\saves\Desire Paths\datapacks\gstools\data\minecraft\function\hud\enhancedhud_sub\12257_sub\
	    New File  		    2207	0.mcfunction
	  New Dir          1	C:\Users\joshp\curseforge\minecraft\Instances\Alive Dev\saves\Desire Paths\datapacks\gstools\data\minecraft\function\hud\enhancedhud_sub\12274_sub\
	    New File  		    2207	0.mcfunction
	  New Dir          1	C:\Users\joshp\curseforge\minecraft\Instances\Alive Dev\saves\Desire Paths\datapacks\gstools\data\minecraft\function\hud\enhancedhud_sub\12291_sub\
	    New File  		    2207	0.mcfunction
	  New Dir          1	C:\Users\joshp\curseforge\minecraft\Instances\Alive Dev\saves\Desire Paths\datapacks\gstools\data\minecraft\function\hud\enhancedhud_sub\12308_sub\
	    New File  		    2207	0.mcfunction
	  New Dir          1	C:\Users\joshp\curseforge\minecraft\Instances\Alive Dev\saves\Desire Paths\datapacks\gstools\data\minecraft\function\hud\enhancedhud_sub\12325_sub\
	    New File  		    2207	0.mcfunction
	  New Dir          1	C:\Users\joshp\curseforge\minecraft\Instances\Alive Dev\saves\Desire Paths\datapacks\gstools\data\minecraft\function\hud\enhancedhud_sub\12342_sub\
	    New File  		    2207	0.mcfunction
	  New Dir          1	C:\Users\joshp\curseforge\minecraft\Instances\Alive Dev\saves\Desire Paths\datapacks\gstools\data\minecraft\function\hud\enhancedhud_sub\12359_sub\
	    New File  		    2207	0.mcfunction
	  New Dir          1	C:\Users\joshp\curseforge\minecraft\Instances\Alive Dev\saves\Desire Paths\datapacks\gstools\data\minecraft\function\hud\enhancedhud_sub\12376_sub\
	    New File  		    2207	0.mcfunction
	  New Dir          1	C:\Users\joshp\curseforge\minecraft\Instances\Alive Dev\saves\Desire Paths\datapacks\gstools\data\minecraft\function\hud\enhancedhud_sub\12393_sub\
	    New File  		    2207	0.mcfunction
	  New Dir          1	C:\Users\joshp\curseforge\minecraft\Instances\Alive Dev\saves\Desire Paths\datapacks\gstools\data\minecraft\function\hud\enhancedhud_sub\12410_sub\
	    New File  		    2207	0.mcfunction
	  New Dir          1	C:\Users\joshp\curseforge\minecraft\Instances\Alive Dev\saves\Desire Paths\datapacks\gstools\data\minecraft\function\hud\enhancedhud_sub\1241_sub\
	    New File  		    2207	0.mcfunction
	  New Dir          1	C:\Users\joshp\curseforge\minecraft\Instances\Alive Dev\saves\Desire Paths\datapacks\gstools\data\minecraft\function\hud\enhancedhud_sub\12427_sub\
	    New File  		    2207	0.mcfunction
	  New Dir          1	C:\Users\joshp\curseforge\minecraft\Instances\Alive Dev\saves\Desire Paths\datapacks\gstools\data\minecraft\function\hud\enhancedhud_sub\12444_sub\
	    New File  		    2207	0.mcfunction
	  New Dir          1	C:\Users\joshp\curseforge\minecraft\Instances\Alive Dev\saves\Desire Paths\datapacks\gstools\data\minecraft\function\hud\enhancedhud_sub\12461_sub\
	    New File  		    2207	0.mcfunction
	  New Dir          1	C:\Users\joshp\curseforge\minecraft\Instances\Alive Dev\saves\Desire Paths\datapacks\gstools\data\minecraft\function\hud\enhancedhud_sub\12478_sub\
	    New File  		    2207	0.mcfunction
	  New Dir          1	C:\Users\joshp\curseforge\minecraft\Instances\Alive Dev\saves\Desire Paths\datapacks\gstools\data\minecraft\function\hud\enhancedhud_sub\12495_sub\
	    New File  		    2207	0.mcfunction
	  New Dir          1	C:\Users\joshp\curseforge\minecraft\Instances\Alive Dev\saves\Desire Paths\datapacks\gstools\data\minecraft\function\hud\enhancedhud_sub\12512_sub\
	    New File  		    2207	0.mcfunction
	  New Dir          1	C:\Users\joshp\curseforge\minecraft\Instances\Alive Dev\saves\Desire Paths\datapacks\gstools\data\minecraft\function\hud\enhancedhud_sub\12529_sub\
	    New File  		    2207	0.mcfunction
	  New Dir          1	C:\Users\joshp\curseforge\minecraft\Instances\Alive Dev\saves\Desire Paths\datapacks\gstools\data\minecraft\function\hud\enhancedhud_sub\12546_sub\
	    New File  		    2207	0.mcfunction
	  New Dir          1	C:\Users\joshp\curseforge\minecraft\Instances\Alive Dev\saves\Desire Paths\datapacks\gstools\data\minecraft\function\hud\enhancedhud_sub\12563_sub\
	    New File  		    2207	0.mcfunction
	  New Dir          1	C:\Users\joshp\curseforge\minecraft\Instances\Alive Dev\saves\Desire Paths\datapacks\gstools\data\minecraft\function\hud\enhancedhud_sub\12580_sub\
	    New File  		    2207	0.mcfunction
	  New Dir          1	C:\Users\joshp\curseforge\minecraft\Instances\Alive Dev\saves\Desire Paths\datapacks\gstools\data\minecraft\function\hud\enhancedhud_sub\1258_sub\
	    New File  		    2207	0.mcfunction
	  New Dir          1	C:\Users\joshp\curseforge\minecraft\Instances\Alive Dev\saves\Desire Paths\datapacks\gstools\data\minecraft\function\hud\enhancedhud_sub\12597_sub\
	    New File  		    2207	0.mcfunction
	  New Dir          1	C:\Users\joshp\curseforge\minecraft\Instances\Alive Dev\saves\Desire Paths\datapacks\gstools\data\minecraft\function\hud\enhancedhud_sub\12614_sub\
	    New File  		    2207	0.mcfunction
	  New Dir          1	C:\Users\joshp\curseforge\minecraft\Instances\Alive Dev\saves\Desire Paths\datapacks\gstools\data\minecraft\function\hud\enhancedhud_sub\12631_sub\
	    New File  		    2207	0.mcfunction
	  New Dir          1	C:\Users\joshp\curseforge\minecraft\Instances\Alive Dev\saves\Desire Paths\datapacks\gstools\data\minecraft\function\hud\enhancedhud_sub\12648_sub\
	    New File  		    2207	0.mcfunction
	  New Dir          1	C:\Users\joshp\curseforge\minecraft\Instances\Alive Dev\saves\Desire Paths\datapacks\gstools\data\minecraft\function\hud\enhancedhud_sub\12665_sub\
	    New File  		    2207	0.mcfunction
	  New Dir          1	C:\Users\joshp\curseforge\minecraft\Instances\Alive Dev\saves\Desire Paths\datapacks\gstools\data\minecraft\function\hud\enhancedhud_sub\12682_sub\
	    New File  		    2207	0.mcfunction
	  New Dir          1	C:\Users\joshp\curseforge\minecraft\Instances\Alive Dev\saves\Desire Paths\datapacks\gstools\data\minecraft\function\hud\enhancedhud_sub\12699_sub\
	    New File  		    2207	0.mcfunction
	  New Dir          1	C:\Users\joshp\curseforge\minecraft\Instances\Alive Dev\saves\Desire Paths\datapacks\gstools\data\minecraft\function\hud\enhancedhud_sub\12716_sub\
	    New File  		    2207	0.mcfunction
	  New Dir          1	C:\Users\joshp\curseforge\minecraft\Instances\Alive Dev\saves\Desire Paths\datapacks\gstools\data\minecraft\function\hud\enhancedhud_sub\12733_sub\
	    New File  		    2207	0.mcfunction
	  New Dir          1	C:\Users\joshp\curseforge\minecraft\Instances\Alive Dev\saves\Desire Paths\datapacks\gstools\data\minecraft\function\hud\enhancedhud_sub\12750_sub\
	    New File  		    2207	0.mcfunction
	  New Dir          1	C:\Users\joshp\curseforge\minecraft\Instances\Alive Dev\saves\Desire Paths\datapacks\gstools\data\minecraft\function\hud\enhancedhud_sub\1275_sub\
	    New File  		    2207	0.mcfunction
	  New Dir          1	C:\Users\joshp\curseforge\minecraft\Instances\Alive Dev\saves\Desire Paths\datapacks\gstools\data\minecraft\function\hud\enhancedhud_sub\12767_sub\
	    New File  		    2207	0.mcfunction
	  New Dir          1	C:\Users\joshp\curseforge\minecraft\Instances\Alive Dev\saves\Desire Paths\datapacks\gstools\data\minecraft\function\hud\enhancedhud_sub\12784_sub\
	    New File  		    2207	0.mcfunction
	  New Dir          1	C:\Users\joshp\curseforge\minecraft\Instances\Alive Dev\saves\Desire Paths\datapacks\gstools\data\minecraft\function\hud\enhancedhud_sub\12801_sub\
	    New File  		    2207	0.mcfunction
	  New Dir          1	C:\Users\joshp\curseforge\minecraft\Instances\Alive Dev\saves\Desire Paths\datapacks\gstools\data\minecraft\function\hud\enhancedhud_sub\12818_sub\
	    New File  		    2207	0.mcfunction
	  New Dir          1	C:\Users\joshp\curseforge\minecraft\Instances\Alive Dev\saves\Desire Paths\datapacks\gstools\data\minecraft\function\hud\enhancedhud_sub\12835_sub\
	    New File  		    2207	0.mcfunction
	  New Dir          1	C:\Users\joshp\curseforge\minecraft\Instances\Alive Dev\saves\Desire Paths\datapacks\gstools\data\minecraft\function\hud\enhancedhud_sub\12852_sub\
	    New File  		    2207	0.mcfunction
	  New Dir          1	C:\Users\joshp\curseforge\minecraft\Instances\Alive Dev\saves\Desire Paths\datapacks\gstools\data\minecraft\function\hud\enhancedhud_sub\12869_sub\
	    New File  		    2207	0.mcfunction
	  New Dir          1	C:\Users\joshp\curseforge\minecraft\Instances\Alive Dev\saves\Desire Paths\datapacks\gstools\data\minecraft\function\hud\enhancedhud_sub\12886_sub\
	    New File  		    2207	0.mcfunction
	  New Dir          1	C:\Users\joshp\curseforge\minecraft\Instances\Alive Dev\saves\Desire Paths\datapacks\gstools\data\minecraft\function\hud\enhancedhud_sub\12903_sub\
	    New File  		    2207	0.mcfunction
	  New Dir          1	C:\Users\joshp\curseforge\minecraft\Instances\Alive Dev\saves\Desire Paths\datapacks\gstools\data\minecraft\function\hud\enhancedhud_sub\12920_sub\
	    New File  		    2207	0.mcfunction
	  New Dir          1	C:\Users\joshp\curseforge\minecraft\Instances\Alive Dev\saves\Desire Paths\datapacks\gstools\data\minecraft\function\hud\enhancedhud_sub\1292_sub\
	    New File  		    2207	0.mcfunction
	  New Dir          1	C:\Users\joshp\curseforge\minecraft\Instances\Alive Dev\saves\Desire Paths\datapacks\gstools\data\minecraft\function\hud\enhancedhud_sub\12937_sub\
	    New File  		    2207	0.mcfunction
	  New Dir          1	C:\Users\joshp\curseforge\minecraft\Instances\Alive Dev\saves\Desire Paths\datapacks\gstools\data\minecraft\function\hud\enhancedhud_sub\12954_sub\
	    New File  		    2207	0.mcfunction
	  New Dir          1	C:\Users\joshp\curseforge\minecraft\Instances\Alive Dev\saves\Desire Paths\datapacks\gstools\data\minecraft\function\hud\enhancedhud_sub\12971_sub\
	    New File  		    2207	0.mcfunction
	  New Dir          1	C:\Users\joshp\curseforge\minecraft\Instances\Alive Dev\saves\Desire Paths\datapacks\gstools\data\minecraft\function\hud\enhancedhud_sub\12988_sub\
	    New File  		    2207	0.mcfunction
	  New Dir          1	C:\Users\joshp\curseforge\minecraft\Instances\Alive Dev\saves\Desire Paths\datapacks\gstools\data\minecraft\function\hud\enhancedhud_sub\13005_sub\
	    New File  		    2207	0.mcfunction
	  New Dir          1	C:\Users\joshp\curseforge\minecraft\Instances\Alive Dev\saves\Desire Paths\datapacks\gstools\data\minecraft\function\hud\enhancedhud_sub\13022_sub\
	    New File  		    2207	0.mcfunction
	  New Dir          1	C:\Users\joshp\curseforge\minecraft\Instances\Alive Dev\saves\Desire Paths\datapacks\gstools\data\minecraft\function\hud\enhancedhud_sub\13039_sub\
	    New File  		    2207	0.mcfunction
	  New Dir          1	C:\Users\joshp\curseforge\minecraft\Instances\Alive Dev\saves\Desire Paths\datapacks\gstools\data\minecraft\function\hud\enhancedhud_sub\13056_sub\
	    New File  		    2207	0.mcfunction
	  New Dir          1	C:\Users\joshp\curseforge\minecraft\Instances\Alive Dev\saves\Desire Paths\datapacks\gstools\data\minecraft\function\hud\enhancedhud_sub\13073_sub\
	    New File  		    2207	0.mcfunction
	  New Dir          1	C:\Users\joshp\curseforge\minecraft\Instances\Alive Dev\saves\Desire Paths\datapacks\gstools\data\minecraft\function\hud\enhancedhud_sub\13090_sub\
	    New File  		    2207	0.mcfunction
	  New Dir          1	C:\Users\joshp\curseforge\minecraft\Instances\Alive Dev\saves\Desire Paths\datapacks\gstools\data\minecraft\function\hud\enhancedhud_sub\1309_sub\
	    New File  		    2207	0.mcfunction
	  New Dir          1	C:\Users\joshp\curseforge\minecraft\Instances\Alive Dev\saves\Desire Paths\datapacks\gstools\data\minecraft\function\hud\enhancedhud_sub\13107_sub\
	    New File  		    2207	0.mcfunction
	  New Dir          1	C:\Users\joshp\curseforge\minecraft\Instances\Alive Dev\saves\Desire Paths\datapacks\gstools\data\minecraft\function\hud\enhancedhud_sub\13124_sub\
	    New File  		    2207	0.mcfunction
	  New Dir          1	C:\Users\joshp\curseforge\minecraft\Instances\Alive Dev\saves\Desire Paths\datapacks\gstools\data\minecraft\function\hud\enhancedhud_sub\13141_sub\
	    New File  		    2207	0.mcfunction
	  New Dir          1	C:\Users\joshp\curseforge\minecraft\Instances\Alive Dev\saves\Desire Paths\datapacks\gstools\data\minecraft\function\hud\enhancedhud_sub\13158_sub\
	    New File  		    2207	0.mcfunction
	  New Dir          1	C:\Users\joshp\curseforge\minecraft\Instances\Alive Dev\saves\Desire Paths\datapacks\gstools\data\minecraft\function\hud\enhancedhud_sub\13175_sub\
	    New File  		    2207	0.mcfunction
	  New Dir          1	C:\Users\joshp\curseforge\minecraft\Instances\Alive Dev\saves\Desire Paths\datapacks\gstools\data\minecraft\function\hud\enhancedhud_sub\13192_sub\
	    New File  		    2207	0.mcfunction
	  New Dir          1	C:\Users\joshp\curseforge\minecraft\Instances\Alive Dev\saves\Desire Paths\datapacks\gstools\data\minecraft\function\hud\enhancedhud_sub\13209_sub\
	    New File  		    2207	0.mcfunction
	  New Dir          1	C:\Users\joshp\curseforge\minecraft\Instances\Alive Dev\saves\Desire Paths\datapacks\gstools\data\minecraft\function\hud\enhancedhud_sub\13226_sub\
	    New File  		    2207	0.mcfunction
	  New Dir          1	C:\Users\joshp\curseforge\minecraft\Instances\Alive Dev\saves\Desire Paths\datapacks\gstools\data\minecraft\function\hud\enhancedhud_sub\13243_sub\
	    New File  		    2207	0.mcfunction
	  New Dir          1	C:\Users\joshp\curseforge\minecraft\Instances\Alive Dev\saves\Desire Paths\datapacks\gstools\data\minecraft\function\hud\enhancedhud_sub\13260_sub\
	    New File  		    2207	0.mcfunction
	  New Dir          1	C:\Users\joshp\curseforge\minecraft\Instances\Alive Dev\saves\Desire Paths\datapacks\gstools\data\minecraft\function\hud\enhancedhud_sub\1326_sub\
	    New File  		    2207	0.mcfunction
	  New Dir          1	C:\Users\joshp\curseforge\minecraft\Instances\Alive Dev\saves\Desire Paths\datapacks\gstools\data\minecraft\function\hud\enhancedhud_sub\13277_sub\
	    New File  		    2207	0.mcfunction
	  New Dir          1	C:\Users\joshp\curseforge\minecraft\Instances\Alive Dev\saves\Desire Paths\datapacks\gstools\data\minecraft\function\hud\enhancedhud_sub\13294_sub\
	    New File  		    2207	0.mcfunction
	  New Dir          1	C:\Users\joshp\curseforge\minecraft\Instances\Alive Dev\saves\Desire Paths\datapacks\gstools\data\minecraft\function\hud\enhancedhud_sub\13311_sub\
	    New File  		    2207	0.mcfunction
	  New Dir          1	C:\Users\joshp\curseforge\minecraft\Instances\Alive Dev\saves\Desire Paths\datapacks\gstools\data\minecraft\function\hud\enhancedhud_sub\13328_sub\
	    New File  		    2207	0.mcfunction
	  New Dir          1	C:\Users\joshp\curseforge\minecraft\Instances\Alive Dev\saves\Desire Paths\datapacks\gstools\data\minecraft\function\hud\enhancedhud_sub\13345_sub\
	    New File  		    2207	0.mcfunction
	  New Dir          1	C:\Users\joshp\curseforge\minecraft\Instances\Alive Dev\saves\Desire Paths\datapacks\gstools\data\minecraft\function\hud\enhancedhud_sub\13362_sub\
	    New File  		    2207	0.mcfunction
	  New Dir          1	C:\Users\joshp\curseforge\minecraft\Instances\Alive Dev\saves\Desire Paths\datapacks\gstools\data\minecraft\function\hud\enhancedhud_sub\13379_sub\
	    New File  		    2207	0.mcfunction
	  New Dir          1	C:\Users\joshp\curseforge\minecraft\Instances\Alive Dev\saves\Desire Paths\datapacks\gstools\data\minecraft\function\hud\enhancedhud_sub\13396_sub\
	    New File  		    2207	0.mcfunction
	  New Dir          1	C:\Users\joshp\curseforge\minecraft\Instances\Alive Dev\saves\Desire Paths\datapacks\gstools\data\minecraft\function\hud\enhancedhud_sub\13413_sub\
	    New File  		    2207	0.mcfunction
	  New Dir          1	C:\Users\joshp\curseforge\minecraft\Instances\Alive Dev\saves\Desire Paths\datapacks\gstools\data\minecraft\function\hud\enhancedhud_sub\13430_sub\
	    New File  		    2207	0.mcfunction
	  New Dir          1	C:\Users\joshp\curseforge\minecraft\Instances\Alive Dev\saves\Desire Paths\datapacks\gstools\data\minecraft\function\hud\enhancedhud_sub\1343_sub\
	    New File  		    2207	0.mcfunction
	  New Dir          1	C:\Users\joshp\curseforge\minecraft\Instances\Alive Dev\saves\Desire Paths\datapacks\gstools\data\minecraft\function\hud\enhancedhud_sub\13447_sub\
	    New File  		    2207	0.mcfunction
	  New Dir          1	C:\Users\joshp\curseforge\minecraft\Instances\Alive Dev\saves\Desire Paths\datapacks\gstools\data\minecraft\function\hud\enhancedhud_sub\13464_sub\
	    New File  		    2207	0.mcfunction
	  New Dir          1	C:\Users\joshp\curseforge\minecraft\Instances\Alive Dev\saves\Desire Paths\datapacks\gstools\data\minecraft\function\hud\enhancedhud_sub\13481_sub\
	    New File  		    2207	0.mcfunction
	  New Dir          1	C:\Users\joshp\curseforge\minecraft\Instances\Alive Dev\saves\Desire Paths\datapacks\gstools\data\minecraft\function\hud\enhancedhud_sub\13498_sub\
	    New File  		    2207	0.mcfunction
	  New Dir          1	C:\Users\joshp\curseforge\minecraft\Instances\Alive Dev\saves\Desire Paths\datapacks\gstools\data\minecraft\function\hud\enhancedhud_sub\13515_sub\
	    New File  		    2207	0.mcfunction
	  New Dir          1	C:\Users\joshp\curseforge\minecraft\Instances\Alive Dev\saves\Desire Paths\datapacks\gstools\data\minecraft\function\hud\enhancedhud_sub\13532_sub\
	    New File  		    2207	0.mcfunction
	  New Dir          1	C:\Users\joshp\curseforge\minecraft\Instances\Alive Dev\saves\Desire Paths\datapacks\gstools\data\minecraft\function\hud\enhancedhud_sub\13549_sub\
	    New File  		    2207	0.mcfunction
	  New Dir          1	C:\Users\joshp\curseforge\minecraft\Instances\Alive Dev\saves\Desire Paths\datapacks\gstools\data\minecraft\function\hud\enhancedhud_sub\13566_sub\
	    New File  		    2207	0.mcfunction
	  New Dir          1	C:\Users\joshp\curseforge\minecraft\Instances\Alive Dev\saves\Desire Paths\datapacks\gstools\data\minecraft\function\hud\enhancedhud_sub\13583_sub\
	    New File  		    2207	0.mcfunction
	  New Dir          1	C:\Users\joshp\curseforge\minecraft\Instances\Alive Dev\saves\Desire Paths\datapacks\gstools\data\minecraft\function\hud\enhancedhud_sub\13600_sub\
	    New File  		    2207	0.mcfunction
	  New Dir          1	C:\Users\joshp\curseforge\minecraft\Instances\Alive Dev\saves\Desire Paths\datapacks\gstools\data\minecraft\function\hud\enhancedhud_sub\1360_sub\
	    New File  		    2207	0.mcfunction
	  New Dir          1	C:\Users\joshp\curseforge\minecraft\Instances\Alive Dev\saves\Desire Paths\datapacks\gstools\data\minecraft\function\hud\enhancedhud_sub\13617_sub\
	    New File  		    2207	0.mcfunction
	  New Dir          1	C:\Users\joshp\curseforge\minecraft\Instances\Alive Dev\saves\Desire Paths\datapacks\gstools\data\minecraft\function\hud\enhancedhud_sub\13634_sub\
	    New File  		    2207	0.mcfunction
	  New Dir          1	C:\Users\joshp\curseforge\minecraft\Instances\Alive Dev\saves\Desire Paths\datapacks\gstools\data\minecraft\function\hud\enhancedhud_sub\13651_sub\
	    New File  		    2207	0.mcfunction
	  New Dir          1	C:\Users\joshp\curseforge\minecraft\Instances\Alive Dev\saves\Desire Paths\datapacks\gstools\data\minecraft\function\hud\enhancedhud_sub\13668_sub\
	    New File  		    2207	0.mcfunction
	  New Dir          1	C:\Users\joshp\curseforge\minecraft\Instances\Alive Dev\saves\Desire Paths\datapacks\gstools\data\minecraft\function\hud\enhancedhud_sub\13685_sub\
	    New File  		    2207	0.mcfunction
	  New Dir          1	C:\Users\joshp\curseforge\minecraft\Instances\Alive Dev\saves\Desire Paths\datapacks\gstools\data\minecraft\function\hud\enhancedhud_sub\136_sub\
	    New File  		    2207	0.mcfunction
	  New Dir          1	C:\Users\joshp\curseforge\minecraft\Instances\Alive Dev\saves\Desire Paths\datapacks\gstools\data\minecraft\function\hud\enhancedhud_sub\13702_sub\
	    New File  		    2207	0.mcfunction
	  New Dir          1	C:\Users\joshp\curseforge\minecraft\Instances\Alive Dev\saves\Desire Paths\datapacks\gstools\data\minecraft\function\hud\enhancedhud_sub\13719_sub\
	    New File  		    2207	0.mcfunction
	  New Dir          1	C:\Users\joshp\curseforge\minecraft\Instances\Alive Dev\saves\Desire Paths\datapacks\gstools\data\minecraft\function\hud\enhancedhud_sub\13736_sub\
	    New File  		    2207	0.mcfunction
	  New Dir          1	C:\Users\joshp\curseforge\minecraft\Instances\Alive Dev\saves\Desire Paths\datapacks\gstools\data\minecraft\function\hud\enhancedhud_sub\13753_sub\
	    New File  		    2207	0.mcfunction
	  New Dir          1	C:\Users\joshp\curseforge\minecraft\Instances\Alive Dev\saves\Desire Paths\datapacks\gstools\data\minecraft\function\hud\enhancedhud_sub\13770_sub\
	    New File  		    2207	0.mcfunction
	  New Dir          1	C:\Users\joshp\curseforge\minecraft\Instances\Alive Dev\saves\Desire Paths\datapacks\gstools\data\minecraft\function\hud\enhancedhud_sub\1377_sub\
	    New File  		    2207	0.mcfunction
	  New Dir          1	C:\Users\joshp\curseforge\minecraft\Instances\Alive Dev\saves\Desire Paths\datapacks\gstools\data\minecraft\function\hud\enhancedhud_sub\13787_sub\
	    New File  		    2207	0.mcfunction
	  New Dir          1	C:\Users\joshp\curseforge\minecraft\Instances\Alive Dev\saves\Desire Paths\datapacks\gstools\data\minecraft\function\hud\enhancedhud_sub\13804_sub\
	    New File  		    2207	0.mcfunction
	  New Dir          1	C:\Users\joshp\curseforge\minecraft\Instances\Alive Dev\saves\Desire Paths\datapacks\gstools\data\minecraft\function\hud\enhancedhud_sub\13821_sub\
	    New File  		    2207	0.mcfunction
	  New Dir          1	C:\Users\joshp\curseforge\minecraft\Instances\Alive Dev\saves\Desire Paths\datapacks\gstools\data\minecraft\function\hud\enhancedhud_sub\13838_sub\
	    New File  		    2207	0.mcfunction
	  New Dir          1	C:\Users\joshp\curseforge\minecraft\Instances\Alive Dev\saves\Desire Paths\datapacks\gstools\data\minecraft\function\hud\enhancedhud_sub\13855_sub\
	    New File  		    2207	0.mcfunction
	  New Dir          1	C:\Users\joshp\curseforge\minecraft\Instances\Alive Dev\saves\Desire Paths\datapacks\gstools\data\minecraft\function\hud\enhancedhud_sub\13872_sub\
	    New File  		    2207	0.mcfunction
	  New Dir          1	C:\Users\joshp\curseforge\minecraft\Instances\Alive Dev\saves\Desire Paths\datapacks\gstools\data\minecraft\function\hud\enhancedhud_sub\13889_sub\
	    New File  		    2207	0.mcfunction
	  New Dir          1	C:\Users\joshp\curseforge\minecraft\Instances\Alive Dev\saves\Desire Paths\datapacks\gstools\data\minecraft\function\hud\enhancedhud_sub\13906_sub\
	    New File  		    2207	0.mcfunction
	  New Dir          1	C:\Users\joshp\curseforge\minecraft\Instances\Alive Dev\saves\Desire Paths\datapacks\gstools\data\minecraft\function\hud\enhancedhud_sub\13923_sub\
	    New File  		    2207	0.mcfunction
	  New Dir          1	C:\Users\joshp\curseforge\minecraft\Instances\Alive Dev\saves\Desire Paths\datapacks\gstools\data\minecraft\function\hud\enhancedhud_sub\13940_sub\
	    New File  		    2207	0.mcfunction
	  New Dir          1	C:\Users\joshp\curseforge\minecraft\Instances\Alive Dev\saves\Desire Paths\datapacks\gstools\data\minecraft\function\hud\enhancedhud_sub\1394_sub\
	    New File  		    2207	0.mcfunction
	  New Dir          1	C:\Users\joshp\curseforge\minecraft\Instances\Alive Dev\saves\Desire Paths\datapacks\gstools\data\minecraft\function\hud\enhancedhud_sub\13957_sub\
	    New File  		    2207	0.mcfunction
	  New Dir          1	C:\Users\joshp\curseforge\minecraft\Instances\Alive Dev\saves\Desire Paths\datapacks\gstools\data\minecraft\function\hud\enhancedhud_sub\13974_sub\
	    New File  		    2207	0.mcfunction
	  New Dir          1	C:\Users\joshp\curseforge\minecraft\Instances\Alive Dev\saves\Desire Paths\datapacks\gstools\data\minecraft\function\hud\enhancedhud_sub\13991_sub\
	    New File  		    2207	0.mcfunction
	  New Dir          1	C:\Users\joshp\curseforge\minecraft\Instances\Alive Dev\saves\Desire Paths\datapacks\gstools\data\minecraft\function\hud\enhancedhud_sub\14008_sub\
	    New File  		    2207	0.mcfunction
	  New Dir          1	C:\Users\joshp\curseforge\minecraft\Instances\Alive Dev\saves\Desire Paths\datapacks\gstools\data\minecraft\function\hud\enhancedhud_sub\14025_sub\
	    New File  		    2207	0.mcfunction
	  New Dir          1	C:\Users\joshp\curseforge\minecraft\Instances\Alive Dev\saves\Desire Paths\datapacks\gstools\data\minecraft\function\hud\enhancedhud_sub\14042_sub\
	    New File  		    2207	0.mcfunction
	  New Dir          1	C:\Users\joshp\curseforge\minecraft\Instances\Alive Dev\saves\Desire Paths\datapacks\gstools\data\minecraft\function\hud\enhancedhud_sub\14059_sub\
	    New File  		    2207	0.mcfunction
	  New Dir          1	C:\Users\joshp\curseforge\minecraft\Instances\Alive Dev\saves\Desire Paths\datapacks\gstools\data\minecraft\function\hud\enhancedhud_sub\14076_sub\
	    New File  		    2207	0.mcfunction
	  New Dir          1	C:\Users\joshp\curseforge\minecraft\Instances\Alive Dev\saves\Desire Paths\datapacks\gstools\data\minecraft\function\hud\enhancedhud_sub\14093_sub\
	    New File  		    2207	0.mcfunction
	  New Dir          1	C:\Users\joshp\curseforge\minecraft\Instances\Alive Dev\saves\Desire Paths\datapacks\gstools\data\minecraft\function\hud\enhancedhud_sub\14110_sub\
	    New File  		    2207	0.mcfunction
	  New Dir          1	C:\Users\joshp\curseforge\minecraft\Instances\Alive Dev\saves\Desire Paths\datapacks\gstools\data\minecraft\function\hud\enhancedhud_sub\1411_sub\
	    New File  		    2207	0.mcfunction
	  New Dir          1	C:\Users\joshp\curseforge\minecraft\Instances\Alive Dev\saves\Desire Paths\datapacks\gstools\data\minecraft\function\hud\enhancedhud_sub\14127_sub\
	    New File  		    2207	0.mcfunction
	  New Dir          1	C:\Users\joshp\curseforge\minecraft\Instances\Alive Dev\saves\Desire Paths\datapacks\gstools\data\minecraft\function\hud\enhancedhud_sub\14144_sub\
	    New File  		    2207	0.mcfunction
	  New Dir          1	C:\Users\joshp\curseforge\minecraft\Instances\Alive Dev\saves\Desire Paths\datapacks\gstools\data\minecraft\function\hud\enhancedhud_sub\14161_sub\
	    New File  		    2207	0.mcfunction
	  New Dir          1	C:\Users\joshp\curseforge\minecraft\Instances\Alive Dev\saves\Desire Paths\datapacks\gstools\data\minecraft\function\hud\enhancedhud_sub\14178_sub\
	    New File  		    2207	0.mcfunction
	  New Dir          1	C:\Users\joshp\curseforge\minecraft\Instances\Alive Dev\saves\Desire Paths\datapacks\gstools\data\minecraft\function\hud\enhancedhud_sub\14195_sub\
	    New File  		    2207	0.mcfunction
	  New Dir          1	C:\Users\joshp\curseforge\minecraft\Instances\Alive Dev\saves\Desire Paths\datapacks\gstools\data\minecraft\function\hud\enhancedhud_sub\14212_sub\
	    New File  		    2207	0.mcfunction
	  New Dir          1	C:\Users\joshp\curseforge\minecraft\Instances\Alive Dev\saves\Desire Paths\datapacks\gstools\data\minecraft\function\hud\enhancedhud_sub\14229_sub\
	    New File  		    2207	0.mcfunction
	  New Dir          1	C:\Users\joshp\curseforge\minecraft\Instances\Alive Dev\saves\Desire Paths\datapacks\gstools\data\minecraft\function\hud\enhancedhud_sub\14246_sub\
	    New File  		    2207	0.mcfunction
	  New Dir          1	C:\Users\joshp\curseforge\minecraft\Instances\Alive Dev\saves\Desire Paths\datapacks\gstools\data\minecraft\function\hud\enhancedhud_sub\14263_sub\
	    New File  		    2207	0.mcfunction
	  New Dir          1	C:\Users\joshp\curseforge\minecraft\Instances\Alive Dev\saves\Desire Paths\datapacks\gstools\data\minecraft\function\hud\enhancedhud_sub\14280_sub\
	    New File  		    2207	0.mcfunction
	  New Dir          1	C:\Users\joshp\curseforge\minecraft\Instances\Alive Dev\saves\Desire Paths\datapacks\gstools\data\minecraft\function\hud\enhancedhud_sub\1428_sub\
	    New File  		    2207	0.mcfunction
	  New Dir          1	C:\Users\joshp\curseforge\minecraft\Instances\Alive Dev\saves\Desire Paths\datapacks\gstools\data\minecraft\function\hud\enhancedhud_sub\14297_sub\
	    New File  		    2207	0.mcfunction
	  New Dir          1	C:\Users\joshp\curseforge\minecraft\Instances\Alive Dev\saves\Desire Paths\datapacks\gstools\data\minecraft\function\hud\enhancedhud_sub\14314_sub\
	    New File  		    2207	0.mcfunction
	  New Dir          1	C:\Users\joshp\curseforge\minecraft\Instances\Alive Dev\saves\Desire Paths\datapacks\gstools\data\minecraft\function\hud\enhancedhud_sub\14331_sub\
	    New File  		    2207	0.mcfunction
	  New Dir          1	C:\Users\joshp\curseforge\minecraft\Instances\Alive Dev\saves\Desire Paths\datapacks\gstools\data\minecraft\function\hud\enhancedhud_sub\14348_sub\
	    New File  		    2207	0.mcfunction
	  New Dir          1	C:\Users\joshp\curseforge\minecraft\Instances\Alive Dev\saves\Desire Paths\datapacks\gstools\data\minecraft\function\hud\enhancedhud_sub\14365_sub\
	    New File  		    2207	0.mcfunction
	  New Dir          1	C:\Users\joshp\curseforge\minecraft\Instances\Alive Dev\saves\Desire Paths\datapacks\gstools\data\minecraft\function\hud\enhancedhud_sub\14382_sub\
	    New File  		    2207	0.mcfunction
	  New Dir          1	C:\Users\joshp\curseforge\minecraft\Instances\Alive Dev\saves\Desire Paths\datapacks\gstools\data\minecraft\function\hud\enhancedhud_sub\14399_sub\
	    New File  		    2207	0.mcfunction
	  New Dir          1	C:\Users\joshp\curseforge\minecraft\Instances\Alive Dev\saves\Desire Paths\datapacks\gstools\data\minecraft\function\hud\enhancedhud_sub\14416_sub\
	    New File  		    2207	0.mcfunction
	  New Dir          1	C:\Users\joshp\curseforge\minecraft\Instances\Alive Dev\saves\Desire Paths\datapacks\gstools\data\minecraft\function\hud\enhancedhud_sub\14433_sub\
	    New File  		    2207	0.mcfunction
	  New Dir          1	C:\Users\joshp\curseforge\minecraft\Instances\Alive Dev\saves\Desire Paths\datapacks\gstools\data\minecraft\function\hud\enhancedhud_sub\14450_sub\
	    New File  		    2207	0.mcfunction
	  New Dir          1	C:\Users\joshp\curseforge\minecraft\Instances\Alive Dev\saves\Desire Paths\datapacks\gstools\data\minecraft\function\hud\enhancedhud_sub\1445_sub\
	    New File  		    2207	0.mcfunction
	  New Dir          1	C:\Users\joshp\curseforge\minecraft\Instances\Alive Dev\saves\Desire Paths\datapacks\gstools\data\minecraft\function\hud\enhancedhud_sub\14467_sub\
	    New File  		    2207	0.mcfunction
	  New Dir          1	C:\Users\joshp\curseforge\minecraft\Instances\Alive Dev\saves\Desire Paths\datapacks\gstools\data\minecraft\function\hud\enhancedhud_sub\14484_sub\
	    New File  		    2207	0.mcfunction
	  New Dir          1	C:\Users\joshp\curseforge\minecraft\Instances\Alive Dev\saves\Desire Paths\datapacks\gstools\data\minecraft\function\hud\enhancedhud_sub\14501_sub\
	    New File  		    2207	0.mcfunction
	  New Dir          1	C:\Users\joshp\curseforge\minecraft\Instances\Alive Dev\saves\Desire Paths\datapacks\gstools\data\minecraft\function\hud\enhancedhud_sub\14518_sub\
	    New File  		    2207	0.mcfunction
	  New Dir          1	C:\Users\joshp\curseforge\minecraft\Instances\Alive Dev\saves\Desire Paths\datapacks\gstools\data\minecraft\function\hud\enhancedhud_sub\14535_sub\
	    New File  		    2207	0.mcfunction
	  New Dir          1	C:\Users\joshp\curseforge\minecraft\Instances\Alive Dev\saves\Desire Paths\datapacks\gstools\data\minecraft\function\hud\enhancedhud_sub\14552_sub\
	    New File  		    2207	0.mcfunction
	  New Dir          1	C:\Users\joshp\curseforge\minecraft\Instances\Alive Dev\saves\Desire Paths\datapacks\gstools\data\minecraft\function\hud\enhancedhud_sub\14569_sub\
	    New File  		    2207	0.mcfunction
	  New Dir          1	C:\Users\joshp\curseforge\minecraft\Instances\Alive Dev\saves\Desire Paths\datapacks\gstools\data\minecraft\function\hud\enhancedhud_sub\14586_sub\
	    New File  		    2207	0.mcfunction
	  New Dir          1	C:\Users\joshp\curseforge\minecraft\Instances\Alive Dev\saves\Desire Paths\datapacks\gstools\data\minecraft\function\hud\enhancedhud_sub\14603_sub\
	    New File  		    2207	0.mcfunction
	  New Dir          1	C:\Users\joshp\curseforge\minecraft\Instances\Alive Dev\saves\Desire Paths\datapacks\gstools\data\minecraft\function\hud\enhancedhud_sub\14620_sub\
	    New File  		    2207	0.mcfunction
	  New Dir          1	C:\Users\joshp\curseforge\minecraft\Instances\Alive Dev\saves\Desire Paths\datapacks\gstools\data\minecraft\function\hud\enhancedhud_sub\1462_sub\
	    New File  		    2207	0.mcfunction
	  New Dir          1	C:\Users\joshp\curseforge\minecraft\Instances\Alive Dev\saves\Desire Paths\datapacks\gstools\data\minecraft\function\hud\enhancedhud_sub\14637_sub\
	    New File  		    2207	0.mcfunction
	  New Dir          1	C:\Users\joshp\curseforge\minecraft\Instances\Alive Dev\saves\Desire Paths\datapacks\gstools\data\minecraft\function\hud\enhancedhud_sub\14654_sub\
	    New File  		    2207	0.mcfunction
	  New Dir          1	C:\Users\joshp\curseforge\minecraft\Instances\Alive Dev\saves\Desire Paths\datapacks\gstools\data\minecraft\function\hud\enhancedhud_sub\14671_sub\
	    New File  		    2207	0.mcfunction
	  New Dir          1	C:\Users\joshp\curseforge\minecraft\Instances\Alive Dev\saves\Desire Paths\datapacks\gstools\data\minecraft\function\hud\enhancedhud_sub\14688_sub\
	    New File  		    2207	0.mcfunction
	  New Dir          1	C:\Users\joshp\curseforge\minecraft\Instances\Alive Dev\saves\Desire Paths\datapacks\gstools\data\minecraft\function\hud\enhancedhud_sub\14705_sub\
	    New File  		    2207	0.mcfunction
	  New Dir          1	C:\Users\joshp\curseforge\minecraft\Instances\Alive Dev\saves\Desire Paths\datapacks\gstools\data\minecraft\function\hud\enhancedhud_sub\14722_sub\
	    New File  		    2207	0.mcfunction
	  New Dir          1	C:\Users\joshp\curseforge\minecraft\Instances\Alive Dev\saves\Desire Paths\datapacks\gstools\data\minecraft\function\hud\enhancedhud_sub\14739_sub\
	    New File  		    2207	0.mcfunction
	  New Dir          1	C:\Users\joshp\curseforge\minecraft\Instances\Alive Dev\saves\Desire Paths\datapacks\gstools\data\minecraft\function\hud\enhancedhud_sub\14756_sub\
	    New File  		    2207	0.mcfunction
	  New Dir          1	C:\Users\joshp\curseforge\minecraft\Instances\Alive Dev\saves\Desire Paths\datapacks\gstools\data\minecraft\function\hud\enhancedhud_sub\14773_sub\
	    New File  		    2207	0.mcfunction
	  New Dir          1	C:\Users\joshp\curseforge\minecraft\Instances\Alive Dev\saves\Desire Paths\datapacks\gstools\data\minecraft\function\hud\enhancedhud_sub\14790_sub\
	    New File  		    2207	0.mcfunction
	  New Dir          1	C:\Users\joshp\curseforge\minecraft\Instances\Alive Dev\saves\Desire Paths\datapacks\gstools\data\minecraft\function\hud\enhancedhud_sub\1479_sub\
	    New File  		    2207	0.mcfunction
	  New Dir          1	C:\Users\joshp\curseforge\minecraft\Instances\Alive Dev\saves\Desire Paths\datapacks\gstools\data\minecraft\function\hud\enhancedhud_sub\14807_sub\
	    New File  		    2207	0.mcfunction
	  New Dir          1	C:\Users\joshp\curseforge\minecraft\Instances\Alive Dev\saves\Desire Paths\datapacks\gstools\data\minecraft\function\hud\enhancedhud_sub\14824_sub\
	    New File  		    2207	0.mcfunction
	  New Dir          1	C:\Users\joshp\curseforge\minecraft\Instances\Alive Dev\saves\Desire Paths\datapacks\gstools\data\minecraft\function\hud\enhancedhud_sub\14841_sub\
	    New File  		    2207	0.mcfunction
	  New Dir          1	C:\Users\joshp\curseforge\minecraft\Instances\Alive Dev\saves\Desire Paths\datapacks\gstools\data\minecraft\function\hud\enhancedhud_sub\14858_sub\
	    New File  		    2207	0.mcfunction
	  New Dir          1	C:\Users\joshp\curseforge\minecraft\Instances\Alive Dev\saves\Desire Paths\datapacks\gstools\data\minecraft\function\hud\enhancedhud_sub\14875_sub\
	    New File  		    2207	0.mcfunction
	  New Dir          1	C:\Users\joshp\curseforge\minecraft\Instances\Alive Dev\saves\Desire Paths\datapacks\gstools\data\minecraft\function\hud\enhancedhud_sub\14892_sub\
	    New File  		    2207	0.mcfunction
	  New Dir          1	C:\Users\joshp\curseforge\minecraft\Instances\Alive Dev\saves\Desire Paths\datapacks\gstools\data\minecraft\function\hud\enhancedhud_sub\14909_sub\
	    New File  		    2207	0.mcfunction
	  New Dir          1	C:\Users\joshp\curseforge\minecraft\Instances\Alive Dev\saves\Desire Paths\datapacks\gstools\data\minecraft\function\hud\enhancedhud_sub\14926_sub\
	    New File  		    2207	0.mcfunction
	  New Dir          1	C:\Users\joshp\curseforge\minecraft\Instances\Alive Dev\saves\Desire Paths\datapacks\gstools\data\minecraft\function\hud\enhancedhud_sub\14943_sub\
	    New File  		    2207	0.mcfunction
	  New Dir          1	C:\Users\joshp\curseforge\minecraft\Instances\Alive Dev\saves\Desire Paths\datapacks\gstools\data\minecraft\function\hud\enhancedhud_sub\14960_sub\
	    New File  		    2207	0.mcfunction
	  New Dir          1	C:\Users\joshp\curseforge\minecraft\Instances\Alive Dev\saves\Desire Paths\datapacks\gstools\data\minecraft\function\hud\enhancedhud_sub\1496_sub\
	    New File  		    2207	0.mcfunction
	  New Dir          1	C:\Users\joshp\curseforge\minecraft\Instances\Alive Dev\saves\Desire Paths\datapacks\gstools\data\minecraft\function\hud\enhancedhud_sub\14977_sub\
	    New File  		    2207	0.mcfunction
	  New Dir          1	C:\Users\joshp\curseforge\minecraft\Instances\Alive Dev\saves\Desire Paths\datapacks\gstools\data\minecraft\function\hud\enhancedhud_sub\14994_sub\
	    New File  		    2207	0.mcfunction
	  New Dir          1	C:\Users\joshp\curseforge\minecraft\Instances\Alive Dev\saves\Desire Paths\datapacks\gstools\data\minecraft\function\hud\enhancedhud_sub\15011_sub\
	    New File  		    2207	0.mcfunction
	  New Dir          1	C:\Users\joshp\curseforge\minecraft\Instances\Alive Dev\saves\Desire Paths\datapacks\gstools\data\minecraft\function\hud\enhancedhud_sub\15028_sub\
	    New File  		    2207	0.mcfunction
	  New Dir          1	C:\Users\joshp\curseforge\minecraft\Instances\Alive Dev\saves\Desire Paths\datapacks\gstools\data\minecraft\function\hud\enhancedhud_sub\15045_sub\
	    New File  		    2207	0.mcfunction
	  New Dir          1	C:\Users\joshp\curseforge\minecraft\Instances\Alive Dev\saves\Desire Paths\datapacks\gstools\data\minecraft\function\hud\enhancedhud_sub\15062_sub\
	    New File  		    2207	0.mcfunction
	  New Dir          1	C:\Users\joshp\curseforge\minecraft\Instances\Alive Dev\saves\Desire Paths\datapacks\gstools\data\minecraft\function\hud\enhancedhud_sub\15079_sub\
	    New File  		    2207	0.mcfunction
	  New Dir          1	C:\Users\joshp\curseforge\minecraft\Instances\Alive Dev\saves\Desire Paths\datapacks\gstools\data\minecraft\function\hud\enhancedhud_sub\15096_sub\
	    New File  		    2207	0.mcfunction
	  New Dir          1	C:\Users\joshp\curseforge\minecraft\Instances\Alive Dev\saves\Desire Paths\datapacks\gstools\data\minecraft\function\hud\enhancedhud_sub\15113_sub\
	    New File  		    2207	0.mcfunction
	  New Dir          1	C:\Users\joshp\curseforge\minecraft\Instances\Alive Dev\saves\Desire Paths\datapacks\gstools\data\minecraft\function\hud\enhancedhud_sub\15130_sub\
	    New File  		    2207	0.mcfunction
	  New Dir          1	C:\Users\joshp\curseforge\minecraft\Instances\Alive Dev\saves\Desire Paths\datapacks\gstools\data\minecraft\function\hud\enhancedhud_sub\1513_sub\
	    New File  		    2207	0.mcfunction
	  New Dir          1	C:\Users\joshp\curseforge\minecraft\Instances\Alive Dev\saves\Desire Paths\datapacks\gstools\data\minecraft\function\hud\enhancedhud_sub\15147_sub\
	    New File  		    2207	0.mcfunction
	  New Dir          1	C:\Users\joshp\curseforge\minecraft\Instances\Alive Dev\saves\Desire Paths\datapacks\gstools\data\minecraft\function\hud\enhancedhud_sub\15164_sub\
	    New File  		    2207	0.mcfunction
	  New Dir          1	C:\Users\joshp\curseforge\minecraft\Instances\Alive Dev\saves\Desire Paths\datapacks\gstools\data\minecraft\function\hud\enhancedhud_sub\15181_sub\
	    New File  		    2207	0.mcfunction
	  New Dir          1	C:\Users\joshp\curseforge\minecraft\Instances\Alive Dev\saves\Desire Paths\datapacks\gstools\data\minecraft\function\hud\enhancedhud_sub\15198_sub\
	    New File  		    2207	0.mcfunction
	  New Dir          1	C:\Users\joshp\curseforge\minecraft\Instances\Alive Dev\saves\Desire Paths\datapacks\gstools\data\minecraft\function\hud\enhancedhud_sub\15215_sub\
	    New File  		    2207	0.mcfunction
	  New Dir          1	C:\Users\joshp\curseforge\minecraft\Instances\Alive Dev\saves\Desire Paths\datapacks\gstools\data\minecraft\function\hud\enhancedhud_sub\15232_sub\
	    New File  		    2207	0.mcfunction
	  New Dir          1	C:\Users\joshp\curseforge\minecraft\Instances\Alive Dev\saves\Desire Paths\datapacks\gstools\data\minecraft\function\hud\enhancedhud_sub\15249_sub\
	    New File  		    2207	0.mcfunction
	  New Dir          1	C:\Users\joshp\curseforge\minecraft\Instances\Alive Dev\saves\Desire Paths\datapacks\gstools\data\minecraft\function\hud\enhancedhud_sub\15266_sub\
	    New File  		    2207	0.mcfunction
	  New Dir          1	C:\Users\joshp\curseforge\minecraft\Instances\Alive Dev\saves\Desire Paths\datapacks\gstools\data\minecraft\function\hud\enhancedhud_sub\15283_sub\
	    New File  		    2207	0.mcfunction
	  New Dir          1	C:\Users\joshp\curseforge\minecraft\Instances\Alive Dev\saves\Desire Paths\datapacks\gstools\data\minecraft\function\hud\enhancedhud_sub\15300_sub\
	    New File  		    2207	0.mcfunction
	  New Dir          1	C:\Users\joshp\curseforge\minecraft\Instances\Alive Dev\saves\Desire Paths\datapacks\gstools\data\minecraft\function\hud\enhancedhud_sub\1530_sub\
	    New File  		    2207	0.mcfunction
	  New Dir          1	C:\Users\joshp\curseforge\minecraft\Instances\Alive Dev\saves\Desire Paths\datapacks\gstools\data\minecraft\function\hud\enhancedhud_sub\15317_sub\
	    New File  		    2207	0.mcfunction
	  New Dir          1	C:\Users\joshp\curseforge\minecraft\Instances\Alive Dev\saves\Desire Paths\datapacks\gstools\data\minecraft\function\hud\enhancedhud_sub\15334_sub\
	    New File  		    2207	0.mcfunction
	  New Dir          1	C:\Users\joshp\curseforge\minecraft\Instances\Alive Dev\saves\Desire Paths\datapacks\gstools\data\minecraft\function\hud\enhancedhud_sub\15351_sub\
	    New File  		    2207	0.mcfunction
	  New Dir          1	C:\Users\joshp\curseforge\minecraft\Instances\Alive Dev\saves\Desire Paths\datapacks\gstools\data\minecraft\function\hud\enhancedhud_sub\15368_sub\
	    New File  		    2207	0.mcfunction
	  New Dir          1	C:\Users\joshp\curseforge\minecraft\Instances\Alive Dev\saves\Desire Paths\datapacks\gstools\data\minecraft\function\hud\enhancedhud_sub\15385_sub\
	    New File  		    2207	0.mcfunction
	  New Dir          1	C:\Users\joshp\curseforge\minecraft\Instances\Alive Dev\saves\Desire Paths\datapacks\gstools\data\minecraft\function\hud\enhancedhud_sub\153_sub\
	    New File  		    2207	0.mcfunction
	  New Dir          1	C:\Users\joshp\curseforge\minecraft\Instances\Alive Dev\saves\Desire Paths\datapacks\gstools\data\minecraft\function\hud\enhancedhud_sub\15402_sub\
	    New File  		    2207	0.mcfunction
	  New Dir          1	C:\Users\joshp\curseforge\minecraft\Instances\Alive Dev\saves\Desire Paths\datapacks\gstools\data\minecraft\function\hud\enhancedhud_sub\15419_sub\
	    New File  		    2207	0.mcfunction
	  New Dir          1	C:\Users\joshp\curseforge\minecraft\Instances\Alive Dev\saves\Desire Paths\datapacks\gstools\data\minecraft\function\hud\enhancedhud_sub\15436_sub\
	    New File  		    2207	0.mcfunction
	  New Dir          1	C:\Users\joshp\curseforge\minecraft\Instances\Alive Dev\saves\Desire Paths\datapacks\gstools\data\minecraft\function\hud\enhancedhud_sub\15453_sub\
	    New File  		    2207	0.mcfunction
	  New Dir          1	C:\Users\joshp\curseforge\minecraft\Instances\Alive Dev\saves\Desire Paths\datapacks\gstools\data\minecraft\function\hud\enhancedhud_sub\15470_sub\
	    New File  		    2207	0.mcfunction
	  New Dir          1	C:\Users\joshp\curseforge\minecraft\Instances\Alive Dev\saves\Desire Paths\datapacks\gstools\data\minecraft\function\hud\enhancedhud_sub\1547_sub\
	    New File  		    2207	0.mcfunction
	  New Dir          1	C:\Users\joshp\curseforge\minecraft\Instances\Alive Dev\saves\Desire Paths\datapacks\gstools\data\minecraft\function\hud\enhancedhud_sub\15487_sub\
	    New File  		    2207	0.mcfunction
	  New Dir          1	C:\Users\joshp\curseforge\minecraft\Instances\Alive Dev\saves\Desire Paths\datapacks\gstools\data\minecraft\function\hud\enhancedhud_sub\15504_sub\
	    New File  		    2207	0.mcfunction
	  New Dir          1	C:\Users\joshp\curseforge\minecraft\Instances\Alive Dev\saves\Desire Paths\datapacks\gstools\data\minecraft\function\hud\enhancedhud_sub\15521_sub\
	    New File  		    2207	0.mcfunction
	  New Dir          1	C:\Users\joshp\curseforge\minecraft\Instances\Alive Dev\saves\Desire Paths\datapacks\gstools\data\minecraft\function\hud\enhancedhud_sub\15538_sub\
	    New File  		    2207	0.mcfunction
	  New Dir          1	C:\Users\joshp\curseforge\minecraft\Instances\Alive Dev\saves\Desire Paths\datapacks\gstools\data\minecraft\function\hud\enhancedhud_sub\15555_sub\
	    New File  		    2207	0.mcfunction
	  New Dir          1	C:\Users\joshp\curseforge\minecraft\Instances\Alive Dev\saves\Desire Paths\datapacks\gstools\data\minecraft\function\hud\enhancedhud_sub\15572_sub\
	    New File  		    2207	0.mcfunction
	  New Dir          1	C:\Users\joshp\curseforge\minecraft\Instances\Alive Dev\saves\Desire Paths\datapacks\gstools\data\minecraft\function\hud\enhancedhud_sub\15589_sub\
	    New File  		    2207	0.mcfunction
	  New Dir          1	C:\Users\joshp\curseforge\minecraft\Instances\Alive Dev\saves\Desire Paths\datapacks\gstools\data\minecraft\function\hud\enhancedhud_sub\15606_sub\
	    New File  		    2207	0.mcfunction
	  New Dir          1	C:\Users\joshp\curseforge\minecraft\Instances\Alive Dev\saves\Desire Paths\datapacks\gstools\data\minecraft\function\hud\enhancedhud_sub\15623_sub\
	    New File  		    2207	0.mcfunction
	  New Dir          1	C:\Users\joshp\curseforge\minecraft\Instances\Alive Dev\saves\Desire Paths\datapacks\gstools\data\minecraft\function\hud\enhancedhud_sub\15640_sub\
	    New File  		    2207	0.mcfunction
	  New Dir          1	C:\Users\joshp\curseforge\minecraft\Instances\Alive Dev\saves\Desire Paths\datapacks\gstools\data\minecraft\function\hud\enhancedhud_sub\1564_sub\
	    New File  		    2207	0.mcfunction
	  New Dir          1	C:\Users\joshp\curseforge\minecraft\Instances\Alive Dev\saves\Desire Paths\datapacks\gstools\data\minecraft\function\hud\enhancedhud_sub\15657_sub\
	    New File  		    2207	0.mcfunction
	  New Dir          1	C:\Users\joshp\curseforge\minecraft\Instances\Alive Dev\saves\Desire Paths\datapacks\gstools\data\minecraft\function\hud\enhancedhud_sub\15674_sub\
	    New File  		    2207	0.mcfunction
	  New Dir          1	C:\Users\joshp\curseforge\minecraft\Instances\Alive Dev\saves\Desire Paths\datapacks\gstools\data\minecraft\function\hud\enhancedhud_sub\15691_sub\
	    New File  		    2207	0.mcfunction
	  New Dir          1	C:\Users\joshp\curseforge\minecraft\Instances\Alive Dev\saves\Desire Paths\datapacks\gstools\data\minecraft\function\hud\enhancedhud_sub\15708_sub\
	    New File  		    2207	0.mcfunction
	  New Dir          1	C:\Users\joshp\curseforge\minecraft\Instances\Alive Dev\saves\Desire Paths\datapacks\gstools\data\minecraft\function\hud\enhancedhud_sub\15725_sub\
	    New File  		    2207	0.mcfunction
	  New Dir          1	C:\Users\joshp\curseforge\minecraft\Instances\Alive Dev\saves\Desire Paths\datapacks\gstools\data\minecraft\function\hud\enhancedhud_sub\15742_sub\
	    New File  		    2207	0.mcfunction
	  New Dir          1	C:\Users\joshp\curseforge\minecraft\Instances\Alive Dev\saves\Desire Paths\datapacks\gstools\data\minecraft\function\hud\enhancedhud_sub\15759_sub\
	    New File  		    2207	0.mcfunction
	  New Dir          1	C:\Users\joshp\curseforge\minecraft\Instances\Alive Dev\saves\Desire Paths\datapacks\gstools\data\minecraft\function\hud\enhancedhud_sub\15776_sub\
	    New File  		    2207	0.mcfunction
	  New Dir          1	C:\Users\joshp\curseforge\minecraft\Instances\Alive Dev\saves\Desire Paths\datapacks\gstools\data\minecraft\function\hud\enhancedhud_sub\15793_sub\
	    New File  		    2207	0.mcfunction
	  New Dir          1	C:\Users\joshp\curseforge\minecraft\Instances\Alive Dev\saves\Desire Paths\datapacks\gstools\data\minecraft\function\hud\enhancedhud_sub\15810_sub\
	    New File  		    2207	0.mcfunction
	  New Dir          1	C:\Users\joshp\curseforge\minecraft\Instances\Alive Dev\saves\Desire Paths\datapacks\gstools\data\minecraft\function\hud\enhancedhud_sub\1581_sub\
	    New File  		    2207	0.mcfunction
	  New Dir          1	C:\Users\joshp\curseforge\minecraft\Instances\Alive Dev\saves\Desire Paths\datapacks\gstools\data\minecraft\function\hud\enhancedhud_sub\15827_sub\
	    New File  		    2207	0.mcfunction
	  New Dir          1	C:\Users\joshp\curseforge\minecraft\Instances\Alive Dev\saves\Desire Paths\datapacks\gstools\data\minecraft\function\hud\enhancedhud_sub\15844_sub\
	    New File  		    2207	0.mcfunction
	  New Dir          1	C:\Users\joshp\curseforge\minecraft\Instances\Alive Dev\saves\Desire Paths\datapacks\gstools\data\minecraft\function\hud\enhancedhud_sub\15861_sub\
	    New File  		    2207	0.mcfunction
	  New Dir          1	C:\Users\joshp\curseforge\minecraft\Instances\Alive Dev\saves\Desire Paths\datapacks\gstools\data\minecraft\function\hud\enhancedhud_sub\15878_sub\
	    New File  		    2207	0.mcfunction
	  New Dir          1	C:\Users\joshp\curseforge\minecraft\Instances\Alive Dev\saves\Desire Paths\datapacks\gstools\data\minecraft\function\hud\enhancedhud_sub\15895_sub\
	    New File  		    2207	0.mcfunction
	  New Dir          1	C:\Users\joshp\curseforge\minecraft\Instances\Alive Dev\saves\Desire Paths\datapacks\gstools\data\minecraft\function\hud\enhancedhud_sub\15912_sub\
	    New File  		    2207	0.mcfunction
	  New Dir          1	C:\Users\joshp\curseforge\minecraft\Instances\Alive Dev\saves\Desire Paths\datapacks\gstools\data\minecraft\function\hud\enhancedhud_sub\15929_sub\
	    New File  		    2207	0.mcfunction
	  New Dir          1	C:\Users\joshp\curseforge\minecraft\Instances\Alive Dev\saves\Desire Paths\datapacks\gstools\data\minecraft\function\hud\enhancedhud_sub\15946_sub\
	    New File  		    2207	0.mcfunction
	  New Dir          1	C:\Users\joshp\curseforge\minecraft\Instances\Alive Dev\saves\Desire Paths\datapacks\gstools\data\minecraft\function\hud\enhancedhud_sub\15963_sub\
	    New File  		    2207	0.mcfunction
	  New Dir          1	C:\Users\joshp\curseforge\minecraft\Instances\Alive Dev\saves\Desire Paths\datapacks\gstools\data\minecraft\function\hud\enhancedhud_sub\15980_sub\
	    New File  		    2207	0.mcfunction
	  New Dir          1	C:\Users\joshp\curseforge\minecraft\Instances\Alive Dev\saves\Desire Paths\datapacks\gstools\data\minecraft\function\hud\enhancedhud_sub\1598_sub\
	    New File  		    2207	0.mcfunction
	  New Dir          1	C:\Users\joshp\curseforge\minecraft\Instances\Alive Dev\saves\Desire Paths\datapacks\gstools\data\minecraft\function\hud\enhancedhud_sub\15997_sub\
	    New File  		    2207	0.mcfunction
	  New Dir          1	C:\Users\joshp\curseforge\minecraft\Instances\Alive Dev\saves\Desire Paths\datapacks\gstools\data\minecraft\function\hud\enhancedhud_sub\16014_sub\
	    New File  		    2207	0.mcfunction
	  New Dir          1	C:\Users\joshp\curseforge\minecraft\Instances\Alive Dev\saves\Desire Paths\datapacks\gstools\data\minecraft\function\hud\enhancedhud_sub\16031_sub\
	    New File  		    2207	0.mcfunction
	  New Dir          1	C:\Users\joshp\curseforge\minecraft\Instances\Alive Dev\saves\Desire Paths\datapacks\gstools\data\minecraft\function\hud\enhancedhud_sub\16048_sub\
	    New File  		    2207	0.mcfunction
	  New Dir          1	C:\Users\joshp\curseforge\minecraft\Instances\Alive Dev\saves\Desire Paths\datapacks\gstools\data\minecraft\function\hud\enhancedhud_sub\16065_sub\
	    New File  		    2207	0.mcfunction
	  New Dir          1	C:\Users\joshp\curseforge\minecraft\Instances\Alive Dev\saves\Desire Paths\datapacks\gstools\data\minecraft\function\hud\enhancedhud_sub\16082_sub\
	    New File  		    2207	0.mcfunction
	  New Dir          1	C:\Users\joshp\curseforge\minecraft\Instances\Alive Dev\saves\Desire Paths\datapacks\gstools\data\minecraft\function\hud\enhancedhud_sub\16099_sub\
	    New File  		    2207	0.mcfunction
	  New Dir          1	C:\Users\joshp\curseforge\minecraft\Instances\Alive Dev\saves\Desire Paths\datapacks\gstools\data\minecraft\function\hud\enhancedhud_sub\16116_sub\
	    New File  		    2207	0.mcfunction
	  New Dir          1	C:\Users\joshp\curseforge\minecraft\Instances\Alive Dev\saves\Desire Paths\datapacks\gstools\data\minecraft\function\hud\enhancedhud_sub\16133_sub\
	    New File  		    2207	0.mcfunction
	  New Dir          1	C:\Users\joshp\curseforge\minecraft\Instances\Alive Dev\saves\Desire Paths\datapacks\gstools\data\minecraft\function\hud\enhancedhud_sub\16150_sub\
	    New File  		    2207	0.mcfunction
	  New Dir          1	C:\Users\joshp\curseforge\minecraft\Instances\Alive Dev\saves\Desire Paths\datapacks\gstools\data\minecraft\function\hud\enhancedhud_sub\1615_sub\
	    New File  		    2207	0.mcfunction
	  New Dir          1	C:\Users\joshp\curseforge\minecraft\Instances\Alive Dev\saves\Desire Paths\datapacks\gstools\data\minecraft\function\hud\enhancedhud_sub\16167_sub\
	    New File  		    2207	0.mcfunction
	  New Dir          1	C:\Users\joshp\curseforge\minecraft\Instances\Alive Dev\saves\Desire Paths\datapacks\gstools\data\minecraft\function\hud\enhancedhud_sub\16184_sub\
	    New File  		    2207	0.mcfunction
	  New Dir          1	C:\Users\joshp\curseforge\minecraft\Instances\Alive Dev\saves\Desire Paths\datapacks\gstools\data\minecraft\function\hud\enhancedhud_sub\16201_sub\
	    New File  		    2207	0.mcfunction
	  New Dir          1	C:\Users\joshp\curseforge\minecraft\Instances\Alive Dev\saves\Desire Paths\datapacks\gstools\data\minecraft\function\hud\enhancedhud_sub\16218_sub\
	    New File  		    2207	0.mcfunction
	  New Dir          1	C:\Users\joshp\curseforge\minecraft\Instances\Alive Dev\saves\Desire Paths\datapacks\gstools\data\minecraft\function\hud\enhancedhud_sub\16235_sub\
	    New File  		    2207	0.mcfunction
	  New Dir          1	C:\Users\joshp\curseforge\minecraft\Instances\Alive Dev\saves\Desire Paths\datapacks\gstools\data\minecraft\function\hud\enhancedhud_sub\16252_sub\
	    New File  		    2207	0.mcfunction
	  New Dir          1	C:\Users\joshp\curseforge\minecraft\Instances\Alive Dev\saves\Desire Paths\datapacks\gstools\data\minecraft\function\hud\enhancedhud_sub\16269_sub\
	    New File  		    2207	0.mcfunction
	  New Dir          1	C:\Users\joshp\curseforge\minecraft\Instances\Alive Dev\saves\Desire Paths\datapacks\gstools\data\minecraft\function\hud\enhancedhud_sub\16286_sub\
	    New File  		    2207	0.mcfunction
	  New Dir          1	C:\Users\joshp\curseforge\minecraft\Instances\Alive Dev\saves\Desire Paths\datapacks\gstools\data\minecraft\function\hud\enhancedhud_sub\16303_sub\
	    New File  		    2207	0.mcfunction
	  New Dir          1	C:\Users\joshp\curseforge\minecraft\Instances\Alive Dev\saves\Desire Paths\datapacks\gstools\data\minecraft\function\hud\enhancedhud_sub\16320_sub\
	    New File  		    2207	0.mcfunction
	  New Dir          1	C:\Users\joshp\curseforge\minecraft\Instances\Alive Dev\saves\Desire Paths\datapacks\gstools\data\minecraft\function\hud\enhancedhud_sub\1632_sub\
	    New File  		    2207	0.mcfunction
	  New Dir          1	C:\Users\joshp\curseforge\minecraft\Instances\Alive Dev\saves\Desire Paths\datapacks\gstools\data\minecraft\function\hud\enhancedhud_sub\16337_sub\
	    New File  		    2207	0.mcfunction
	  New Dir          1	C:\Users\joshp\curseforge\minecraft\Instances\Alive Dev\saves\Desire Paths\datapacks\gstools\data\minecraft\function\hud\enhancedhud_sub\16354_sub\
	    New File  		    2207	0.mcfunction
	  New Dir          1	C:\Users\joshp\curseforge\minecraft\Instances\Alive Dev\saves\Desire Paths\datapacks\gstools\data\minecraft\function\hud\enhancedhud_sub\16371_sub\
	    New File  		    2207	0.mcfunction
	  New Dir          1	C:\Users\joshp\curseforge\minecraft\Instances\Alive Dev\saves\Desire Paths\datapacks\gstools\data\minecraft\function\hud\enhancedhud_sub\16388_sub\
	    New File  		    2207	0.mcfunction
	  New Dir          1	C:\Users\joshp\curseforge\minecraft\Instances\Alive Dev\saves\Desire Paths\datapacks\gstools\data\minecraft\function\hud\enhancedhud_sub\16405_sub\
	    New File  		    2207	0.mcfunction
	  New Dir          1	C:\Users\joshp\curseforge\minecraft\Instances\Alive Dev\saves\Desire Paths\datapacks\gstools\data\minecraft\function\hud\enhancedhud_sub\16422_sub\
	    New File  		    2207	0.mcfunction
	  New Dir          1	C:\Users\joshp\curseforge\minecraft\Instances\Alive Dev\saves\Desire Paths\datapacks\gstools\data\minecraft\function\hud\enhancedhud_sub\16439_sub\
	    New File  		    2207	0.mcfunction
	  New Dir          1	C:\Users\joshp\curseforge\minecraft\Instances\Alive Dev\saves\Desire Paths\datapacks\gstools\data\minecraft\function\hud\enhancedhud_sub\16456_sub\
	    New File  		    2207	0.mcfunction
	  New Dir          1	C:\Users\joshp\curseforge\minecraft\Instances\Alive Dev\saves\Desire Paths\datapacks\gstools\data\minecraft\function\hud\enhancedhud_sub\16473_sub\
	    New File  		    2207	0.mcfunction
	  New Dir          1	C:\Users\joshp\curseforge\minecraft\Instances\Alive Dev\saves\Desire Paths\datapacks\gstools\data\minecraft\function\hud\enhancedhud_sub\16490_sub\
	    New File  		    2207	0.mcfunction
	  New Dir          1	C:\Users\joshp\curseforge\minecraft\Instances\Alive Dev\saves\Desire Paths\datapacks\gstools\data\minecraft\function\hud\enhancedhud_sub\1649_sub\
	    New File  		    2207	0.mcfunction
	  New Dir          1	C:\Users\joshp\curseforge\minecraft\Instances\Alive Dev\saves\Desire Paths\datapacks\gstools\data\minecraft\function\hud\enhancedhud_sub\16507_sub\
	    New File  		    2207	0.mcfunction
	  New Dir          1	C:\Users\joshp\curseforge\minecraft\Instances\Alive Dev\saves\Desire Paths\datapacks\gstools\data\minecraft\function\hud\enhancedhud_sub\16524_sub\
	    New File  		    2207	0.mcfunction
	  New Dir          1	C:\Users\joshp\curseforge\minecraft\Instances\Alive Dev\saves\Desire Paths\datapacks\gstools\data\minecraft\function\hud\enhancedhud_sub\16541_sub\
	    New File  		    2207	0.mcfunction
	  New Dir          1	C:\Users\joshp\curseforge\minecraft\Instances\Alive Dev\saves\Desire Paths\datapacks\gstools\data\minecraft\function\hud\enhancedhud_sub\16558_sub\
	    New File  		    2207	0.mcfunction
	  New Dir          1	C:\Users\joshp\curseforge\minecraft\Instances\Alive Dev\saves\Desire Paths\datapacks\gstools\data\minecraft\function\hud\enhancedhud_sub\16575_sub\
	    New File  		    2207	0.mcfunction
	  New Dir          1	C:\Users\joshp\curseforge\minecraft\Instances\Alive Dev\saves\Desire Paths\datapacks\gstools\data\minecraft\function\hud\enhancedhud_sub\16592_sub\
	    New File  		    2207	0.mcfunction
	  New Dir          1	C:\Users\joshp\curseforge\minecraft\Instances\Alive Dev\saves\Desire Paths\datapacks\gstools\data\minecraft\function\hud\enhancedhud_sub\16609_sub\
	    New File  		    2207	0.mcfunction
	  New Dir          1	C:\Users\joshp\curseforge\minecraft\Instances\Alive Dev\saves\Desire Paths\datapacks\gstools\data\minecraft\function\hud\enhancedhud_sub\16626_sub\
	    New File  		    2207	0.mcfunction
	  New Dir          1	C:\Users\joshp\curseforge\minecraft\Instances\Alive Dev\saves\Desire Paths\datapacks\gstools\data\minecraft\function\hud\enhancedhud_sub\16643_sub\
	    New File  		    2207	0.mcfunction
	  New Dir          1	C:\Users\joshp\curseforge\minecraft\Instances\Alive Dev\saves\Desire Paths\datapacks\gstools\data\minecraft\function\hud\enhancedhud_sub\16660_sub\
	    New File  		    2207	0.mcfunction
	  New Dir          1	C:\Users\joshp\curseforge\minecraft\Instances\Alive Dev\saves\Desire Paths\datapacks\gstools\data\minecraft\function\hud\enhancedhud_sub\1666_sub\
	    New File  		    2207	0.mcfunction
	  New Dir          1	C:\Users\joshp\curseforge\minecraft\Instances\Alive Dev\saves\Desire Paths\datapacks\gstools\data\minecraft\function\hud\enhancedhud_sub\16677_sub\
	    New File  		    2207	0.mcfunction
	  New Dir          1	C:\Users\joshp\curseforge\minecraft\Instances\Alive Dev\saves\Desire Paths\datapacks\gstools\data\minecraft\function\hud\enhancedhud_sub\16694_sub\
	    New File  		    2207	0.mcfunction
	  New Dir          1	C:\Users\joshp\curseforge\minecraft\Instances\Alive Dev\saves\Desire Paths\datapacks\gstools\data\minecraft\function\hud\enhancedhud_sub\16711_sub\
	    New File  		    2207	0.mcfunction
	  New Dir          1	C:\Users\joshp\curseforge\minecraft\Instances\Alive Dev\saves\Desire Paths\datapacks\gstools\data\minecraft\function\hud\enhancedhud_sub\16728_sub\
	    New File  		    2207	0.mcfunction
	  New Dir          1	C:\Users\joshp\curseforge\minecraft\Instances\Alive Dev\saves\Desire Paths\datapacks\gstools\data\minecraft\function\hud\enhancedhud_sub\16745_sub\
	    New File  		    2207	0.mcfunction
	  New Dir          1	C:\Users\joshp\curseforge\minecraft\Instances\Alive Dev\saves\Desire Paths\datapacks\gstools\data\minecraft\function\hud\enhancedhud_sub\16762_sub\
	    New File  		    2207	0.mcfunction
	  New Dir          1	C:\Users\joshp\curseforge\minecraft\Instances\Alive Dev\saves\Desire Paths\datapacks\gstools\data\minecraft\function\hud\enhancedhud_sub\16779_sub\
	    New File  		    2207	0.mcfunction
	  New Dir          1	C:\Users\joshp\curseforge\minecraft\Instances\Alive Dev\saves\Desire Paths\datapacks\gstools\data\minecraft\function\hud\enhancedhud_sub\16796_sub\
	    New File  		    2207	0.mcfunction
	  New Dir          1	C:\Users\joshp\curseforge\minecraft\Instances\Alive Dev\saves\Desire Paths\datapacks\gstools\data\minecraft\function\hud\enhancedhud_sub\16813_sub\
	    New File  		    2207	0.mcfunction
	  New Dir          1	C:\Users\joshp\curseforge\minecraft\Instances\Alive Dev\saves\Desire Paths\datapacks\gstools\data\minecraft\function\hud\enhancedhud_sub\16830_sub\
	    New File  		    2207	0.mcfunction
	  New Dir          1	C:\Users\joshp\curseforge\minecraft\Instances\Alive Dev\saves\Desire Paths\datapacks\gstools\data\minecraft\function\hud\enhancedhud_sub\1683_sub\
	    New File  		    2207	0.mcfunction
	  New Dir          1	C:\Users\joshp\curseforge\minecraft\Instances\Alive Dev\saves\Desire Paths\datapacks\gstools\data\minecraft\function\hud\enhancedhud_sub\16847_sub\
	    New File  		    2207	0.mcfunction
	  New Dir          1	C:\Users\joshp\curseforge\minecraft\Instances\Alive Dev\saves\Desire Paths\datapacks\gstools\data\minecraft\function\hud\enhancedhud_sub\16864_sub\
	    New File  		    2207	0.mcfunction
	  New Dir          1	C:\Users\joshp\curseforge\minecraft\Instances\Alive Dev\saves\Desire Paths\datapacks\gstools\data\minecraft\function\hud\enhancedhud_sub\16881_sub\
	    New File  		    2207	0.mcfunction
	  New Dir          1	C:\Users\joshp\curseforge\minecraft\Instances\Alive Dev\saves\Desire Paths\datapacks\gstools\data\minecraft\function\hud\enhancedhud_sub\16898_sub\
	    New File  		    2207	0.mcfunction
	  New Dir          1	C:\Users\joshp\curseforge\minecraft\Instances\Alive Dev\saves\Desire Paths\datapacks\gstools\data\minecraft\function\hud\enhancedhud_sub\16915_sub\
	    New File  		    2207	0.mcfunction
	  New Dir          1	C:\Users\joshp\curseforge\minecraft\Instances\Alive Dev\saves\Desire Paths\datapacks\gstools\data\minecraft\function\hud\enhancedhud_sub\16932_sub\
	    New File  		    2207	0.mcfunction
	  New Dir          1	C:\Users\joshp\curseforge\minecraft\Instances\Alive Dev\saves\Desire Paths\datapacks\gstools\data\minecraft\function\hud\enhancedhud_sub\16949_sub\
	    New File  		    2207	0.mcfunction
	  New Dir          1	C:\Users\joshp\curseforge\minecraft\Instances\Alive Dev\saves\Desire Paths\datapacks\gstools\data\minecraft\function\hud\enhancedhud_sub\16966_sub\
	    New File  		    2207	0.mcfunction
	  New Dir          1	C:\Users\joshp\curseforge\minecraft\Instances\Alive Dev\saves\Desire Paths\datapacks\gstools\data\minecraft\function\hud\enhancedhud_sub\16983_sub\
	    New File  		    2207	0.mcfunction
	  New Dir          1	C:\Users\joshp\curseforge\minecraft\Instances\Alive Dev\saves\Desire Paths\datapacks\gstools\data\minecraft\function\hud\enhancedhud_sub\17000_sub\
	    New File  		    2207	0.mcfunction
	  New Dir          1	C:\Users\joshp\curseforge\minecraft\Instances\Alive Dev\saves\Desire Paths\datapacks\gstools\data\minecraft\function\hud\enhancedhud_sub\1700_sub\
	    New File  		    2207	0.mcfunction
	  New Dir          1	C:\Users\joshp\curseforge\minecraft\Instances\Alive Dev\saves\Desire Paths\datapacks\gstools\data\minecraft\function\hud\enhancedhud_sub\17017_sub\
	    New File  		    2207	0.mcfunction
	  New Dir          1	C:\Users\joshp\curseforge\minecraft\Instances\Alive Dev\saves\Desire Paths\datapacks\gstools\data\minecraft\function\hud\enhancedhud_sub\17034_sub\
	    New File  		    2207	0.mcfunction
	  New Dir          1	C:\Users\joshp\curseforge\minecraft\Instances\Alive Dev\saves\Desire Paths\datapacks\gstools\data\minecraft\function\hud\enhancedhud_sub\17051_sub\
	    New File  		    2207	0.mcfunction
	  New Dir          1	C:\Users\joshp\curseforge\minecraft\Instances\Alive Dev\saves\Desire Paths\datapacks\gstools\data\minecraft\function\hud\enhancedhud_sub\17068_sub\
	    New File  		    2207	0.mcfunction
	  New Dir          1	C:\Users\joshp\curseforge\minecraft\Instances\Alive Dev\saves\Desire Paths\datapacks\gstools\data\minecraft\function\hud\enhancedhud_sub\17085_sub\
	    New File  		    2207	0.mcfunction
	  New Dir          1	C:\Users\joshp\curseforge\minecraft\Instances\Alive Dev\saves\Desire Paths\datapacks\gstools\data\minecraft\function\hud\enhancedhud_sub\170_sub\
	    New File  		    2207	0.mcfunction
	  New Dir          1	C:\Users\joshp\curseforge\minecraft\Instances\Alive Dev\saves\Desire Paths\datapacks\gstools\data\minecraft\function\hud\enhancedhud_sub\17102_sub\
	    New File  		    2207	0.mcfunction
	  New Dir          1	C:\Users\joshp\curseforge\minecraft\Instances\Alive Dev\saves\Desire Paths\datapacks\gstools\data\minecraft\function\hud\enhancedhud_sub\17119_sub\
	    New File  		    2207	0.mcfunction
	  New Dir          1	C:\Users\joshp\curseforge\minecraft\Instances\Alive Dev\saves\Desire Paths\datapacks\gstools\data\minecraft\function\hud\enhancedhud_sub\17136_sub\
	    New File  		    2207	0.mcfunction
	  New Dir          1	C:\Users\joshp\curseforge\minecraft\Instances\Alive Dev\saves\Desire Paths\datapacks\gstools\data\minecraft\function\hud\enhancedhud_sub\17153_sub\
	    New File  		    2207	0.mcfunction
	  New Dir          1	C:\Users\joshp\curseforge\minecraft\Instances\Alive Dev\saves\Desire Paths\datapacks\gstools\data\minecraft\function\hud\enhancedhud_sub\17170_sub\
	    New File  		    2207	0.mcfunction
	  New Dir          1	C:\Users\joshp\curseforge\minecraft\Instances\Alive Dev\saves\Desire Paths\datapacks\gstools\data\minecraft\function\hud\enhancedhud_sub\1717_sub\
	    New File  		    2207	0.mcfunction
	  New Dir          1	C:\Users\joshp\curseforge\minecraft\Instances\Alive Dev\saves\Desire Paths\datapacks\gstools\data\minecraft\function\hud\enhancedhud_sub\17187_sub\
	    New File  		    2207	0.mcfunction
	  New Dir          1	C:\Users\joshp\curseforge\minecraft\Instances\Alive Dev\saves\Desire Paths\datapacks\gstools\data\minecraft\function\hud\enhancedhud_sub\17204_sub\
	    New File  		    2207	0.mcfunction
	  New Dir          1	C:\Users\joshp\curseforge\minecraft\Instances\Alive Dev\saves\Desire Paths\datapacks\gstools\data\minecraft\function\hud\enhancedhud_sub\17221_sub\
	    New File  		    2207	0.mcfunction
	  New Dir          1	C:\Users\joshp\curseforge\minecraft\Instances\Alive Dev\saves\Desire Paths\datapacks\gstools\data\minecraft\function\hud\enhancedhud_sub\17238_sub\
	    New File  		    2207	0.mcfunction
	  New Dir          1	C:\Users\joshp\curseforge\minecraft\Instances\Alive Dev\saves\Desire Paths\datapacks\gstools\data\minecraft\function\hud\enhancedhud_sub\17255_sub\
	    New File  		    2207	0.mcfunction
	  New Dir          1	C:\Users\joshp\curseforge\minecraft\Instances\Alive Dev\saves\Desire Paths\datapacks\gstools\data\minecraft\function\hud\enhancedhud_sub\17272_sub\
	    New File  		    2207	0.mcfunction
	  New Dir          1	C:\Users\joshp\curseforge\minecraft\Instances\Alive Dev\saves\Desire Paths\datapacks\gstools\data\minecraft\function\hud\enhancedhud_sub\17289_sub\
	    New File  		    2207	0.mcfunction
	  New Dir          1	C:\Users\joshp\curseforge\minecraft\Instances\Alive Dev\saves\Desire Paths\datapacks\gstools\data\minecraft\function\hud\enhancedhud_sub\17306_sub\
	    New File  		    2207	0.mcfunction
	  New Dir          1	C:\Users\joshp\curseforge\minecraft\Instances\Alive Dev\saves\Desire Paths\datapacks\gstools\data\minecraft\function\hud\enhancedhud_sub\17323_sub\
	    New File  		    2207	0.mcfunction
	  New Dir          1	C:\Users\joshp\curseforge\minecraft\Instances\Alive Dev\saves\Desire Paths\datapacks\gstools\data\minecraft\function\hud\enhancedhud_sub\17340_sub\
	    New File  		    2207	0.mcfunction
	  New Dir          1	C:\Users\joshp\curseforge\minecraft\Instances\Alive Dev\saves\Desire Paths\datapacks\gstools\data\minecraft\function\hud\enhancedhud_sub\1734_sub\
	    New File  		    2207	0.mcfunction
	  New Dir          1	C:\Users\joshp\curseforge\minecraft\Instances\Alive Dev\saves\Desire Paths\datapacks\gstools\data\minecraft\function\hud\enhancedhud_sub\17357_sub\
	    New File  		    2207	0.mcfunction
	  New Dir          1	C:\Users\joshp\curseforge\minecraft\Instances\Alive Dev\saves\Desire Paths\datapacks\gstools\data\minecraft\function\hud\enhancedhud_sub\17374_sub\
	    New File  		    2207	0.mcfunction
	  New Dir          1	C:\Users\joshp\curseforge\minecraft\Instances\Alive Dev\saves\Desire Paths\datapacks\gstools\data\minecraft\function\hud\enhancedhud_sub\17391_sub\
	    New File  		    2207	0.mcfunction
	  New Dir          1	C:\Users\joshp\curseforge\minecraft\Instances\Alive Dev\saves\Desire Paths\datapacks\gstools\data\minecraft\function\hud\enhancedhud_sub\17408_sub\
	    New File  		    2207	0.mcfunction
	  New Dir          1	C:\Users\joshp\curseforge\minecraft\Instances\Alive Dev\saves\Desire Paths\datapacks\gstools\data\minecraft\function\hud\enhancedhud_sub\17425_sub\
	    New File  		    2207	0.mcfunction
	  New Dir          1	C:\Users\joshp\curseforge\minecraft\Instances\Alive Dev\saves\Desire Paths\datapacks\gstools\data\minecraft\function\hud\enhancedhud_sub\17442_sub\
	    New File  		    2207	0.mcfunction
	  New Dir          1	C:\Users\joshp\curseforge\minecraft\Instances\Alive Dev\saves\Desire Paths\datapacks\gstools\data\minecraft\function\hud\enhancedhud_sub\17459_sub\
	    New File  		    2207	0.mcfunction
	  New Dir          1	C:\Users\joshp\curseforge\minecraft\Instances\Alive Dev\saves\Desire Paths\datapacks\gstools\data\minecraft\function\hud\enhancedhud_sub\17476_sub\
	    New File  		    2207	0.mcfunction
	  New Dir          1	C:\Users\joshp\curseforge\minecraft\Instances\Alive Dev\saves\Desire Paths\datapacks\gstools\data\minecraft\function\hud\enhancedhud_sub\17493_sub\
	    New File  		    2207	0.mcfunction
	  New Dir          1	C:\Users\joshp\curseforge\minecraft\Instances\Alive Dev\saves\Desire Paths\datapacks\gstools\data\minecraft\function\hud\enhancedhud_sub\17510_sub\
	    New File  		    2207	0.mcfunction
	  New Dir          1	C:\Users\joshp\curseforge\minecraft\Instances\Alive Dev\saves\Desire Paths\datapacks\gstools\data\minecraft\function\hud\enhancedhud_sub\1751_sub\
	    New File  		    2207	0.mcfunction
	  New Dir          1	C:\Users\joshp\curseforge\minecraft\Instances\Alive Dev\saves\Desire Paths\datapacks\gstools\data\minecraft\function\hud\enhancedhud_sub\17527_sub\
	    New File  		    2207	0.mcfunction
	  New Dir          1	C:\Users\joshp\curseforge\minecraft\Instances\Alive Dev\saves\Desire Paths\datapacks\gstools\data\minecraft\function\hud\enhancedhud_sub\17544_sub\
	    New File  		    2207	0.mcfunction
	  New Dir          1	C:\Users\joshp\curseforge\minecraft\Instances\Alive Dev\saves\Desire Paths\datapacks\gstools\data\minecraft\function\hud\enhancedhud_sub\17561_sub\
	    New File  		    2207	0.mcfunction
	  New Dir          1	C:\Users\joshp\curseforge\minecraft\Instances\Alive Dev\saves\Desire Paths\datapacks\gstools\data\minecraft\function\hud\enhancedhud_sub\17578_sub\
	    New File  		    2207	0.mcfunction
	  New Dir          1	C:\Users\joshp\curseforge\minecraft\Instances\Alive Dev\saves\Desire Paths\datapacks\gstools\data\minecraft\function\hud\enhancedhud_sub\17595_sub\
	    New File  		    2207	0.mcfunction
	  New Dir          1	C:\Users\joshp\curseforge\minecraft\Instances\Alive Dev\saves\Desire Paths\datapacks\gstools\data\minecraft\function\hud\enhancedhud_sub\17612_sub\
	    New File  		    2207	0.mcfunction
	  New Dir          1	C:\Users\joshp\curseforge\minecraft\Instances\Alive Dev\saves\Desire Paths\datapacks\gstools\data\minecraft\function\hud\enhancedhud_sub\17629_sub\
	    New File  		    2207	0.mcfunction
	  New Dir          1	C:\Users\joshp\curseforge\minecraft\Instances\Alive Dev\saves\Desire Paths\datapacks\gstools\data\minecraft\function\hud\enhancedhud_sub\17646_sub\
	    New File  		    2207	0.mcfunction
	  New Dir          1	C:\Users\joshp\curseforge\minecraft\Instances\Alive Dev\saves\Desire Paths\datapacks\gstools\data\minecraft\function\hud\enhancedhud_sub\17663_sub\
	    New File  		    2207	0.mcfunction
	  New Dir          1	C:\Users\joshp\curseforge\minecraft\Instances\Alive Dev\saves\Desire Paths\datapacks\gstools\data\minecraft\function\hud\enhancedhud_sub\17680_sub\
	    New File  		    2207	0.mcfunction
	  New Dir          1	C:\Users\joshp\curseforge\minecraft\Instances\Alive Dev\saves\Desire Paths\datapacks\gstools\data\minecraft\function\hud\enhancedhud_sub\1768_sub\
	    New File  		    2207	0.mcfunction
	  New Dir          1	C:\Users\joshp\curseforge\minecraft\Instances\Alive Dev\saves\Desire Paths\datapacks\gstools\data\minecraft\function\hud\enhancedhud_sub\17697_sub\
	    New File  		    2207	0.mcfunction
	  New Dir          1	C:\Users\joshp\curseforge\minecraft\Instances\Alive Dev\saves\Desire Paths\datapacks\gstools\data\minecraft\function\hud\enhancedhud_sub\17714_sub\
	    New File  		    2207	0.mcfunction
	  New Dir          1	C:\Users\joshp\curseforge\minecraft\Instances\Alive Dev\saves\Desire Paths\datapacks\gstools\data\minecraft\function\hud\enhancedhud_sub\17731_sub\
	    New File  		    2207	0.mcfunction
	  New Dir          1	C:\Users\joshp\curseforge\minecraft\Instances\Alive Dev\saves\Desire Paths\datapacks\gstools\data\minecraft\function\hud\enhancedhud_sub\17748_sub\
	    New File  		    2207	0.mcfunction
	  New Dir          1	C:\Users\joshp\curseforge\minecraft\Instances\Alive Dev\saves\Desire Paths\datapacks\gstools\data\minecraft\function\hud\enhancedhud_sub\17765_sub\
	    New File  		    2207	0.mcfunction
	  New Dir          1	C:\Users\joshp\curseforge\minecraft\Instances\Alive Dev\saves\Desire Paths\datapacks\gstools\data\minecraft\function\hud\enhancedhud_sub\17782_sub\
	    New File  		    2207	0.mcfunction
	  New Dir          1	C:\Users\joshp\curseforge\minecraft\Instances\Alive Dev\saves\Desire Paths\datapacks\gstools\data\minecraft\function\hud\enhancedhud_sub\17799_sub\
	    New File  		    2207	0.mcfunction
	  New Dir          1	C:\Users\joshp\curseforge\minecraft\Instances\Alive Dev\saves\Desire Paths\datapacks\gstools\data\minecraft\function\hud\enhancedhud_sub\17816_sub\
	    New File  		    2207	0.mcfunction
	  New Dir          1	C:\Users\joshp\curseforge\minecraft\Instances\Alive Dev\saves\Desire Paths\datapacks\gstools\data\minecraft\function\hud\enhancedhud_sub\17833_sub\
	    New File  		    2207	0.mcfunction
	  New Dir          1	C:\Users\joshp\curseforge\minecraft\Instances\Alive Dev\saves\Desire Paths\datapacks\gstools\data\minecraft\function\hud\enhancedhud_sub\17850_sub\
	    New File  		    2207	0.mcfunction
	  New Dir          1	C:\Users\joshp\curseforge\minecraft\Instances\Alive Dev\saves\Desire Paths\datapacks\gstools\data\minecraft\function\hud\enhancedhud_sub\1785_sub\
	    New File  		    2207	0.mcfunction
	  New Dir          1	C:\Users\joshp\curseforge\minecraft\Instances\Alive Dev\saves\Desire Paths\datapacks\gstools\data\minecraft\function\hud\enhancedhud_sub\17867_sub\
	    New File  		    2207	0.mcfunction
	  New Dir          1	C:\Users\joshp\curseforge\minecraft\Instances\Alive Dev\saves\Desire Paths\datapacks\gstools\data\minecraft\function\hud\enhancedhud_sub\17884_sub\
	    New File  		    2207	0.mcfunction
	  New Dir          1	C:\Users\joshp\curseforge\minecraft\Instances\Alive Dev\saves\Desire Paths\datapacks\gstools\data\minecraft\function\hud\enhancedhud_sub\17901_sub\
	    New File  		    2207	0.mcfunction
	  New Dir          1	C:\Users\joshp\curseforge\minecraft\Instances\Alive Dev\saves\Desire Paths\datapacks\gstools\data\minecraft\function\hud\enhancedhud_sub\17918_sub\
	    New File  		    2207	0.mcfunction
	  New Dir          1	C:\Users\joshp\curseforge\minecraft\Instances\Alive Dev\saves\Desire Paths\datapacks\gstools\data\minecraft\function\hud\enhancedhud_sub\17935_sub\
	    New File  		    2207	0.mcfunction
	  New Dir          1	C:\Users\joshp\curseforge\minecraft\Instances\Alive Dev\saves\Desire Paths\datapacks\gstools\data\minecraft\function\hud\enhancedhud_sub\17952_sub\
	    New File  		    2207	0.mcfunction
	  New Dir          1	C:\Users\joshp\curseforge\minecraft\Instances\Alive Dev\saves\Desire Paths\datapacks\gstools\data\minecraft\function\hud\enhancedhud_sub\17969_sub\
	    New File  		    2207	0.mcfunction
	  New Dir          1	C:\Users\joshp\curseforge\minecraft\Instances\Alive Dev\saves\Desire Paths\datapacks\gstools\data\minecraft\function\hud\enhancedhud_sub\17986_sub\
	    New File  		    2207	0.mcfunction
	  New Dir          1	C:\Users\joshp\curseforge\minecraft\Instances\Alive Dev\saves\Desire Paths\datapacks\gstools\data\minecraft\function\hud\enhancedhud_sub\17_sub\
	    New File  		    2207	0.mcfunction
	  New Dir          1	C:\Users\joshp\curseforge\minecraft\Instances\Alive Dev\saves\Desire Paths\datapacks\gstools\data\minecraft\function\hud\enhancedhud_sub\18003_sub\
	    New File  		    2207	0.mcfunction
	  New Dir          1	C:\Users\joshp\curseforge\minecraft\Instances\Alive Dev\saves\Desire Paths\datapacks\gstools\data\minecraft\function\hud\enhancedhud_sub\18020_sub\
	    New File  		    2207	0.mcfunction
	  New Dir          1	C:\Users\joshp\curseforge\minecraft\Instances\Alive Dev\saves\Desire Paths\datapacks\gstools\data\minecraft\function\hud\enhancedhud_sub\1802_sub\
	    New File  		    2207	0.mcfunction
	  New Dir          1	C:\Users\joshp\curseforge\minecraft\Instances\Alive Dev\saves\Desire Paths\datapacks\gstools\data\minecraft\function\hud\enhancedhud_sub\18037_sub\
	    New File  		    2207	0.mcfunction
	  New Dir          1	C:\Users\joshp\curseforge\minecraft\Instances\Alive Dev\saves\Desire Paths\datapacks\gstools\data\minecraft\function\hud\enhancedhud_sub\18054_sub\
	    New File  		    2207	0.mcfunction
	  New Dir          1	C:\Users\joshp\curseforge\minecraft\Instances\Alive Dev\saves\Desire Paths\datapacks\gstools\data\minecraft\function\hud\enhancedhud_sub\18071_sub\
	    New File  		    2207	0.mcfunction
	  New Dir          1	C:\Users\joshp\curseforge\minecraft\Instances\Alive Dev\saves\Desire Paths\datapacks\gstools\data\minecraft\function\hud\enhancedhud_sub\18088_sub\
	    New File  		    2207	0.mcfunction
	  New Dir          1	C:\Users\joshp\curseforge\minecraft\Instances\Alive Dev\saves\Desire Paths\datapacks\gstools\data\minecraft\function\hud\enhancedhud_sub\18105_sub\
	    New File  		    2207	0.mcfunction
	  New Dir          1	C:\Users\joshp\curseforge\minecraft\Instances\Alive Dev\saves\Desire Paths\datapacks\gstools\data\minecraft\function\hud\enhancedhud_sub\18122_sub\
	    New File  		    2207	0.mcfunction
	  New Dir          1	C:\Users\joshp\curseforge\minecraft\Instances\Alive Dev\saves\Desire Paths\datapacks\gstools\data\minecraft\function\hud\enhancedhud_sub\18139_sub\
	    New File  		    2207	0.mcfunction
	  New Dir          1	C:\Users\joshp\curseforge\minecraft\Instances\Alive Dev\saves\Desire Paths\datapacks\gstools\data\minecraft\function\hud\enhancedhud_sub\18156_sub\
	    New File  		    2207	0.mcfunction
	  New Dir          1	C:\Users\joshp\curseforge\minecraft\Instances\Alive Dev\saves\Desire Paths\datapacks\gstools\data\minecraft\function\hud\enhancedhud_sub\18173_sub\
	    New File  		    2207	0.mcfunction
	  New Dir          1	C:\Users\joshp\curseforge\minecraft\Instances\Alive Dev\saves\Desire Paths\datapacks\gstools\data\minecraft\function\hud\enhancedhud_sub\18190_sub\
	    New File  		    2207	0.mcfunction
	  New Dir          1	C:\Users\joshp\curseforge\minecraft\Instances\Alive Dev\saves\Desire Paths\datapacks\gstools\data\minecraft\function\hud\enhancedhud_sub\1819_sub\
	    New File  		    2207	0.mcfunction
	  New Dir          1	C:\Users\joshp\curseforge\minecraft\Instances\Alive Dev\saves\Desire Paths\datapacks\gstools\data\minecraft\function\hud\enhancedhud_sub\1836_sub\
	    New File  		    2207	0.mcfunction
	  New Dir          1	C:\Users\joshp\curseforge\minecraft\Instances\Alive Dev\saves\Desire Paths\datapacks\gstools\data\minecraft\function\hud\enhancedhud_sub\1853_sub\
	    New File  		    2207	0.mcfunction
	  New Dir          1	C:\Users\joshp\curseforge\minecraft\Instances\Alive Dev\saves\Desire Paths\datapacks\gstools\data\minecraft\function\hud\enhancedhud_sub\1870_sub\
	    New File  		    2207	0.mcfunction
	  New Dir          1	C:\Users\joshp\curseforge\minecraft\Instances\Alive Dev\saves\Desire Paths\datapacks\gstools\data\minecraft\function\hud\enhancedhud_sub\187_sub\
	    New File  		    2207	0.mcfunction
	  New Dir          1	C:\Users\joshp\curseforge\minecraft\Instances\Alive Dev\saves\Desire Paths\datapacks\gstools\data\minecraft\function\hud\enhancedhud_sub\1887_sub\
	    New File  		    2207	0.mcfunction
	  New Dir          1	C:\Users\joshp\curseforge\minecraft\Instances\Alive Dev\saves\Desire Paths\datapacks\gstools\data\minecraft\function\hud\enhancedhud_sub\1904_sub\
	    New File  		    2207	0.mcfunction
	  New Dir          1	C:\Users\joshp\curseforge\minecraft\Instances\Alive Dev\saves\Desire Paths\datapacks\gstools\data\minecraft\function\hud\enhancedhud_sub\1921_sub\
	    New File  		    2207	0.mcfunction
	  New Dir          1	C:\Users\joshp\curseforge\minecraft\Instances\Alive Dev\saves\Desire Paths\datapacks\gstools\data\minecraft\function\hud\enhancedhud_sub\1938_sub\
	    New File  		    2207	0.mcfunction
	  New Dir          1	C:\Users\joshp\curseforge\minecraft\Instances\Alive Dev\saves\Desire Paths\datapacks\gstools\data\minecraft\function\hud\enhancedhud_sub\1955_sub\
	    New File  		    2207	0.mcfunction
	  New Dir          1	C:\Users\joshp\curseforge\minecraft\Instances\Alive Dev\saves\Desire Paths\datapacks\gstools\data\minecraft\function\hud\enhancedhud_sub\1972_sub\
	    New File  		    2207	0.mcfunction
	  New Dir          1	C:\Users\joshp\curseforge\minecraft\Instances\Alive Dev\saves\Desire Paths\datapacks\gstools\data\minecraft\function\hud\enhancedhud_sub\1989_sub\
	    New File  		    2207	0.mcfunction
	  New Dir          1	C:\Users\joshp\curseforge\minecraft\Instances\Alive Dev\saves\Desire Paths\datapacks\gstools\data\minecraft\function\hud\enhancedhud_sub\2006_sub\
	    New File  		    2207	0.mcfunction
	  New Dir          1	C:\Users\joshp\curseforge\minecraft\Instances\Alive Dev\saves\Desire Paths\datapacks\gstools\data\minecraft\function\hud\enhancedhud_sub\2023_sub\
	    New File  		    2207	0.mcfunction
	  New Dir          1	C:\Users\joshp\curseforge\minecraft\Instances\Alive Dev\saves\Desire Paths\datapacks\gstools\data\minecraft\function\hud\enhancedhud_sub\2040_sub\
	    New File  		    2207	0.mcfunction
	  New Dir          1	C:\Users\joshp\curseforge\minecraft\Instances\Alive Dev\saves\Desire Paths\datapacks\gstools\data\minecraft\function\hud\enhancedhud_sub\204_sub\
	    New File  		    2207	0.mcfunction
	  New Dir          1	C:\Users\joshp\curseforge\minecraft\Instances\Alive Dev\saves\Desire Paths\datapacks\gstools\data\minecraft\function\hud\enhancedhud_sub\2057_sub\
	    New File  		    2207	0.mcfunction
	  New Dir          1	C:\Users\joshp\curseforge\minecraft\Instances\Alive Dev\saves\Desire Paths\datapacks\gstools\data\minecraft\function\hud\enhancedhud_sub\2074_sub\
	    New File  		    2207	0.mcfunction
	  New Dir          1	C:\Users\joshp\curseforge\minecraft\Instances\Alive Dev\saves\Desire Paths\datapacks\gstools\data\minecraft\function\hud\enhancedhud_sub\2091_sub\
	    New File  		    2207	0.mcfunction
	  New Dir          1	C:\Users\joshp\curseforge\minecraft\Instances\Alive Dev\saves\Desire Paths\datapacks\gstools\data\minecraft\function\hud\enhancedhud_sub\2108_sub\
	    New File  		    2207	0.mcfunction
	  New Dir          1	C:\Users\joshp\curseforge\minecraft\Instances\Alive Dev\saves\Desire Paths\datapacks\gstools\data\minecraft\function\hud\enhancedhud_sub\2125_sub\
	    New File  		    2207	0.mcfunction
	  New Dir          1	C:\Users\joshp\curseforge\minecraft\Instances\Alive Dev\saves\Desire Paths\datapacks\gstools\data\minecraft\function\hud\enhancedhud_sub\2142_sub\
	    New File  		    2207	0.mcfunction
	  New Dir          1	C:\Users\joshp\curseforge\minecraft\Instances\Alive Dev\saves\Desire Paths\datapacks\gstools\data\minecraft\function\hud\enhancedhud_sub\2159_sub\
	    New File  		    2207	0.mcfunction
	  New Dir          1	C:\Users\joshp\curseforge\minecraft\Instances\Alive Dev\saves\Desire Paths\datapacks\gstools\data\minecraft\function\hud\enhancedhud_sub\2176_sub\
	    New File  		    2207	0.mcfunction
	  New Dir          1	C:\Users\joshp\curseforge\minecraft\Instances\Alive Dev\saves\Desire Paths\datapacks\gstools\data\minecraft\function\hud\enhancedhud_sub\2193_sub\
	    New File  		    2207	0.mcfunction
	  New Dir          1	C:\Users\joshp\curseforge\minecraft\Instances\Alive Dev\saves\Desire Paths\datapacks\gstools\data\minecraft\function\hud\enhancedhud_sub\2210_sub\
	    New File  		    2207	0.mcfunction
	  New Dir          1	C:\Users\joshp\curseforge\minecraft\Instances\Alive Dev\saves\Desire Paths\datapacks\gstools\data\minecraft\function\hud\enhancedhud_sub\221_sub\
	    New File  		    2207	0.mcfunction
	  New Dir          1	C:\Users\joshp\curseforge\minecraft\Instances\Alive Dev\saves\Desire Paths\datapacks\gstools\data\minecraft\function\hud\enhancedhud_sub\2227_sub\
	    New File  		    2207	0.mcfunction
	  New Dir          1	C:\Users\joshp\curseforge\minecraft\Instances\Alive Dev\saves\Desire Paths\datapacks\gstools\data\minecraft\function\hud\enhancedhud_sub\2244_sub\
	    New File  		    2207	0.mcfunction
	  New Dir          1	C:\Users\joshp\curseforge\minecraft\Instances\Alive Dev\saves\Desire Paths\datapacks\gstools\data\minecraft\function\hud\enhancedhud_sub\2261_sub\
	    New File  		    2207	0.mcfunction
	  New Dir          1	C:\Users\joshp\curseforge\minecraft\Instances\Alive Dev\saves\Desire Paths\datapacks\gstools\data\minecraft\function\hud\enhancedhud_sub\2278_sub\
	    New File  		    2207	0.mcfunction
	  New Dir          1	C:\Users\joshp\curseforge\minecraft\Instances\Alive Dev\saves\Desire Paths\datapacks\gstools\data\minecraft\function\hud\enhancedhud_sub\2295_sub\
	    New File  		    2207	0.mcfunction
	  New Dir          1	C:\Users\joshp\curseforge\minecraft\Instances\Alive Dev\saves\Desire Paths\datapacks\gstools\data\minecraft\function\hud\enhancedhud_sub\2312_sub\
	    New File  		    2207	0.mcfunction
	  New Dir          1	C:\Users\joshp\curseforge\minecraft\Instances\Alive Dev\saves\Desire Paths\datapacks\gstools\data\minecraft\function\hud\enhancedhud_sub\2329_sub\
	    New File  		    2207	0.mcfunction
	  New Dir          1	C:\Users\joshp\curseforge\minecraft\Instances\Alive Dev\saves\Desire Paths\datapacks\gstools\data\minecraft\function\hud\enhancedhud_sub\2346_sub\
	    New File  		    2207	0.mcfunction
	  New Dir          1	C:\Users\joshp\curseforge\minecraft\Instances\Alive Dev\saves\Desire Paths\datapacks\gstools\data\minecraft\function\hud\enhancedhud_sub\2363_sub\
	    New File  		    2207	0.mcfunction
	  New Dir          1	C:\Users\joshp\curseforge\minecraft\Instances\Alive Dev\saves\Desire Paths\datapacks\gstools\data\minecraft\function\hud\enhancedhud_sub\2380_sub\
	    New File  		    2207	0.mcfunction
	  New Dir          1	C:\Users\joshp\curseforge\minecraft\Instances\Alive Dev\saves\Desire Paths\datapacks\gstools\data\minecraft\function\hud\enhancedhud_sub\238_sub\
	    New File  		    2207	0.mcfunction
	  New Dir          1	C:\Users\joshp\curseforge\minecraft\Instances\Alive Dev\saves\Desire Paths\datapacks\gstools\data\minecraft\function\hud\enhancedhud_sub\2397_sub\
	    New File  		    2207	0.mcfunction
	  New Dir          1	C:\Users\joshp\curseforge\minecraft\Instances\Alive Dev\saves\Desire Paths\datapacks\gstools\data\minecraft\function\hud\enhancedhud_sub\2414_sub\
	    New File  		    2207	0.mcfunction
	  New Dir          1	C:\Users\joshp\curseforge\minecraft\Instances\Alive Dev\saves\Desire Paths\datapacks\gstools\data\minecraft\function\hud\enhancedhud_sub\2431_sub\
	    New File  		    2207	0.mcfunction
	  New Dir          1	C:\Users\joshp\curseforge\minecraft\Instances\Alive Dev\saves\Desire Paths\datapacks\gstools\data\minecraft\function\hud\enhancedhud_sub\2448_sub\
	    New File  		    2207	0.mcfunction
	  New Dir          1	C:\Users\joshp\curseforge\minecraft\Instances\Alive Dev\saves\Desire Paths\datapacks\gstools\data\minecraft\function\hud\enhancedhud_sub\2465_sub\
	    New File  		    2207	0.mcfunction
	  New Dir          1	C:\Users\joshp\curseforge\minecraft\Instances\Alive Dev\saves\Desire Paths\datapacks\gstools\data\minecraft\function\hud\enhancedhud_sub\2482_sub\
	    New File  		    2207	0.mcfunction
	  New Dir          1	C:\Users\joshp\curseforge\minecraft\Instances\Alive Dev\saves\Desire Paths\datapacks\gstools\data\minecraft\function\hud\enhancedhud_sub\2499_sub\
	    New File  		    2207	0.mcfunction
	  New Dir          1	C:\Users\joshp\curseforge\minecraft\Instances\Alive Dev\saves\Desire Paths\datapacks\gstools\data\minecraft\function\hud\enhancedhud_sub\2516_sub\
	    New File  		    2207	0.mcfunction
	  New Dir          1	C:\Users\joshp\curseforge\minecraft\Instances\Alive Dev\saves\Desire Paths\datapacks\gstools\data\minecraft\function\hud\enhancedhud_sub\2533_sub\
	    New File  		    2207	0.mcfunction
	  New Dir          1	C:\Users\joshp\curseforge\minecraft\Instances\Alive Dev\saves\Desire Paths\datapacks\gstools\data\minecraft\function\hud\enhancedhud_sub\2550_sub\
	    New File  		    2207	0.mcfunction
	  New Dir          1	C:\Users\joshp\curseforge\minecraft\Instances\Alive Dev\saves\Desire Paths\datapacks\gstools\data\minecraft\function\hud\enhancedhud_sub\255_sub\
	    New File  		    2207	0.mcfunction
	  New Dir          1	C:\Users\joshp\curseforge\minecraft\Instances\Alive Dev\saves\Desire Paths\datapacks\gstools\data\minecraft\function\hud\enhancedhud_sub\2567_sub\
	    New File  		    2207	0.mcfunction
	  New Dir          1	C:\Users\joshp\curseforge\minecraft\Instances\Alive Dev\saves\Desire Paths\datapacks\gstools\data\minecraft\function\hud\enhancedhud_sub\2584_sub\
	    New File  		    2207	0.mcfunction
	  New Dir          1	C:\Users\joshp\curseforge\minecraft\Instances\Alive Dev\saves\Desire Paths\datapacks\gstools\data\minecraft\function\hud\enhancedhud_sub\2601_sub\
	    New File  		    2207	0.mcfunction
	  New Dir          1	C:\Users\joshp\curseforge\minecraft\Instances\Alive Dev\saves\Desire Paths\datapacks\gstools\data\minecraft\function\hud\enhancedhud_sub\2618_sub\
	    New File  		    2207	0.mcfunction
	  New Dir          1	C:\Users\joshp\curseforge\minecraft\Instances\Alive Dev\saves\Desire Paths\datapacks\gstools\data\minecraft\function\hud\enhancedhud_sub\2635_sub\
	    New File  		    2207	0.mcfunction
	  New Dir          1	C:\Users\joshp\curseforge\minecraft\Instances\Alive Dev\saves\Desire Paths\datapacks\gstools\data\minecraft\function\hud\enhancedhud_sub\2652_sub\
	    New File  		    2207	0.mcfunction
	  New Dir          1	C:\Users\joshp\curseforge\minecraft\Instances\Alive Dev\saves\Desire Paths\datapacks\gstools\data\minecraft\function\hud\enhancedhud_sub\2669_sub\
	    New File  		    2207	0.mcfunction
	  New Dir          1	C:\Users\joshp\curseforge\minecraft\Instances\Alive Dev\saves\Desire Paths\datapacks\gstools\data\minecraft\function\hud\enhancedhud_sub\2686_sub\
	    New File  		    2207	0.mcfunction
	  New Dir          1	C:\Users\joshp\curseforge\minecraft\Instances\Alive Dev\saves\Desire Paths\datapacks\gstools\data\minecraft\function\hud\enhancedhud_sub\2703_sub\
	    New File  		    2207	0.mcfunction
	  New Dir          1	C:\Users\joshp\curseforge\minecraft\Instances\Alive Dev\saves\Desire Paths\datapacks\gstools\data\minecraft\function\hud\enhancedhud_sub\2720_sub\
	    New File  		    2207	0.mcfunction
	  New Dir          1	C:\Users\joshp\curseforge\minecraft\Instances\Alive Dev\saves\Desire Paths\datapacks\gstools\data\minecraft\function\hud\enhancedhud_sub\272_sub\
	    New File  		    2207	0.mcfunction
	  New Dir          1	C:\Users\joshp\curseforge\minecraft\Instances\Alive Dev\saves\Desire Paths\datapacks\gstools\data\minecraft\function\hud\enhancedhud_sub\2737_sub\
	    New File  		    2207	0.mcfunction
	  New Dir          1	C:\Users\joshp\curseforge\minecraft\Instances\Alive Dev\saves\Desire Paths\datapacks\gstools\data\minecraft\function\hud\enhancedhud_sub\2754_sub\
	    New File  		    2207	0.mcfunction
	  New Dir          1	C:\Users\joshp\curseforge\minecraft\Instances\Alive Dev\saves\Desire Paths\datapacks\gstools\data\minecraft\function\hud\enhancedhud_sub\2771_sub\
	    New File  		    2207	0.mcfunction
	  New Dir          1	C:\Users\joshp\curseforge\minecraft\Instances\Alive Dev\saves\Desire Paths\datapacks\gstools\data\minecraft\function\hud\enhancedhud_sub\2788_sub\
	    New File  		    2207	0.mcfunction
	  New Dir          1	C:\Users\joshp\curseforge\minecraft\Instances\Alive Dev\saves\Desire Paths\datapacks\gstools\data\minecraft\function\hud\enhancedhud_sub\2805_sub\
	    New File  		    2207	0.mcfunction
	  New Dir          1	C:\Users\joshp\curseforge\minecraft\Instances\Alive Dev\saves\Desire Paths\datapacks\gstools\data\minecraft\function\hud\enhancedhud_sub\2822_sub\
	    New File  		    2207	0.mcfunction
	  New Dir          1	C:\Users\joshp\curseforge\minecraft\Instances\Alive Dev\saves\Desire Paths\datapacks\gstools\data\minecraft\function\hud\enhancedhud_sub\2839_sub\
	    New File  		    2207	0.mcfunction
	  New Dir          1	C:\Users\joshp\curseforge\minecraft\Instances\Alive Dev\saves\Desire Paths\datapacks\gstools\data\minecraft\function\hud\enhancedhud_sub\2856_sub\
	    New File  		    2207	0.mcfunction
	  New Dir          1	C:\Users\joshp\curseforge\minecraft\Instances\Alive Dev\saves\Desire Paths\datapacks\gstools\data\minecraft\function\hud\enhancedhud_sub\2873_sub\
	    New File  		    2207	0.mcfunction
	  New Dir          1	C:\Users\joshp\curseforge\minecraft\Instances\Alive Dev\saves\Desire Paths\datapacks\gstools\data\minecraft\function\hud\enhancedhud_sub\2890_sub\
	    New File  		    2207	0.mcfunction
	  New Dir          1	C:\Users\joshp\curseforge\minecraft\Instances\Alive Dev\saves\Desire Paths\datapacks\gstools\data\minecraft\function\hud\enhancedhud_sub\289_sub\
	    New File  		    2207	0.mcfunction
	  New Dir          1	C:\Users\joshp\curseforge\minecraft\Instances\Alive Dev\saves\Desire Paths\datapacks\gstools\data\minecraft\function\hud\enhancedhud_sub\2907_sub\
	    New File  		    2207	0.mcfunction
	  New Dir          1	C:\Users\joshp\curseforge\minecraft\Instances\Alive Dev\saves\Desire Paths\datapacks\gstools\data\minecraft\function\hud\enhancedhud_sub\2924_sub\
	    New File  		    2207	0.mcfunction
	  New Dir          1	C:\Users\joshp\curseforge\minecraft\Instances\Alive Dev\saves\Desire Paths\datapacks\gstools\data\minecraft\function\hud\enhancedhud_sub\2941_sub\
	    New File  		    2207	0.mcfunction
	  New Dir          1	C:\Users\joshp\curseforge\minecraft\Instances\Alive Dev\saves\Desire Paths\datapacks\gstools\data\minecraft\function\hud\enhancedhud_sub\2958_sub\
	    New File  		    2207	0.mcfunction
	  New Dir          1	C:\Users\joshp\curseforge\minecraft\Instances\Alive Dev\saves\Desire Paths\datapacks\gstools\data\minecraft\function\hud\enhancedhud_sub\2975_sub\
	    New File  		    2207	0.mcfunction
	  New Dir          1	C:\Users\joshp\curseforge\minecraft\Instances\Alive Dev\saves\Desire Paths\datapacks\gstools\data\minecraft\function\hud\enhancedhud_sub\2992_sub\
	    New File  		    2207	0.mcfunction
	  New Dir          1	C:\Users\joshp\curseforge\minecraft\Instances\Alive Dev\saves\Desire Paths\datapacks\gstools\data\minecraft\function\hud\enhancedhud_sub\3009_sub\
	    New File  		    2207	0.mcfunction
	  New Dir          1	C:\Users\joshp\curseforge\minecraft\Instances\Alive Dev\saves\Desire Paths\datapacks\gstools\data\minecraft\function\hud\enhancedhud_sub\3026_sub\
	    New File  		    2207	0.mcfunction
	  New Dir          1	C:\Users\joshp\curseforge\minecraft\Instances\Alive Dev\saves\Desire Paths\datapacks\gstools\data\minecraft\function\hud\enhancedhud_sub\3043_sub\
	    New File  		    2207	0.mcfunction
	  New Dir          1	C:\Users\joshp\curseforge\minecraft\Instances\Alive Dev\saves\Desire Paths\datapacks\gstools\data\minecraft\function\hud\enhancedhud_sub\3060_sub\
	    New File  		    2207	0.mcfunction
	  New Dir          1	C:\Users\joshp\curseforge\minecraft\Instances\Alive Dev\saves\Desire Paths\datapacks\gstools\data\minecraft\function\hud\enhancedhud_sub\306_sub\
	    New File  		    2207	0.mcfunction
	  New Dir          1	C:\Users\joshp\curseforge\minecraft\Instances\Alive Dev\saves\Desire Paths\datapacks\gstools\data\minecraft\function\hud\enhancedhud_sub\3077_sub\
	    New File  		    2207	0.mcfunction
	  New Dir          1	C:\Users\joshp\curseforge\minecraft\Instances\Alive Dev\saves\Desire Paths\datapacks\gstools\data\minecraft\function\hud\enhancedhud_sub\3094_sub\
	    New File  		    2207	0.mcfunction
	  New Dir          1	C:\Users\joshp\curseforge\minecraft\Instances\Alive Dev\saves\Desire Paths\datapacks\gstools\data\minecraft\function\hud\enhancedhud_sub\3111_sub\
	    New File  		    2207	0.mcfunction
	  New Dir          1	C:\Users\joshp\curseforge\minecraft\Instances\Alive Dev\saves\Desire Paths\datapacks\gstools\data\minecraft\function\hud\enhancedhud_sub\3128_sub\
	    New File  		    2207	0.mcfunction
	  New Dir          1	C:\Users\joshp\curseforge\minecraft\Instances\Alive Dev\saves\Desire Paths\datapacks\gstools\data\minecraft\function\hud\enhancedhud_sub\3145_sub\
	    New File  		    2207	0.mcfunction
	  New Dir          1	C:\Users\joshp\curseforge\minecraft\Instances\Alive Dev\saves\Desire Paths\datapacks\gstools\data\minecraft\function\hud\enhancedhud_sub\3162_sub\
	    New File  		    2207	0.mcfunction
	  New Dir          1	C:\Users\joshp\curseforge\minecraft\Instances\Alive Dev\saves\Desire Paths\datapacks\gstools\data\minecraft\function\hud\enhancedhud_sub\3179_sub\
	    New File  		    2207	0.mcfunction
	  New Dir          1	C:\Users\joshp\curseforge\minecraft\Instances\Alive Dev\saves\Desire Paths\datapacks\gstools\data\minecraft\function\hud\enhancedhud_sub\3196_sub\
	    New File  		    2207	0.mcfunction
	  New Dir          1	C:\Users\joshp\curseforge\minecraft\Instances\Alive Dev\saves\Desire Paths\datapacks\gstools\data\minecraft\function\hud\enhancedhud_sub\3213_sub\
	    New File  		    2207	0.mcfunction
	  New Dir          1	C:\Users\joshp\curseforge\minecraft\Instances\Alive Dev\saves\Desire Paths\datapacks\gstools\data\minecraft\function\hud\enhancedhud_sub\3230_sub\
	    New File  		    2207	0.mcfunction
	  New Dir          1	C:\Users\joshp\curseforge\minecraft\Instances\Alive Dev\saves\Desire Paths\datapacks\gstools\data\minecraft\function\hud\enhancedhud_sub\323_sub\
	    New File  		    2207	0.mcfunction
	  New Dir          1	C:\Users\joshp\curseforge\minecraft\Instances\Alive Dev\saves\Desire Paths\datapacks\gstools\data\minecraft\function\hud\enhancedhud_sub\3247_sub\
	    New File  		    2207	0.mcfunction
	  New Dir          1	C:\Users\joshp\curseforge\minecraft\Instances\Alive Dev\saves\Desire Paths\datapacks\gstools\data\minecraft\function\hud\enhancedhud_sub\3264_sub\
	    New File  		    2207	0.mcfunction
	  New Dir          1	C:\Users\joshp\curseforge\minecraft\Instances\Alive Dev\saves\Desire Paths\datapacks\gstools\data\minecraft\function\hud\enhancedhud_sub\3281_sub\
	    New File  		    2207	0.mcfunction
	  New Dir          1	C:\Users\joshp\curseforge\minecraft\Instances\Alive Dev\saves\Desire Paths\datapacks\gstools\data\minecraft\function\hud\enhancedhud_sub\3298_sub\
	    New File  		    2207	0.mcfunction
	  New Dir          1	C:\Users\joshp\curseforge\minecraft\Instances\Alive Dev\saves\Desire Paths\datapacks\gstools\data\minecraft\function\hud\enhancedhud_sub\3315_sub\
	    New File  		    2207	0.mcfunction
	  New Dir          1	C:\Users\joshp\curseforge\minecraft\Instances\Alive Dev\saves\Desire Paths\datapacks\gstools\data\minecraft\function\hud\enhancedhud_sub\3332_sub\
	    New File  		    2207	0.mcfunction
	  New Dir          1	C:\Users\joshp\curseforge\minecraft\Instances\Alive Dev\saves\Desire Paths\datapacks\gstools\data\minecraft\function\hud\enhancedhud_sub\3349_sub\
	    New File  		    2207	0.mcfunction
	  New Dir          1	C:\Users\joshp\curseforge\minecraft\Instances\Alive Dev\saves\Desire Paths\datapacks\gstools\data\minecraft\function\hud\enhancedhud_sub\3366_sub\
	    New File  		    2207	0.mcfunction
	  New Dir          1	C:\Users\joshp\curseforge\minecraft\Instances\Alive Dev\saves\Desire Paths\datapacks\gstools\data\minecraft\function\hud\enhancedhud_sub\3383_sub\
	    New File  		    2207	0.mcfunction
	  New Dir          1	C:\Users\joshp\curseforge\minecraft\Instances\Alive Dev\saves\Desire Paths\datapacks\gstools\data\minecraft\function\hud\enhancedhud_sub\3400_sub\
	    New File  		    2207	0.mcfunction
	  New Dir          1	C:\Users\joshp\curseforge\minecraft\Instances\Alive Dev\saves\Desire Paths\datapacks\gstools\data\minecraft\function\hud\enhancedhud_sub\340_sub\
	    New File  		    2207	0.mcfunction
	  New Dir          1	C:\Users\joshp\curseforge\minecraft\Instances\Alive Dev\saves\Desire Paths\datapacks\gstools\data\minecraft\function\hud\enhancedhud_sub\3417_sub\
	    New File  		    2207	0.mcfunction
	  New Dir          1	C:\Users\joshp\curseforge\minecraft\Instances\Alive Dev\saves\Desire Paths\datapacks\gstools\data\minecraft\function\hud\enhancedhud_sub\3434_sub\
	    New File  		    2207	0.mcfunction
	  New Dir          1	C:\Users\joshp\curseforge\minecraft\Instances\Alive Dev\saves\Desire Paths\datapacks\gstools\data\minecraft\function\hud\enhancedhud_sub\3451_sub\
	    New File  		    2207	0.mcfunction
	  New Dir          1	C:\Users\joshp\curseforge\minecraft\Instances\Alive Dev\saves\Desire Paths\datapacks\gstools\data\minecraft\function\hud\enhancedhud_sub\3468_sub\
	    New File  		    2207	0.mcfunction
	  New Dir          1	C:\Users\joshp\curseforge\minecraft\Instances\Alive Dev\saves\Desire Paths\datapacks\gstools\data\minecraft\function\hud\enhancedhud_sub\3485_sub\
	    New File  		    2207	0.mcfunction
	  New Dir          1	C:\Users\joshp\curseforge\minecraft\Instances\Alive Dev\saves\Desire Paths\datapacks\gstools\data\minecraft\function\hud\enhancedhud_sub\34_sub\
	    New File  		    2207	0.mcfunction
	  New Dir          1	C:\Users\joshp\curseforge\minecraft\Instances\Alive Dev\saves\Desire Paths\datapacks\gstools\data\minecraft\function\hud\enhancedhud_sub\3502_sub\
	    New File  		    2207	0.mcfunction
	  New Dir          1	C:\Users\joshp\curseforge\minecraft\Instances\Alive Dev\saves\Desire Paths\datapacks\gstools\data\minecraft\function\hud\enhancedhud_sub\3519_sub\
	    New File  		    2207	0.mcfunction
	  New Dir          1	C:\Users\joshp\curseforge\minecraft\Instances\Alive Dev\saves\Desire Paths\datapacks\gstools\data\minecraft\function\hud\enhancedhud_sub\3536_sub\
	    New File  		    2207	0.mcfunction
	  New Dir          1	C:\Users\joshp\curseforge\minecraft\Instances\Alive Dev\saves\Desire Paths\datapacks\gstools\data\minecraft\function\hud\enhancedhud_sub\3553_sub\
	    New File  		    2207	0.mcfunction
	  New Dir          1	C:\Users\joshp\curseforge\minecraft\Instances\Alive Dev\saves\Desire Paths\datapacks\gstools\data\minecraft\function\hud\enhancedhud_sub\3570_sub\
	    New File  		    2207	0.mcfunction
	  New Dir          1	C:\Users\joshp\curseforge\minecraft\Instances\Alive Dev\saves\Desire Paths\datapacks\gstools\data\minecraft\function\hud\enhancedhud_sub\357_sub\
	    New File  		    2207	0.mcfunction
	  New Dir          1	C:\Users\joshp\curseforge\minecraft\Instances\Alive Dev\saves\Desire Paths\datapacks\gstools\data\minecraft\function\hud\enhancedhud_sub\3587_sub\
	    New File  		    2207	0.mcfunction
	  New Dir          1	C:\Users\joshp\curseforge\minecraft\Instances\Alive Dev\saves\Desire Paths\datapacks\gstools\data\minecraft\function\hud\enhancedhud_sub\3604_sub\
	    New File  		    2207	0.mcfunction
	  New Dir          1	C:\Users\joshp\curseforge\minecraft\Instances\Alive Dev\saves\Desire Paths\datapacks\gstools\data\minecraft\function\hud\enhancedhud_sub\3621_sub\
	    New File  		    2207	0.mcfunction
	  New Dir          1	C:\Users\joshp\curseforge\minecraft\Instances\Alive Dev\saves\Desire Paths\datapacks\gstools\data\minecraft\function\hud\enhancedhud_sub\3638_sub\
	    New File  		    2207	0.mcfunction
	  New Dir          1	C:\Users\joshp\curseforge\minecraft\Instances\Alive Dev\saves\Desire Paths\datapacks\gstools\data\minecraft\function\hud\enhancedhud_sub\3655_sub\
	    New File  		    2207	0.mcfunction
	  New Dir          1	C:\Users\joshp\curseforge\minecraft\Instances\Alive Dev\saves\Desire Paths\datapacks\gstools\data\minecraft\function\hud\enhancedhud_sub\3672_sub\
	    New File  		    2207	0.mcfunction
	  New Dir          1	C:\Users\joshp\curseforge\minecraft\Instances\Alive Dev\saves\Desire Paths\datapacks\gstools\data\minecraft\function\hud\enhancedhud_sub\3689_sub\
	    New File  		    2207	0.mcfunction
	  New Dir          1	C:\Users\joshp\curseforge\minecraft\Instances\Alive Dev\saves\Desire Paths\datapacks\gstools\data\minecraft\function\hud\enhancedhud_sub\3706_sub\
	    New File  		    2207	0.mcfunction
	  New Dir          1	C:\Users\joshp\curseforge\minecraft\Instances\Alive Dev\saves\Desire Paths\datapacks\gstools\data\minecraft\function\hud\enhancedhud_sub\3723_sub\
	    New File  		    2207	0.mcfunction
	  New Dir          1	C:\Users\joshp\curseforge\minecraft\Instances\Alive Dev\saves\Desire Paths\datapacks\gstools\data\minecraft\function\hud\enhancedhud_sub\3740_sub\
	    New File  		    2207	0.mcfunction
	  New Dir          1	C:\Users\joshp\curseforge\minecraft\Instances\Alive Dev\saves\Desire Paths\datapacks\gstools\data\minecraft\function\hud\enhancedhud_sub\374_sub\
	    New File  		    2207	0.mcfunction
	  New Dir          1	C:\Users\joshp\curseforge\minecraft\Instances\Alive Dev\saves\Desire Paths\datapacks\gstools\data\minecraft\function\hud\enhancedhud_sub\3757_sub\
	    New File  		    2207	0.mcfunction
	  New Dir          1	C:\Users\joshp\curseforge\minecraft\Instances\Alive Dev\saves\Desire Paths\datapacks\gstools\data\minecraft\function\hud\enhancedhud_sub\3774_sub\
	    New File  		    2207	0.mcfunction
	  New Dir          1	C:\Users\joshp\curseforge\minecraft\Instances\Alive Dev\saves\Desire Paths\datapacks\gstools\data\minecraft\function\hud\enhancedhud_sub\3791_sub\
	    New File  		    2207	0.mcfunction
	  New Dir          1	C:\Users\joshp\curseforge\minecraft\Instances\Alive Dev\saves\Desire Paths\datapacks\gstools\data\minecraft\function\hud\enhancedhud_sub\3808_sub\
	    New File  		    2207	0.mcfunction
	  New Dir          1	C:\Users\joshp\curseforge\minecraft\Instances\Alive Dev\saves\Desire Paths\datapacks\gstools\data\minecraft\function\hud\enhancedhud_sub\3825_sub\
	    New File  		    2207	0.mcfunction
	  New Dir          1	C:\Users\joshp\curseforge\minecraft\Instances\Alive Dev\saves\Desire Paths\datapacks\gstools\data\minecraft\function\hud\enhancedhud_sub\3842_sub\
	    New File  		    2207	0.mcfunction
	  New Dir          1	C:\Users\joshp\curseforge\minecraft\Instances\Alive Dev\saves\Desire Paths\datapacks\gstools\data\minecraft\function\hud\enhancedhud_sub\3859_sub\
	    New File  		    2207	0.mcfunction
	  New Dir          1	C:\Users\joshp\curseforge\minecraft\Instances\Alive Dev\saves\Desire Paths\datapacks\gstools\data\minecraft\function\hud\enhancedhud_sub\3876_sub\
	    New File  		    2207	0.mcfunction
	  New Dir          1	C:\Users\joshp\curseforge\minecraft\Instances\Alive Dev\saves\Desire Paths\datapacks\gstools\data\minecraft\function\hud\enhancedhud_sub\3893_sub\
	    New File  		    2207	0.mcfunction
	  New Dir          1	C:\Users\joshp\curseforge\minecraft\Instances\Alive Dev\saves\Desire Paths\datapacks\gstools\data\minecraft\function\hud\enhancedhud_sub\3910_sub\
	    New File  		    2207	0.mcfunction
	  New Dir          1	C:\Users\joshp\curseforge\minecraft\Instances\Alive Dev\saves\Desire Paths\datapacks\gstools\data\minecraft\function\hud\enhancedhud_sub\391_sub\
	    New File  		    2207	0.mcfunction
	  New Dir          1	C:\Users\joshp\curseforge\minecraft\Instances\Alive Dev\saves\Desire Paths\datapacks\gstools\data\minecraft\function\hud\enhancedhud_sub\3927_sub\
	    New File  		    2207	0.mcfunction
	  New Dir          1	C:\Users\joshp\curseforge\minecraft\Instances\Alive Dev\saves\Desire Paths\datapacks\gstools\data\minecraft\function\hud\enhancedhud_sub\3944_sub\
	    New File  		    2207	0.mcfunction
	  New Dir          1	C:\Users\joshp\curseforge\minecraft\Instances\Alive Dev\saves\Desire Paths\datapacks\gstools\data\minecraft\function\hud\enhancedhud_sub\3961_sub\
	    New File  		    2207	0.mcfunction
	  New Dir          1	C:\Users\joshp\curseforge\minecraft\Instances\Alive Dev\saves\Desire Paths\datapacks\gstools\data\minecraft\function\hud\enhancedhud_sub\3978_sub\
	    New File  		    2207	0.mcfunction
	  New Dir          1	C:\Users\joshp\curseforge\minecraft\Instances\Alive Dev\saves\Desire Paths\datapacks\gstools\data\minecraft\function\hud\enhancedhud_sub\3995_sub\
	    New File  		    2207	0.mcfunction
	  New Dir          1	C:\Users\joshp\curseforge\minecraft\Instances\Alive Dev\saves\Desire Paths\datapacks\gstools\data\minecraft\function\hud\enhancedhud_sub\4012_sub\
	    New File  		    2207	0.mcfunction
	  New Dir          1	C:\Users\joshp\curseforge\minecraft\Instances\Alive Dev\saves\Desire Paths\datapacks\gstools\data\minecraft\function\hud\enhancedhud_sub\4029_sub\
	    New File  		    2207	0.mcfunction
	  New Dir          1	C:\Users\joshp\curseforge\minecraft\Instances\Alive Dev\saves\Desire Paths\datapacks\gstools\data\minecraft\function\hud\enhancedhud_sub\4046_sub\
	    New File  		    2207	0.mcfunction
	  New Dir          1	C:\Users\joshp\curseforge\minecraft\Instances\Alive Dev\saves\Desire Paths\datapacks\gstools\data\minecraft\function\hud\enhancedhud_sub\4063_sub\
	    New File  		    2207	0.mcfunction
	  New Dir          1	C:\Users\joshp\curseforge\minecraft\Instances\Alive Dev\saves\Desire Paths\datapacks\gstools\data\minecraft\function\hud\enhancedhud_sub\4080_sub\
	    New File  		    2207	0.mcfunction
	  New Dir          1	C:\Users\joshp\curseforge\minecraft\Instances\Alive Dev\saves\Desire Paths\datapacks\gstools\data\minecraft\function\hud\enhancedhud_sub\408_sub\
	    New File  		    2207	0.mcfunction
	  New Dir          1	C:\Users\joshp\curseforge\minecraft\Instances\Alive Dev\saves\Desire Paths\datapacks\gstools\data\minecraft\function\hud\enhancedhud_sub\4097_sub\
	    New File  		    2207	0.mcfunction
	  New Dir          1	C:\Users\joshp\curseforge\minecraft\Instances\Alive Dev\saves\Desire Paths\datapacks\gstools\data\minecraft\function\hud\enhancedhud_sub\4114_sub\
	    New File  		    2207	0.mcfunction
	  New Dir          1	C:\Users\joshp\curseforge\minecraft\Instances\Alive Dev\saves\Desire Paths\datapacks\gstools\data\minecraft\function\hud\enhancedhud_sub\4131_sub\
	    New File  		    2207	0.mcfunction
	  New Dir          1	C:\Users\joshp\curseforge\minecraft\Instances\Alive Dev\saves\Desire Paths\datapacks\gstools\data\minecraft\function\hud\enhancedhud_sub\4148_sub\
	    New File  		    2207	0.mcfunction
	  New Dir          1	C:\Users\joshp\curseforge\minecraft\Instances\Alive Dev\saves\Desire Paths\datapacks\gstools\data\minecraft\function\hud\enhancedhud_sub\4165_sub\
	    New File  		    2207	0.mcfunction
	  New Dir          1	C:\Users\joshp\curseforge\minecraft\Instances\Alive Dev\saves\Desire Paths\datapacks\gstools\data\minecraft\function\hud\enhancedhud_sub\4182_sub\
	    New File  		    2207	0.mcfunction
	  New Dir          1	C:\Users\joshp\curseforge\minecraft\Instances\Alive Dev\saves\Desire Paths\datapacks\gstools\data\minecraft\function\hud\enhancedhud_sub\4199_sub\
	    New File  		    2207	0.mcfunction
	  New Dir          1	C:\Users\joshp\curseforge\minecraft\Instances\Alive Dev\saves\Desire Paths\datapacks\gstools\data\minecraft\function\hud\enhancedhud_sub\4216_sub\
	    New File  		    2207	0.mcfunction
	  New Dir          1	C:\Users\joshp\curseforge\minecraft\Instances\Alive Dev\saves\Desire Paths\datapacks\gstools\data\minecraft\function\hud\enhancedhud_sub\4233_sub\
	    New File  		    2207	0.mcfunction
	  New Dir          1	C:\Users\joshp\curseforge\minecraft\Instances\Alive Dev\saves\Desire Paths\datapacks\gstools\data\minecraft\function\hud\enhancedhud_sub\4250_sub\
	    New File  		    2207	0.mcfunction
	  New Dir          1	C:\Users\joshp\curseforge\minecraft\Instances\Alive Dev\saves\Desire Paths\datapacks\gstools\data\minecraft\function\hud\enhancedhud_sub\425_sub\
	    New File  		    2207	0.mcfunction
	  New Dir          1	C:\Users\joshp\curseforge\minecraft\Instances\Alive Dev\saves\Desire Paths\datapacks\gstools\data\minecraft\function\hud\enhancedhud_sub\4267_sub\
	    New File  		    2207	0.mcfunction
	  New Dir          1	C:\Users\joshp\curseforge\minecraft\Instances\Alive Dev\saves\Desire Paths\datapacks\gstools\data\minecraft\function\hud\enhancedhud_sub\4284_sub\
	    New File  		    2207	0.mcfunction
	  New Dir          1	C:\Users\joshp\curseforge\minecraft\Instances\Alive Dev\saves\Desire Paths\datapacks\gstools\data\minecraft\function\hud\enhancedhud_sub\4301_sub\
	    New File  		    2207	0.mcfunction
	  New Dir          1	C:\Users\joshp\curseforge\minecraft\Instances\Alive Dev\saves\Desire Paths\datapacks\gstools\data\minecraft\function\hud\enhancedhud_sub\4318_sub\
	    New File  		    2207	0.mcfunction
	  New Dir          1	C:\Users\joshp\curseforge\minecraft\Instances\Alive Dev\saves\Desire Paths\datapacks\gstools\data\minecraft\function\hud\enhancedhud_sub\4335_sub\
	    New File  		    2207	0.mcfunction
	  New Dir          1	C:\Users\joshp\curseforge\minecraft\Instances\Alive Dev\saves\Desire Paths\datapacks\gstools\data\minecraft\function\hud\enhancedhud_sub\4352_sub\
	    New File  		    2207	0.mcfunction
	  New Dir          1	C:\Users\joshp\curseforge\minecraft\Instances\Alive Dev\saves\Desire Paths\datapacks\gstools\data\minecraft\function\hud\enhancedhud_sub\4369_sub\
	    New File  		    2207	0.mcfunction
	  New Dir          1	C:\Users\joshp\curseforge\minecraft\Instances\Alive Dev\saves\Desire Paths\datapacks\gstools\data\minecraft\function\hud\enhancedhud_sub\4386_sub\
	    New File  		    2207	0.mcfunction
	  New Dir          1	C:\Users\joshp\curseforge\minecraft\Instances\Alive Dev\saves\Desire Paths\datapacks\gstools\data\minecraft\function\hud\enhancedhud_sub\4403_sub\
	    New File  		    2207	0.mcfunction
	  New Dir          1	C:\Users\joshp\curseforge\minecraft\Instances\Alive Dev\saves\Desire Paths\datapacks\gstools\data\minecraft\function\hud\enhancedhud_sub\4420_sub\
	    New File  		    2207	0.mcfunction
	  New Dir          1	C:\Users\joshp\curseforge\minecraft\Instances\Alive Dev\saves\Desire Paths\datapacks\gstools\data\minecraft\function\hud\enhancedhud_sub\442_sub\
	    New File  		    2207	0.mcfunction
	  New Dir          1	C:\Users\joshp\curseforge\minecraft\Instances\Alive Dev\saves\Desire Paths\datapacks\gstools\data\minecraft\function\hud\enhancedhud_sub\4437_sub\
	    New File  		    2207	0.mcfunction
	  New Dir          1	C:\Users\joshp\curseforge\minecraft\Instances\Alive Dev\saves\Desire Paths\datapacks\gstools\data\minecraft\function\hud\enhancedhud_sub\4454_sub\
	    New File  		    2207	0.mcfunction
	  New Dir          1	C:\Users\joshp\curseforge\minecraft\Instances\Alive Dev\saves\Desire Paths\datapacks\gstools\data\minecraft\function\hud\enhancedhud_sub\4471_sub\
	    New File  		    2207	0.mcfunction
	  New Dir          1	C:\Users\joshp\curseforge\minecraft\Instances\Alive Dev\saves\Desire Paths\datapacks\gstools\data\minecraft\function\hud\enhancedhud_sub\4488_sub\
	    New File  		    2207	0.mcfunction
	  New Dir          1	C:\Users\joshp\curseforge\minecraft\Instances\Alive Dev\saves\Desire Paths\datapacks\gstools\data\minecraft\function\hud\enhancedhud_sub\4505_sub\
	    New File  		    2207	0.mcfunction
	  New Dir          1	C:\Users\joshp\curseforge\minecraft\Instances\Alive Dev\saves\Desire Paths\datapacks\gstools\data\minecraft\function\hud\enhancedhud_sub\4522_sub\
	    New File  		    2207	0.mcfunction
	  New Dir          1	C:\Users\joshp\curseforge\minecraft\Instances\Alive Dev\saves\Desire Paths\datapacks\gstools\data\minecraft\function\hud\enhancedhud_sub\4539_sub\
	    New File  		    2207	0.mcfunction
	  New Dir          1	C:\Users\joshp\curseforge\minecraft\Instances\Alive Dev\saves\Desire Paths\datapacks\gstools\data\minecraft\function\hud\enhancedhud_sub\4556_sub\
	    New File  		    2207	0.mcfunction
	  New Dir          1	C:\Users\joshp\curseforge\minecraft\Instances\Alive Dev\saves\Desire Paths\datapacks\gstools\data\minecraft\function\hud\enhancedhud_sub\4573_sub\
	    New File  		    2207	0.mcfunction
	  New Dir          1	C:\Users\joshp\curseforge\minecraft\Instances\Alive Dev\saves\Desire Paths\datapacks\gstools\data\minecraft\function\hud\enhancedhud_sub\4590_sub\
	    New File  		    2207	0.mcfunction
	  New Dir          1	C:\Users\joshp\curseforge\minecraft\Instances\Alive Dev\saves\Desire Paths\datapacks\gstools\data\minecraft\function\hud\enhancedhud_sub\459_sub\
	    New File  		    2207	0.mcfunction
	  New Dir          1	C:\Users\joshp\curseforge\minecraft\Instances\Alive Dev\saves\Desire Paths\datapacks\gstools\data\minecraft\function\hud\enhancedhud_sub\4607_sub\
	    New File  		    2207	0.mcfunction
	  New Dir          1	C:\Users\joshp\curseforge\minecraft\Instances\Alive Dev\saves\Desire Paths\datapacks\gstools\data\minecraft\function\hud\enhancedhud_sub\4624_sub\
	    New File  		    2207	0.mcfunction
	  New Dir          1	C:\Users\joshp\curseforge\minecraft\Instances\Alive Dev\saves\Desire Paths\datapacks\gstools\data\minecraft\function\hud\enhancedhud_sub\4641_sub\
	    New File  		    2207	0.mcfunction
	  New Dir          1	C:\Users\joshp\curseforge\minecraft\Instances\Alive Dev\saves\Desire Paths\datapacks\gstools\data\minecraft\function\hud\enhancedhud_sub\4658_sub\
	    New File  		    2207	0.mcfunction
	  New Dir          1	C:\Users\joshp\curseforge\minecraft\Instances\Alive Dev\saves\Desire Paths\datapacks\gstools\data\minecraft\function\hud\enhancedhud_sub\4675_sub\
	    New File  		    2207	0.mcfunction
	  New Dir          1	C:\Users\joshp\curseforge\minecraft\Instances\Alive Dev\saves\Desire Paths\datapacks\gstools\data\minecraft\function\hud\enhancedhud_sub\4692_sub\
	    New File  		    2207	0.mcfunction
	  New Dir          1	C:\Users\joshp\curseforge\minecraft\Instances\Alive Dev\saves\Desire Paths\datapacks\gstools\data\minecraft\function\hud\enhancedhud_sub\4709_sub\
	    New File  		    2207	0.mcfunction
	  New Dir          1	C:\Users\joshp\curseforge\minecraft\Instances\Alive Dev\saves\Desire Paths\datapacks\gstools\data\minecraft\function\hud\enhancedhud_sub\4726_sub\
	    New File  		    2207	0.mcfunction
	  New Dir          1	C:\Users\joshp\curseforge\minecraft\Instances\Alive Dev\saves\Desire Paths\datapacks\gstools\data\minecraft\function\hud\enhancedhud_sub\4743_sub\
	    New File  		    2207	0.mcfunction
	  New Dir          1	C:\Users\joshp\curseforge\minecraft\Instances\Alive Dev\saves\Desire Paths\datapacks\gstools\data\minecraft\function\hud\enhancedhud_sub\4760_sub\
	    New File  		    2207	0.mcfunction
	  New Dir          1	C:\Users\joshp\curseforge\minecraft\Instances\Alive Dev\saves\Desire Paths\datapacks\gstools\data\minecraft\function\hud\enhancedhud_sub\476_sub\
	    New File  		    2207	0.mcfunction
	  New Dir          1	C:\Users\joshp\curseforge\minecraft\Instances\Alive Dev\saves\Desire Paths\datapacks\gstools\data\minecraft\function\hud\enhancedhud_sub\4777_sub\
	    New File  		    2207	0.mcfunction
	  New Dir          1	C:\Users\joshp\curseforge\minecraft\Instances\Alive Dev\saves\Desire Paths\datapacks\gstools\data\minecraft\function\hud\enhancedhud_sub\4794_sub\
	    New File  		    2207	0.mcfunction
	  New Dir          1	C:\Users\joshp\curseforge\minecraft\Instances\Alive Dev\saves\Desire Paths\datapacks\gstools\data\minecraft\function\hud\enhancedhud_sub\4811_sub\
	    New File  		    2207	0.mcfunction
	  New Dir          1	C:\Users\joshp\curseforge\minecraft\Instances\Alive Dev\saves\Desire Paths\datapacks\gstools\data\minecraft\function\hud\enhancedhud_sub\4828_sub\
	    New File  		    2207	0.mcfunction
	  New Dir          1	C:\Users\joshp\curseforge\minecraft\Instances\Alive Dev\saves\Desire Paths\datapacks\gstools\data\minecraft\function\hud\enhancedhud_sub\4845_sub\
	    New File  		    2207	0.mcfunction
	  New Dir          1	C:\Users\joshp\curseforge\minecraft\Instances\Alive Dev\saves\Desire Paths\datapacks\gstools\data\minecraft\function\hud\enhancedhud_sub\4862_sub\
	    New File  		    2207	0.mcfunction
	  New Dir          1	C:\Users\joshp\curseforge\minecraft\Instances\Alive Dev\saves\Desire Paths\datapacks\gstools\data\minecraft\function\hud\enhancedhud_sub\4879_sub\
	    New File  		    2207	0.mcfunction
	  New Dir          1	C:\Users\joshp\curseforge\minecraft\Instances\Alive Dev\saves\Desire Paths\datapacks\gstools\data\minecraft\function\hud\enhancedhud_sub\4896_sub\
	    New File  		    2207	0.mcfunction
	  New Dir          1	C:\Users\joshp\curseforge\minecraft\Instances\Alive Dev\saves\Desire Paths\datapacks\gstools\data\minecraft\function\hud\enhancedhud_sub\4913_sub\
	    New File  		    2207	0.mcfunction
	  New Dir          1	C:\Users\joshp\curseforge\minecraft\Instances\Alive Dev\saves\Desire Paths\datapacks\gstools\data\minecraft\function\hud\enhancedhud_sub\4930_sub\
	    New File  		    2207	0.mcfunction
	  New Dir          1	C:\Users\joshp\curseforge\minecraft\Instances\Alive Dev\saves\Desire Paths\datapacks\gstools\data\minecraft\function\hud\enhancedhud_sub\493_sub\
	    New File  		    2207	0.mcfunction
	  New Dir          1	C:\Users\joshp\curseforge\minecraft\Instances\Alive Dev\saves\Desire Paths\datapacks\gstools\data\minecraft\function\hud\enhancedhud_sub\4947_sub\
	    New File  		    2207	0.mcfunction
	  New Dir          1	C:\Users\joshp\curseforge\minecraft\Instances\Alive Dev\saves\Desire Paths\datapacks\gstools\data\minecraft\function\hud\enhancedhud_sub\4964_sub\
	    New File  		    2207	0.mcfunction
	  New Dir          1	C:\Users\joshp\curseforge\minecraft\Instances\Alive Dev\saves\Desire Paths\datapacks\gstools\data\minecraft\function\hud\enhancedhud_sub\4981_sub\
	    New File  		    2207	0.mcfunction
	  New Dir          1	C:\Users\joshp\curseforge\minecraft\Instances\Alive Dev\saves\Desire Paths\datapacks\gstools\data\minecraft\function\hud\enhancedhud_sub\4998_sub\
	    New File  		    2207	0.mcfunction
	  New Dir          1	C:\Users\joshp\curseforge\minecraft\Instances\Alive Dev\saves\Desire Paths\datapacks\gstools\data\minecraft\function\hud\enhancedhud_sub\5015_sub\
	    New File  		    2207	0.mcfunction
	  New Dir          1	C:\Users\joshp\curseforge\minecraft\Instances\Alive Dev\saves\Desire Paths\datapacks\gstools\data\minecraft\function\hud\enhancedhud_sub\5032_sub\
	    New File  		    2207	0.mcfunction
	  New Dir          1	C:\Users\joshp\curseforge\minecraft\Instances\Alive Dev\saves\Desire Paths\datapacks\gstools\data\minecraft\function\hud\enhancedhud_sub\5049_sub\
	    New File  		    2207	0.mcfunction
	  New Dir          1	C:\Users\joshp\curseforge\minecraft\Instances\Alive Dev\saves\Desire Paths\datapacks\gstools\data\minecraft\function\hud\enhancedhud_sub\5066_sub\
	    New File  		    2207	0.mcfunction
	  New Dir          1	C:\Users\joshp\curseforge\minecraft\Instances\Alive Dev\saves\Desire Paths\datapacks\gstools\data\minecraft\function\hud\enhancedhud_sub\5083_sub\
	    New File  		    2207	0.mcfunction
	  New Dir          1	C:\Users\joshp\curseforge\minecraft\Instances\Alive Dev\saves\Desire Paths\datapacks\gstools\data\minecraft\function\hud\enhancedhud_sub\5100_sub\
	    New File  		    2207	0.mcfunction
	  New Dir          1	C:\Users\joshp\curseforge\minecraft\Instances\Alive Dev\saves\Desire Paths\datapacks\gstools\data\minecraft\function\hud\enhancedhud_sub\510_sub\
	    New File  		    2207	0.mcfunction
	  New Dir          1	C:\Users\joshp\curseforge\minecraft\Instances\Alive Dev\saves\Desire Paths\datapacks\gstools\data\minecraft\function\hud\enhancedhud_sub\5117_sub\
	    New File  		    2207	0.mcfunction
	  New Dir          1	C:\Users\joshp\curseforge\minecraft\Instances\Alive Dev\saves\Desire Paths\datapacks\gstools\data\minecraft\function\hud\enhancedhud_sub\5134_sub\
	    New File  		    2207	0.mcfunction
	  New Dir          1	C:\Users\joshp\curseforge\minecraft\Instances\Alive Dev\saves\Desire Paths\datapacks\gstools\data\minecraft\function\hud\enhancedhud_sub\5151_sub\
	    New File  		    2207	0.mcfunction
	  New Dir          1	C:\Users\joshp\curseforge\minecraft\Instances\Alive Dev\saves\Desire Paths\datapacks\gstools\data\minecraft\function\hud\enhancedhud_sub\5168_sub\
	    New File  		    2207	0.mcfunction
	  New Dir          1	C:\Users\joshp\curseforge\minecraft\Instances\Alive Dev\saves\Desire Paths\datapacks\gstools\data\minecraft\function\hud\enhancedhud_sub\5185_sub\
	    New File  		    2207	0.mcfunction
	  New Dir          1	C:\Users\joshp\curseforge\minecraft\Instances\Alive Dev\saves\Desire Paths\datapacks\gstools\data\minecraft\function\hud\enhancedhud_sub\51_sub\
	    New File  		    2207	0.mcfunction
	  New Dir          1	C:\Users\joshp\curseforge\minecraft\Instances\Alive Dev\saves\Desire Paths\datapacks\gstools\data\minecraft\function\hud\enhancedhud_sub\5202_sub\
	    New File  		    2207	0.mcfunction
	  New Dir          1	C:\Users\joshp\curseforge\minecraft\Instances\Alive Dev\saves\Desire Paths\datapacks\gstools\data\minecraft\function\hud\enhancedhud_sub\5219_sub\
	    New File  		    2207	0.mcfunction
	  New Dir          1	C:\Users\joshp\curseforge\minecraft\Instances\Alive Dev\saves\Desire Paths\datapacks\gstools\data\minecraft\function\hud\enhancedhud_sub\5236_sub\
	    New File  		    2207	0.mcfunction
	  New Dir          1	C:\Users\joshp\curseforge\minecraft\Instances\Alive Dev\saves\Desire Paths\datapacks\gstools\data\minecraft\function\hud\enhancedhud_sub\5253_sub\
	    New File  		    2207	0.mcfunction
	  New Dir          1	C:\Users\joshp\curseforge\minecraft\Instances\Alive Dev\saves\Desire Paths\datapacks\gstools\data\minecraft\function\hud\enhancedhud_sub\5270_sub\
	    New File  		    2207	0.mcfunction
	  New Dir          1	C:\Users\joshp\curseforge\minecraft\Instances\Alive Dev\saves\Desire Paths\datapacks\gstools\data\minecraft\function\hud\enhancedhud_sub\527_sub\
	    New File  		    2207	0.mcfunction
	  New Dir          1	C:\Users\joshp\curseforge\minecraft\Instances\Alive Dev\saves\Desire Paths\datapacks\gstools\data\minecraft\function\hud\enhancedhud_sub\5287_sub\
	    New File  		    2207	0.mcfunction
	  New Dir          1	C:\Users\joshp\curseforge\minecraft\Instances\Alive Dev\saves\Desire Paths\datapacks\gstools\data\minecraft\function\hud\enhancedhud_sub\5304_sub\
	    New File  		    2207	0.mcfunction
	  New Dir          1	C:\Users\joshp\curseforge\minecraft\Instances\Alive Dev\saves\Desire Paths\datapacks\gstools\data\minecraft\function\hud\enhancedhud_sub\5321_sub\
	    New File  		    2207	0.mcfunction
	  New Dir          1	C:\Users\joshp\curseforge\minecraft\Instances\Alive Dev\saves\Desire Paths\datapacks\gstools\data\minecraft\function\hud\enhancedhud_sub\5338_sub\
	    New File  		    2207	0.mcfunction
	  New Dir          1	C:\Users\joshp\curseforge\minecraft\Instances\Alive Dev\saves\Desire Paths\datapacks\gstools\data\minecraft\function\hud\enhancedhud_sub\5355_sub\
	    New File  		    2207	0.mcfunction
	  New Dir          1	C:\Users\joshp\curseforge\minecraft\Instances\Alive Dev\saves\Desire Paths\datapacks\gstools\data\minecraft\function\hud\enhancedhud_sub\5372_sub\
	    New File  		    2207	0.mcfunction
	  New Dir          1	C:\Users\joshp\curseforge\minecraft\Instances\Alive Dev\saves\Desire Paths\datapacks\gstools\data\minecraft\function\hud\enhancedhud_sub\5389_sub\
	    New File  		    2207	0.mcfunction
	  New Dir          1	C:\Users\joshp\curseforge\minecraft\Instances\Alive Dev\saves\Desire Paths\datapacks\gstools\data\minecraft\function\hud\enhancedhud_sub\5406_sub\
	    New File  		    2207	0.mcfunction
	  New Dir          1	C:\Users\joshp\curseforge\minecraft\Instances\Alive Dev\saves\Desire Paths\datapacks\gstools\data\minecraft\function\hud\enhancedhud_sub\5423_sub\
	    New File  		    2207	0.mcfunction
	  New Dir          1	C:\Users\joshp\curseforge\minecraft\Instances\Alive Dev\saves\Desire Paths\datapacks\gstools\data\minecraft\function\hud\enhancedhud_sub\5440_sub\
	    New File  		    2207	0.mcfunction
	  New Dir          1	C:\Users\joshp\curseforge\minecraft\Instances\Alive Dev\saves\Desire Paths\datapacks\gstools\data\minecraft\function\hud\enhancedhud_sub\544_sub\
	    New File  		    2207	0.mcfunction
	  New Dir          1	C:\Users\joshp\curseforge\minecraft\Instances\Alive Dev\saves\Desire Paths\datapacks\gstools\data\minecraft\function\hud\enhancedhud_sub\5457_sub\
	    New File  		    2207	0.mcfunction
	  New Dir          1	C:\Users\joshp\curseforge\minecraft\Instances\Alive Dev\saves\Desire Paths\datapacks\gstools\data\minecraft\function\hud\enhancedhud_sub\5474_sub\
	    New File  		    2207	0.mcfunction
	  New Dir          1	C:\Users\joshp\curseforge\minecraft\Instances\Alive Dev\saves\Desire Paths\datapacks\gstools\data\minecraft\function\hud\enhancedhud_sub\5491_sub\
	    New File  		    2207	0.mcfunction
	  New Dir          1	C:\Users\joshp\curseforge\minecraft\Instances\Alive Dev\saves\Desire Paths\datapacks\gstools\data\minecraft\function\hud\enhancedhud_sub\5508_sub\
	    New File  		    2207	0.mcfunction
	  New Dir          1	C:\Users\joshp\curseforge\minecraft\Instances\Alive Dev\saves\Desire Paths\datapacks\gstools\data\minecraft\function\hud\enhancedhud_sub\5525_sub\
	    New File  		    2207	0.mcfunction
	  New Dir          1	C:\Users\joshp\curseforge\minecraft\Instances\Alive Dev\saves\Desire Paths\datapacks\gstools\data\minecraft\function\hud\enhancedhud_sub\5542_sub\
	    New File  		    2207	0.mcfunction
	  New Dir          1	C:\Users\joshp\curseforge\minecraft\Instances\Alive Dev\saves\Desire Paths\datapacks\gstools\data\minecraft\function\hud\enhancedhud_sub\5559_sub\
	    New File  		    2207	0.mcfunction
	  New Dir          1	C:\Users\joshp\curseforge\minecraft\Instances\Alive Dev\saves\Desire Paths\datapacks\gstools\data\minecraft\function\hud\enhancedhud_sub\5576_sub\
	    New File  		    2207	0.mcfunction
	  New Dir          1	C:\Users\joshp\curseforge\minecraft\Instances\Alive Dev\saves\Desire Paths\datapacks\gstools\data\minecraft\function\hud\enhancedhud_sub\5593_sub\
	    New File  		    2207	0.mcfunction
	  New Dir          1	C:\Users\joshp\curseforge\minecraft\Instances\Alive Dev\saves\Desire Paths\datapacks\gstools\data\minecraft\function\hud\enhancedhud_sub\5610_sub\
	    New File  		    2207	0.mcfunction
	  New Dir          1	C:\Users\joshp\curseforge\minecraft\Instances\Alive Dev\saves\Desire Paths\datapacks\gstools\data\minecraft\function\hud\enhancedhud_sub\561_sub\
	    New File  		    2207	0.mcfunction
	  New Dir          1	C:\Users\joshp\curseforge\minecraft\Instances\Alive Dev\saves\Desire Paths\datapacks\gstools\data\minecraft\function\hud\enhancedhud_sub\5627_sub\
	    New File  		    2207	0.mcfunction
	  New Dir          1	C:\Users\joshp\curseforge\minecraft\Instances\Alive Dev\saves\Desire Paths\datapacks\gstools\data\minecraft\function\hud\enhancedhud_sub\5644_sub\
	    New File  		    2207	0.mcfunction
	  New Dir          1	C:\Users\joshp\curseforge\minecraft\Instances\Alive Dev\saves\Desire Paths\datapacks\gstools\data\minecraft\function\hud\enhancedhud_sub\5661_sub\
	    New File  		    2207	0.mcfunction
	  New Dir          1	C:\Users\joshp\curseforge\minecraft\Instances\Alive Dev\saves\Desire Paths\datapacks\gstools\data\minecraft\function\hud\enhancedhud_sub\5678_sub\
	    New File  		    2207	0.mcfunction
	  New Dir          1	C:\Users\joshp\curseforge\minecraft\Instances\Alive Dev\saves\Desire Paths\datapacks\gstools\data\minecraft\function\hud\enhancedhud_sub\5695_sub\
	    New File  		    2207	0.mcfunction
	  New Dir          1	C:\Users\joshp\curseforge\minecraft\Instances\Alive Dev\saves\Desire Paths\datapacks\gstools\data\minecraft\function\hud\enhancedhud_sub\5712_sub\
	    New File  		    2207	0.mcfunction
	  New Dir          1	C:\Users\joshp\curseforge\minecraft\Instances\Alive Dev\saves\Desire Paths\datapacks\gstools\data\minecraft\function\hud\enhancedhud_sub\5729_sub\
	    New File  		    2207	0.mcfunction
	  New Dir          1	C:\Users\joshp\curseforge\minecraft\Instances\Alive Dev\saves\Desire Paths\datapacks\gstools\data\minecraft\function\hud\enhancedhud_sub\5746_sub\
	    New File  		    2207	0.mcfunction
	  New Dir          1	C:\Users\joshp\curseforge\minecraft\Instances\Alive Dev\saves\Desire Paths\datapacks\gstools\data\minecraft\function\hud\enhancedhud_sub\5763_sub\
	    New File  		    2207	0.mcfunction
	  New Dir          1	C:\Users\joshp\curseforge\minecraft\Instances\Alive Dev\saves\Desire Paths\datapacks\gstools\data\minecraft\function\hud\enhancedhud_sub\5780_sub\
	    New File  		    2207	0.mcfunction
	  New Dir          1	C:\Users\joshp\curseforge\minecraft\Instances\Alive Dev\saves\Desire Paths\datapacks\gstools\data\minecraft\function\hud\enhancedhud_sub\578_sub\
	    New File  		    2207	0.mcfunction
	  New Dir          1	C:\Users\joshp\curseforge\minecraft\Instances\Alive Dev\saves\Desire Paths\datapacks\gstools\data\minecraft\function\hud\enhancedhud_sub\5797_sub\
	    New File  		    2207	0.mcfunction
	  New Dir          1	C:\Users\joshp\curseforge\minecraft\Instances\Alive Dev\saves\Desire Paths\datapacks\gstools\data\minecraft\function\hud\enhancedhud_sub\5814_sub\
	    New File  		    2207	0.mcfunction
	  New Dir          1	C:\Users\joshp\curseforge\minecraft\Instances\Alive Dev\saves\Desire Paths\datapacks\gstools\data\minecraft\function\hud\enhancedhud_sub\5831_sub\
	    New File  		    2207	0.mcfunction
	  New Dir          1	C:\Users\joshp\curseforge\minecraft\Instances\Alive Dev\saves\Desire Paths\datapacks\gstools\data\minecraft\function\hud\enhancedhud_sub\5848_sub\
	    New File  		    2207	0.mcfunction
	  New Dir          1	C:\Users\joshp\curseforge\minecraft\Instances\Alive Dev\saves\Desire Paths\datapacks\gstools\data\minecraft\function\hud\enhancedhud_sub\5865_sub\
	    New File  		    2207	0.mcfunction
	  New Dir          1	C:\Users\joshp\curseforge\minecraft\Instances\Alive Dev\saves\Desire Paths\datapacks\gstools\data\minecraft\function\hud\enhancedhud_sub\5882_sub\
	    New File  		    2207	0.mcfunction
	  New Dir          1	C:\Users\joshp\curseforge\minecraft\Instances\Alive Dev\saves\Desire Paths\datapacks\gstools\data\minecraft\function\hud\enhancedhud_sub\5899_sub\
	    New File  		    2207	0.mcfunction
	  New Dir          1	C:\Users\joshp\curseforge\minecraft\Instances\Alive Dev\saves\Desire Paths\datapacks\gstools\data\minecraft\function\hud\enhancedhud_sub\5916_sub\
	    New File  		    2207	0.mcfunction
	  New Dir          1	C:\Users\joshp\curseforge\minecraft\Instances\Alive Dev\saves\Desire Paths\datapacks\gstools\data\minecraft\function\hud\enhancedhud_sub\5933_sub\
	    New File  		    2207	0.mcfunction
	  New Dir          1	C:\Users\joshp\curseforge\minecraft\Instances\Alive Dev\saves\Desire Paths\datapacks\gstools\data\minecraft\function\hud\enhancedhud_sub\5950_sub\
	    New File  		    2207	0.mcfunction
	  New Dir          1	C:\Users\joshp\curseforge\minecraft\Instances\Alive Dev\saves\Desire Paths\datapacks\gstools\data\minecraft\function\hud\enhancedhud_sub\595_sub\
	    New File  		    2207	0.mcfunction
	  New Dir          1	C:\Users\joshp\curseforge\minecraft\Instances\Alive Dev\saves\Desire Paths\datapacks\gstools\data\minecraft\function\hud\enhancedhud_sub\5967_sub\
	    New File  		    2207	0.mcfunction
	  New Dir          1	C:\Users\joshp\curseforge\minecraft\Instances\Alive Dev\saves\Desire Paths\datapacks\gstools\data\minecraft\function\hud\enhancedhud_sub\5984_sub\
	    New File  		    2207	0.mcfunction
	  New Dir          1	C:\Users\joshp\curseforge\minecraft\Instances\Alive Dev\saves\Desire Paths\datapacks\gstools\data\minecraft\function\hud\enhancedhud_sub\6001_sub\
	    New File  		    2207	0.mcfunction
	  New Dir          1	C:\Users\joshp\curseforge\minecraft\Instances\Alive Dev\saves\Desire Paths\datapacks\gstools\data\minecraft\function\hud\enhancedhud_sub\6018_sub\
	    New File  		    2207	0.mcfunction
	  New Dir          1	C:\Users\joshp\curseforge\minecraft\Instances\Alive Dev\saves\Desire Paths\datapacks\gstools\data\minecraft\function\hud\enhancedhud_sub\6035_sub\
	    New File  		    2207	0.mcfunction
	  New Dir          1	C:\Users\joshp\curseforge\minecraft\Instances\Alive Dev\saves\Desire Paths\datapacks\gstools\data\minecraft\function\hud\enhancedhud_sub\6052_sub\
	    New File  		    2207	0.mcfunction
	  New Dir          1	C:\Users\joshp\curseforge\minecraft\Instances\Alive Dev\saves\Desire Paths\datapacks\gstools\data\minecraft\function\hud\enhancedhud_sub\6069_sub\
	    New File  		    2207	0.mcfunction
	  New Dir          1	C:\Users\joshp\curseforge\minecraft\Instances\Alive Dev\saves\Desire Paths\datapacks\gstools\data\minecraft\function\hud\enhancedhud_sub\6086_sub\
	    New File  		    2207	0.mcfunction
	  New Dir          1	C:\Users\joshp\curseforge\minecraft\Instances\Alive Dev\saves\Desire Paths\datapacks\gstools\data\minecraft\function\hud\enhancedhud_sub\6103_sub\
	    New File  		    2207	0.mcfunction
	  New Dir          1	C:\Users\joshp\curseforge\minecraft\Instances\Alive Dev\saves\Desire Paths\datapacks\gstools\data\minecraft\function\hud\enhancedhud_sub\6120_sub\
	    New File  		    2207	0.mcfunction
	  New Dir          1	C:\Users\joshp\curseforge\minecraft\Instances\Alive Dev\saves\Desire Paths\datapacks\gstools\data\minecraft\function\hud\enhancedhud_sub\612_sub\
	    New File  		    2207	0.mcfunction
	  New Dir          1	C:\Users\joshp\curseforge\minecraft\Instances\Alive Dev\saves\Desire Paths\datapacks\gstools\data\minecraft\function\hud\enhancedhud_sub\6137_sub\
	    New File  		    2207	0.mcfunction
	  New Dir          1	C:\Users\joshp\curseforge\minecraft\Instances\Alive Dev\saves\Desire Paths\datapacks\gstools\data\minecraft\function\hud\enhancedhud_sub\6154_sub\
	    New File  		    2207	0.mcfunction
	  New Dir          1	C:\Users\joshp\curseforge\minecraft\Instances\Alive Dev\saves\Desire Paths\datapacks\gstools\data\minecraft\function\hud\enhancedhud_sub\6171_sub\
	    New File  		    2207	0.mcfunction
	  New Dir          1	C:\Users\joshp\curseforge\minecraft\Instances\Alive Dev\saves\Desire Paths\datapacks\gstools\data\minecraft\function\hud\enhancedhud_sub\6188_sub\
	    New File  		    2207	0.mcfunction
	  New Dir          1	C:\Users\joshp\curseforge\minecraft\Instances\Alive Dev\saves\Desire Paths\datapacks\gstools\data\minecraft\function\hud\enhancedhud_sub\6205_sub\
	    New File  		    2207	0.mcfunction
	  New Dir          1	C:\Users\joshp\curseforge\minecraft\Instances\Alive Dev\saves\Desire Paths\datapacks\gstools\data\minecraft\function\hud\enhancedhud_sub\6222_sub\
	    New File  		    2207	0.mcfunction
	  New Dir          1	C:\Users\joshp\curseforge\minecraft\Instances\Alive Dev\saves\Desire Paths\datapacks\gstools\data\minecraft\function\hud\enhancedhud_sub\6239_sub\
	    New File  		    2207	0.mcfunction
	  New Dir          1	C:\Users\joshp\curseforge\minecraft\Instances\Alive Dev\saves\Desire Paths\datapacks\gstools\data\minecraft\function\hud\enhancedhud_sub\6256_sub\
	    New File  		    2207	0.mcfunction
	  New Dir          1	C:\Users\joshp\curseforge\minecraft\Instances\Alive Dev\saves\Desire Paths\datapacks\gstools\data\minecraft\function\hud\enhancedhud_sub\6273_sub\
	    New File  		    2207	0.mcfunction
	  New Dir          1	C:\Users\joshp\curseforge\minecraft\Instances\Alive Dev\saves\Desire Paths\datapacks\gstools\data\minecraft\function\hud\enhancedhud_sub\6290_sub\
	    New File  		    2207	0.mcfunction
	  New Dir          1	C:\Users\joshp\curseforge\minecraft\Instances\Alive Dev\saves\Desire Paths\datapacks\gstools\data\minecraft\function\hud\enhancedhud_sub\629_sub\
	    New File  		    2207	0.mcfunction
	  New Dir          1	C:\Users\joshp\curseforge\minecraft\Instances\Alive Dev\saves\Desire Paths\datapacks\gstools\data\minecraft\function\hud\enhancedhud_sub\6307_sub\
	    New File  		    2207	0.mcfunction
	  New Dir          1	C:\Users\joshp\curseforge\minecraft\Instances\Alive Dev\saves\Desire Paths\datapacks\gstools\data\minecraft\function\hud\enhancedhud_sub\6324_sub\
	    New File  		    2207	0.mcfunction
	  New Dir          1	C:\Users\joshp\curseforge\minecraft\Instances\Alive Dev\saves\Desire Paths\datapacks\gstools\data\minecraft\function\hud\enhancedhud_sub\6341_sub\
	    New File  		    2207	0.mcfunction
	  New Dir          1	C:\Users\joshp\curseforge\minecraft\Instances\Alive Dev\saves\Desire Paths\datapacks\gstools\data\minecraft\function\hud\enhancedhud_sub\6358_sub\
	    New File  		    2207	0.mcfunction
	  New Dir          1	C:\Users\joshp\curseforge\minecraft\Instances\Alive Dev\saves\Desire Paths\datapacks\gstools\data\minecraft\function\hud\enhancedhud_sub\6375_sub\
	    New File  		    2207	0.mcfunction
	  New Dir          1	C:\Users\joshp\curseforge\minecraft\Instances\Alive Dev\saves\Desire Paths\datapacks\gstools\data\minecraft\function\hud\enhancedhud_sub\6392_sub\
	    New File  		    2207	0.mcfunction
	  New Dir          1	C:\Users\joshp\curseforge\minecraft\Instances\Alive Dev\saves\Desire Paths\datapacks\gstools\data\minecraft\function\hud\enhancedhud_sub\6409_sub\
	    New File  		    2207	0.mcfunction
	  New Dir          1	C:\Users\joshp\curseforge\minecraft\Instances\Alive Dev\saves\Desire Paths\datapacks\gstools\data\minecraft\function\hud\enhancedhud_sub\6426_sub\
	    New File  		    2207	0.mcfunction
	  New Dir          1	C:\Users\joshp\curseforge\minecraft\Instances\Alive Dev\saves\Desire Paths\datapacks\gstools\data\minecraft\function\hud\enhancedhud_sub\6443_sub\
	    New File  		    2207	0.mcfunction
	  New Dir          1	C:\Users\joshp\curseforge\minecraft\Instances\Alive Dev\saves\Desire Paths\datapacks\gstools\data\minecraft\function\hud\enhancedhud_sub\6460_sub\
	    New File  		    2207	0.mcfunction
	  New Dir          1	C:\Users\joshp\curseforge\minecraft\Instances\Alive Dev\saves\Desire Paths\datapacks\gstools\data\minecraft\function\hud\enhancedhud_sub\646_sub\
	    New File  		    2207	0.mcfunction
	  New Dir          1	C:\Users\joshp\curseforge\minecraft\Instances\Alive Dev\saves\Desire Paths\datapacks\gstools\data\minecraft\function\hud\enhancedhud_sub\6477_sub\
	    New File  		    2207	0.mcfunction
	  New Dir          1	C:\Users\joshp\curseforge\minecraft\Instances\Alive Dev\saves\Desire Paths\datapacks\gstools\data\minecraft\function\hud\enhancedhud_sub\6494_sub\
	    New File  		    2207	0.mcfunction
	  New Dir          1	C:\Users\joshp\curseforge\minecraft\Instances\Alive Dev\saves\Desire Paths\datapacks\gstools\data\minecraft\function\hud\enhancedhud_sub\6511_sub\
	    New File  		    2207	0.mcfunction
	  New Dir          1	C:\Users\joshp\curseforge\minecraft\Instances\Alive Dev\saves\Desire Paths\datapacks\gstools\data\minecraft\function\hud\enhancedhud_sub\6528_sub\
	    New File  		    2207	0.mcfunction
	  New Dir          1	C:\Users\joshp\curseforge\minecraft\Instances\Alive Dev\saves\Desire Paths\datapacks\gstools\data\minecraft\function\hud\enhancedhud_sub\6545_sub\
	    New File  		    2207	0.mcfunction
	  New Dir          1	C:\Users\joshp\curseforge\minecraft\Instances\Alive Dev\saves\Desire Paths\datapacks\gstools\data\minecraft\function\hud\enhancedhud_sub\6562_sub\
	    New File  		    2207	0.mcfunction
	  New Dir          1	C:\Users\joshp\curseforge\minecraft\Instances\Alive Dev\saves\Desire Paths\datapacks\gstools\data\minecraft\function\hud\enhancedhud_sub\6579_sub\
	    New File  		    2207	0.mcfunction
	  New Dir          1	C:\Users\joshp\curseforge\minecraft\Instances\Alive Dev\saves\Desire Paths\datapacks\gstools\data\minecraft\function\hud\enhancedhud_sub\6596_sub\
	    New File  		    2207	0.mcfunction
	  New Dir          1	C:\Users\joshp\curseforge\minecraft\Instances\Alive Dev\saves\Desire Paths\datapacks\gstools\data\minecraft\function\hud\enhancedhud_sub\6613_sub\
	    New File  		    2207	0.mcfunction
	  New Dir          1	C:\Users\joshp\curseforge\minecraft\Instances\Alive Dev\saves\Desire Paths\datapacks\gstools\data\minecraft\function\hud\enhancedhud_sub\6630_sub\
	    New File  		    2207	0.mcfunction
	  New Dir          1	C:\Users\joshp\curseforge\minecraft\Instances\Alive Dev\saves\Desire Paths\datapacks\gstools\data\minecraft\function\hud\enhancedhud_sub\663_sub\
	    New File  		    2207	0.mcfunction
	  New Dir          1	C:\Users\joshp\curseforge\minecraft\Instances\Alive Dev\saves\Desire Paths\datapacks\gstools\data\minecraft\function\hud\enhancedhud_sub\6647_sub\
	    New File  		    2207	0.mcfunction
	  New Dir          1	C:\Users\joshp\curseforge\minecraft\Instances\Alive Dev\saves\Desire Paths\datapacks\gstools\data\minecraft\function\hud\enhancedhud_sub\6664_sub\
	    New File  		    2207	0.mcfunction
	  New Dir          1	C:\Users\joshp\curseforge\minecraft\Instances\Alive Dev\saves\Desire Paths\datapacks\gstools\data\minecraft\function\hud\enhancedhud_sub\6681_sub\
	    New File  		    2207	0.mcfunction
	  New Dir          1	C:\Users\joshp\curseforge\minecraft\Instances\Alive Dev\saves\Desire Paths\datapacks\gstools\data\minecraft\function\hud\enhancedhud_sub\6698_sub\
	    New File  		    2207	0.mcfunction
	  New Dir          1	C:\Users\joshp\curseforge\minecraft\Instances\Alive Dev\saves\Desire Paths\datapacks\gstools\data\minecraft\function\hud\enhancedhud_sub\6715_sub\
	    New File  		    2207	0.mcfunction
	  New Dir          1	C:\Users\joshp\curseforge\minecraft\Instances\Alive Dev\saves\Desire Paths\datapacks\gstools\data\minecraft\function\hud\enhancedhud_sub\6732_sub\
	    New File  		    2207	0.mcfunction
	  New Dir          1	C:\Users\joshp\curseforge\minecraft\Instances\Alive Dev\saves\Desire Paths\datapacks\gstools\data\minecraft\function\hud\enhancedhud_sub\6749_sub\
	    New File  		    2207	0.mcfunction
	  New Dir          1	C:\Users\joshp\curseforge\minecraft\Instances\Alive Dev\saves\Desire Paths\datapacks\gstools\data\minecraft\function\hud\enhancedhud_sub\6766_sub\
	    New File  		    2207	0.mcfunction
	  New Dir          1	C:\Users\joshp\curseforge\minecraft\Instances\Alive Dev\saves\Desire Paths\datapacks\gstools\data\minecraft\function\hud\enhancedhud_sub\6783_sub\
	    New File  		    2207	0.mcfunction
	  New Dir          1	C:\Users\joshp\curseforge\minecraft\Instances\Alive Dev\saves\Desire Paths\datapacks\gstools\data\minecraft\function\hud\enhancedhud_sub\6800_sub\
	    New File  		    2207	0.mcfunction
	  New Dir          1	C:\Users\joshp\curseforge\minecraft\Instances\Alive Dev\saves\Desire Paths\datapacks\gstools\data\minecraft\function\hud\enhancedhud_sub\680_sub\
	    New File  		    2207	0.mcfunction
	  New Dir          1	C:\Users\joshp\curseforge\minecraft\Instances\Alive Dev\saves\Desire Paths\datapacks\gstools\data\minecraft\function\hud\enhancedhud_sub\6817_sub\
	    New File  		    2207	0.mcfunction
	  New Dir          1	C:\Users\joshp\curseforge\minecraft\Instances\Alive Dev\saves\Desire Paths\datapacks\gstools\data\minecraft\function\hud\enhancedhud_sub\6834_sub\
	    New File  		    2207	0.mcfunction
	  New Dir          1	C:\Users\joshp\curseforge\minecraft\Instances\Alive Dev\saves\Desire Paths\datapacks\gstools\data\minecraft\function\hud\enhancedhud_sub\6851_sub\
	    New File  		    2207	0.mcfunction
	  New Dir          1	C:\Users\joshp\curseforge\minecraft\Instances\Alive Dev\saves\Desire Paths\datapacks\gstools\data\minecraft\function\hud\enhancedhud_sub\6868_sub\
	    New File  		    2207	0.mcfunction
	  New Dir          1	C:\Users\joshp\curseforge\minecraft\Instances\Alive Dev\saves\Desire Paths\datapacks\gstools\data\minecraft\function\hud\enhancedhud_sub\6885_sub\
	    New File  		    2207	0.mcfunction
	  New Dir          1	C:\Users\joshp\curseforge\minecraft\Instances\Alive Dev\saves\Desire Paths\datapacks\gstools\data\minecraft\function\hud\enhancedhud_sub\68_sub\
	    New File  		    2207	0.mcfunction
	  New Dir          1	C:\Users\joshp\curseforge\minecraft\Instances\Alive Dev\saves\Desire Paths\datapacks\gstools\data\minecraft\function\hud\enhancedhud_sub\6902_sub\
	    New File  		    2207	0.mcfunction
	  New Dir          1	C:\Users\joshp\curseforge\minecraft\Instances\Alive Dev\saves\Desire Paths\datapacks\gstools\data\minecraft\function\hud\enhancedhud_sub\6919_sub\
	    New File  		    2207	0.mcfunction
	  New Dir          1	C:\Users\joshp\curseforge\minecraft\Instances\Alive Dev\saves\Desire Paths\datapacks\gstools\data\minecraft\function\hud\enhancedhud_sub\6936_sub\
	    New File  		    2207	0.mcfunction
	  New Dir          1	C:\Users\joshp\curseforge\minecraft\Instances\Alive Dev\saves\Desire Paths\datapacks\gstools\data\minecraft\function\hud\enhancedhud_sub\6953_sub\
	    New File  		    2207	0.mcfunction
	  New Dir          1	C:\Users\joshp\curseforge\minecraft\Instances\Alive Dev\saves\Desire Paths\datapacks\gstools\data\minecraft\function\hud\enhancedhud_sub\6970_sub\
	    New File  		    2207	0.mcfunction
	  New Dir          1	C:\Users\joshp\curseforge\minecraft\Instances\Alive Dev\saves\Desire Paths\datapacks\gstools\data\minecraft\function\hud\enhancedhud_sub\697_sub\
	    New File  		    2207	0.mcfunction
	  New Dir          1	C:\Users\joshp\curseforge\minecraft\Instances\Alive Dev\saves\Desire Paths\datapacks\gstools\data\minecraft\function\hud\enhancedhud_sub\6987_sub\
	    New File  		    2207	0.mcfunction
	  New Dir          1	C:\Users\joshp\curseforge\minecraft\Instances\Alive Dev\saves\Desire Paths\datapacks\gstools\data\minecraft\function\hud\enhancedhud_sub\7004_sub\
	    New File  		    2207	0.mcfunction
	  New Dir          1	C:\Users\joshp\curseforge\minecraft\Instances\Alive Dev\saves\Desire Paths\datapacks\gstools\data\minecraft\function\hud\enhancedhud_sub\7021_sub\
	    New File  		    2207	0.mcfunction
	  New Dir          1	C:\Users\joshp\curseforge\minecraft\Instances\Alive Dev\saves\Desire Paths\datapacks\gstools\data\minecraft\function\hud\enhancedhud_sub\7038_sub\
	    New File  		    2207	0.mcfunction
	  New Dir          1	C:\Users\joshp\curseforge\minecraft\Instances\Alive Dev\saves\Desire Paths\datapacks\gstools\data\minecraft\function\hud\enhancedhud_sub\7055_sub\
	    New File  		    2207	0.mcfunction
	  New Dir          1	C:\Users\joshp\curseforge\minecraft\Instances\Alive Dev\saves\Desire Paths\datapacks\gstools\data\minecraft\function\hud\enhancedhud_sub\7072_sub\
	    New File  		    2207	0.mcfunction
	  New Dir          1	C:\Users\joshp\curseforge\minecraft\Instances\Alive Dev\saves\Desire Paths\datapacks\gstools\data\minecraft\function\hud\enhancedhud_sub\7089_sub\
	    New File  		    2207	0.mcfunction
	  New Dir          1	C:\Users\joshp\curseforge\minecraft\Instances\Alive Dev\saves\Desire Paths\datapacks\gstools\data\minecraft\function\hud\enhancedhud_sub\7106_sub\
	    New File  		    2207	0.mcfunction
	  New Dir          1	C:\Users\joshp\curseforge\minecraft\Instances\Alive Dev\saves\Desire Paths\datapacks\gstools\data\minecraft\function\hud\enhancedhud_sub\7123_sub\
	    New File  		    2207	0.mcfunction
	  New Dir          1	C:\Users\joshp\curseforge\minecraft\Instances\Alive Dev\saves\Desire Paths\datapacks\gstools\data\minecraft\function\hud\enhancedhud_sub\7140_sub\
	    New File  		    2207	0.mcfunction
	  New Dir          1	C:\Users\joshp\curseforge\minecraft\Instances\Alive Dev\saves\Desire Paths\datapacks\gstools\data\minecraft\function\hud\enhancedhud_sub\714_sub\
	    New File  		    2207	0.mcfunction
	  New Dir          1	C:\Users\joshp\curseforge\minecraft\Instances\Alive Dev\saves\Desire Paths\datapacks\gstools\data\minecraft\function\hud\enhancedhud_sub\7157_sub\
	    New File  		    2207	0.mcfunction
	  New Dir          1	C:\Users\joshp\curseforge\minecraft\Instances\Alive Dev\saves\Desire Paths\datapacks\gstools\data\minecraft\function\hud\enhancedhud_sub\7174_sub\
	    New File  		    2207	0.mcfunction
	  New Dir          1	C:\Users\joshp\curseforge\minecraft\Instances\Alive Dev\saves\Desire Paths\datapacks\gstools\data\minecraft\function\hud\enhancedhud_sub\7191_sub\
	    New File  		    2207	0.mcfunction
	  New Dir          1	C:\Users\joshp\curseforge\minecraft\Instances\Alive Dev\saves\Desire Paths\datapacks\gstools\data\minecraft\function\hud\enhancedhud_sub\7208_sub\
	    New File  		    2207	0.mcfunction
	  New Dir          1	C:\Users\joshp\curseforge\minecraft\Instances\Alive Dev\saves\Desire Paths\datapacks\gstools\data\minecraft\function\hud\enhancedhud_sub\7225_sub\
	    New File  		    2207	0.mcfunction
	  New Dir          1	C:\Users\joshp\curseforge\minecraft\Instances\Alive Dev\saves\Desire Paths\datapacks\gstools\data\minecraft\function\hud\enhancedhud_sub\7242_sub\
	    New File  		    2207	0.mcfunction
	  New Dir          1	C:\Users\joshp\curseforge\minecraft\Instances\Alive Dev\saves\Desire Paths\datapacks\gstools\data\minecraft\function\hud\enhancedhud_sub\7259_sub\
	    New File  		    2207	0.mcfunction
	  New Dir          1	C:\Users\joshp\curseforge\minecraft\Instances\Alive Dev\saves\Desire Paths\datapacks\gstools\data\minecraft\function\hud\enhancedhud_sub\7276_sub\
	    New File  		    2207	0.mcfunction
	  New Dir          1	C:\Users\joshp\curseforge\minecraft\Instances\Alive Dev\saves\Desire Paths\datapacks\gstools\data\minecraft\function\hud\enhancedhud_sub\7293_sub\
	    New File  		    2207	0.mcfunction
	  New Dir          1	C:\Users\joshp\curseforge\minecraft\Instances\Alive Dev\saves\Desire Paths\datapacks\gstools\data\minecraft\function\hud\enhancedhud_sub\7310_sub\
	    New File  		    2207	0.mcfunction
	  New Dir          1	C:\Users\joshp\curseforge\minecraft\Instances\Alive Dev\saves\Desire Paths\datapacks\gstools\data\minecraft\function\hud\enhancedhud_sub\731_sub\
	    New File  		    2207	0.mcfunction
	  New Dir          1	C:\Users\joshp\curseforge\minecraft\Instances\Alive Dev\saves\Desire Paths\datapacks\gstools\data\minecraft\function\hud\enhancedhud_sub\7327_sub\
	    New File  		    2207	0.mcfunction
	  New Dir          1	C:\Users\joshp\curseforge\minecraft\Instances\Alive Dev\saves\Desire Paths\datapacks\gstools\data\minecraft\function\hud\enhancedhud_sub\7344_sub\
	    New File  		    2207	0.mcfunction
	  New Dir          1	C:\Users\joshp\curseforge\minecraft\Instances\Alive Dev\saves\Desire Paths\datapacks\gstools\data\minecraft\function\hud\enhancedhud_sub\7361_sub\
	    New File  		    2207	0.mcfunction
	  New Dir          1	C:\Users\joshp\curseforge\minecraft\Instances\Alive Dev\saves\Desire Paths\datapacks\gstools\data\minecraft\function\hud\enhancedhud_sub\7378_sub\
	    New File  		    2207	0.mcfunction
	  New Dir          1	C:\Users\joshp\curseforge\minecraft\Instances\Alive Dev\saves\Desire Paths\datapacks\gstools\data\minecraft\function\hud\enhancedhud_sub\7395_sub\
	    New File  		    2207	0.mcfunction
	  New Dir          1	C:\Users\joshp\curseforge\minecraft\Instances\Alive Dev\saves\Desire Paths\datapacks\gstools\data\minecraft\function\hud\enhancedhud_sub\7412_sub\
	    New File  		    2207	0.mcfunction
	  New Dir          1	C:\Users\joshp\curseforge\minecraft\Instances\Alive Dev\saves\Desire Paths\datapacks\gstools\data\minecraft\function\hud\enhancedhud_sub\7429_sub\
	    New File  		    2207	0.mcfunction
	  New Dir          1	C:\Users\joshp\curseforge\minecraft\Instances\Alive Dev\saves\Desire Paths\datapacks\gstools\data\minecraft\function\hud\enhancedhud_sub\7446_sub\
	    New File  		    2207	0.mcfunction
	  New Dir          1	C:\Users\joshp\curseforge\minecraft\Instances\Alive Dev\saves\Desire Paths\datapacks\gstools\data\minecraft\function\hud\enhancedhud_sub\7463_sub\
	    New File  		    2207	0.mcfunction
	  New Dir          1	C:\Users\joshp\curseforge\minecraft\Instances\Alive Dev\saves\Desire Paths\datapacks\gstools\data\minecraft\function\hud\enhancedhud_sub\7480_sub\
	    New File  		    2207	0.mcfunction
	  New Dir          1	C:\Users\joshp\curseforge\minecraft\Instances\Alive Dev\saves\Desire Paths\datapacks\gstools\data\minecraft\function\hud\enhancedhud_sub\748_sub\
	    New File  		    2207	0.mcfunction
	  New Dir          1	C:\Users\joshp\curseforge\minecraft\Instances\Alive Dev\saves\Desire Paths\datapacks\gstools\data\minecraft\function\hud\enhancedhud_sub\7497_sub\
	    New File  		    2207	0.mcfunction
	  New Dir          1	C:\Users\joshp\curseforge\minecraft\Instances\Alive Dev\saves\Desire Paths\datapacks\gstools\data\minecraft\function\hud\enhancedhud_sub\7514_sub\
	    New File  		    2207	0.mcfunction
	  New Dir          1	C:\Users\joshp\curseforge\minecraft\Instances\Alive Dev\saves\Desire Paths\datapacks\gstools\data\minecraft\function\hud\enhancedhud_sub\7531_sub\
	    New File  		    2207	0.mcfunction
	  New Dir          1	C:\Users\joshp\curseforge\minecraft\Instances\Alive Dev\saves\Desire Paths\datapacks\gstools\data\minecraft\function\hud\enhancedhud_sub\7548_sub\
	    New File  		    2207	0.mcfunction
	  New Dir          1	C:\Users\joshp\curseforge\minecraft\Instances\Alive Dev\saves\Desire Paths\datapacks\gstools\data\minecraft\function\hud\enhancedhud_sub\7565_sub\
	    New File  		    2207	0.mcfunction
	  New Dir          1	C:\Users\joshp\curseforge\minecraft\Instances\Alive Dev\saves\Desire Paths\datapacks\gstools\data\minecraft\function\hud\enhancedhud_sub\7582_sub\
	    New File  		    2207	0.mcfunction
	  New Dir          1	C:\Users\joshp\curseforge\minecraft\Instances\Alive Dev\saves\Desire Paths\datapacks\gstools\data\minecraft\function\hud\enhancedhud_sub\7599_sub\
	    New File  		    2207	0.mcfunction
	  New Dir          1	C:\Users\joshp\curseforge\minecraft\Instances\Alive Dev\saves\Desire Paths\datapacks\gstools\data\minecraft\function\hud\enhancedhud_sub\7616_sub\
	    New File  		    2207	0.mcfunction
	  New Dir          1	C:\Users\joshp\curseforge\minecraft\Instances\Alive Dev\saves\Desire Paths\datapacks\gstools\data\minecraft\function\hud\enhancedhud_sub\7633_sub\
	    New File  		    2207	0.mcfunction
	  New Dir          1	C:\Users\joshp\curseforge\minecraft\Instances\Alive Dev\saves\Desire Paths\datapacks\gstools\data\minecraft\function\hud\enhancedhud_sub\7650_sub\
	    New File  		    2207	0.mcfunction
	  New Dir          1	C:\Users\joshp\curseforge\minecraft\Instances\Alive Dev\saves\Desire Paths\datapacks\gstools\data\minecraft\function\hud\enhancedhud_sub\765_sub\
	    New File  		    2207	0.mcfunction
	  New Dir          1	C:\Users\joshp\curseforge\minecraft\Instances\Alive Dev\saves\Desire Paths\datapacks\gstools\data\minecraft\function\hud\enhancedhud_sub\7667_sub\
	    New File  		    2207	0.mcfunction
	  New Dir          1	C:\Users\joshp\curseforge\minecraft\Instances\Alive Dev\saves\Desire Paths\datapacks\gstools\data\minecraft\function\hud\enhancedhud_sub\7684_sub\
	    New File  		    2207	0.mcfunction
	  New Dir          1	C:\Users\joshp\curseforge\minecraft\Instances\Alive Dev\saves\Desire Paths\datapacks\gstools\data\minecraft\function\hud\enhancedhud_sub\7701_sub\
	    New File  		    2207	0.mcfunction
	  New Dir          1	C:\Users\joshp\curseforge\minecraft\Instances\Alive Dev\saves\Desire Paths\datapacks\gstools\data\minecraft\function\hud\enhancedhud_sub\7718_sub\
	    New File  		    2207	0.mcfunction
	  New Dir          1	C:\Users\joshp\curseforge\minecraft\Instances\Alive Dev\saves\Desire Paths\datapacks\gstools\data\minecraft\function\hud\enhancedhud_sub\7735_sub\
	    New File  		    2207	0.mcfunction
	  New Dir          1	C:\Users\joshp\curseforge\minecraft\Instances\Alive Dev\saves\Desire Paths\datapacks\gstools\data\minecraft\function\hud\enhancedhud_sub\7752_sub\
	    New File  		    2207	0.mcfunction
	  New Dir          1	C:\Users\joshp\curseforge\minecraft\Instances\Alive Dev\saves\Desire Paths\datapacks\gstools\data\minecraft\function\hud\enhancedhud_sub\7769_sub\
	    New File  		    2207	0.mcfunction
	  New Dir          1	C:\Users\joshp\curseforge\minecraft\Instances\Alive Dev\saves\Desire Paths\datapacks\gstools\data\minecraft\function\hud\enhancedhud_sub\7786_sub\
	    New File  		    2207	0.mcfunction
	  New Dir          1	C:\Users\joshp\curseforge\minecraft\Instances\Alive Dev\saves\Desire Paths\datapacks\gstools\data\minecraft\function\hud\enhancedhud_sub\7803_sub\
	    New File  		    2207	0.mcfunction
	  New Dir          1	C:\Users\joshp\curseforge\minecraft\Instances\Alive Dev\saves\Desire Paths\datapacks\gstools\data\minecraft\function\hud\enhancedhud_sub\7820_sub\
	    New File  		    2207	0.mcfunction
	  New Dir          1	C:\Users\joshp\curseforge\minecraft\Instances\Alive Dev\saves\Desire Paths\datapacks\gstools\data\minecraft\function\hud\enhancedhud_sub\782_sub\
	    New File  		    2207	0.mcfunction
	  New Dir          1	C:\Users\joshp\curseforge\minecraft\Instances\Alive Dev\saves\Desire Paths\datapacks\gstools\data\minecraft\function\hud\enhancedhud_sub\7837_sub\
	    New File  		    2207	0.mcfunction
	  New Dir          1	C:\Users\joshp\curseforge\minecraft\Instances\Alive Dev\saves\Desire Paths\datapacks\gstools\data\minecraft\function\hud\enhancedhud_sub\7854_sub\
	    New File  		    2207	0.mcfunction
	  New Dir          1	C:\Users\joshp\curseforge\minecraft\Instances\Alive Dev\saves\Desire Paths\datapacks\gstools\data\minecraft\function\hud\enhancedhud_sub\7871_sub\
	    New File  		    2207	0.mcfunction
	  New Dir          1	C:\Users\joshp\curseforge\minecraft\Instances\Alive Dev\saves\Desire Paths\datapacks\gstools\data\minecraft\function\hud\enhancedhud_sub\7888_sub\
	    New File  		    2207	0.mcfunction
	  New Dir          1	C:\Users\joshp\curseforge\minecraft\Instances\Alive Dev\saves\Desire Paths\datapacks\gstools\data\minecraft\function\hud\enhancedhud_sub\7905_sub\
	    New File  		    2207	0.mcfunction
	  New Dir          1	C:\Users\joshp\curseforge\minecraft\Instances\Alive Dev\saves\Desire Paths\datapacks\gstools\data\minecraft\function\hud\enhancedhud_sub\7922_sub\
	    New File  		    2207	0.mcfunction
	  New Dir          1	C:\Users\joshp\curseforge\minecraft\Instances\Alive Dev\saves\Desire Paths\datapacks\gstools\data\minecraft\function\hud\enhancedhud_sub\7939_sub\
	    New File  		    2207	0.mcfunction
	  New Dir          1	C:\Users\joshp\curseforge\minecraft\Instances\Alive Dev\saves\Desire Paths\datapacks\gstools\data\minecraft\function\hud\enhancedhud_sub\7956_sub\
	    New File  		    2207	0.mcfunction
	  New Dir          1	C:\Users\joshp\curseforge\minecraft\Instances\Alive Dev\saves\Desire Paths\datapacks\gstools\data\minecraft\function\hud\enhancedhud_sub\7973_sub\
	    New File  		    2207	0.mcfunction
	  New Dir          1	C:\Users\joshp\curseforge\minecraft\Instances\Alive Dev\saves\Desire Paths\datapacks\gstools\data\minecraft\function\hud\enhancedhud_sub\7990_sub\
	    New File  		    2207	0.mcfunction
	  New Dir          1	C:\Users\joshp\curseforge\minecraft\Instances\Alive Dev\saves\Desire Paths\datapacks\gstools\data\minecraft\function\hud\enhancedhud_sub\799_sub\
	    New File  		    2207	0.mcfunction
	  New Dir          1	C:\Users\joshp\curseforge\minecraft\Instances\Alive Dev\saves\Desire Paths\datapacks\gstools\data\minecraft\function\hud\enhancedhud_sub\8007_sub\
	    New File  		    2207	0.mcfunction
	  New Dir          1	C:\Users\joshp\curseforge\minecraft\Instances\Alive Dev\saves\Desire Paths\datapacks\gstools\data\minecraft\function\hud\enhancedhud_sub\8024_sub\
	    New File  		    2207	0.mcfunction
	  New Dir          1	C:\Users\joshp\curseforge\minecraft\Instances\Alive Dev\saves\Desire Paths\datapacks\gstools\data\minecraft\function\hud\enhancedhud_sub\8041_sub\
	    New File  		    2207	0.mcfunction
	  New Dir          1	C:\Users\joshp\curseforge\minecraft\Instances\Alive Dev\saves\Desire Paths\datapacks\gstools\data\minecraft\function\hud\enhancedhud_sub\8058_sub\
	    New File  		    2207	0.mcfunction
	  New Dir          1	C:\Users\joshp\curseforge\minecraft\Instances\Alive Dev\saves\Desire Paths\datapacks\gstools\data\minecraft\function\hud\enhancedhud_sub\8075_sub\
	    New File  		    2207	0.mcfunction
	  New Dir          1	C:\Users\joshp\curseforge\minecraft\Instances\Alive Dev\saves\Desire Paths\datapacks\gstools\data\minecraft\function\hud\enhancedhud_sub\8092_sub\
	    New File  		    2207	0.mcfunction
	  New Dir          1	C:\Users\joshp\curseforge\minecraft\Instances\Alive Dev\saves\Desire Paths\datapacks\gstools\data\minecraft\function\hud\enhancedhud_sub\8109_sub\
	    New File  		    2207	0.mcfunction
	  New Dir          1	C:\Users\joshp\curseforge\minecraft\Instances\Alive Dev\saves\Desire Paths\datapacks\gstools\data\minecraft\function\hud\enhancedhud_sub\8126_sub\
	    New File  		    2207	0.mcfunction
	  New Dir          1	C:\Users\joshp\curseforge\minecraft\Instances\Alive Dev\saves\Desire Paths\datapacks\gstools\data\minecraft\function\hud\enhancedhud_sub\8143_sub\
	    New File  		    2207	0.mcfunction
	  New Dir          1	C:\Users\joshp\curseforge\minecraft\Instances\Alive Dev\saves\Desire Paths\datapacks\gstools\data\minecraft\function\hud\enhancedhud_sub\8160_sub\
	    New File  		    2207	0.mcfunction
	  New Dir          1	C:\Users\joshp\curseforge\minecraft\Instances\Alive Dev\saves\Desire Paths\datapacks\gstools\data\minecraft\function\hud\enhancedhud_sub\816_sub\
	    New File  		    2207	0.mcfunction
	  New Dir          1	C:\Users\joshp\curseforge\minecraft\Instances\Alive Dev\saves\Desire Paths\datapacks\gstools\data\minecraft\function\hud\enhancedhud_sub\8177_sub\
	    New File  		    2207	0.mcfunction
	  New Dir          1	C:\Users\joshp\curseforge\minecraft\Instances\Alive Dev\saves\Desire Paths\datapacks\gstools\data\minecraft\function\hud\enhancedhud_sub\8194_sub\
	    New File  		    2207	0.mcfunction
	  New Dir          1	C:\Users\joshp\curseforge\minecraft\Instances\Alive Dev\saves\Desire Paths\datapacks\gstools\data\minecraft\function\hud\enhancedhud_sub\8211_sub\
	    New File  		    2207	0.mcfunction
	  New Dir          1	C:\Users\joshp\curseforge\minecraft\Instances\Alive Dev\saves\Desire Paths\datapacks\gstools\data\minecraft\function\hud\enhancedhud_sub\8228_sub\
	    New File  		    2207	0.mcfunction
	  New Dir          1	C:\Users\joshp\curseforge\minecraft\Instances\Alive Dev\saves\Desire Paths\datapacks\gstools\data\minecraft\function\hud\enhancedhud_sub\8245_sub\
	    New File  		    2207	0.mcfunction
	  New Dir          1	C:\Users\joshp\curseforge\minecraft\Instances\Alive Dev\saves\Desire Paths\datapacks\gstools\data\minecraft\function\hud\enhancedhud_sub\8262_sub\
	    New File  		    2207	0.mcfunction
	  New Dir          1	C:\Users\joshp\curseforge\minecraft\Instances\Alive Dev\saves\Desire Paths\datapacks\gstools\data\minecraft\function\hud\enhancedhud_sub\8279_sub\
	    New File  		    2207	0.mcfunction
	  New Dir          1	C:\Users\joshp\curseforge\minecraft\Instances\Alive Dev\saves\Desire Paths\datapacks\gstools\data\minecraft\function\hud\enhancedhud_sub\8296_sub\
	    New File  		    2207	0.mcfunction
	  New Dir          1	C:\Users\joshp\curseforge\minecraft\Instances\Alive Dev\saves\Desire Paths\datapacks\gstools\data\minecraft\function\hud\enhancedhud_sub\8313_sub\
	    New File  		    2207	0.mcfunction
	  New Dir          1	C:\Users\joshp\curseforge\minecraft\Instances\Alive Dev\saves\Desire Paths\datapacks\gstools\data\minecraft\function\hud\enhancedhud_sub\8330_sub\
	    New File  		    2207	0.mcfunction
	  New Dir          1	C:\Users\joshp\curseforge\minecraft\Instances\Alive Dev\saves\Desire Paths\datapacks\gstools\data\minecraft\function\hud\enhancedhud_sub\833_sub\
	    New File  		    2207	0.mcfunction
	  New Dir          1	C:\Users\joshp\curseforge\minecraft\Instances\Alive Dev\saves\Desire Paths\datapacks\gstools\data\minecraft\function\hud\enhancedhud_sub\8347_sub\
	    New File  		    2207	0.mcfunction
	  New Dir          1	C:\Users\joshp\curseforge\minecraft\Instances\Alive Dev\saves\Desire Paths\datapacks\gstools\data\minecraft\function\hud\enhancedhud_sub\8364_sub\
	    New File  		    2207	0.mcfunction
	  New Dir          1	C:\Users\joshp\curseforge\minecraft\Instances\Alive Dev\saves\Desire Paths\datapacks\gstools\data\minecraft\function\hud\enhancedhud_sub\8381_sub\
	    New File  		    2207	0.mcfunction
	  New Dir          1	C:\Users\joshp\curseforge\minecraft\Instances\Alive Dev\saves\Desire Paths\datapacks\gstools\data\minecraft\function\hud\enhancedhud_sub\8398_sub\
	    New File  		    2207	0.mcfunction
	  New Dir          1	C:\Users\joshp\curseforge\minecraft\Instances\Alive Dev\saves\Desire Paths\datapacks\gstools\data\minecraft\function\hud\enhancedhud_sub\8415_sub\
	    New File  		    2207	0.mcfunction
	  New Dir          1	C:\Users\joshp\curseforge\minecraft\Instances\Alive Dev\saves\Desire Paths\datapacks\gstools\data\minecraft\function\hud\enhancedhud_sub\8432_sub\
	    New File  		    2207	0.mcfunction
	  New Dir          1	C:\Users\joshp\curseforge\minecraft\Instances\Alive Dev\saves\Desire Paths\datapacks\gstools\data\minecraft\function\hud\enhancedhud_sub\8449_sub\
	    New File  		    2207	0.mcfunction
	  New Dir          1	C:\Users\joshp\curseforge\minecraft\Instances\Alive Dev\saves\Desire Paths\datapacks\gstools\data\minecraft\function\hud\enhancedhud_sub\8466_sub\
	    New File  		    2207	0.mcfunction
	  New Dir          1	C:\Users\joshp\curseforge\minecraft\Instances\Alive Dev\saves\Desire Paths\datapacks\gstools\data\minecraft\function\hud\enhancedhud_sub\8483_sub\
	    New File  		    2207	0.mcfunction
	  New Dir          1	C:\Users\joshp\curseforge\minecraft\Instances\Alive Dev\saves\Desire Paths\datapacks\gstools\data\minecraft\function\hud\enhancedhud_sub\8500_sub\
	    New File  		    2207	0.mcfunction
	  New Dir          1	C:\Users\joshp\curseforge\minecraft\Instances\Alive Dev\saves\Desire Paths\datapacks\gstools\data\minecraft\function\hud\enhancedhud_sub\850_sub\
	    New File  		    2207	0.mcfunction
	  New Dir          1	C:\Users\joshp\curseforge\minecraft\Instances\Alive Dev\saves\Desire Paths\datapacks\gstools\data\minecraft\function\hud\enhancedhud_sub\8517_sub\
	    New File  		    2207	0.mcfunction
	  New Dir          1	C:\Users\joshp\curseforge\minecraft\Instances\Alive Dev\saves\Desire Paths\datapacks\gstools\data\minecraft\function\hud\enhancedhud_sub\8534_sub\
	    New File  		    2207	0.mcfunction
	  New Dir          1	C:\Users\joshp\curseforge\minecraft\Instances\Alive Dev\saves\Desire Paths\datapacks\gstools\data\minecraft\function\hud\enhancedhud_sub\8551_sub\
	    New File  		    2207	0.mcfunction
	  New Dir          1	C:\Users\joshp\curseforge\minecraft\Instances\Alive Dev\saves\Desire Paths\datapacks\gstools\data\minecraft\function\hud\enhancedhud_sub\8568_sub\
	    New File  		    2207	0.mcfunction
	  New Dir          1	C:\Users\joshp\curseforge\minecraft\Instances\Alive Dev\saves\Desire Paths\datapacks\gstools\data\minecraft\function\hud\enhancedhud_sub\8585_sub\
	    New File  		    2207	0.mcfunction
	  New Dir          1	C:\Users\joshp\curseforge\minecraft\Instances\Alive Dev\saves\Desire Paths\datapacks\gstools\data\minecraft\function\hud\enhancedhud_sub\85_sub\
	    New File  		    2207	0.mcfunction
	  New Dir          1	C:\Users\joshp\curseforge\minecraft\Instances\Alive Dev\saves\Desire Paths\datapacks\gstools\data\minecraft\function\hud\enhancedhud_sub\8602_sub\
	    New File  		    2207	0.mcfunction
	  New Dir          1	C:\Users\joshp\curseforge\minecraft\Instances\Alive Dev\saves\Desire Paths\datapacks\gstools\data\minecraft\function\hud\enhancedhud_sub\8619_sub\
	    New File  		    2207	0.mcfunction
	  New Dir          1	C:\Users\joshp\curseforge\minecraft\Instances\Alive Dev\saves\Desire Paths\datapacks\gstools\data\minecraft\function\hud\enhancedhud_sub\8636_sub\
	    New File  		    2207	0.mcfunction
	  New Dir          1	C:\Users\joshp\curseforge\minecraft\Instances\Alive Dev\saves\Desire Paths\datapacks\gstools\data\minecraft\function\hud\enhancedhud_sub\8653_sub\
	    New File  		    2207	0.mcfunction
	  New Dir          1	C:\Users\joshp\curseforge\minecraft\Instances\Alive Dev\saves\Desire Paths\datapacks\gstools\data\minecraft\function\hud\enhancedhud_sub\8670_sub\
	    New File  		    2207	0.mcfunction
	  New Dir          1	C:\Users\joshp\curseforge\minecraft\Instances\Alive Dev\saves\Desire Paths\datapacks\gstools\data\minecraft\function\hud\enhancedhud_sub\867_sub\
	    New File  		    2207	0.mcfunction
	  New Dir          1	C:\Users\joshp\curseforge\minecraft\Instances\Alive Dev\saves\Desire Paths\datapacks\gstools\data\minecraft\function\hud\enhancedhud_sub\8687_sub\
	    New File  		    2207	0.mcfunction
	  New Dir          1	C:\Users\joshp\curseforge\minecraft\Instances\Alive Dev\saves\Desire Paths\datapacks\gstools\data\minecraft\function\hud\enhancedhud_sub\8704_sub\
	    New File  		    2207	0.mcfunction
	  New Dir          1	C:\Users\joshp\curseforge\minecraft\Instances\Alive Dev\saves\Desire Paths\datapacks\gstools\data\minecraft\function\hud\enhancedhud_sub\8721_sub\
	    New File  		    2207	0.mcfunction
	  New Dir          1	C:\Users\joshp\curseforge\minecraft\Instances\Alive Dev\saves\Desire Paths\datapacks\gstools\data\minecraft\function\hud\enhancedhud_sub\8738_sub\
	    New File  		    2207	0.mcfunction
	  New Dir          1	C:\Users\joshp\curseforge\minecraft\Instances\Alive Dev\saves\Desire Paths\datapacks\gstools\data\minecraft\function\hud\enhancedhud_sub\8755_sub\
	    New File  		    2207	0.mcfunction
	  New Dir          1	C:\Users\joshp\curseforge\minecraft\Instances\Alive Dev\saves\Desire Paths\datapacks\gstools\data\minecraft\function\hud\enhancedhud_sub\8772_sub\
	    New File  		    2207	0.mcfunction
	  New Dir          1	C:\Users\joshp\curseforge\minecraft\Instances\Alive Dev\saves\Desire Paths\datapacks\gstools\data\minecraft\function\hud\enhancedhud_sub\8789_sub\
	    New File  		    2207	0.mcfunction
	  New Dir          1	C:\Users\joshp\curseforge\minecraft\Instances\Alive Dev\saves\Desire Paths\datapacks\gstools\data\minecraft\function\hud\enhancedhud_sub\8806_sub\
	    New File  		    2207	0.mcfunction
	  New Dir          1	C:\Users\joshp\curseforge\minecraft\Instances\Alive Dev\saves\Desire Paths\datapacks\gstools\data\minecraft\function\hud\enhancedhud_sub\8823_sub\
	    New File  		    2207	0.mcfunction
	  New Dir          1	C:\Users\joshp\curseforge\minecraft\Instances\Alive Dev\saves\Desire Paths\datapacks\gstools\data\minecraft\function\hud\enhancedhud_sub\8840_sub\
	    New File  		    2207	0.mcfunction
	  New Dir          1	C:\Users\joshp\curseforge\minecraft\Instances\Alive Dev\saves\Desire Paths\datapacks\gstools\data\minecraft\function\hud\enhancedhud_sub\884_sub\
	    New File  		    2207	0.mcfunction
	  New Dir          1	C:\Users\joshp\curseforge\minecraft\Instances\Alive Dev\saves\Desire Paths\datapacks\gstools\data\minecraft\function\hud\enhancedhud_sub\8857_sub\
	    New File  		    2207	0.mcfunction
	  New Dir          1	C:\Users\joshp\curseforge\minecraft\Instances\Alive Dev\saves\Desire Paths\datapacks\gstools\data\minecraft\function\hud\enhancedhud_sub\8874_sub\
	    New File  		    2207	0.mcfunction
	  New Dir          1	C:\Users\joshp\curseforge\minecraft\Instances\Alive Dev\saves\Desire Paths\datapacks\gstools\data\minecraft\function\hud\enhancedhud_sub\8891_sub\
	    New File  		    2207	0.mcfunction
	  New Dir          1	C:\Users\joshp\curseforge\minecraft\Instances\Alive Dev\saves\Desire Paths\datapacks\gstools\data\minecraft\function\hud\enhancedhud_sub\8908_sub\
	    New File  		    2207	0.mcfunction
	  New Dir          1	C:\Users\joshp\curseforge\minecraft\Instances\Alive Dev\saves\Desire Paths\datapacks\gstools\data\minecraft\function\hud\enhancedhud_sub\8925_sub\
	    New File  		    2207	0.mcfunction
	  New Dir          1	C:\Users\joshp\curseforge\minecraft\Instances\Alive Dev\saves\Desire Paths\datapacks\gstools\data\minecraft\function\hud\enhancedhud_sub\8942_sub\
	    New File  		    2207	0.mcfunction
	  New Dir          1	C:\Users\joshp\curseforge\minecraft\Instances\Alive Dev\saves\Desire Paths\datapacks\gstools\data\minecraft\function\hud\enhancedhud_sub\8959_sub\
	    New File  		    2207	0.mcfunction
	  New Dir          1	C:\Users\joshp\curseforge\minecraft\Instances\Alive Dev\saves\Desire Paths\datapacks\gstools\data\minecraft\function\hud\enhancedhud_sub\8976_sub\
	    New File  		    2207	0.mcfunction
	  New Dir          1	C:\Users\joshp\curseforge\minecraft\Instances\Alive Dev\saves\Desire Paths\datapacks\gstools\data\minecraft\function\hud\enhancedhud_sub\8993_sub\
	    New File  		    2207	0.mcfunction
	  New Dir          1	C:\Users\joshp\curseforge\minecraft\Instances\Alive Dev\saves\Desire Paths\datapacks\gstools\data\minecraft\function\hud\enhancedhud_sub\9010_sub\
	    New File  		    2207	0.mcfunction
	  New Dir          1	C:\Users\joshp\curseforge\minecraft\Instances\Alive Dev\saves\Desire Paths\datapacks\gstools\data\minecraft\function\hud\enhancedhud_sub\901_sub\
	    New File  		    2207	0.mcfunction
	  New Dir          1	C:\Users\joshp\curseforge\minecraft\Instances\Alive Dev\saves\Desire Paths\datapacks\gstools\data\minecraft\function\hud\enhancedhud_sub\9027_sub\
	    New File  		    2207	0.mcfunction
	  New Dir          1	C:\Users\joshp\curseforge\minecraft\Instances\Alive Dev\saves\Desire Paths\datapacks\gstools\data\minecraft\function\hud\enhancedhud_sub\9044_sub\
	    New File  		    2207	0.mcfunction
	  New Dir          1	C:\Users\joshp\curseforge\minecraft\Instances\Alive Dev\saves\Desire Paths\datapacks\gstools\data\minecraft\function\hud\enhancedhud_sub\9061_sub\
	    New File  		    2207	0.mcfunction
	  New Dir          1	C:\Users\joshp\curseforge\minecraft\Instances\Alive Dev\saves\Desire Paths\datapacks\gstools\data\minecraft\function\hud\enhancedhud_sub\9078_sub\
	    New File  		    2207	0.mcfunction
	  New Dir          1	C:\Users\joshp\curseforge\minecraft\Instances\Alive Dev\saves\Desire Paths\datapacks\gstools\data\minecraft\function\hud\enhancedhud_sub\9095_sub\
	    New File  		    2207	0.mcfunction
	  New Dir          1	C:\Users\joshp\curseforge\minecraft\Instances\Alive Dev\saves\Desire Paths\datapacks\gstools\data\minecraft\function\hud\enhancedhud_sub\9112_sub\
	    New File  		    2207	0.mcfunction
	  New Dir          1	C:\Users\joshp\curseforge\minecraft\Instances\Alive Dev\saves\Desire Paths\datapacks\gstools\data\minecraft\function\hud\enhancedhud_sub\9129_sub\
	    New File  		    2207	0.mcfunction
	  New Dir          1	C:\Users\joshp\curseforge\minecraft\Instances\Alive Dev\saves\Desire Paths\datapacks\gstools\data\minecraft\function\hud\enhancedhud_sub\9146_sub\
	    New File  		    2207	0.mcfunction
	  New Dir          1	C:\Users\joshp\curseforge\minecraft\Instances\Alive Dev\saves\Desire Paths\datapacks\gstools\data\minecraft\function\hud\enhancedhud_sub\9163_sub\
	    New File  		    2207	0.mcfunction
	  New Dir          1	C:\Users\joshp\curseforge\minecraft\Instances\Alive Dev\saves\Desire Paths\datapacks\gstools\data\minecraft\function\hud\enhancedhud_sub\9180_sub\
	    New File  		    2207	0.mcfunction
	  New Dir          1	C:\Users\joshp\curseforge\minecraft\Instances\Alive Dev\saves\Desire Paths\datapacks\gstools\data\minecraft\function\hud\enhancedhud_sub\918_sub\
	    New File  		    2207	0.mcfunction
	  New Dir          1	C:\Users\joshp\curseforge\minecraft\Instances\Alive Dev\saves\Desire Paths\datapacks\gstools\data\minecraft\function\hud\enhancedhud_sub\9197_sub\
	    New File  		    2207	0.mcfunction
	  New Dir          1	C:\Users\joshp\curseforge\minecraft\Instances\Alive Dev\saves\Desire Paths\datapacks\gstools\data\minecraft\function\hud\enhancedhud_sub\9214_sub\
	    New File  		    2207	0.mcfunction
	  New Dir          1	C:\Users\joshp\curseforge\minecraft\Instances\Alive Dev\saves\Desire Paths\datapacks\gstools\data\minecraft\function\hud\enhancedhud_sub\9231_sub\
	    New File  		    2207	0.mcfunction
	  New Dir          1	C:\Users\joshp\curseforge\minecraft\Instances\Alive Dev\saves\Desire Paths\datapacks\gstools\data\minecraft\function\hud\enhancedhud_sub\9248_sub\
	    New File  		    2207	0.mcfunction
	  New Dir          1	C:\Users\joshp\curseforge\minecraft\Instances\Alive Dev\saves\Desire Paths\datapacks\gstools\data\minecraft\function\hud\enhancedhud_sub\9265_sub\
	    New File  		    2207	0.mcfunction
	  New Dir          1	C:\Users\joshp\curseforge\minecraft\Instances\Alive Dev\saves\Desire Paths\datapacks\gstools\data\minecraft\function\hud\enhancedhud_sub\9282_sub\
	    New File  		    2207	0.mcfunction
	  New Dir          1	C:\Users\joshp\curseforge\minecraft\Instances\Alive Dev\saves\Desire Paths\datapacks\gstools\data\minecraft\function\hud\enhancedhud_sub\9299_sub\
	    New File  		    2207	0.mcfunction
	  New Dir          1	C:\Users\joshp\curseforge\minecraft\Instances\Alive Dev\saves\Desire Paths\datapacks\gstools\data\minecraft\function\hud\enhancedhud_sub\9316_sub\
	    New File  		    2207	0.mcfunction
	  New Dir          1	C:\Users\joshp\curseforge\minecraft\Instances\Alive Dev\saves\Desire Paths\datapacks\gstools\data\minecraft\function\hud\enhancedhud_sub\9333_sub\
	    New File  		    2207	0.mcfunction
	  New Dir          1	C:\Users\joshp\curseforge\minecraft\Instances\Alive Dev\saves\Desire Paths\datapacks\gstools\data\minecraft\function\hud\enhancedhud_sub\9350_sub\
	    New File  		    2207	0.mcfunction
	  New Dir          1	C:\Users\joshp\curseforge\minecraft\Instances\Alive Dev\saves\Desire Paths\datapacks\gstools\data\minecraft\function\hud\enhancedhud_sub\935_sub\
	    New File  		    2207	0.mcfunction
	  New Dir          1	C:\Users\joshp\curseforge\minecraft\Instances\Alive Dev\saves\Desire Paths\datapacks\gstools\data\minecraft\function\hud\enhancedhud_sub\9367_sub\
	    New File  		    2207	0.mcfunction
	  New Dir          1	C:\Users\joshp\curseforge\minecraft\Instances\Alive Dev\saves\Desire Paths\datapacks\gstools\data\minecraft\function\hud\enhancedhud_sub\9384_sub\
	    New File  		    2207	0.mcfunction
	  New Dir          1	C:\Users\joshp\curseforge\minecraft\Instances\Alive Dev\saves\Desire Paths\datapacks\gstools\data\minecraft\function\hud\enhancedhud_sub\9401_sub\
	    New File  		    2207	0.mcfunction
	  New Dir          1	C:\Users\joshp\curseforge\minecraft\Instances\Alive Dev\saves\Desire Paths\datapacks\gstools\data\minecraft\function\hud\enhancedhud_sub\9418_sub\
	    New File  		    2207	0.mcfunction
	  New Dir          1	C:\Users\joshp\curseforge\minecraft\Instances\Alive Dev\saves\Desire Paths\datapacks\gstools\data\minecraft\function\hud\enhancedhud_sub\9435_sub\
	    New File  		    2207	0.mcfunction
	  New Dir          1	C:\Users\joshp\curseforge\minecraft\Instances\Alive Dev\saves\Desire Paths\datapacks\gstools\data\minecraft\function\hud\enhancedhud_sub\9452_sub\
	    New File  		    2207	0.mcfunction
	  New Dir          1	C:\Users\joshp\curseforge\minecraft\Instances\Alive Dev\saves\Desire Paths\datapacks\gstools\data\minecraft\function\hud\enhancedhud_sub\9469_sub\
	    New File  		    2207	0.mcfunction
	  New Dir          1	C:\Users\joshp\curseforge\minecraft\Instances\Alive Dev\saves\Desire Paths\datapacks\gstools\data\minecraft\function\hud\enhancedhud_sub\9486_sub\
	    New File  		    2207	0.mcfunction
	  New Dir          1	C:\Users\joshp\curseforge\minecraft\Instances\Alive Dev\saves\Desire Paths\datapacks\gstools\data\minecraft\function\hud\enhancedhud_sub\9503_sub\
	    New File  		    2207	0.mcfunction
	  New Dir          1	C:\Users\joshp\curseforge\minecraft\Instances\Alive Dev\saves\Desire Paths\datapacks\gstools\data\minecraft\function\hud\enhancedhud_sub\9520_sub\
	    New File  		    2207	0.mcfunction
	  New Dir          1	C:\Users\joshp\curseforge\minecraft\Instances\Alive Dev\saves\Desire Paths\datapacks\gstools\data\minecraft\function\hud\enhancedhud_sub\952_sub\
	    New File  		    2207	0.mcfunction
	  New Dir          1	C:\Users\joshp\curseforge\minecraft\Instances\Alive Dev\saves\Desire Paths\datapacks\gstools\data\minecraft\function\hud\enhancedhud_sub\9537_sub\
	    New File  		    2207	0.mcfunction
	  New Dir          1	C:\Users\joshp\curseforge\minecraft\Instances\Alive Dev\saves\Desire Paths\datapacks\gstools\data\minecraft\function\hud\enhancedhud_sub\9554_sub\
	    New File  		    2207	0.mcfunction
	  New Dir          1	C:\Users\joshp\curseforge\minecraft\Instances\Alive Dev\saves\Desire Paths\datapacks\gstools\data\minecraft\function\hud\enhancedhud_sub\9571_sub\
	    New File  		    2207	0.mcfunction
	  New Dir          1	C:\Users\joshp\curseforge\minecraft\Instances\Alive Dev\saves\Desire Paths\datapacks\gstools\data\minecraft\function\hud\enhancedhud_sub\9588_sub\
	    New File  		    2207	0.mcfunction
	  New Dir          1	C:\Users\joshp\curseforge\minecraft\Instances\Alive Dev\saves\Desire Paths\datapacks\gstools\data\minecraft\function\hud\enhancedhud_sub\9605_sub\
	    New File  		    2207	0.mcfunction
	  New Dir          1	C:\Users\joshp\curseforge\minecraft\Instances\Alive Dev\saves\Desire Paths\datapacks\gstools\data\minecraft\function\hud\enhancedhud_sub\9622_sub\
	    New File  		    2207	0.mcfunction
	  New Dir          1	C:\Users\joshp\curseforge\minecraft\Instances\Alive Dev\saves\Desire Paths\datapacks\gstools\data\minecraft\function\hud\enhancedhud_sub\9639_sub\
	    New File  		    2207	0.mcfunction
	  New Dir          1	C:\Users\joshp\curseforge\minecraft\Instances\Alive Dev\saves\Desire Paths\datapacks\gstools\data\minecraft\function\hud\enhancedhud_sub\9656_sub\
	    New File  		    2207	0.mcfunction
	  New Dir          1	C:\Users\joshp\curseforge\minecraft\Instances\Alive Dev\saves\Desire Paths\datapacks\gstools\data\minecraft\function\hud\enhancedhud_sub\9673_sub\
	    New File  		    2207	0.mcfunction
	  New Dir          1	C:\Users\joshp\curseforge\minecraft\Instances\Alive Dev\saves\Desire Paths\datapacks\gstools\data\minecraft\function\hud\enhancedhud_sub\9690_sub\
	    New File  		    2207	0.mcfunction
	  New Dir          1	C:\Users\joshp\curseforge\minecraft\Instances\Alive Dev\saves\Desire Paths\datapacks\gstools\data\minecraft\function\hud\enhancedhud_sub\969_sub\
	    New File  		    2207	0.mcfunction
	  New Dir          1	C:\Users\joshp\curseforge\minecraft\Instances\Alive Dev\saves\Desire Paths\datapacks\gstools\data\minecraft\function\hud\enhancedhud_sub\9707_sub\
	    New File  		    2207	0.mcfunction
	  New Dir          1	C:\Users\joshp\curseforge\minecraft\Instances\Alive Dev\saves\Desire Paths\datapacks\gstools\data\minecraft\function\hud\enhancedhud_sub\9724_sub\
	    New File  		    2207	0.mcfunction
	  New Dir          1	C:\Users\joshp\curseforge\minecraft\Instances\Alive Dev\saves\Desire Paths\datapacks\gstools\data\minecraft\function\hud\enhancedhud_sub\9741_sub\
	    New File  		    2207	0.mcfunction
	  New Dir          1	C:\Users\joshp\curseforge\minecraft\Instances\Alive Dev\saves\Desire Paths\datapacks\gstools\data\minecraft\function\hud\enhancedhud_sub\9758_sub\
	    New File  		    2207	0.mcfunction
	  New Dir          1	C:\Users\joshp\curseforge\minecraft\Instances\Alive Dev\saves\Desire Paths\datapacks\gstools\data\minecraft\function\hud\enhancedhud_sub\9775_sub\
	    New File  		    2207	0.mcfunction
	  New Dir          1	C:\Users\joshp\curseforge\minecraft\Instances\Alive Dev\saves\Desire Paths\datapacks\gstools\data\minecraft\function\hud\enhancedhud_sub\9792_sub\
	    New File  		    2207	0.mcfunction
	  New Dir          1	C:\Users\joshp\curseforge\minecraft\Instances\Alive Dev\saves\Desire Paths\datapacks\gstools\data\minecraft\function\hud\enhancedhud_sub\9809_sub\
	    New File  		    2207	0.mcfunction
	  New Dir          1	C:\Users\joshp\curseforge\minecraft\Instances\Alive Dev\saves\Desire Paths\datapacks\gstools\data\minecraft\function\hud\enhancedhud_sub\9826_sub\
	    New File  		    2207	0.mcfunction
	  New Dir          1	C:\Users\joshp\curseforge\minecraft\Instances\Alive Dev\saves\Desire Paths\datapacks\gstools\data\minecraft\function\hud\enhancedhud_sub\9843_sub\
	    New File  		    2207	0.mcfunction
	  New Dir          1	C:\Users\joshp\curseforge\minecraft\Instances\Alive Dev\saves\Desire Paths\datapacks\gstools\data\minecraft\function\hud\enhancedhud_sub\9860_sub\
	    New File  		    2207	0.mcfunction
	  New Dir          1	C:\Users\joshp\curseforge\minecraft\Instances\Alive Dev\saves\Desire Paths\datapacks\gstools\data\minecraft\function\hud\enhancedhud_sub\986_sub\
	    New File  		    2207	0.mcfunction
	  New Dir          1	C:\Users\joshp\curseforge\minecraft\Instances\Alive Dev\saves\Desire Paths\datapacks\gstools\data\minecraft\function\hud\enhancedhud_sub\9877_sub\
	    New File  		    2207	0.mcfunction
	  New Dir          1	C:\Users\joshp\curseforge\minecraft\Instances\Alive Dev\saves\Desire Paths\datapacks\gstools\data\minecraft\function\hud\enhancedhud_sub\9894_sub\
	    New File  		    2207	0.mcfunction
	  New Dir          1	C:\Users\joshp\curseforge\minecraft\Instances\Alive Dev\saves\Desire Paths\datapacks\gstools\data\minecraft\function\hud\enhancedhud_sub\9911_sub\
	    New File  		    2207	0.mcfunction
	  New Dir          1	C:\Users\joshp\curseforge\minecraft\Instances\Alive Dev\saves\Desire Paths\datapacks\gstools\data\minecraft\function\hud\enhancedhud_sub\9928_sub\
	    New File  		    2207	0.mcfunction
	  New Dir          1	C:\Users\joshp\curseforge\minecraft\Instances\Alive Dev\saves\Desire Paths\datapacks\gstools\data\minecraft\function\hud\enhancedhud_sub\9945_sub\
	    New File  		    2207	0.mcfunction
	  New Dir          1	C:\Users\joshp\curseforge\minecraft\Instances\Alive Dev\saves\Desire Paths\datapacks\gstools\data\minecraft\function\hud\enhancedhud_sub\9962_sub\
	    New File  		    2207	0.mcfunction
	  New Dir          1	C:\Users\joshp\curseforge\minecraft\Instances\Alive Dev\saves\Desire Paths\datapacks\gstools\data\minecraft\function\hud\enhancedhud_sub\9979_sub\
	    New File  		    2207	0.mcfunction
	  New Dir          1	C:\Users\joshp\curseforge\minecraft\Instances\Alive Dev\saves\Desire Paths\datapacks\gstools\data\minecraft\function\hud\enhancedhud_sub\9996_sub\
	    New File  		    2207	0.mcfunction
	  New Dir          2	C:\Users\joshp\curseforge\minecraft\Instances\Alive Dev\saves\Desire Paths\datapacks\gstools\data\minecraft\function\hud\version_conflict\
	    New File  		     208	diseasehud_0.mcfunction
	    New File  		     107	diseasehud_1.mcfunction
	  New Dir          1	C:\Users\joshp\curseforge\minecraft\Instances\Alive Dev\saves\Desire Paths\datapacks\gstools\data\minecraft\function\hud\version_conflict\diseasehud_0_sub\
	    New File  		     129	0.mcfunction
	  New Dir          1	C:\Users\joshp\curseforge\minecraft\Instances\Alive Dev\saves\Desire Paths\datapacks\gstools\data\minecraft\function\hud\version_conflict\diseasehud_0_sub\0_sub\
	    New File  		     180	0.mcfunction
	  New Dir          1	C:\Users\joshp\curseforge\minecraft\Instances\Alive Dev\saves\Desire Paths\datapacks\gstools\data\minecraft\function\hud\version_conflict\diseasehud_0_sub\0_sub\0_sub\
	    New File  		     698	0.mcfunction
	  New Dir          1	C:\Users\joshp\curseforge\minecraft\Instances\Alive Dev\saves\Desire Paths\datapacks\gstools\data\minecraft\function\hud\version_conflict\diseasehud_1_sub\
	    New File  		     129	0.mcfunction
	  New Dir          1	C:\Users\joshp\curseforge\minecraft\Instances\Alive Dev\saves\Desire Paths\datapacks\gstools\data\minecraft\function\hud\version_conflict\diseasehud_1_sub\0_sub\
	    New File  		     180	0.mcfunction
	  New Dir          1	C:\Users\joshp\curseforge\minecraft\Instances\Alive Dev\saves\Desire Paths\datapacks\gstools\data\minecraft\function\hud\version_conflict\diseasehud_1_sub\0_sub\0_sub\
	    New File  		     702	0.mcfunction
	  New Dir          1	C:\Users\joshp\curseforge\minecraft\Instances\Alive Dev\saves\Desire Paths\datapacks\gstools\data\minecraft\function\hud\__pycache__\
	    New File  		   87154	pytools.cpython-311.pyc
	  New Dir          3	C:\Users\joshp\curseforge\minecraft\Instances\Alive Dev\saves\Desire Paths\datapacks\gstools\data\minecraft\function\lagcontrol\
	    New File  		    1992	culling.mcfunction
	    New File  		     390	getsimulationdistance.mcfunction
	    New File  		    4271	tps.mcfunction
	  New Dir          2	C:\Users\joshp\curseforge\minecraft\Instances\Alive Dev\saves\Desire Paths\datapacks\gstools\data\minecraft\function\lagcontrol\culling_sub\
	    New File  		     134	13.mcfunction
	    New File  		     135	8.mcfunction
	  New Dir          2	C:\Users\joshp\curseforge\minecraft\Instances\Alive Dev\saves\Desire Paths\datapacks\gstools\data\minecraft\function\lagcontrol\getsimulationdistance_sub\
	    New File  		     553	13.mcfunction
	    New File  		      79	5.mcfunction
	  New Dir          1	C:\Users\joshp\curseforge\minecraft\Instances\Alive Dev\saves\Desire Paths\datapacks\gstools\data\minecraft\function\lagcontrol\getsimulationdistance_sub\5_sub\
	    New File  		    1772	0.mcfunction
	  New Dir          5	C:\Users\joshp\curseforge\minecraft\Instances\Alive Dev\saves\Desire Paths\datapacks\gstools\data\minecraft\function\lagcontrol\tps_sub\
	    New File  		     221	13.mcfunction
	    New File  		     115	16.mcfunction
	    New File  		     704	19.mcfunction
	    New File  		     212	29.mcfunction
	    New File  		     113	46.mcfunction
	  New Dir          1	C:\Users\joshp\curseforge\minecraft\Instances\Alive Dev\saves\Desire Paths\datapacks\gstools\data\minecraft\function\lagcontrol\tps_sub\13_sub\
	    New File  		     105	1.mcfunction
	  New Dir          1	C:\Users\joshp\curseforge\minecraft\Instances\Alive Dev\saves\Desire Paths\datapacks\gstools\data\minecraft\function\lagcontrol\tps_sub\13_sub\1_sub\
	    New File  		     137	0.mcfunction
	  New Dir          1	C:\Users\joshp\curseforge\minecraft\Instances\Alive Dev\saves\Desire Paths\datapacks\gstools\data\minecraft\function\lagcontrol\tps_sub\16_sub\
	    New File  		     205	0.mcfunction
	  New Dir          1	C:\Users\joshp\curseforge\minecraft\Instances\Alive Dev\saves\Desire Paths\datapacks\gstools\data\minecraft\function\lagcontrol\tps_sub\19_sub\
	    New File  		     104	0.mcfunction
	  New Dir          1	C:\Users\joshp\curseforge\minecraft\Instances\Alive Dev\saves\Desire Paths\datapacks\gstools\data\minecraft\function\lagcontrol\tps_sub\19_sub\0_sub\
	    New File  		     125	0.mcfunction
	  New Dir          1	C:\Users\joshp\curseforge\minecraft\Instances\Alive Dev\saves\Desire Paths\datapacks\gstools\data\minecraft\function\lagcontrol\tps_sub\46_sub\
	    New File  		     266	0.mcfunction
	  New Dir          2	C:\Users\joshp\curseforge\minecraft\Instances\Alive Dev\saves\Desire Paths\datapacks\gstools\data\minecraft\function\lagcontrol\version_conflict\
	    New File  		      73	worldborder_0.mcfunction
	    New File  		     245	worldborder_1.mcfunction
	  New Dir          1	C:\Users\joshp\curseforge\minecraft\Instances\Alive Dev\saves\Desire Paths\datapacks\gstools\data\minecraft\function\load_sub\
	    New File  		      72	191.mcfunction
	  New Dir          2	C:\Users\joshp\curseforge\minecraft\Instances\Alive Dev\saves\Desire Paths\datapacks\gstools\data\minecraft\function\player\
	    New File  		     179	on_death.mcfunction
	    New File  		     420	view_finder.mcfunction
	  New Dir          1	C:\Users\joshp\curseforge\minecraft\Instances\Alive Dev\saves\Desire Paths\datapacks\gstools\data\minecraft\function\player\view_finder_sub\
	    New File  		      65	3.mcfunction
	  New Dir          1	C:\Users\joshp\curseforge\minecraft\Instances\Alive Dev\saves\Desire Paths\datapacks\gstools\data\minecraft\function\player\view_finder_sub\3_sub\
	    New File  		     258	0.mcfunction
	  New Dir         14	C:\Users\joshp\curseforge\minecraft\Instances\Alive Dev\saves\Desire Paths\datapacks\gstools\data\minecraft\function\run_sub\
	    New File  		      62	100.mcfunction
	    New File  		     482	131.mcfunction
	    New File  		     191	146.mcfunction
	    New File  		      85	173.mcfunction
	    New File  		    4104	176.mcfunction
	    New File  		     624	185.mcfunction
	    New File  		      59	191.mcfunction
	    New File  		      51	59.mcfunction
	    New File  		      97	63.mcfunction
	    New File  		      94	67.mcfunction
	    New File  		     736	69.mcfunction
	    New File  		      80	90.mcfunction
	    New File  		     165	93.mcfunction
	    New File  		      61	98.mcfunction
	  New Dir          1	C:\Users\joshp\curseforge\minecraft\Instances\Alive Dev\saves\Desire Paths\datapacks\gstools\data\minecraft\function\run_sub\100_sub\
	    New File  		      40	0.mcfunction
	  New Dir          1	C:\Users\joshp\curseforge\minecraft\Instances\Alive Dev\saves\Desire Paths\datapacks\gstools\data\minecraft\function\run_sub\191_sub\
	    New File  		     104	0.mcfunction
	  New Dir          1	C:\Users\joshp\curseforge\minecraft\Instances\Alive Dev\saves\Desire Paths\datapacks\gstools\data\minecraft\function\run_sub\191_sub\0_sub\
	    New File  		     110	0.mcfunction
	  New Dir          1	C:\Users\joshp\curseforge\minecraft\Instances\Alive Dev\saves\Desire Paths\datapacks\gstools\data\minecraft\function\run_sub\191_sub\0_sub\0_sub\
	    New File  		     440	0.mcfunction
	  New Dir          1	C:\Users\joshp\curseforge\minecraft\Instances\Alive Dev\saves\Desire Paths\datapacks\gstools\data\minecraft\function\run_sub\59_sub\
	    New File  		     299	0.mcfunction
	  New Dir          1	C:\Users\joshp\curseforge\minecraft\Instances\Alive Dev\saves\Desire Paths\datapacks\gstools\data\minecraft\function\run_sub\63_sub\
	    New File  		      97	0.mcfunction
	  New Dir          1	C:\Users\joshp\curseforge\minecraft\Instances\Alive Dev\saves\Desire Paths\datapacks\gstools\data\minecraft\function\run_sub\63_sub\0_sub\
	    New File  		     187	0.mcfunction
	  New Dir          1	C:\Users\joshp\curseforge\minecraft\Instances\Alive Dev\saves\Desire Paths\datapacks\gstools\data\minecraft\function\run_sub\67_sub\
	    New File  		      92	0.mcfunction
	  New Dir          1	C:\Users\joshp\curseforge\minecraft\Instances\Alive Dev\saves\Desire Paths\datapacks\gstools\data\minecraft\function\run_sub\90_sub\
	    New File  		     103	0.mcfunction
	  New Dir          1	C:\Users\joshp\curseforge\minecraft\Instances\Alive Dev\saves\Desire Paths\datapacks\gstools\data\minecraft\function\run_sub\98_sub\
	    New File  		     205	0.mcfunction
	  New Dir          4	C:\Users\joshp\curseforge\minecraft\Instances\Alive Dev\saves\Desire Paths\datapacks\gstools\data\minecraft\function\tagger\
	    New File  		     329	compileTagger.py
	    New File  		    6574	dotag.mcfunction
	    New File  		    1415	main.mcfunction
	    New File  		   50089	pytools.py
	  New Dir        154	C:\Users\joshp\curseforge\minecraft\Instances\Alive Dev\saves\Desire Paths\datapacks\gstools\data\minecraft\function\tagger\entity\
	    New File  		     109	acacia_boat.mcfunction
	    New File  		      82	acacia_chest_boat.mcfunction
	    New File  		      97	allay.mcfunction
	    New File  		     121	area_effect_cloud.mcfunction
	    New File  		     105	armadillo.mcfunction
	    New File  		      76	armor_stand.mcfunction
	    New File  		      97	arrow.mcfunction
	    New File  		     101	axolotl.mcfunction
	    New File  		      82	bamboo_chest_raft.mcfunction
	    New File  		     109	bamboo_raft.mcfunction
	    New File  		      93	bat.mcfunction
	    New File  		      93	bee.mcfunction
	    New File  		     107	birch_boat.mcfunction
	    New File  		      81	birch_chest_boat.mcfunction
	    New File  		      97	blaze.mcfunction
	    New File  		     113	block_display.mcfunction
	    New File  		      99	bogged.mcfunction
	    New File  		      99	breeze.mcfunction
	    New File  		     123	breeze_wind_charge.mcfunction
	    New File  		      97	camel.mcfunction
	    New File  		      93	cat.mcfunction
	    New File  		     109	cave_spider.mcfunction
	    New File  		     109	cherry_boat.mcfunction
	    New File  		      82	cherry_chest_boat.mcfunction
	    New File  		      79	chest_minecart.mcfunction
	    New File  		     101	chicken.mcfunction
	    New File  		      93	cod.mcfunction
	    New File  		      87	command_block_minecart.mcfunction
	    New File  		     111	copper_golem.mcfunction
	    New File  		      93	cow.mcfunction
	    New File  		     103	creaking.mcfunction
	    New File  		     101	creeper.mcfunction
	    New File  		     113	dark_oak_boat.mcfunction
	    New File  		      84	dark_oak_chest_boat.mcfunction
	    New File  		     101	dolphin.mcfunction
	    New File  		      99	donkey.mcfunction
	    New File  		     117	dragon_fireball.mcfunction
	    New File  		     101	drowned.mcfunction
	    New File  		      68	egg.mcfunction
	    New File  		     115	elder_guardian.mcfunction
	    New File  		     103	enderman.mcfunction
	    New File  		     105	endermite.mcfunction
	    New File  		     111	ender_dragon.mcfunction
	    New File  		      76	ender_pearl.mcfunction
	    New File  		      76	end_crystal.mcfunction
	    New File  		      99	evoker.mcfunction
	    New File  		      77	evoker_fangs.mcfunction
	    New File  		      82	experience_bottle.mcfunction
	    New File  		     115	experience_orb.mcfunction
	    New File  		      77	eye_of_ender.mcfunction
	    New File  		     113	falling_block.mcfunction
	    New File  		     103	fireball.mcfunction
	    New File  		     117	firework_rocket.mcfunction
	    New File  		      79	fishing_bobber.mcfunction
	    New File  		      93	fox.mcfunction
	    New File  		      95	frog.mcfunction
	    New File  		      81	furnace_minecart.mcfunction
	    New File  		      97	ghast.mcfunction
	    New File  		      97	giant.mcfunction
	    New File  		      80	glow_item_frame.mcfunction
	    New File  		     107	glow_squid.mcfunction
	    New File  		      95	goat.mcfunction
	    New File  		     103	guardian.mcfunction
	    New File  		     109	happy_ghast.mcfunction
	    New File  		      99	hoglin.mcfunction
	    New File  		      80	hopper_minecart.mcfunction
	    New File  		      97	horse.mcfunction
	    New File  		      95	husk.mcfunction
	    New File  		     107	illusioner.mcfunction
	    New File  		     109	interaction.mcfunction
	    New File  		     107	iron_golem.mcfunction
	    New File  		      95	item.mcfunction
	    New File  		     111	item_display.mcfunction
	    New File  		      75	item_frame.mcfunction
	    New File  		     109	jungle_boat.mcfunction
	    New File  		      82	jungle_chest_boat.mcfunction
	    New File  		      75	leash_knot.mcfunction
	    New File  		     115	lightning_bolt.mcfunction
	    New File  		     119	lingering_potion.mcfunction
	    New File  		      97	llama.mcfunction
	    New File  		     107	llama_spit.mcfunction
	    New File  		     107	magma_cube.mcfunction
	    New File  		     113	mangrove_boat.mcfunction
	    New File  		      84	mangrove_chest_boat.mcfunction
	    New File  		      74	mannequin.mcfunction
	    New File  		      99	marker.mcfunction
	    New File  		     103	minecart.mcfunction
	    New File  		     105	mooshroom.mcfunction
	    New File  		      95	mule.mcfunction
	    New File  		     103	oak_boat.mcfunction
	    New File  		      79	oak_chest_boat.mcfunction
	    New File  		      99	ocelot.mcfunction
	    New File  		      85	ominous_item_spawner.mcfunction
	    New File  		      73	painting.mcfunction
	    New File  		     113	pale_oak_boat.mcfunction
	    New File  		      84	pale_oak_chest_boat.mcfunction
	    New File  		      97	panda.mcfunction
	    New File  		      99	parrot.mcfunction
	    New File  		     101	phantom.mcfunction
	    New File  		      93	pig.mcfunction
	    New File  		      99	piglin.mcfunction
	    New File  		     111	piglin_brute.mcfunction
	    New File  		     103	pillager.mcfunction
	    New File  		      99	player.mcfunction
	    New File  		     107	polar_bear.mcfunction
	    New File  		     107	pufferfish.mcfunction
	    New File  		      99	rabbit.mcfunction
	    New File  		     101	ravager.mcfunction
	    New File  		      99	salmon.mcfunction
	    New File  		      97	sheep.mcfunction
	    New File  		     101	shulker.mcfunction
	    New File  		      79	shulker_bullet.mcfunction
	    New File  		     107	silverfish.mcfunction
	    New File  		     103	skeleton.mcfunction
	    New File  		     115	skeleton_horse.mcfunction
	    New File  		      97	slime.mcfunction
	    New File  		     115	small_fireball.mcfunction
	    New File  		     101	sniffer.mcfunction
	    New File  		      73	snowball.mcfunction
	    New File  		     107	snow_golem.mcfunction
	    New File  		      81	spawner_minecart.mcfunction
	    New File  		      79	spectral_arrow.mcfunction
	    New File  		      99	spider.mcfunction
	    New File  		     113	splash_potion.mcfunction
	    New File  		     109	spruce_boat.mcfunction
	    New File  		      82	spruce_chest_boat.mcfunction
	    New File  		      97	squid.mcfunction
	    New File  		      97	stray.mcfunction
	    New File  		     101	strider.mcfunction
	    New File  		     101	tadpole.mcfunction
	    New File  		     111	text_display.mcfunction
	    New File  		      68	tnt.mcfunction
	    New File  		      77	tnt_minecart.mcfunction
	    New File  		     111	trader_llama.mcfunction
	    New File  		      72	trident.mcfunction
	    New File  		     113	tropical_fish.mcfunction
	    New File  		      99	turtle.mcfunction
	    New File  		      93	vex.mcfunction
	    New File  		     103	villager.mcfunction
	    New File  		     107	vindicator.mcfunction
	    New File  		     119	wandering_trader.mcfunction
	    New File  		      99	warden.mcfunction
	    New File  		     133	weather2_lightning_bolt.mcfunction
	    New File  		      76	wind_charge.mcfunction
	    New File  		      97	witch.mcfunction
	    New File  		      99	wither.mcfunction
	    New File  		     117	wither_skeleton.mcfunction
	    New File  		      77	wither_skull.mcfunction
	    New File  		      95	wolf.mcfunction
	    New File  		      99	zoglin.mcfunction
	    New File  		      99	zombie.mcfunction
	    New File  		     111	zombie_horse.mcfunction
	    New File  		     117	zombie_villager.mcfunction
	    New File  		     119	zombified_piglin.mcfunction
	  New Dir          1	C:\Users\joshp\curseforge\minecraft\Instances\Alive Dev\saves\Desire Paths\datapacks\gstools\data\minecraft\function\tagger\entity\acacia_boat_sub\
	    New File  		      39	2.mcfunction
	  New Dir          1	C:\Users\joshp\curseforge\minecraft\Instances\Alive Dev\saves\Desire Paths\datapacks\gstools\data\minecraft\function\tagger\entity\allay_sub\
	    New File  		      59	2.mcfunction
	  New Dir          1	C:\Users\joshp\curseforge\minecraft\Instances\Alive Dev\saves\Desire Paths\datapacks\gstools\data\minecraft\function\tagger\entity\area_effect_cloud_sub\
	    New File  		      39	2.mcfunction
	  New Dir          1	C:\Users\joshp\curseforge\minecraft\Instances\Alive Dev\saves\Desire Paths\datapacks\gstools\data\minecraft\function\tagger\entity\armadillo_sub\
	    New File  		      60	2.mcfunction
	  New Dir          1	C:\Users\joshp\curseforge\minecraft\Instances\Alive Dev\saves\Desire Paths\datapacks\gstools\data\minecraft\function\tagger\entity\arrow_sub\
	    New File  		      39	2.mcfunction
	  New Dir          1	C:\Users\joshp\curseforge\minecraft\Instances\Alive Dev\saves\Desire Paths\datapacks\gstools\data\minecraft\function\tagger\entity\axolotl_sub\
	    New File  		      83	2.mcfunction
	  New Dir          1	C:\Users\joshp\curseforge\minecraft\Instances\Alive Dev\saves\Desire Paths\datapacks\gstools\data\minecraft\function\tagger\entity\bamboo_raft_sub\
	    New File  		      39	2.mcfunction
	  New Dir          1	C:\Users\joshp\curseforge\minecraft\Instances\Alive Dev\saves\Desire Paths\datapacks\gstools\data\minecraft\function\tagger\entity\bat_sub\
	    New File  		      60	2.mcfunction
	  New Dir          1	C:\Users\joshp\curseforge\minecraft\Instances\Alive Dev\saves\Desire Paths\datapacks\gstools\data\minecraft\function\tagger\entity\bee_sub\
	    New File  		      85	2.mcfunction
	  New Dir          1	C:\Users\joshp\curseforge\minecraft\Instances\Alive Dev\saves\Desire Paths\datapacks\gstools\data\minecraft\function\tagger\entity\birch_boat_sub\
	    New File  		      39	2.mcfunction
	  New Dir          1	C:\Users\joshp\curseforge\minecraft\Instances\Alive Dev\saves\Desire Paths\datapacks\gstools\data\minecraft\function\tagger\entity\blaze_sub\
	    New File  		      37	2.mcfunction
	  New Dir          1	C:\Users\joshp\curseforge\minecraft\Instances\Alive Dev\saves\Desire Paths\datapacks\gstools\data\minecraft\function\tagger\entity\block_display_sub\
	    New File  		      38	2.mcfunction
	  New Dir          1	C:\Users\joshp\curseforge\minecraft\Instances\Alive Dev\saves\Desire Paths\datapacks\gstools\data\minecraft\function\tagger\entity\bogged_sub\
	    New File  		      40	2.mcfunction
	  New Dir          1	C:\Users\joshp\curseforge\minecraft\Instances\Alive Dev\saves\Desire Paths\datapacks\gstools\data\minecraft\function\tagger\entity\breeze_sub\
	    New File  		      40	2.mcfunction
	  New Dir          1	C:\Users\joshp\curseforge\minecraft\Instances\Alive Dev\saves\Desire Paths\datapacks\gstools\data\minecraft\function\tagger\entity\breeze_wind_charge_sub\
	    New File  		      39	2.mcfunction
	  New Dir          1	C:\Users\joshp\curseforge\minecraft\Instances\Alive Dev\saves\Desire Paths\datapacks\gstools\data\minecraft\function\tagger\entity\camel_sub\
	    New File  		      60	2.mcfunction
	  New Dir          1	C:\Users\joshp\curseforge\minecraft\Instances\Alive Dev\saves\Desire Paths\datapacks\gstools\data\minecraft\function\tagger\entity\cat_sub\
	    New File  		      60	2.mcfunction
	  New Dir          1	C:\Users\joshp\curseforge\minecraft\Instances\Alive Dev\saves\Desire Paths\datapacks\gstools\data\minecraft\function\tagger\entity\cave_spider_sub\
	    New File  		      86	2.mcfunction
	  New Dir          1	C:\Users\joshp\curseforge\minecraft\Instances\Alive Dev\saves\Desire Paths\datapacks\gstools\data\minecraft\function\tagger\entity\cherry_boat_sub\
	    New File  		      39	2.mcfunction
	  New Dir          1	C:\Users\joshp\curseforge\minecraft\Instances\Alive Dev\saves\Desire Paths\datapacks\gstools\data\minecraft\function\tagger\entity\chicken_sub\
	    New File  		      60	2.mcfunction
	  New Dir          1	C:\Users\joshp\curseforge\minecraft\Instances\Alive Dev\saves\Desire Paths\datapacks\gstools\data\minecraft\function\tagger\entity\cod_sub\
	    New File  		      58	2.mcfunction
	  New Dir          1	C:\Users\joshp\curseforge\minecraft\Instances\Alive Dev\saves\Desire Paths\datapacks\gstools\data\minecraft\function\tagger\entity\copper_golem_sub\
	    New File  		      38	2.mcfunction
	  New Dir          1	C:\Users\joshp\curseforge\minecraft\Instances\Alive Dev\saves\Desire Paths\datapacks\gstools\data\minecraft\function\tagger\entity\cow_sub\
	    New File  		      60	2.mcfunction
	  New Dir          1	C:\Users\joshp\curseforge\minecraft\Instances\Alive Dev\saves\Desire Paths\datapacks\gstools\data\minecraft\function\tagger\entity\creaking_sub\
	    New File  		      40	2.mcfunction
	  New Dir          1	C:\Users\joshp\curseforge\minecraft\Instances\Alive Dev\saves\Desire Paths\datapacks\gstools\data\minecraft\function\tagger\entity\creeper_sub\
	    New File  		      86	2.mcfunction
	  New Dir          1	C:\Users\joshp\curseforge\minecraft\Instances\Alive Dev\saves\Desire Paths\datapacks\gstools\data\minecraft\function\tagger\entity\dark_oak_boat_sub\
	    New File  		      39	2.mcfunction
	  New Dir          1	C:\Users\joshp\curseforge\minecraft\Instances\Alive Dev\saves\Desire Paths\datapacks\gstools\data\minecraft\function\tagger\entity\dolphin_sub\
	    New File  		      58	2.mcfunction
	  New Dir          1	C:\Users\joshp\curseforge\minecraft\Instances\Alive Dev\saves\Desire Paths\datapacks\gstools\data\minecraft\function\tagger\entity\donkey_sub\
	    New File  		      60	2.mcfunction
	  New Dir          1	C:\Users\joshp\curseforge\minecraft\Instances\Alive Dev\saves\Desire Paths\datapacks\gstools\data\minecraft\function\tagger\entity\dragon_fireball_sub\
	    New File  		      39	2.mcfunction
	  New Dir          1	C:\Users\joshp\curseforge\minecraft\Instances\Alive Dev\saves\Desire Paths\datapacks\gstools\data\minecraft\function\tagger\entity\drowned_sub\
	    New File  		      40	2.mcfunction
	  New Dir          1	C:\Users\joshp\curseforge\minecraft\Instances\Alive Dev\saves\Desire Paths\datapacks\gstools\data\minecraft\function\tagger\entity\elder_guardian_sub\
	    New File  		      75	2.mcfunction
	  New Dir          1	C:\Users\joshp\curseforge\minecraft\Instances\Alive Dev\saves\Desire Paths\datapacks\gstools\data\minecraft\function\tagger\entity\enderman_sub\
	    New File  		      34	2.mcfunction
	  New Dir          1	C:\Users\joshp\curseforge\minecraft\Instances\Alive Dev\saves\Desire Paths\datapacks\gstools\data\minecraft\function\tagger\entity\endermite_sub\
	    New File  		      34	2.mcfunction
	  New Dir          1	C:\Users\joshp\curseforge\minecraft\Instances\Alive Dev\saves\Desire Paths\datapacks\gstools\data\minecraft\function\tagger\entity\ender_dragon_sub\
	    New File  		      51	2.mcfunction
	  New Dir          1	C:\Users\joshp\curseforge\minecraft\Instances\Alive Dev\saves\Desire Paths\datapacks\gstools\data\minecraft\function\tagger\entity\evoker_sub\
	    New File  		      82	2.mcfunction
	  New Dir          1	C:\Users\joshp\curseforge\minecraft\Instances\Alive Dev\saves\Desire Paths\datapacks\gstools\data\minecraft\function\tagger\entity\experience_orb_sub\
	    New File  		      38	2.mcfunction
	  New Dir          1	C:\Users\joshp\curseforge\minecraft\Instances\Alive Dev\saves\Desire Paths\datapacks\gstools\data\minecraft\function\tagger\entity\falling_block_sub\
	    New File  		      39	2.mcfunction
	  New Dir          1	C:\Users\joshp\curseforge\minecraft\Instances\Alive Dev\saves\Desire Paths\datapacks\gstools\data\minecraft\function\tagger\entity\fireball_sub\
	    New File  		      39	2.mcfunction
	  New Dir          1	C:\Users\joshp\curseforge\minecraft\Instances\Alive Dev\saves\Desire Paths\datapacks\gstools\data\minecraft\function\tagger\entity\firework_rocket_sub\
	    New File  		      39	2.mcfunction
	  New Dir          1	C:\Users\joshp\curseforge\minecraft\Instances\Alive Dev\saves\Desire Paths\datapacks\gstools\data\minecraft\function\tagger\entity\fox_sub\
	    New File  		      60	2.mcfunction
	  New Dir          1	C:\Users\joshp\curseforge\minecraft\Instances\Alive Dev\saves\Desire Paths\datapacks\gstools\data\minecraft\function\tagger\entity\frog_sub\
	    New File  		      85	2.mcfunction
	  New Dir          1	C:\Users\joshp\curseforge\minecraft\Instances\Alive Dev\saves\Desire Paths\datapacks\gstools\data\minecraft\function\tagger\entity\ghast_sub\
	    New File  		      37	2.mcfunction
	  New Dir          1	C:\Users\joshp\curseforge\minecraft\Instances\Alive Dev\saves\Desire Paths\datapacks\gstools\data\minecraft\function\tagger\entity\giant_sub\
	    New File  		      40	2.mcfunction
	  New Dir          1	C:\Users\joshp\curseforge\minecraft\Instances\Alive Dev\saves\Desire Paths\datapacks\gstools\data\minecraft\function\tagger\entity\glow_squid_sub\
	    New File  		      83	2.mcfunction
	  New Dir          1	C:\Users\joshp\curseforge\minecraft\Instances\Alive Dev\saves\Desire Paths\datapacks\gstools\data\minecraft\function\tagger\entity\goat_sub\
	    New File  		      60	2.mcfunction
	  New Dir          1	C:\Users\joshp\curseforge\minecraft\Instances\Alive Dev\saves\Desire Paths\datapacks\gstools\data\minecraft\function\tagger\entity\guardian_sub\
	    New File  		      78	2.mcfunction
	  New Dir          1	C:\Users\joshp\curseforge\minecraft\Instances\Alive Dev\saves\Desire Paths\datapacks\gstools\data\minecraft\function\tagger\entity\happy_ghast_sub\
	    New File  		      56	2.mcfunction
	  New Dir          1	C:\Users\joshp\curseforge\minecraft\Instances\Alive Dev\saves\Desire Paths\datapacks\gstools\data\minecraft\function\tagger\entity\hoglin_sub\
	    New File  		      58	2.mcfunction
	  New Dir          1	C:\Users\joshp\curseforge\minecraft\Instances\Alive Dev\saves\Desire Paths\datapacks\gstools\data\minecraft\function\tagger\entity\horse_sub\
	    New File  		      60	2.mcfunction
	  New Dir          1	C:\Users\joshp\curseforge\minecraft\Instances\Alive Dev\saves\Desire Paths\datapacks\gstools\data\minecraft\function\tagger\entity\husk_sub\
	    New File  		      40	2.mcfunction
	  New Dir          1	C:\Users\joshp\curseforge\minecraft\Instances\Alive Dev\saves\Desire Paths\datapacks\gstools\data\minecraft\function\tagger\entity\illusioner_sub\
	    New File  		     103	2.mcfunction
	  New Dir          1	C:\Users\joshp\curseforge\minecraft\Instances\Alive Dev\saves\Desire Paths\datapacks\gstools\data\minecraft\function\tagger\entity\interaction_sub\
	    New File  		      38	2.mcfunction
	  New Dir          1	C:\Users\joshp\curseforge\minecraft\Instances\Alive Dev\saves\Desire Paths\datapacks\gstools\data\minecraft\function\tagger\entity\iron_golem_sub\
	    New File  		      63	2.mcfunction
	  New Dir          1	C:\Users\joshp\curseforge\minecraft\Instances\Alive Dev\saves\Desire Paths\datapacks\gstools\data\minecraft\function\tagger\entity\item_display_sub\
	    New File  		      38	2.mcfunction
	  New Dir          1	C:\Users\joshp\curseforge\minecraft\Instances\Alive Dev\saves\Desire Paths\datapacks\gstools\data\minecraft\function\tagger\entity\item_sub\
	    New File  		      39	2.mcfunction
	  New Dir          1	C:\Users\joshp\curseforge\minecraft\Instances\Alive Dev\saves\Desire Paths\datapacks\gstools\data\minecraft\function\tagger\entity\jungle_boat_sub\
	    New File  		      39	2.mcfunction
	  New Dir          1	C:\Users\joshp\curseforge\minecraft\Instances\Alive Dev\saves\Desire Paths\datapacks\gstools\data\minecraft\function\tagger\entity\lightning_bolt_sub\
	    New File  		      39	2.mcfunction
	  New Dir          1	C:\Users\joshp\curseforge\minecraft\Instances\Alive Dev\saves\Desire Paths\datapacks\gstools\data\minecraft\function\tagger\entity\lingering_potion_sub\
	    New File  		      39	2.mcfunction
	  New Dir          1	C:\Users\joshp\curseforge\minecraft\Instances\Alive Dev\saves\Desire Paths\datapacks\gstools\data\minecraft\function\tagger\entity\llama_spit_sub\
	    New File  		      36	2.mcfunction
	  New Dir          1	C:\Users\joshp\curseforge\minecraft\Instances\Alive Dev\saves\Desire Paths\datapacks\gstools\data\minecraft\function\tagger\entity\llama_sub\
	    New File  		      60	2.mcfunction
	  New Dir          1	C:\Users\joshp\curseforge\minecraft\Instances\Alive Dev\saves\Desire Paths\datapacks\gstools\data\minecraft\function\tagger\entity\magma_cube_sub\
	    New File  		      37	2.mcfunction
	  New Dir          1	C:\Users\joshp\curseforge\minecraft\Instances\Alive Dev\saves\Desire Paths\datapacks\gstools\data\minecraft\function\tagger\entity\mangrove_boat_sub\
	    New File  		      39	2.mcfunction
	  New Dir          1	C:\Users\joshp\curseforge\minecraft\Instances\Alive Dev\saves\Desire Paths\datapacks\gstools\data\minecraft\function\tagger\entity\marker_sub\
	    New File  		      63	2.mcfunction
	  New Dir          1	C:\Users\joshp\curseforge\minecraft\Instances\Alive Dev\saves\Desire Paths\datapacks\gstools\data\minecraft\function\tagger\entity\minecart_sub\
	    New File  		      39	2.mcfunction
	  New Dir          1	C:\Users\joshp\curseforge\minecraft\Instances\Alive Dev\saves\Desire Paths\datapacks\gstools\data\minecraft\function\tagger\entity\mooshroom_sub\
	    New File  		      39	2.mcfunction
	  New Dir          1	C:\Users\joshp\curseforge\minecraft\Instances\Alive Dev\saves\Desire Paths\datapacks\gstools\data\minecraft\function\tagger\entity\mule_sub\
	    New File  		      60	2.mcfunction
	  New Dir          1	C:\Users\joshp\curseforge\minecraft\Instances\Alive Dev\saves\Desire Paths\datapacks\gstools\data\minecraft\function\tagger\entity\oak_boat_sub\
	    New File  		      39	2.mcfunction
	  New Dir          1	C:\Users\joshp\curseforge\minecraft\Instances\Alive Dev\saves\Desire Paths\datapacks\gstools\data\minecraft\function\tagger\entity\ocelot_sub\
	    New File  		      60	2.mcfunction
	  New Dir          1	C:\Users\joshp\curseforge\minecraft\Instances\Alive Dev\saves\Desire Paths\datapacks\gstools\data\minecraft\function\tagger\entity\pale_oak_boat_sub\
	    New File  		      39	2.mcfunction
	  New Dir          1	C:\Users\joshp\curseforge\minecraft\Instances\Alive Dev\saves\Desire Paths\datapacks\gstools\data\minecraft\function\tagger\entity\panda_sub\
	    New File  		      60	2.mcfunction
	  New Dir          1	C:\Users\joshp\curseforge\minecraft\Instances\Alive Dev\saves\Desire Paths\datapacks\gstools\data\minecraft\function\tagger\entity\parrot_sub\
	    New File  		      60	2.mcfunction
	  New Dir          1	C:\Users\joshp\curseforge\minecraft\Instances\Alive Dev\saves\Desire Paths\datapacks\gstools\data\minecraft\function\tagger\entity\phantom_sub\
	    New File  		      34	2.mcfunction
	  New Dir          1	C:\Users\joshp\curseforge\minecraft\Instances\Alive Dev\saves\Desire Paths\datapacks\gstools\data\minecraft\function\tagger\entity\piglin_brute_sub\
	    New File  		      58	2.mcfunction
	  New Dir          1	C:\Users\joshp\curseforge\minecraft\Instances\Alive Dev\saves\Desire Paths\datapacks\gstools\data\minecraft\function\tagger\entity\piglin_sub\
	    New File  		      58	2.mcfunction
	  New Dir          1	C:\Users\joshp\curseforge\minecraft\Instances\Alive Dev\saves\Desire Paths\datapacks\gstools\data\minecraft\function\tagger\entity\pig_sub\
	    New File  		      60	2.mcfunction
	  New Dir          1	C:\Users\joshp\curseforge\minecraft\Instances\Alive Dev\saves\Desire Paths\datapacks\gstools\data\minecraft\function\tagger\entity\pillager_sub\
	    New File  		     103	2.mcfunction
	  New Dir          1	C:\Users\joshp\curseforge\minecraft\Instances\Alive Dev\saves\Desire Paths\datapacks\gstools\data\minecraft\function\tagger\entity\player_sub\
	    New File  		     121	2.mcfunction
	  New Dir          1	C:\Users\joshp\curseforge\minecraft\Instances\Alive Dev\saves\Desire Paths\datapacks\gstools\data\minecraft\function\tagger\entity\polar_bear_sub\
	    New File  		      60	2.mcfunction
	  New Dir          1	C:\Users\joshp\curseforge\minecraft\Instances\Alive Dev\saves\Desire Paths\datapacks\gstools\data\minecraft\function\tagger\entity\pufferfish_sub\
	    New File  		      58	2.mcfunction
	  New Dir          1	C:\Users\joshp\curseforge\minecraft\Instances\Alive Dev\saves\Desire Paths\datapacks\gstools\data\minecraft\function\tagger\entity\rabbit_sub\
	    New File  		      60	2.mcfunction
	  New Dir          1	C:\Users\joshp\curseforge\minecraft\Instances\Alive Dev\saves\Desire Paths\datapacks\gstools\data\minecraft\function\tagger\entity\ravager_sub\
	    New File  		      82	2.mcfunction
	  New Dir          1	C:\Users\joshp\curseforge\minecraft\Instances\Alive Dev\saves\Desire Paths\datapacks\gstools\data\minecraft\function\tagger\entity\salmon_sub\
	    New File  		      58	2.mcfunction
	  New Dir          1	C:\Users\joshp\curseforge\minecraft\Instances\Alive Dev\saves\Desire Paths\datapacks\gstools\data\minecraft\function\tagger\entity\sheep_sub\
	    New File  		      60	2.mcfunction
	  New Dir          1	C:\Users\joshp\curseforge\minecraft\Instances\Alive Dev\saves\Desire Paths\datapacks\gstools\data\minecraft\function\tagger\entity\shulker_sub\
	    New File  		      34	2.mcfunction
	  New Dir          1	C:\Users\joshp\curseforge\minecraft\Instances\Alive Dev\saves\Desire Paths\datapacks\gstools\data\minecraft\function\tagger\entity\silverfish_sub\
	    New File  		      86	2.mcfunction
	  New Dir          1	C:\Users\joshp\curseforge\minecraft\Instances\Alive Dev\saves\Desire Paths\datapacks\gstools\data\minecraft\function\tagger\entity\skeleton_horse_sub\
	    New File  		      40	2.mcfunction
	  New Dir          1	C:\Users\joshp\curseforge\minecraft\Instances\Alive Dev\saves\Desire Paths\datapacks\gstools\data\minecraft\function\tagger\entity\skeleton_sub\
	    New File  		      40	2.mcfunction
	  New Dir          1	C:\Users\joshp\curseforge\minecraft\Instances\Alive Dev\saves\Desire Paths\datapacks\gstools\data\minecraft\function\tagger\entity\slime_sub\
	    New File  		      40	2.mcfunction
	  New Dir          1	C:\Users\joshp\curseforge\minecraft\Instances\Alive Dev\saves\Desire Paths\datapacks\gstools\data\minecraft\function\tagger\entity\small_fireball_sub\
	    New File  		      39	2.mcfunction
	  New Dir          1	C:\Users\joshp\curseforge\minecraft\Instances\Alive Dev\saves\Desire Paths\datapacks\gstools\data\minecraft\function\tagger\entity\sniffer_sub\
	    New File  		      57	2.mcfunction
	  New Dir          1	C:\Users\joshp\curseforge\minecraft\Instances\Alive Dev\saves\Desire Paths\datapacks\gstools\data\minecraft\function\tagger\entity\snow_golem_sub\
	    New File  		      38	2.mcfunction
	  New Dir          1	C:\Users\joshp\curseforge\minecraft\Instances\Alive Dev\saves\Desire Paths\datapacks\gstools\data\minecraft\function\tagger\entity\spider_sub\
	    New File  		      86	2.mcfunction
	  New Dir          1	C:\Users\joshp\curseforge\minecraft\Instances\Alive Dev\saves\Desire Paths\datapacks\gstools\data\minecraft\function\tagger\entity\splash_potion_sub\
	    New File  		      39	2.mcfunction
	  New Dir          1	C:\Users\joshp\curseforge\minecraft\Instances\Alive Dev\saves\Desire Paths\datapacks\gstools\data\minecraft\function\tagger\entity\spruce_boat_sub\
	    New File  		      39	2.mcfunction
	  New Dir          1	C:\Users\joshp\curseforge\minecraft\Instances\Alive Dev\saves\Desire Paths\datapacks\gstools\data\minecraft\function\tagger\entity\squid_sub\
	    New File  		      83	2.mcfunction
	  New Dir          1	C:\Users\joshp\curseforge\minecraft\Instances\Alive Dev\saves\Desire Paths\datapacks\gstools\data\minecraft\function\tagger\entity\stray_sub\
	    New File  		      40	2.mcfunction
	  New Dir          1	C:\Users\joshp\curseforge\minecraft\Instances\Alive Dev\saves\Desire Paths\datapacks\gstools\data\minecraft\function\tagger\entity\strider_sub\
	    New File  		      57	2.mcfunction
	  New Dir          1	C:\Users\joshp\curseforge\minecraft\Instances\Alive Dev\saves\Desire Paths\datapacks\gstools\data\minecraft\function\tagger\entity\tadpole_sub\
	    New File  		      83	2.mcfunction
	  New Dir          1	C:\Users\joshp\curseforge\minecraft\Instances\Alive Dev\saves\Desire Paths\datapacks\gstools\data\minecraft\function\tagger\entity\text_display_sub\
	    New File  		      38	2.mcfunction
	  New Dir          1	C:\Users\joshp\curseforge\minecraft\Instances\Alive Dev\saves\Desire Paths\datapacks\gstools\data\minecraft\function\tagger\entity\trader_llama_sub\
	    New File  		      60	2.mcfunction
	  New Dir          1	C:\Users\joshp\curseforge\minecraft\Instances\Alive Dev\saves\Desire Paths\datapacks\gstools\data\minecraft\function\tagger\entity\tropical_fish_sub\
	    New File  		      58	2.mcfunction
	  New Dir          1	C:\Users\joshp\curseforge\minecraft\Instances\Alive Dev\saves\Desire Paths\datapacks\gstools\data\minecraft\function\tagger\entity\turtle_sub\
	    New File  		     102	2.mcfunction
	  New Dir          1	C:\Users\joshp\curseforge\minecraft\Instances\Alive Dev\saves\Desire Paths\datapacks\gstools\data\minecraft\function\tagger\entity\vex_sub\
	    New File  		      61	2.mcfunction
	  New Dir          1	C:\Users\joshp\curseforge\minecraft\Instances\Alive Dev\saves\Desire Paths\datapacks\gstools\data\minecraft\function\tagger\entity\villager_sub\
	    New File  		      81	2.mcfunction
	  New Dir          1	C:\Users\joshp\curseforge\minecraft\Instances\Alive Dev\saves\Desire Paths\datapacks\gstools\data\minecraft\function\tagger\entity\vindicator_sub\
	    New File  		     103	2.mcfunction
	  New Dir          1	C:\Users\joshp\curseforge\minecraft\Instances\Alive Dev\saves\Desire Paths\datapacks\gstools\data\minecraft\function\tagger\entity\wandering_trader_sub\
	    New File  		      81	2.mcfunction
	  New Dir          1	C:\Users\joshp\curseforge\minecraft\Instances\Alive Dev\saves\Desire Paths\datapacks\gstools\data\minecraft\function\tagger\entity\warden_sub\
	    New File  		     103	2.mcfunction
	  New Dir          1	C:\Users\joshp\curseforge\minecraft\Instances\Alive Dev\saves\Desire Paths\datapacks\gstools\data\minecraft\function\tagger\entity\weather2_lightning_bolt_sub\
	    New File  		      39	2.mcfunction
	  New Dir          1	C:\Users\joshp\curseforge\minecraft\Instances\Alive Dev\saves\Desire Paths\datapacks\gstools\data\minecraft\function\tagger\entity\witch_sub\
	    New File  		      82	2.mcfunction
	  New Dir          1	C:\Users\joshp\curseforge\minecraft\Instances\Alive Dev\saves\Desire Paths\datapacks\gstools\data\minecraft\function\tagger\entity\wither_skeleton_sub\
	    New File  		      37	2.mcfunction
	  New Dir          1	C:\Users\joshp\curseforge\minecraft\Instances\Alive Dev\saves\Desire Paths\datapacks\gstools\data\minecraft\function\tagger\entity\wither_sub\
	    New File  		      72	2.mcfunction
	  New Dir          1	C:\Users\joshp\curseforge\minecraft\Instances\Alive Dev\saves\Desire Paths\datapacks\gstools\data\minecraft\function\tagger\entity\wolf_sub\
	    New File  		      60	2.mcfunction
	  New Dir          1	C:\Users\joshp\curseforge\minecraft\Instances\Alive Dev\saves\Desire Paths\datapacks\gstools\data\minecraft\function\tagger\entity\zoglin_sub\
	    New File  		      37	2.mcfunction
	  New Dir          1	C:\Users\joshp\curseforge\minecraft\Instances\Alive Dev\saves\Desire Paths\datapacks\gstools\data\minecraft\function\tagger\entity\zombie_horse_sub\
	    New File  		      59	2.mcfunction
	  New Dir          1	C:\Users\joshp\curseforge\minecraft\Instances\Alive Dev\saves\Desire Paths\datapacks\gstools\data\minecraft\function\tagger\entity\zombie_sub\
	    New File  		      40	2.mcfunction
	  New Dir          1	C:\Users\joshp\curseforge\minecraft\Instances\Alive Dev\saves\Desire Paths\datapacks\gstools\data\minecraft\function\tagger\entity\zombie_villager_sub\
	    New File  		      40	2.mcfunction
	  New Dir          1	C:\Users\joshp\curseforge\minecraft\Instances\Alive Dev\saves\Desire Paths\datapacks\gstools\data\minecraft\function\tagger\entity\zombified_piglin_sub\
	    New File  		      37	2.mcfunction
	  New Dir          1	C:\Users\joshp\curseforge\minecraft\Instances\Alive Dev\saves\Desire Paths\datapacks\gstools\data\minecraft\function\tagger\__pycache__\
	    New File  		   89693	pytools.cpython-311.pyc
	  New Dir          1	C:\Users\joshp\curseforge\minecraft\Instances\Alive Dev\saves\Desire Paths\datapacks\gstools\data\minecraft\function\timed\
	    New File  		     110	day.mcfunction
	  New Dir         17	C:\Users\joshp\curseforge\minecraft\Instances\Alive Dev\saves\Desire Paths\datapacks\gstools\data\minecraft\function\util\
	    New File  		     118	can_see_sky.mcfunction
	    New File  		    9208	fast_sp_3d.mcfunction
	    New File  		    1461	get_vector.mcfunction
	    New File  		    5692	is_outside.mcfunction
	    New File  		     119	light_level.mcfunction
	    New File  		    1419	pow.mcfunction
	    New File  		     792	random.mcfunction
	    New File  		    1911	randomself.mcfunction
	    New File  		    2551	randomserver.mcfunction
	    New File  		     630	ray_cast.mcfunction
	    New File  		     604	setworldborder.mcfunction
	    New File  		     627	sin.mcfunction
	    New File  		    2318	spreadplayers3d.mcfunction
	    New File  		     503	spreadplayers_underground.mcfunction
	    New File  		    5839	sqrt.mcfunction
	    New File  		       0	tag.mcfunction
	    New File  		     407	weather.mcfunction
	  New Dir          1	C:\Users\joshp\curseforge\minecraft\Instances\Alive Dev\saves\Desire Paths\datapacks\gstools\data\minecraft\function\util\can_see_sky_sub\
	    New File  		     154	3.mcfunction
	  New Dir          1	C:\Users\joshp\curseforge\minecraft\Instances\Alive Dev\saves\Desire Paths\datapacks\gstools\data\minecraft\function\util\fast_sp_3d\
	    New File  		    1462	macro.mcfunction
	  New Dir          2	C:\Users\joshp\curseforge\minecraft\Instances\Alive Dev\saves\Desire Paths\datapacks\gstools\data\minecraft\function\util\fast_sp_3d\macro_sub\
	    New File  		     166	21.mcfunction
	    New File  		     134	23.mcfunction
	  New Dir          1	C:\Users\joshp\curseforge\minecraft\Instances\Alive Dev\saves\Desire Paths\datapacks\gstools\data\minecraft\function\util\light_level_sub\
	    New File  		    1306	3.mcfunction
	  New Dir          2	C:\Users\joshp\curseforge\minecraft\Instances\Alive Dev\saves\Desire Paths\datapacks\gstools\data\minecraft\function\util\pow\
	    New File  		    3163	checkbit.mcfunction
	    New File  		     492	processbit.mcfunction
	  New Dir          1	C:\Users\joshp\curseforge\minecraft\Instances\Alive Dev\saves\Desire Paths\datapacks\gstools\data\minecraft\function\util\pow\processbit_sub\
	    New File  		     210	3.mcfunction
	  New Dir          1	C:\Users\joshp\curseforge\minecraft\Instances\Alive Dev\saves\Desire Paths\datapacks\gstools\data\minecraft\function\util\pow_sub\
	    New File  		     509	44.mcfunction
	  New Dir          4	C:\Users\joshp\curseforge\minecraft\Instances\Alive Dev\saves\Desire Paths\datapacks\gstools\data\minecraft\function\util\randomself_sub\
	    New File  		     541	17.mcfunction
	    New File  		     338	31.mcfunction
	    New File  		     112	46.mcfunction
	    New File  		     115	49.mcfunction
	  New Dir          2	C:\Users\joshp\curseforge\minecraft\Instances\Alive Dev\saves\Desire Paths\datapacks\gstools\data\minecraft\function\util\randomserver_sub\
	    New File  		     863	14.mcfunction
	    New File  		     161	28.mcfunction
	  New Dir          1	C:\Users\joshp\curseforge\minecraft\Instances\Alive Dev\saves\Desire Paths\datapacks\gstools\data\minecraft\function\util\ray_cast\
	    New File  		     192	process.mcfunction
	  New Dir          1	C:\Users\joshp\curseforge\minecraft\Instances\Alive Dev\saves\Desire Paths\datapacks\gstools\data\minecraft\function\util\ray_cast_sub\
	    New File  		     117	4.mcfunction
	  New Dir          3	C:\Users\joshp\curseforge\minecraft\Instances\Alive Dev\saves\Desire Paths\datapacks\gstools\data\minecraft\function\util\recipe\
	    New File  		     594	enchanted_totem.json
	    New File  		     728	sea_crown_template.json
	    New File  		     487	sea_shard.json
	  New Dir          1	C:\Users\joshp\curseforge\minecraft\Instances\Alive Dev\saves\Desire Paths\datapacks\gstools\data\minecraft\function\util\setworldborder_sub\
	    New File  		    1296	5.mcfunction
	  New Dir          1	C:\Users\joshp\curseforge\minecraft\Instances\Alive Dev\saves\Desire Paths\datapacks\gstools\data\minecraft\function\util\sin_sub\
	    New File  		     207	4.mcfunction
	  New Dir          4	C:\Users\joshp\curseforge\minecraft\Instances\Alive Dev\saves\Desire Paths\datapacks\gstools\data\minecraft\function\util\spreadplayers3d\
	    New File  		     190	findsurface.mcfunction
	    New File  		     311	findsurface_reverse.mcfunction
	    New File  		     104	macro.mcfunction
	    New File  		     114	macro_underground.mcfunction
	  New Dir          2	C:\Users\joshp\curseforge\minecraft\Instances\Alive Dev\saves\Desire Paths\datapacks\gstools\data\minecraft\function\util\spreadplayers3d\findsurface_reverse_sub\
	    New File  		      55	128.mcfunction
	    New File  		     116	2.mcfunction
	  New Dir          1	C:\Users\joshp\curseforge\minecraft\Instances\Alive Dev\saves\Desire Paths\datapacks\gstools\data\minecraft\function\util\spreadplayers3d\findsurface_reverse_sub\2_sub\
	    New File  		    1734	0.mcfunction
	  New Dir          2	C:\Users\joshp\curseforge\minecraft\Instances\Alive Dev\saves\Desire Paths\datapacks\gstools\data\minecraft\function\util\spreadplayers3d\findsurface_sub\
	    New File  		      55	127.mcfunction
	    New File  		     111	2.mcfunction
	  New Dir          1	C:\Users\joshp\curseforge\minecraft\Instances\Alive Dev\saves\Desire Paths\datapacks\gstools\data\minecraft\function\util\spreadplayers3d\findsurface_sub\2_sub\
	    New File  		     146	0.mcfunction
	  New Dir          1	C:\Users\joshp\curseforge\minecraft\Instances\Alive Dev\saves\Desire Paths\datapacks\gstools\data\minecraft\function\util\spreadplayers3d\findsurface_sub\2_sub\0_sub\
	    New File  		    1858	0.mcfunction
	  New Dir          8	C:\Users\joshp\curseforge\minecraft\Instances\Alive Dev\saves\Desire Paths\datapacks\gstools\data\minecraft\function\util\spreadplayers3d_sub\
	    New File  		     108	13.mcfunction
	    New File  		     418	15.mcfunction
	    New File  		     226	22.mcfunction
	    New File  		     226	27.mcfunction
	    New File  		     493	32.mcfunction
	    New File  		      59	42.mcfunction
	    New File  		     156	46.mcfunction
	    New File  		     335	50.mcfunction
	  New Dir          1	C:\Users\joshp\curseforge\minecraft\Instances\Alive Dev\saves\Desire Paths\datapacks\gstools\data\minecraft\function\util\spreadplayers3d_sub\46_sub\
	    New File  		     231	0.mcfunction
	  New Dir          1	C:\Users\joshp\curseforge\minecraft\Instances\Alive Dev\saves\Desire Paths\datapacks\gstools\data\minecraft\function\util\sqrt\
	    New File  		     293	process.mcfunction
	  New Dir          2	C:\Users\joshp\curseforge\minecraft\Instances\Alive Dev\saves\Desire Paths\datapacks\gstools\data\minecraft\function\util\sqrt\process_sub\
	    New File  		     317	2.mcfunction
	    New File  		     317	7.mcfunction
	  New Dir          2	C:\Users\joshp\curseforge\minecraft\Instances\Alive Dev\saves\Desire Paths\datapacks\gstools\data\minecraft\function\util\version_conflict\
	    New File  		    3095	random_0.mcfunction
	    New File  		    1314	random_1.mcfunction
	  New Dir          8	C:\Users\joshp\curseforge\minecraft\Instances\Alive Dev\saves\Desire Paths\datapacks\gstools\data\minecraft\function\util\version_conflict\random_0_sub\
	    New File  		     338	25.mcfunction
	    New File  		     108	32.mcfunction
	    New File  		     108	35.mcfunction
	    New File  		     110	38.mcfunction
	    New File  		     112	41.mcfunction
	    New File  		     168	46.mcfunction
	    New File  		     122	50.mcfunction
	    New File  		     174	53.mcfunction
	  New Dir          2	C:\Users\joshp\curseforge\minecraft\Instances\Alive Dev\saves\Desire Paths\datapacks\gstools\data\minecraft\function\util\weather_sub\
	    New File  		     192	6.mcfunction
	    New File  		     287	8.mcfunction
	  New Dir          1	C:\Users\joshp\curseforge\minecraft\Instances\Alive Dev\saves\Desire Paths\datapacks\gstools\data\minecraft\function\util\weather_sub\8_sub\
	    New File  		     237	2.mcfunction
	  New Dir          1	C:\Users\joshp\curseforge\minecraft\Instances\Alive Dev\saves\Desire Paths\datapacks\gstools\data\minecraft\function\util\weather_sub\8_sub\2_sub\
	    New File  		     159	1.mcfunction
	  New Dir          9	C:\Users\joshp\curseforge\minecraft\Instances\Alive Dev\saves\Desire Paths\datapacks\gstools\data\minecraft\function\version_conflict\
	    New File  		     137	gamerule_0.mcfunction
	    New File  		     308	maxcommandchain_0.mcfunction
	    New File  		     169	maxcommandchain_1.mcfunction
	    New File  		     300	maxcommandfork_0.mcfunction
	    New File  		     295	maxcommandfork_1.mcfunction
	    New File  		     304	maxfunction_0.mcfunction
	    New File  		     167	maxfunction_1.mcfunction
	    New File  		     244	time_new.mcfunction
	    New File  		     214	time_old.mcfunction
	                   0	C:\Users\joshp\curseforge\minecraft\Instances\Alive Dev\saves\Desire Paths\datapacks\gstools\data\minecraft\tags\
	                   2	C:\Users\joshp\curseforge\minecraft\Instances\Alive Dev\saves\Desire Paths\datapacks\gstools\data\minecraft\tags\function\
	    Older     		      66	load.json
	    Older     		      65	tick.json
	  New Dir          0	C:\Users\joshp\curseforge\minecraft\Instances\Alive Dev\saves\Desire Paths\datapacks\gstools\data\timelib\
	  New Dir          1	C:\Users\joshp\curseforge\minecraft\Instances\Alive Dev\saves\Desire Paths\datapacks\gstools\data\timelib\function\
	    New File  		    3679	uninstall.mcfunction
	  New Dir          2	C:\Users\joshp\curseforge\minecraft\Instances\Alive Dev\saves\Desire Paths\datapacks\gstools\data\timelib\function\uninstall_sub\
	    New File  		     133	5.mcfunction
	    New File  		      94	71.mcfunction
	  New Dir          2	C:\Users\joshp\curseforge\minecraft\Instances\Alive Dev\saves\Desire Paths\datapacks\gstools\data\timelib\function\util\
	    New File  		     702	settings.mcfunction
	    New File  		    7151	unix_timestamp_to_date.mcfunction
	  New Dir          2	C:\Users\joshp\curseforge\minecraft\Instances\Alive Dev\saves\Desire Paths\datapacks\gstools\data\timelib\function\util\unix_timestamp_to_date_sub\
	    New File  		     336	18.mcfunction
	    New File  		     319	22.mcfunction
	  New Dir          7	C:\Users\joshp\curseforge\minecraft\Instances\Alive Dev\saves\Desire Paths\datapacks\gstools\data\timelib\function\zprivate\
	    New File  		     506	game_unpaused.mcfunction
	    New File  		   28452	init.mcfunction
	    New File  		    1781	load.mcfunction
	    New File  		     140	not_installed_error.mcfunction
	    New File  		    1076	tick.mcfunction
	    New File  		     177	version_1.mcfunction
	    New File  		     412	version_error.mcfunction
	  New Dir          1	C:\Users\joshp\curseforge\minecraft\Instances\Alive Dev\saves\Desire Paths\datapacks\gstools\data\timelib\function\zprivate\init_sub\
	    New File  		     183	27.mcfunction
	  New Dir          4	C:\Users\joshp\curseforge\minecraft\Instances\Alive Dev\saves\Desire Paths\datapacks\gstools\data\timelib\function\zprivate\settings\
	    New File  		     849	command_block_offset.mcfunction
	    New File  		     580	select.mcfunction
	    New File  		    2540	tellraw.mcfunction
	    New File  		    1927	timezone_offset.mcfunction
	  New Dir          2	C:\Users\joshp\curseforge\minecraft\Instances\Alive Dev\saves\Desire Paths\datapacks\gstools\data\timelib\function\zprivate\settings\show_load_message\
	    New File  		     136	off.mcfunction
	    New File  		     127	on.mcfunction
	  New Dir          1	C:\Users\joshp\curseforge\minecraft\Instances\Alive Dev\saves\Desire Paths\datapacks\gstools\data\timelib\function\zprivate\settings\timezone_offset_sub\
	    New File  		    1219	12.mcfunction
	  New Dir          1	C:\Users\joshp\curseforge\minecraft\Instances\Alive Dev\saves\Desire Paths\datapacks\gstools\data\timelib\function\zprivate\settings\timezone_offset_sub\12_sub\
	    New File  		     191	0.mcfunction
	  New Dir          2	C:\Users\joshp\curseforge\minecraft\Instances\Alive Dev\saves\Desire Paths\datapacks\gstools\data\timelib\function\zprivate\tick_sub\
	    New File  		     301	15.mcfunction
	    New File  		     593	6.mcfunction
	  New Dir          1	C:\Users\joshp\curseforge\minecraft\Instances\Alive Dev\saves\Desire Paths\datapacks\gstools\data\timelib\function\zprivate\unix_timestamp_to_date\
	    New File  		     134	set_output_storage.mcfunction
	  New Dir          4	C:\Users\joshp\curseforge\minecraft\Instances\Alive Dev\saves\Desire Paths\datapacks\gstools\data\timelib\function\zprivate\update_time\
	    New File  		     157	get_date.mcfunction
	    New File  		    3681	main.mcfunction
	    New File  		    3653	set_date_storage.mcfunction
	    New File  		      76	set_date_storage_2.mcfunction
	  New Dir          3	C:\Users\joshp\curseforge\minecraft\Instances\Alive Dev\saves\Desire Paths\datapacks\gstools\data\timelib\function\zprivate\update_time\get_daytime\
	    New File  		    1364	hour.mcfunction
	    New File  		    1073	minute.mcfunction
	    New File  		     846	second.mcfunction
	  New Dir          1	C:\Users\joshp\curseforge\minecraft\Instances\Alive Dev\saves\Desire Paths\datapacks\gstools\data\timelib\function\zprivate\update_time\get_daytime\hour_sub\
	    New File  		     113	10.mcfunction
	  New Dir          1	C:\Users\joshp\curseforge\minecraft\Instances\Alive Dev\saves\Desire Paths\datapacks\gstools\data\timelib\function\zprivate\update_time\get_daytime\minute_sub\
	    New File  		     117	6.mcfunction
	  New Dir          1	C:\Users\joshp\curseforge\minecraft\Instances\Alive Dev\saves\Desire Paths\datapacks\gstools\data\timelib\function\zprivate\update_time\get_daytime\second_sub\
	    New File  		     117	3.mcfunction
	  New Dir          5	C:\Users\joshp\curseforge\minecraft\Instances\Alive Dev\saves\Desire Paths\datapacks\gstools\data\timelib\function\zprivate\update_time\get_unix_timestamp\
	    New File  		    1381	adjust.mcfunction
	    New File  		     710	decode.mcfunction
	    New File  		     866	main.mcfunction
	    New File  		      77	set_score.mcfunction
	    New File  		    2626	update.mcfunction
	  New Dir          2	C:\Users\joshp\curseforge\minecraft\Instances\Alive Dev\saves\Desire Paths\datapacks\gstools\data\timelib\function\zprivate\update_time\get_unix_timestamp\adjust_sub\
	    New File  		     434	2.mcfunction
	    New File  		     298	7.mcfunction
	  New Dir          2	C:\Users\joshp\curseforge\minecraft\Instances\Alive Dev\saves\Desire Paths\datapacks\gstools\data\timelib\function\zprivate\update_time\get_unix_timestamp\update_sub\
	    New File  		     298	13.mcfunction
	    New File  		     315	9.mcfunction
	  New Dir          1	C:\Users\joshp\curseforge\minecraft\Instances\Alive Dev\saves\Desire Paths\datapacks\gstools\data\timelib\function\zprivate\update_time\main_sub\
	    New File  		    1052	3.mcfunction
	  New Dir          0	C:\Users\joshp\curseforge\minecraft\Instances\Alive Dev\saves\Desire Paths\datapacks\gstools\data\timelib_\
	  New Dir          1	C:\Users\joshp\curseforge\minecraft\Instances\Alive Dev\saves\Desire Paths\datapacks\gstools\data\timelib_\function\
	    New File  		    3718	uninstall.mcfunction
	  New Dir          2	C:\Users\joshp\curseforge\minecraft\Instances\Alive Dev\saves\Desire Paths\datapacks\gstools\data\timelib_\function\uninstall_sub\
	    New File  		     141	5.mcfunction
	    New File  		      94	71.mcfunction
	  New Dir          2	C:\Users\joshp\curseforge\minecraft\Instances\Alive Dev\saves\Desire Paths\datapacks\gstools\data\timelib_\function\util\
	    New File  		     707	settings.mcfunction
	    New File  		    7198	unix_timestamp_to_date.mcfunction
	  New Dir          2	C:\Users\joshp\curseforge\minecraft\Instances\Alive Dev\saves\Desire Paths\datapacks\gstools\data\timelib_\function\util\unix_timestamp_to_date_sub\
	    New File  		     337	18.mcfunction
	    New File  		     322	22.mcfunction
	  New Dir          7	C:\Users\joshp\curseforge\minecraft\Instances\Alive Dev\saves\Desire Paths\datapacks\gstools\data\timelib_\function\zprivate\
	    New File  		     532	game_unpaused.mcfunction
	    New File  		   32842	init.mcfunction
	    New File  		    1851	load.mcfunction
	    New File  		     148	not_installed_error.mcfunction
	    New File  		    1238	tick.mcfunction
	    New File  		     177	version_1.mcfunction
	    New File  		     421	version_error.mcfunction
	  New Dir          1	C:\Users\joshp\curseforge\minecraft\Instances\Alive Dev\saves\Desire Paths\datapacks\gstools\data\timelib_\function\zprivate\init_sub\
	    New File  		     183	27.mcfunction
	  New Dir          4	C:\Users\joshp\curseforge\minecraft\Instances\Alive Dev\saves\Desire Paths\datapacks\gstools\data\timelib_\function\zprivate\settings\
	    New File  		     851	command_block_offset.mcfunction
	    New File  		     585	select.mcfunction
	    New File  		    2708	tellraw.mcfunction
	    New File  		    1930	timezone_offset.mcfunction
	  New Dir          2	C:\Users\joshp\curseforge\minecraft\Instances\Alive Dev\saves\Desire Paths\datapacks\gstools\data\timelib_\function\zprivate\settings\show_load_message\
	    New File  		     137	off.mcfunction
	    New File  		     128	on.mcfunction
	  New Dir          1	C:\Users\joshp\curseforge\minecraft\Instances\Alive Dev\saves\Desire Paths\datapacks\gstools\data\timelib_\function\zprivate\settings\timezone_offset_sub\
	    New File  		    1230	12.mcfunction
	  New Dir          1	C:\Users\joshp\curseforge\minecraft\Instances\Alive Dev\saves\Desire Paths\datapacks\gstools\data\timelib_\function\zprivate\settings\timezone_offset_sub\12_sub\
	    New File  		     194	0.mcfunction
	  New Dir          2	C:\Users\joshp\curseforge\minecraft\Instances\Alive Dev\saves\Desire Paths\datapacks\gstools\data\timelib_\function\zprivate\tick_sub\
	    New File  		     298	17.mcfunction
	    New File  		     595	6.mcfunction
	  New Dir          1	C:\Users\joshp\curseforge\minecraft\Instances\Alive Dev\saves\Desire Paths\datapacks\gstools\data\timelib_\function\zprivate\unix_timestamp_to_date\
	    New File  		     135	set_output_storage.mcfunction
	  New Dir          4	C:\Users\joshp\curseforge\minecraft\Instances\Alive Dev\saves\Desire Paths\datapacks\gstools\data\timelib_\function\zprivate\update_time\
	    New File  		     159	get_date.mcfunction
	    New File  		    3596	main.mcfunction
	    New File  		    3687	set_date_storage.mcfunction
	    New File  		      77	set_date_storage_2.mcfunction
	  New Dir          3	C:\Users\joshp\curseforge\minecraft\Instances\Alive Dev\saves\Desire Paths\datapacks\gstools\data\timelib_\function\zprivate\update_time\get_daytime\
	    New File  		    1366	hour.mcfunction
	    New File  		    1075	minute.mcfunction
	    New File  		     848	second.mcfunction
	  New Dir          1	C:\Users\joshp\curseforge\minecraft\Instances\Alive Dev\saves\Desire Paths\datapacks\gstools\data\timelib_\function\zprivate\update_time\get_daytime\hour_sub\
	    New File  		     114	10.mcfunction
	  New Dir          1	C:\Users\joshp\curseforge\minecraft\Instances\Alive Dev\saves\Desire Paths\datapacks\gstools\data\timelib_\function\zprivate\update_time\get_daytime\minute_sub\
	    New File  		     118	6.mcfunction
	  New Dir          1	C:\Users\joshp\curseforge\minecraft\Instances\Alive Dev\saves\Desire Paths\datapacks\gstools\data\timelib_\function\zprivate\update_time\get_daytime\second_sub\
	    New File  		     118	3.mcfunction
	  New Dir          5	C:\Users\joshp\curseforge\minecraft\Instances\Alive Dev\saves\Desire Paths\datapacks\gstools\data\timelib_\function\zprivate\update_time\get_unix_timestamp\
	    New File  		    1385	adjust.mcfunction
	    New File  		     720	decode.mcfunction
	    New File  		     874	main.mcfunction
	    New File  		      77	set_score.mcfunction
	    New File  		    2630	update.mcfunction
	  New Dir          2	C:\Users\joshp\curseforge\minecraft\Instances\Alive Dev\saves\Desire Paths\datapacks\gstools\data\timelib_\function\zprivate\update_time\get_unix_timestamp\adjust_sub\
	    New File  		     435	2.mcfunction
	    New File  		     301	7.mcfunction
	  New Dir          2	C:\Users\joshp\curseforge\minecraft\Instances\Alive Dev\saves\Desire Paths\datapacks\gstools\data\timelib_\function\zprivate\update_time\get_unix_timestamp\update_sub\
	    New File  		     301	13.mcfunction
	    New File  		     316	9.mcfunction
	  New Dir          1	C:\Users\joshp\curseforge\minecraft\Instances\Alive Dev\saves\Desire Paths\datapacks\gstools\data\timelib_\function\zprivate\update_time\main_sub\
	    New File  		    1070	3.mcfunction
	  New Dir          0	C:\Users\joshp\curseforge\minecraft\Instances\Alive Dev\saves\Desire Paths\datapacks\gstools\data\timelib_load\
	  New Dir          0	C:\Users\joshp\curseforge\minecraft\Instances\Alive Dev\saves\Desire Paths\datapacks\gstools\data\timelib_load\function\
	  New Dir          1	C:\Users\joshp\curseforge\minecraft\Instances\Alive Dev\saves\Desire Paths\datapacks\gstools\data\timelib_load\function\_private\
	    New File  		     158	init.mcfunction
	  New Dir          0	C:\Users\joshp\curseforge\minecraft\Instances\Alive Dev\saves\Desire Paths\datapacks\gstools\data\timelib_load_\
	  New Dir          0	C:\Users\joshp\curseforge\minecraft\Instances\Alive Dev\saves\Desire Paths\datapacks\gstools\data\timelib_load_\function\
	  New Dir          1	C:\Users\joshp\curseforge\minecraft\Instances\Alive Dev\saves\Desire Paths\datapacks\gstools\data\timelib_load_\function\_private\
	    New File  		     158	init.mcfunction

------------------------------------------------------------------------------

               Total    Copied   Skipped  Mismatch    FAILED    Extras
    Dirs :      5543      2790      2753         0         0         2
   Files :      8910      4461      4449         0         0         6
   Bytes :   16.44 m    8.10 m    8.33 m         0         0     1.8 k
   Times :   0:00:01   0:00:00                       0:00:00   0:00:01
   Ended : September 25, 2026 12:35:31 PM

